analytics/fuel_demand_dataset.csv
date,year,month,day,day_of_week,day_of_week_num,is_weekend,is_holiday,station_id,station_name,station_lat,station_lng,fuel_type,price_per_litre,demand_litres,seasonal_factor,quarter,week_of_year,month_name
2021-01-01,2021,1,1,Friday,4,0,1,1,FuelGo Kariakoo,-6.783,39.2083,Petrol,2471.0,1216,1.15,1,53,January
2021-01-02,2021,1,2,Saturday,5,1,0,1,FuelGo Kariakoo,-6.783,39.2083,Petrol,2336.0,875,1.15,1,53,January
2021-01-03,2021,1,3,Sunday,6,1,0,1,FuelGo Kariakoo,-6.783,39.2083,Petrol,2025.0,924,1.15,1,53,January
2021-01-04,2021,1,4,Monday,0,0,0,1,FuelGo Kariakoo,-6.783,39.2083,Petrol,2557.0,1107,1.15,1,1,January
2021-01-05,2021,1,5,Tuesday,1,0,0,1,FuelGo Kariakoo,-6.783,39.2083,Petrol,2201.0,1021,1.15,1,1,January
2021-01-06,2021,1,6,Wednesday,2,0,0,1,FuelGo Kariakoo,-6.783,39.2083,Petrol,2826.0,955,1.15,1,1,January
2021-01-07,2021,1,7,Thursday,3,0,0,1,FuelGo Kariakoo,-6.783,39.2083,Petrol,2542.0,832,1.15,1,1,January
2021-01-08,2021,1,8,Friday,4,0,0,1,FuelGo Kariakoo,-6.783,39.2083,Petrol,2693.0,845,1.15,1,1,January
2021-01-09,2021,1,9,Saturday,5,1,0,1,FuelGo Kariakoo,-6.783,39.2083,Petrol,2251.0,937,1.15,1,1,January
2021-01-10,2021,1,10,Sunday,6,1,0,1,FuelGo Kariakoo,-6.783,39.2083,Petrol,2632.0,529,1.15,1,1,January
2021-01-11,2021,1,11,Monday,0,0,0,1,FuelGo Kariakoo,-6.783,39.2083,Petrol,2095.0,1110,1.15,1,2,January
2021-01-12,2021,1,12,Tuesday,1,0,1,1,FuelGo Kariakoo,-6.783,39.2083,Petrol,2686.0,1010,1.15,1,2,January
2021-01-13,2021,1,13,Wednesday,2,0,0,1,FuelGo Kariakoo,-6.783,39.2083,Petrol,2713.0,951,1.15,1,2,January
2021-01-14,2021,1,14,Thursday,3,0,0,1,FuelGo Kariakoo,-6.783,39.2083,Petrol,2689.0,831,1.15,1,2,January
2021-01-15,2021,1,15,Friday,4,0,0,1,FuelGo Kariakoo,-6.783,39.2083,Petrol,2063.0,1104,1.15,1,2,January
2021-01-16,2021,1,16,Saturday,5,1,0,1,FuelGo Kariakoo,-6.783,39.2083,Petrol,2490.0,696,1.15,1,2,January
2021-01-17,2021,1,17,Sunday,6,1,0,1,FuelGo Kariakoo,-6.783,39.2083,Petrol,2539.0,714,1.15,1,2,January
2021-01-18,2021,1,18,Monday,0,0,0,1,FuelGo Kariakoo,-6.783,39.2083,Petrol,2255.0,1084,1.15,1,3,January
2021-01-19,2021,1,19,Tuesday,1,0,0,1,FuelGo Kariakoo,-6.783,39.2083,Petrol,2842.0,938,1.15,1,3,January
2021-01-20,2021,1,20,Wednesday,2,0,0,1,FuelGo Kariakoo,-6.783,39.2083,Petrol,2852.0,857,1.15,1,3,January
2021-01-21,2021,1,21,Thursday,3,0,0,1,FuelGo Kariakoo,-6.783,39.2083,Petrol,2419.0,1014,1.15,1,3,January
2021-01-22,2021,1,22,Friday,4,0,0,1,FuelGo Kariakoo,-6.783,39.2083,Petrol,2340.0,1094,1.15,1,3,January
2021-01-23,2021,1,23,Saturday,5,1,0,1,FuelGo Kariakoo,-6.783,39.2083,Petrol,2430.0,771,1.15,1,3,January
2021-01-24,2021,1,24,Sunday,6,1,0,1,FuelGo Kariakoo,-6.783,39.2083,Petrol,2065.0,746,1.15,1,3,January
2021-01-25,2021,1,25,Monday,0,0,0,1,FuelGo Kariakoo,-6.783,39.2083,Petrol,2748.0,920,1.15,1,4,January
2021-01-26,2021,1,26,Tuesday,1,0,0,1,FuelGo Kariakoo,-6.783,39.2083,Petrol,2789.0,800,1.15,1,4,January
2021-01-27,2021,1,27,Wednesday,2,0,0,1,FuelGo Kariakoo,-6.783,39.2083,Petrol,2244.0,1151,1.15,1,4,January
2021-01-28,2021,1,28,Thursday,3,0,0,1,FuelGo Kariakoo,-6.783,39.2083,Petrol,2265.0,1044,1.15,1,4,January
2021-01-29,2021,1,29,Friday,4,0,0,1,FuelGo Kariakoo,-6.783,39.2083,Petrol,2356.0,1010,1.15,1,4,January
2021-01-30,2021,1,30,Saturday,5,1,0,1,FuelGo Kariakoo,-6.783,39.2083,Petrol,2708.0,742,1.15,1,4,January
2021-01-31,2021,1,31,Sunday,6,1,0,1,FuelGo Kariakoo,-6.783,39.2083,Petrol,2849.0,487,1.15,1,4,January
2021-02-01,2021,2,1,Monday,0,0,0,1,FuelGo Kariakoo,-6.783,39.2083,Petrol,2241.0,956,0.95,1,5,February
2021-02-02,2021,2,2,Tuesday,1,0,0,1,FuelGo Kariakoo,-6.783,39.2083,Petrol,2446.0,728,0.95,1,5,February
2021-02-03,2021,2,3,Wednesday,2,0,0,1,FuelGo Kariakoo,-6.783,39.2083,Petrol,2701.0,814,0.95,1,5,February
2021-02-04,2021,2,4,Thursday,3,0,0,1,FuelGo Kariakoo,-6.783,39.2083,Petrol,2514.0,763,0.95,1,5,February
2021-02-05,2021,2,5,Friday,4,0,0,1,FuelGo Kariakoo,-6.783,39.2083,Petrol,2232.0,1063,0.95,1,5,February
2021-02-06,2021,2,6,Saturday,5,1,0,1,FuelGo Kariakoo,-6.783,39.2083,Petrol,2897.0,572,0.95,1,5,February
2021-02-07,2021,2,7,Sunday,6,1,0,1,FuelGo Kariakoo,-6.783,39.2083,Petrol,2342.0,670,0.95,1,5,February
2021-02-08,2021,2,8,Monday,0,0,0,1,FuelGo Kariakoo,-6.783,39.2083,Petrol,2169.0,925,0.95,1,6,February
2021-02-09,2021,2,9,Tuesday,1,0,0,1,FuelGo Kariakoo,-6.783,39.2083,Petrol,2490.0,799,0.95,1,6,February
2021-02-10,2021,2,10,Wednesday,2,0,0,1,FuelGo Kariakoo,-6.783,39.2083,Petrol,2525.0,664,0.95,1,6,February
2021-02-11,2021,2,11,Thursday,3,0,0,1,FuelGo Kariakoo,-6.783,39.2083,Petrol,2233.0,786,0.95,1,6,February
2021-02-12,2021,2,12,Friday,4,0,0,1,FuelGo Kariakoo,-6.783,39.2083,Petrol,2647.0,766,0.95,1,6,February
2021-02-13,2021,2,13,Saturday,5,1,0,1,FuelGo Kariakoo,-6.783,39.2083,Petrol,2928.0,745,0.95,1,6,February
2021-02-14,2021,2,14,Sunday,6,1,0,1,FuelGo Kariakoo,-6.783,39.2083,Petrol,2368.0,652,0.95,1,6,February
2021-02-15,2021,2,15,Monday,0,0,0,1,FuelGo Kariakoo,-6.783,39.2083,Petrol,2493.0,977,0.95,1,7,February
2021-02-16,2021,2,16,Tuesday,1,0,1,1,FuelGo Kariakoo,-6.783,39.2083,Petrol,2698.0,1014,0.95,1,7,February
2021-02-17,2021,2,17,Wednesday,2,0,0,1,FuelGo Kariakoo,-6.783,39.2083,Petrol,2786.0,837,0.95,1,7,February
2021-02-18,2021,2,18,Thursday,3,0,0,1,FuelGo Kariakoo,-6.783,39.2083,Petrol,2903.0,695,0.95,1,7,February
2021-02-19,2021,2,19,Friday,4,0,0,1,FuelGo Kariakoo,-6.783,39.2083,Petrol,2532.0,862,0.95,1,7,February
2021-02-20,2021,2,20,Saturday,5,1,0,1,FuelGo Kariakoo,-6.783,39.2083,Petrol,2510.0,705,0.95,1,7,February
2021-02-21,2021,2,21,Sunday,6,1,0,1,FuelGo Kariakoo,-6.783,39.2083,Petrol,2554.0,548,0.95,1,7,February
2021-02-22,2021,2,22,Monday,0,0,0,1,FuelGo Kariakoo,-6.783,39.2083,Petrol,2325.0,917,0.95,1,8,February
2021-02-23,2021,2,23,Tuesday,1,0,0,1,FuelGo Kariakoo,-6.783,39.2083,Petrol,2533.0,753,0.95,1,8,February
2021-02-24,2021,2,24,Wednesday,2,0,0,1,FuelGo Kariakoo,-6.783,39.2083,Petrol,2708.0,719,0.95,1,8,February
2021-02-25,2021,2,25,Thursday,3,0,0,1,FuelGo Kariakoo,-6.783,39.2083,Petrol,2463.0,586,0.95,1,8,February
2021-02-26,2021,2,26,Friday,4,0,0,1,FuelGo Kariakoo,-6.783,39.2083,Petrol,2856.0,779,0.95,1,8,February
2021-02-27,2021,2,27,Saturday,5,1,0,1,FuelGo Kariakoo,-6.783,39.2083,Petrol,2499.0,831,0.95,1,8,February
2021-02-28,2021,2,28,Sunday,6,1,0,1,FuelGo Kariakoo,-6.783,39.2083,Petrol,2271.0,685,0.95,1,8,February
2021-03-01,2021,3,1,Monday,0,0,0,1,FuelGo Kariakoo,-6.783,39.2083,Petrol,2521.0,706,0.88,1,9,March
2021-03-02,2021,3,2,Tuesday,1,0,0,1,FuelGo Kariakoo,-6.783,39.2083,Petrol,2790.0,602,0.88,1,9,March
2021-03-03,2021,3,3,Wednesday,2,0,0,1,FuelGo Kariakoo,-6.783,39.2083,Petrol,2203.0,848,0.88,1,9,March
2021-03-04,2021,3,4,Thursday,3,0,0,1,FuelGo Kariakoo,-6.783,39.2083,Petrol,2718.0,751,0.88,1,9,March
2021-03-05,2021,3,5,Friday,4,0,0,1,FuelGo Kariakoo,-6.783,39.2083,Petrol,2632.0,775,0.88,1,9,March
2021-03-06,2021,3,6,Saturday,5,1,0,1,FuelGo Kariakoo,-6.783,39.2083,Petrol,2255.0,789,0.88,1,9,March
2021-03-07,2021,3,7,Sunday,6,1,0,1,FuelGo Kariakoo,-6.783,39.2083,Petrol,2478.0,607,0.88,1,9,March
2021-03-08,2021,3,8,Monday,0,0,0,1,FuelGo Kariakoo,-6.783,39.2083,Petrol,2448.0,842,0.88,1,10,March
2021-03-09,2021,3,9,Tuesday,1,0,0,1,FuelGo Kariakoo,-6.783,39.2083,Petrol,2719.0,644,0.88,1,10,March
2021-03-10,2021,3,10,Wednesday,2,0,0,1,FuelGo Kariakoo,-6.783,39.2083,Petrol,2583.0,778,0.88,1,10,March
2021-03-11,2021,3,11,Thursday,3,0,0,1,FuelGo Kariakoo,-6.783,39.2083,Petrol,2877.0,668,0.88,1,10,March
2021-03-12,2021,3,12,Friday,4,0,0,1,FuelGo Kariakoo,-6.783,39.2083,Petrol,2611.0,857,0.88,1,10,March
2021-03-13,2021,3,13,Saturday,5,1,0,1,FuelGo Kariakoo,-6.783,39.2083,Petrol,2778.0,577,0.88,1,10,March
2021-03-14,2021,3,14,Sunday,6,1,0,1,FuelGo Kariakoo,-6.783,39.2083,Petrol,2676.0,568,0.88,1,10,March
2021-03-15,2021,3,15,Monday,0,0,0,1,FuelGo Kariakoo,-6.783,39.2083,Petrol,2673.0,592,0.88,1,11,March
2021-03-16,2021,3,16,Tuesday,1,0,0,1,FuelGo Kariakoo,-6.783,39.2083,Petrol,2452.0,620,0.88,1,11,March
2021-03-17,2021,3,17,Wednesday,2,0,0,1,FuelGo Kariakoo,-6.783,39.2083,Petrol,2229.0,813,0.88,1,11,March
2021-03-18,2021,3,18,Thursday,3,0,0,1,FuelGo Kariakoo,-6.783,39.2083,Petrol,2566.0,527,0.88,1,11,March
2021-03-19,2021,3,19,Friday,4,0,0,1,FuelGo Kariakoo,-6.783,39.2083,Petrol,2985.0,618,0.88,1,11,March
2021-03-20,2021,3,20,Saturday,5,1,0,1,FuelGo Kariakoo,-6.783,39.2083,Petrol,2581.0,598,0.88,1,11,March
2021-03-21,2021,3,21,Sunday,6,1,0,1,FuelGo Kariakoo,-6.783,39.2083,Petrol,2556.0,567,0.88,1,11,March
2021-03-22,2021,3,22,Monday,0,0,0,1,FuelGo Kariakoo,-6.783,39.2083,Petrol,2244.0,774,0.88,1,12,March
2021-03-23,2021,3,23,Tuesday,1,0,0,1,FuelGo Kariakoo,-6.783,39.2083,Petrol,2606.0,697,0.88,1,12,March
2021-03-24,2021,3,24,Wednesday,2,0,0,1,FuelGo Kariakoo,-6.783,39.2083,Petrol,2682.0,761,0.88,1,12,March
2021-03-25,2021,3,25,Thursday,3,0,0,1,FuelGo Kariakoo,-6.783,39.2083,Petrol,2564.0,811,0.88,1,12,March
2021-03-26,2021,3,26,Friday,4,0,1,1,FuelGo Kariakoo,-6.783,39.2083,Petrol,2165.0,941,0.88,1,12,March
2021-03-27,2021,3,27,Saturday,5,1,0,1,FuelGo Kariakoo,-6.783,39.2083,Petrol,2507.0,692,0.88,1,12,March
2021-03-28,2021,3,28,Sunday,6,1,0,1,FuelGo Kariakoo,-6.783,39.2083,Petrol,2699.0,533,0.88,1,12,March
2021-03-29,2021,3,29,Monday,0,0,0,1,FuelGo Kariakoo,-6.783,39.2083,Petrol,2671.0,709,0.88,1,13,March
2021-03-30,2021,3,30,Tuesday,1,0,0,1,FuelGo Kariakoo,-6.783,39.2083,Petrol,2894.0,551,0.88,1,13,March
2021-03-31,2021,3,31,Wednesday,2,0,0,1,FuelGo Kariakoo,-6.783,39.2083,Petrol,2748.0,654,0.88,1,13,March
2021-04-01,2021,4,1,Thursday,3,0,0,1,FuelGo Kariakoo,-6.783,39.2083,Petrol,2712.0,678,0.85,2,13,April
2021-04-02,2021,4,2,Friday,4,0,0,1,FuelGo Kariakoo,-6.783,39.2083,Petrol,2323.0,735,0.85,2,13,April
2021-04-03,2021,4,3,Saturday,5,1,0,1,FuelGo Kariakoo,-6.783,39.2083,Petrol,2727.0,603,0.85,2,13,April
2021-04-04,2021,4,4,Sunday,6,1,0,1,FuelGo Kariakoo,-6.783,39.2083,Petrol,2700.0,540,0.85,2,13,April
2021-04-05,2021,4,5,Monday,0,0,0,1,FuelGo Kariakoo,-6.783,39.2083,Petrol,2225.0,754,0.85,2,14,April
2021-04-06,2021,4,6,Tuesday,1,0,0,1,FuelGo Kariakoo,-6.783,39.2083,Petrol,2718.0,698,0.85,2,14,April
2021-04-07,2021,4,7,Wednesday,2,0,1,1,FuelGo Kariakoo,-6.783,39.2083,Petrol,2269.0,907,0.85,2,14,April
2021-04-08,2021,4,8,Thursday,3,0,0,1,FuelGo Kariakoo,-6.783,39.2083,Petrol,2669.0,731,0.85,2,14,April
2021-04-09,2021,4,9,Friday,4,0,0,1,FuelGo Kariakoo,-6.783,39.2083,Petrol,3004.0,638,0.85,2,14,April
2021-04-10,2021,4,10,Saturday,5,1,0,1,FuelGo Kariakoo,-6.783,39.2083,Petrol,2482.0,561,0.85,2,14,April
2021-04-11,2021,4,11,Sunday,6,1,0,1,FuelGo Kariakoo,-6.783,39.2083,Petrol,2807.0,421,0.85,2,14,April
2021-04-12,2021,4,12,Monday,0,0,0,1,FuelGo Kariakoo,-6.783,39.2083,Petrol,3059.0,572,0.85,2,15,April
2021-04-13,2021,4,13,Tuesday,1,0,0,1,FuelGo Kariakoo,-6.783,39.2083,Petrol,2670.0,673,0.85,2,15,April
2021-04-14,2021,4,14,Wednesday,2,0,0,1,FuelGo Kariakoo,-6.783,39.2083,Petrol,2684.0,560,0.85,2,15,April
2021-04-15,2021,4,15,Thursday,3,0,0,1,FuelGo Kariakoo,-6.783,39.2083,Petrol,2484.0,652,0.85,2,15,April
2021-04-16,2021,4,16,Friday,4,0,0,1,FuelGo Kariakoo,-6.783,39.2083,Petrol,2226.0,847,0.85,2,15,April
2021-04-17,2021,4,17,Saturday,5,1,0,1,FuelGo Kariakoo,-6.783,39.2083,Petrol,2493.0,606,0.85,2,15,April
2021-04-18,2021,4,18,Sunday,6,1,0,1,FuelGo Kariakoo,-6.783,39.2083,Petrol,2937.0,479,0.85,2,15,April
2021-04-19,2021,4,19,Monday,0,0,0,1,FuelGo Kariakoo,-6.783,39.2083,Petrol,2442.0,859,0.85,2,16,April
2021-04-20,2021,4,20,Tuesday,1,0,0,1,FuelGo Kariakoo,-6.783,39.2083,Petrol,2733.0,717,0.85,2,16,April
2021-04-21,2021,4,21,Wednesday,2,0,0,1,FuelGo Kariakoo,-6.783,39.2083,Petrol,2599.0,711,0.85,2,16,April
2021-04-22,2021,4,22,Thursday,3,0,0,1,FuelGo Kariakoo,-6.783,39.2083,Petrol,2770.0,580,0.85,2,16,April
2021-04-23,2021,4,23,Friday,4,0,0,1,FuelGo Kariakoo,-6.783,39.2083,Petrol,2905.0,571,0.85,2,16,April
2021-04-24,2021,4,24,Saturday,5,1,0,1,FuelGo Kariakoo,-6.783,39.2083,Petrol,2585.0,655,0.85,2,16,April
2021-04-25,2021,4,25,Sunday,6,1,0,1,FuelGo Kariakoo,-6.783,39.2083,Petrol,2487.0,643,0.85,2,16,April
2021-04-26,2021,4,26,Monday,0,0,1,1,FuelGo Kariakoo,-6.783,39.2083,Petrol,2197.0,995,0.85,2,17,April
2021-04-27,2021,4,27,Tuesday,1,0,0,1,FuelGo Kariakoo,-6.783,39.2083,Petrol,2418.0,838,0.85,2,17,April
2021-04-28,2021,4,28,Wednesday,2,0,0,1,FuelGo Kariakoo,-6.783,39.2083,Petrol,2476.0,726,0.85,2,17,April
2021-04-29,2021,4,29,Thursday,3,0,0,1,FuelGo Kariakoo,-6.783,39.2083,Petrol,2638.0,637,0.85,2,17,April
2021-04-30,2021,4,30,Friday,4,0,0,1,FuelGo Kariakoo,-6.783,39.2083,Petrol,2694.0,676,0.85,2,17,April
2021-05-01,2021,5,1,Saturday,5,1,1,1,FuelGo Kariakoo,-6.783,39.2083,Petrol,2520.0,788,0.9,2,17,May
2021-05-02,2021,5,2,Sunday,6,1,0,1,FuelGo Kariakoo,-6.783,39.2083,Petrol,2699.0,630,0.9,2,17,May
2021-05-03,2021,5,3,Monday,0,0,0,1,FuelGo Kariakoo,-6.783,39.2083,Petrol,2635.0,647,0.9,2,18,May
2021-05-04,2021,5,4,Tuesday,1,0,0,1,FuelGo Kariakoo,-6.783,39.2083,Petrol,2585.0,806,0.9,2,18,May
2021-05-05,2021,5,5,Wednesday,2,0,0,1,FuelGo Kariakoo,-6.783,39.2083,Petrol,2657.0,816,0.9,2,18,May
2021-05-06,2021,5,6,Thursday,3,0,0,1,FuelGo Kariakoo,-6.783,39.2083,Petrol,2599.0,768,0.9,2,18,May
2021-05-07,2021,5,7,Friday,4,0,0,1,FuelGo Kariakoo,-6.783,39.2083,Petrol,2379.0,850,0.9,2,18,May
2021-05-08,2021,5,8,Saturday,5,1,0,1,FuelGo Kariakoo,-6.783,39.2083,Petrol,2702.0,598,0.9,2,18,May
2021-05-09,2021,5,9,Sunday,6,1,0,1,FuelGo Kariakoo,-6.783,39.2083,Petrol,2637.0,537,0.9,2,18,May
2021-05-10,2021,5,10,Monday,0,0,0,1,FuelGo Kariakoo,-6.783,39.2083,Petrol,2558.0,686,0.9,2,19,May
2021-05-11,2021,5,11,Tuesday,1,0,0,1,FuelGo Kariakoo,-6.783,39.2083,Petrol,2989.0,596,0.9,2,19,May
2021-05-12,2021,5,12,Wednesday,2,0,0,1,FuelGo Kariakoo,-6.783,39.2083,Petrol,2496.0,928,0.9,2,19,May
2021-05-13,2021,5,13,Thursday,3,0,1,1,FuelGo Kariakoo,-6.783,39.2083,Petrol,2427.0,930,0.9,2,19,May
2021-05-14,2021,5,14,Friday,4,0,0,1,FuelGo Kariakoo,-6.783,39.2083,Petrol,2716.0,938,0.9,2,19,May
2021-05-15,2021,5,15,Saturday,5,1,0,1,FuelGo Kariakoo,-6.783,39.2083,Petrol,2543.0,634,0.9,2,19,May
2021-05-16,2021,5,16,Sunday,6,1,0,1,FuelGo Kariakoo,-6.783,39.2083,Petrol,2408.0,506,0.9,2,19,May
2021-05-17,2021,5,17,Monday,0,0,0,1,FuelGo Kariakoo,-6.783,39.2083,Petrol,2896.0,540,0.9,2,20,May
2021-05-18,2021,5,18,Tuesday,1,0,0,1,FuelGo Kariakoo,-6.783,39.2083,Petrol,2675.0,786,0.9,2,20,May
2021-05-19,2021,5,19,Wednesday,2,0,0,1,FuelGo Kariakoo,-6.783,39.2083,Petrol,2815.0,698,0.9,2,20,May
2021-05-20,2021,5,20,Thursday,3,0,0,1,FuelGo Kariakoo,-6.783,39.2083,Petrol,2655.0,645,0.9,2,20,May
2021-05-21,2021,5,21,Friday,4,0,0,1,FuelGo Kariakoo,-6.783,39.2083,Petrol,2366.0,807,0.9,2,20,May
2021-05-22,2021,5,22,Saturday,5,1,0,1,FuelGo Kariakoo,-6.783,39.2083,Petrol,2672.0,586,0.9,2,20,May
2021-05-23,2021,5,23,Sunday,6,1,0,1,FuelGo Kariakoo,-6.783,39.2083,Petrol,2372.0,572,0.9,2,20,May
2021-05-24,2021,5,24,Monday,0,0,0,1,FuelGo Kariakoo,-6.783,39.2083,Petrol,2973.0,689,0.9,2,21,May
2021-05-25,2021,5,25,Tuesday,1,0,1,1,FuelGo Kariakoo,-6.783,39.2083,Petrol,2830.0,766,0.9,2,21,May
2021-05-26,2021,5,26,Wednesday,2,0,0,1,FuelGo Kariakoo,-6.783,39.2083,Petrol,2390.0,980,0.9,2,21,May
2021-05-27,2021,5,27,Thursday,3,0,0,1,FuelGo Kariakoo,-6.783,39.2083,Petrol,2215.0,751,0.9,2,21,May
2021-05-28,2021,5,28,Friday,4,0,0,1,FuelGo Kariakoo,-6.783,39.2083,Petrol,2605.0,832,0.9,2,21,May
2021-05-29,2021,5,29,Saturday,5,1,0,1,FuelGo Kariakoo,-6.783,39.2083,Petrol,2521.0,629,0.9,2,21,May
2021-05-30,2021,5,30,Sunday,6,1,0,1,FuelGo Kariakoo,-6.783,39.2083,Petrol,2566.0,489,0.9,2,21,May
2021-05-31,2021,5,31,Monday,0,0,0,1,FuelGo Kariakoo,-6.783,39.2083,Petrol,2762.0,664,0.9,2,22,May
2021-06-01,2021,6,1,Tuesday,1,0,0,1,FuelGo Kariakoo,-6.783,39.2083,Petrol,2728.0,800,1.05,2,22,June
2021-06-02,2021,6,2,Wednesday,2,0,0,1,FuelGo Kariakoo,-6.783,39.2083,Petrol,2550.0,837,1.05,2,22,June
2021-06-03,2021,6,3,Thursday,3,0,0,1,FuelGo Kariakoo,-6.783,39.2083,Petrol,2688.0,855,1.05,2,22,June
2021-06-04,2021,6,4,Friday,4,0,0,1,FuelGo Kariakoo,-6.783,39.2083,Petrol,2475.0,878,1.05,2,22,June
2021-06-05,2021,6,5,Saturday,5,1,0,1,FuelGo Kariakoo,-6.783,39.2083,Petrol,2366.0,651,1.05,2,22,June
2021-06-06,2021,6,6,Sunday,6,1,0,1,FuelGo Kariakoo,-6.783,39.2083,Petrol,2471.0,690,1.05,2,22,June
2021-06-07,2021,6,7,Monday,0,0,0,1,FuelGo Kariakoo,-6.783,39.2083,Petrol,2646.0,655,1.05,2,23,June
2021-06-08,2021,6,8,Tuesday,1,0,0,1,FuelGo Kariakoo,-6.783,39.2083,Petrol,2415.0,898,1.05,2,23,June
2021-06-09,2021,6,9,Wednesday,2,0,0,1,FuelGo Kariakoo,-6.783,39.2083,Petrol,2641.0,760,1.05,2,23,June
2021-06-10,2021,6,10,Thursday,3,0,0,1,FuelGo Kariakoo,-6.783,39.2083,Petrol,2413.0,818,1.05,2,23,June
2021-06-11,2021,6,11,Friday,4,0,0,1,FuelGo Kariakoo,-6.783,39.2083,Petrol,2404.0,906,1.05,2,23,June
2021-06-12,2021,6,12,Saturday,5,1,0,1,FuelGo Kariakoo,-6.783,39.2083,Petrol,2673.0,744,1.05,2,23,June
2021-06-13,2021,6,13,Sunday,6,1,0,1,FuelGo Kariakoo,-6.783,39.2083,Petrol,2602.0,593,1.05,2,23,June
2021-06-14,2021,6,14,Monday,0,0,0,1,FuelGo Kariakoo,-6.783,39.2083,Petrol,2874.0,738,1.05,2,24,June
2021-06-15,2021,6,15,Tuesday,1,0,0,1,FuelGo Kariakoo,-6.783,39.2083,Petrol,2257.0,806,1.05,2,24,June
2021-06-16,2021,6,16,Wednesday,2,0,0,1,FuelGo Kariakoo,-6.783,39.2083,Petrol,2370.0,1012,1.05,2,24,June
2021-06-17,2021,6,17,Thursday,3,0,0,1,FuelGo Kariakoo,-6.783,39.2083,Petrol,2741.0,790,1.05,2,24,June
2021-06-18,2021,6,18,Friday,4,0,0,1,FuelGo Kariakoo,-6.783,39.2083,Petrol,2781.0,727,1.05,2,24,June
2021-06-19,2021,6,19,Saturday,5,1,0,1,FuelGo Kariakoo,-6.783,39.2083,Petrol,2706.0,606,1.05,2,24,June
2021-06-20,2021,6,20,Sunday,6,1,0,1,FuelGo Kariakoo,-6.783,39.2083,Petrol,2428.0,638,1.05,2,24,June
2021-06-21,2021,6,21,Monday,0,0,0,1,FuelGo Kariakoo,-6.783,39.2083,Petrol,2458.0,809,1.05,2,25,June
2021-06-22,2021,6,22,Tuesday,1,0,0,1,FuelGo Kariakoo,-6.783,39.2083,Petrol,2564.0,899,1.05,2,25,June
2021-06-23,2021,6,23,Wednesday,2,0,0,1,FuelGo Kariakoo,-6.783,39.2083,Petrol,2255.0,1010,1.05,2,25,June
