analytics/fuel_demand_dataset.csv
date,year,month,day,day_of_week,day_of_week_num,is_weekend,is_holiday,station_id,station_name,station_lat,station_lng,fuel_type,price_per_litre,demand_litres,seasonal_factor,quarter,week_of_year,month_name
2021-06-24,2021,6,24,Thursday,3,0,0,1,FuelGo Kariakoo,-6.783,39.2083,Petrol,2503.0,885,1.05,2,25,June
2021-06-25,2021,6,25,Friday,4,0,0,1,FuelGo Kariakoo,-6.783,39.2083,Petrol,2850.0,929,1.05,2,25,June
2021-06-26,2021,6,26,Saturday,5,1,0,1,FuelGo Kariakoo,-6.783,39.2083,Petrol,2435.0,793,1.05,2,25,June
2021-06-27,2021,6,27,Sunday,6,1,0,1,FuelGo Kariakoo,-6.783,39.2083,Petrol,2752.0,645,1.05,2,25,June
2021-06-28,2021,6,28,Monday,0,0,0,1,FuelGo Kariakoo,-6.783,39.2083,Petrol,2656.0,722,1.05,2,26,June
2021-06-29,2021,6,29,Tuesday,1,0,0,1,FuelGo Kariakoo,-6.783,39.2083,Petrol,2435.0,866,1.05,2,26,June
2021-06-30,2021,6,30,Wednesday,2,0,0,1,FuelGo Kariakoo,-6.783,39.2083,Petrol,2694.0,776,1.05,2,26,June
2021-07-01,2021,7,1,Thursday,3,0,0,1,FuelGo Kariakoo,-6.783,39.2083,Petrol,2275.0,1168,1.12,3,26,July
2021-07-02,2021,7,2,Friday,4,0,0,1,FuelGo Kariakoo,-6.783,39.2083,Petrol,2672.0,854,1.12,3,26,July
2021-07-03,2021,7,3,Saturday,5,1,0,1,FuelGo Kariakoo,-6.783,39.2083,Petrol,2621.0,796,1.12,3,26,July
2021-07-04,2021,7,4,Sunday,6,1,0,1,FuelGo Kariakoo,-6.783,39.2083,Petrol,2699.0,708,1.12,3,26,July
2021-07-05,2021,7,5,Monday,0,0,0,1,FuelGo Kariakoo,-6.783,39.2083,Petrol,2932.0,772,1.12,3,27,July
2021-07-06,2021,7,6,Tuesday,1,0,0,1,FuelGo Kariakoo,-6.783,39.2083,Petrol,2982.0,902,1.12,3,27,July
2021-07-07,2021,7,7,Wednesday,2,0,1,1,FuelGo Kariakoo,-6.783,39.2083,Petrol,2433.0,1380,1.12,3,27,July
2021-07-08,2021,7,8,Thursday,3,0,0,1,FuelGo Kariakoo,-6.783,39.2083,Petrol,2412.0,1068,1.12,3,27,July
2021-07-09,2021,7,9,Friday,4,0,0,1,FuelGo Kariakoo,-6.783,39.2083,Petrol,2925.0,693,1.12,3,27,July
2021-07-10,2021,7,10,Saturday,5,1,0,1,FuelGo Kariakoo,-6.783,39.2083,Petrol,2379.0,803,1.12,3,27,July
2021-07-11,2021,7,11,Sunday,6,1,0,1,FuelGo Kariakoo,-6.783,39.2083,Petrol,2877.0,659,1.12,3,27,July
2021-07-12,2021,7,12,Monday,0,0,0,1,FuelGo Kariakoo,-6.783,39.2083,Petrol,2908.0,765,1.12,3,28,July
2021-07-13,2021,7,13,Tuesday,1,0,0,1,FuelGo Kariakoo,-6.783,39.2083,Petrol,2480.0,1023,1.12,3,28,July
2021-07-14,2021,7,14,Wednesday,2,0,0,1,FuelGo Kariakoo,-6.783,39.2083,Petrol,2556.0,706,1.12,3,28,July
2021-07-15,2021,7,15,Thursday,3,0,0,1,FuelGo Kariakoo,-6.783,39.2083,Petrol,2516.0,956,1.12,3,28,July
2021-07-16,2021,7,16,Friday,4,0,0,1,FuelGo Kariakoo,-6.783,39.2083,Petrol,2481.0,910,1.12,3,28,July
2021-07-17,2021,7,17,Saturday,5,1,0,1,FuelGo Kariakoo,-6.783,39.2083,Petrol,2273.0,907,1.12,3,28,July
2021-07-18,2021,7,18,Sunday,6,1,0,1,FuelGo Kariakoo,-6.783,39.2083,Petrol,2663.0,634,1.12,3,28,July
2021-07-19,2021,7,19,Monday,0,0,0,1,FuelGo Kariakoo,-6.783,39.2083,Petrol,2633.0,1174,1.12,3,29,July
2021-07-20,2021,7,20,Tuesday,1,0,1,1,FuelGo Kariakoo,-6.783,39.2083,Petrol,2540.0,1007,1.12,3,29,July
2021-07-21,2021,7,21,Wednesday,2,0,0,1,FuelGo Kariakoo,-6.783,39.2083,Petrol,2599.0,1069,1.12,3,29,July
2021-07-22,2021,7,22,Thursday,3,0,0,1,FuelGo Kariakoo,-6.783,39.2083,Petrol,2827.0,806,1.12,3,29,July
2021-07-23,2021,7,23,Friday,4,0,0,1,FuelGo Kariakoo,-6.783,39.2083,Petrol,2428.0,983,1.12,3,29,July
2021-07-24,2021,7,24,Saturday,5,1,0,1,FuelGo Kariakoo,-6.783,39.2083,Petrol,2621.0,786,1.12,3,29,July
2021-07-25,2021,7,25,Sunday,6,1,0,1,FuelGo Kariakoo,-6.783,39.2083,Petrol,2449.0,772,1.12,3,29,July
2021-07-26,2021,7,26,Monday,0,0,0,1,FuelGo Kariakoo,-6.783,39.2083,Petrol,2411.0,858,1.12,3,30,July
2021-07-27,2021,7,27,Tuesday,1,0,0,1,FuelGo Kariakoo,-6.783,39.2083,Petrol,2821.0,860,1.12,3,30,July
2021-07-28,2021,7,28,Wednesday,2,0,0,1,FuelGo Kariakoo,-6.783,39.2083,Petrol,2606.0,611,1.12,3,30,July
2021-07-29,2021,7,29,Thursday,3,0,0,1,FuelGo Kariakoo,-6.783,39.2083,Petrol,2570.0,919,1.12,3,30,July
2021-07-30,2021,7,30,Friday,4,0,0,1,FuelGo Kariakoo,-6.783,39.2083,Petrol,2397.0,1266,1.12,3,30,July
2021-07-31,2021,7,31,Saturday,5,1,0,1,FuelGo Kariakoo,-6.783,39.2083,Petrol,2935.0,709,1.12,3,30,July
2021-08-01,2021,8,1,Sunday,6,1,0,1,FuelGo Kariakoo,-6.783,39.2083,Petrol,2716.0,523,1.08,3,30,August
2021-08-02,2021,8,2,Monday,0,0,0,1,FuelGo Kariakoo,-6.783,39.2083,Petrol,2515.0,982,1.08,3,31,August
2021-08-03,2021,8,3,Tuesday,1,0,0,1,FuelGo Kariakoo,-6.783,39.2083,Petrol,2700.0,925,1.08,3,31,August
2021-08-04,2021,8,4,Wednesday,2,0,0,1,FuelGo Kariakoo,-6.783,39.2083,Petrol,2866.0,971,1.08,3,31,August
2021-08-05,2021,8,5,Thursday,3,0,0,1,FuelGo Kariakoo,-6.783,39.2083,Petrol,2302.0,1099,1.08,3,31,August
2021-08-06,2021,8,6,Friday,4,0,0,1,FuelGo Kariakoo,-6.783,39.2083,Petrol,2456.0,1060,1.08,3,31,August
2021-08-07,2021,8,7,Saturday,5,1,0,1,FuelGo Kariakoo,-6.783,39.2083,Petrol,2651.0,832,1.08,3,31,August
2021-08-08,2021,8,8,Sunday,6,1,1,1,FuelGo Kariakoo,-6.783,39.2083,Petrol,2799.0,685,1.08,3,31,August
2021-08-09,2021,8,9,Monday,0,0,0,1,FuelGo Kariakoo,-6.783,39.2083,Petrol,2439.0,1070,1.08,3,32,August
2021-08-10,2021,8,10,Tuesday,1,0,0,1,FuelGo Kariakoo,-6.783,39.2083,Petrol,2471.0,958,1.08,3,32,August
2021-08-11,2021,8,11,Wednesday,2,0,0,1,FuelGo Kariakoo,-6.783,39.2083,Petrol,2434.0,1021,1.08,3,32,August
2021-08-12,2021,8,12,Thursday,3,0,0,1,FuelGo Kariakoo,-6.783,39.2083,Petrol,2337.0,1038,1.08,3,32,August
2021-08-13,2021,8,13,Friday,4,0,0,1,FuelGo Kariakoo,-6.783,39.2083,Petrol,2774.0,885,1.08,3,32,August
2021-08-14,2021,8,14,Saturday,5,1,0,1,FuelGo Kariakoo,-6.783,39.2083,Petrol,2784.0,730,1.08,3,32,August
2021-01-01,2021,1,1,Friday,4,0,1,1,FuelGo Kariakoo,-6.783,39.2083,Diesel,2446.0,1176,1.15,1,53,January
2021-01-02,2021,1,2,Saturday,5,1,0,1,FuelGo Kariakoo,-6.783,39.2083,Diesel,2387.0,733,1.15,1,53,January
2021-01-03,2021,1,3,Sunday,6,1,0,1,FuelGo Kariakoo,-6.783,39.2083,Diesel,2383.0,664,1.15,1,53,January
2021-01-04,2021,1,4,Monday,0,0,0,1,FuelGo Kariakoo,-6.783,39.2083,Diesel,2512.0,776,1.15,1,1,January
2021-01-05,2021,1,5,Tuesday,1,0,0,1,FuelGo Kariakoo,-6.783,39.2083,Diesel,2272.0,1062,1.15,1,1,January
2021-01-06,2021,1,6,Wednesday,2,0,0,1,FuelGo Kariakoo,-6.783,39.2083,Diesel,2613.0,666,1.15,1,1,January
2021-01-07,2021,1,7,Thursday,3,0,0,1,FuelGo Kariakoo,-6.783,39.2083,Diesel,2388.0,739,1.15,1,1,January
2021-01-08,2021,1,8,Friday,4,0,0,1,FuelGo Kariakoo,-6.783,39.2083,Diesel,2280.0,989,1.15,1,1,January
2021-01-09,2021,1,9,Saturday,5,1,0,1,FuelGo Kariakoo,-6.783,39.2083,Diesel,2465.0,699,1.15,1,1,January
2021-01-10,2021,1,10,Sunday,6,1,0,1,FuelGo Kariakoo,-6.783,39.2083,Diesel,2372.0,666,1.15,1,1,January
2021-01-11,2021,1,11,Monday,0,0,0,1,FuelGo Kariakoo,-6.783,39.2083,Diesel,2537.0,790,1.15,1,2,January
2021-01-12,2021,1,12,Tuesday,1,0,1,1,FuelGo Kariakoo,-6.783,39.2083,Diesel,2445.0,1054,1.15,1,2,January
2021-01-13,2021,1,13,Wednesday,2,0,0,1,FuelGo Kariakoo,-6.783,39.2083,Diesel,2347.0,950,1.15,1,2,January
2021-01-14,2021,1,14,Thursday,3,0,0,1,FuelGo Kariakoo,-6.783,39.2083,Diesel,2343.0,893,1.15,1,2,January
2021-01-15,2021,1,15,Friday,4,0,0,1,FuelGo Kariakoo,-6.783,39.2083,Diesel,2373.0,796,1.15,1,2,January
2021-01-16,2021,1,16,Saturday,5,1,0,1,FuelGo Kariakoo,-6.783,39.2083,Diesel,2213.0,825,1.15,1,2,January
2021-01-17,2021,1,17,Sunday,6,1,0,1,FuelGo Kariakoo,-6.783,39.2083,Diesel,2309.0,583,1.15,1,2,January
2021-01-18,2021,1,18,Monday,0,0,0,1,FuelGo Kariakoo,-6.783,39.2083,Diesel,2519.0,785,1.15,1,3,January
2021-01-19,2021,1,19,Tuesday,1,0,0,1,FuelGo Kariakoo,-6.783,39.2083,Diesel,2160.0,931,1.15,1,3,January
2021-01-20,2021,1,20,Wednesday,2,0,0,1,FuelGo Kariakoo,-6.783,39.2083,Diesel,2354.0,874,1.15,1,3,January
2021-01-21,2021,1,21,Thursday,3,0,0,1,FuelGo Kariakoo,-6.783,39.2083,Diesel,2689.0,766,1.15,1,3,January
2021-01-22,2021,1,22,Friday,4,0,0,1,FuelGo Kariakoo,-6.783,39.2083,Diesel,2348.0,702,1.15,1,3,January
2021-01-23,2021,1,23,Saturday,5,1,0,1,FuelGo Kariakoo,-6.783,39.2083,Diesel,2541.0,699,1.15,1,3,January
2021-01-24,2021,1,24,Sunday,6,1,0,1,FuelGo Kariakoo,-6.783,39.2083,Diesel,2756.0,544,1.15,1,3,January
2021-01-25,2021,1,25,Monday,0,0,0,1,FuelGo Kariakoo,-6.783,39.2083,Diesel,2543.0,752,1.15,1,4,January
2021-01-26,2021,1,26,Tuesday,1,0,0,1,FuelGo Kariakoo,-6.783,39.2083,Diesel,2450.0,811,1.15,1,4,January
2021-01-27,2021,1,27,Wednesday,2,0,0,1,FuelGo Kariakoo,-6.783,39.2083,Diesel,2462.0,787,1.15,1,4,January
2021-01-28,2021,1,28,Thursday,3,0,0,1,FuelGo Kariakoo,-6.783,39.2083,Diesel,2100.0,891,1.15,1,4,January
2021-01-29,2021,1,29,Friday,4,0,0,1,FuelGo Kariakoo,-6.783,39.2083,Diesel,1920.0,1151,1.15,1,4,January
2021-01-30,2021,1,30,Saturday,5,1,0,1,FuelGo Kariakoo,-6.783,39.2083,Diesel,2481.0,684,1.15,1,4,January
2021-01-31,2021,1,31,Sunday,6,1,0,1,FuelGo Kariakoo,-6.783,39.2083,Diesel,2252.0,690,1.15,1,4,January
2021-02-01,2021,2,1,Monday,0,0,0,1,FuelGo Kariakoo,-6.783,39.2083,Diesel,2681.0,547,0.95,1,5,February
2021-02-02,2021,2,2,Tuesday,1,0,0,1,FuelGo Kariakoo,-6.783,39.2083,Diesel,2720.0,530,0.95,1,5,February
2021-02-03,2021,2,3,Wednesday,2,0,0,1,FuelGo Kariakoo,-6.783,39.2083,Diesel,2432.0,761,0.95,1,5,February
2021-02-04,2021,2,4,Thursday,3,0,0,1,FuelGo Kariakoo,-6.783,39.2083,Diesel,2350.0,770,0.95,1,5,February
2021-02-05,2021,2,5,Friday,4,0,0,1,FuelGo Kariakoo,-6.783,39.2083,Diesel,2592.0,514,0.95,1,5,February
2021-02-06,2021,2,6,Saturday,5,1,0,1,FuelGo Kariakoo,-6.783,39.2083,Diesel,2606.0,521,0.95,1,5,February
2021-02-07,2021,2,7,Sunday,6,1,0,1,FuelGo Kariakoo,-6.783,39.2083,Diesel,2301.0,534,0.95,1,5,February
2021-02-08,2021,2,8,Monday,0,0,0,1,FuelGo Kariakoo,-6.783,39.2083,Diesel,2431.0,588,0.95,1,6,February
2021-02-09,2021,2,9,Tuesday,1,0,0,1,FuelGo Kariakoo,-6.783,39.2083,Diesel,2285.0,686,0.95,1,6,February
2021-02-10,2021,2,10,Wednesday,2,0,0,1,FuelGo Kariakoo,-6.783,39.2083,Diesel,2509.0,661,0.95,1,6,February
2021-02-11,2021,2,11,Thursday,3,0,0,1,FuelGo Kariakoo,-6.783,39.2083,Diesel,2593.0,615,0.95,1,6,February
2021-02-12,2021,2,12,Friday,4,0,0,1,FuelGo Kariakoo,-6.783,39.2083,Diesel,2687.0,629,0.95,1,6,February
2021-02-13,2021,2,13,Saturday,5,1,0,1,FuelGo Kariakoo,-6.783,39.2083,Diesel,2314.0,725,0.95,1,6,February
2021-02-14,2021,2,14,Sunday,6,1,0,1,FuelGo Kariakoo,-6.783,39.2083,Diesel,2309.0,554,0.95,1,6,February
2021-02-15,2021,2,15,Monday,0,0,0,1,FuelGo Kariakoo,-6.783,39.2083,Diesel,2147.0,782,0.95,1,7,February
2021-02-16,2021,2,16,Tuesday,1,0,1,1,FuelGo Kariakoo,-6.783,39.2083,Diesel,2373.0,866,0.95,1,7,February
2021-02-17,2021,2,17,Wednesday,2,0,0,1,FuelGo Kariakoo,-6.783,39.2083,Diesel,2426.0,666,0.95,1,7,February
2021-02-18,2021,2,18,Thursday,3,0,0,1,FuelGo Kariakoo,-6.783,39.2083,Diesel,2483.0,721,0.95,1,7,February
2021-02-19,2021,2,19,Friday,4,0,0,1,FuelGo Kariakoo,-6.783,39.2083,Diesel,2593.0,693,0.95,1,7,February
2021-02-20,2021,2,20,Saturday,5,1,0,1,FuelGo Kariakoo,-6.783,39.2083,Diesel,2058.0,669,0.95,1,7,February
2021-02-21,2021,2,21,Sunday,6,1,0,1,FuelGo Kariakoo,-6.783,39.2083,Diesel,2022.0,641,0.95,1,7,February
2021-02-22,2021,2,22,Monday,0,0,0,1,FuelGo Kariakoo,-6.783,39.2083,Diesel,2307.0,654,0.95,1,8,February
2021-02-23,2021,2,23,Tuesday,1,0,0,1,FuelGo Kariakoo,-6.783,39.2083,Diesel,2138.0,725,0.95,1,8,February
2021-02-24,2021,2,24,Wednesday,2,0,0,1,FuelGo Kariakoo,-6.783,39.2083,Diesel,2359.0,704,0.95,1,8,February
2021-02-25,2021,2,25,Thursday,3,0,0,1,FuelGo Kariakoo,-6.783,39.2083,Diesel,2256.0,705,0.95,1,8,February
2021-02-26,2021,2,26,Friday,4,0,0,1,FuelGo Kariakoo,-6.783,39.2083,Diesel,2264.0,778,0.95,1,8,February
2021-02-27,2021,2,27,Saturday,5,1,0,1,FuelGo Kariakoo,-6.783,39.2083,Diesel,2572.0,559,0.95,1,8,February
2021-02-28,2021,2,28,Sunday,6,1,0,1,FuelGo Kariakoo,-6.783,39.2083,Diesel,2495.0,557,0.95,1,8,February
2021-03-01,2021,3,1,Monday,0,0,0,1,FuelGo Kariakoo,-6.783,39.2083,Diesel,2489.0,537,0.88,1,9,March
2021-03-02,2021,3,2,Tuesday,1,0,0,1,FuelGo Kariakoo,-6.783,39.2083,Diesel,2622.0,476,0.88,1,9,March
2021-03-03,2021,3,3,Wednesday,2,0,0,1,FuelGo Kariakoo,-6.783,39.2083,Diesel,2261.0,601,0.88,1,9,March
2021-03-04,2021,3,4,Thursday,3,0,0,1,FuelGo Kariakoo,-6.783,39.2083,Diesel,2362.0,709,0.88,1,9,March
2021-03-05,2021,3,5,Friday,4,0,0,1,FuelGo Kariakoo,-6.783,39.2083,Diesel,2191.0,598,0.88,1,9,March
2021-03-06,2021,3,6,Saturday,5,1,0,1,FuelGo Kariakoo,-6.783,39.2083,Diesel,2496.0,512,0.88,1,9,March
2021-03-07,2021,3,7,Sunday,6,1,0,1,FuelGo Kariakoo,-6.783,39.2083,Diesel,2536.0,438,0.88,1,9,March
2021-03-08,2021,3,8,Monday,0,0,0,1,FuelGo Kariakoo,-6.783,39.2083,Diesel,2347.0,479,0.88,1,10,March
2021-03-09,2021,3,9,Tuesday,1,0,0,1,FuelGo Kariakoo,-6.783,39.2083,Diesel,2584.0,567,0.88,1,10,March
2021-03-10,2021,3,10,Wednesday,2,0,0,1,FuelGo Kariakoo,-6.783,39.2083,Diesel,2495.0,699,0.88,1,10,March
2021-03-11,2021,3,11,Thursday,3,0,0,1,FuelGo Kariakoo,-6.783,39.2083,Diesel,2332.0,610,0.88,1,10,March
2021-03-12,2021,3,12,Friday,4,0,0,1,FuelGo Kariakoo,-6.783,39.2083,Diesel,2566.0,693,0.88,1,10,March
2021-03-13,2021,3,13,Saturday,5,1,0,1,FuelGo Kariakoo,-6.783,39.2083,Diesel,2291.0,531,0.88,1,10,March
2021-03-14,2021,3,14,Sunday,6,1,0,1,FuelGo Kariakoo,-6.783,39.2083,Diesel,2258.0,408,0.88,1,10,March
2021-03-15,2021,3,15,Monday,0,0,0,1,FuelGo Kariakoo,-6.783,39.2083,Diesel,2486.0,552,0.88,1,11,March
2021-03-16,2021,3,16,Tuesday,1,0,0,1,FuelGo Kariakoo,-6.783,39.2083,Diesel,2455.0,610,0.88,1,11,March
2021-03-17,2021,3,17,Wednesday,2,0,0,1,FuelGo Kariakoo,-6.783,39.2083,Diesel,2733.0,515,0.88,1,11,March
2021-03-18,2021,3,18,Thursday,3,0,0,1,FuelGo Kariakoo,-6.783,39.2083,Diesel,2223.0,683,0.88,1,11,March
2021-03-19,2021,3,19,Friday,4,0,0,1,FuelGo Kariakoo,-6.783,39.2083,Diesel,2478.0,697,0.88,1,11,March
2021-03-20,2021,3,20,Saturday,5,1,0,1,FuelGo Kariakoo,-6.783,39.2083,Diesel,2501.0,543,0.88,1,11,March
2021-03-21,2021,3,21,Sunday,6,1,0,1,FuelGo Kariakoo,-6.783,39.2083,Diesel,2440.0,417,0.88,1,11,March
2021-03-22,2021,3,22,Monday,0,0,0,1,FuelGo Kariakoo,-6.783,39.2083,Diesel,2445.0,546,0.88,1,12,March
2021-03-23,2021,3,23,Tuesday,1,0,0,1,FuelGo Kariakoo,-6.783,39.2083,Diesel,2611.0,597,0.88,1,12,March
2021-03-24,2021,3,24,Wednesday,2,0,0,1,FuelGo Kariakoo,-6.783,39.2083,Diesel,2294.0,659,0.88,1,12,March
2021-03-25,2021,3,25,Thursday,3,0,0,1,FuelGo Kariakoo,-6.783,39.2083,Diesel,2455.0,688,0.88,1,12,March
2021-03-26,2021,3,26,Friday,4,0,1,1,FuelGo Kariakoo,-6.783,39.2083,Diesel,1920.0,892,0.88,1,12,March
2021-03-27,2021,3,27,Saturday,5,1,0,1,FuelGo Kariakoo,-6.783,39.2083,Diesel,2225.0,722,0.88,1,12,March
2021-03-28,2021,3,28,Sunday,6,1,0,1,FuelGo Kariakoo,-6.783,39.2083,Diesel,2496.0,476,0.88,1,12,March
2021-03-29,2021,3,29,Monday,0,0,0,1,FuelGo Kariakoo,-6.783,39.2083,Diesel,2085.0,827,0.88,1,13,March
2021-03-30,2021,3,30,Tuesday,1,0,0,1,FuelGo Kariakoo,-6.783,39.2083,Diesel,2682.0,503,0.88,1,13,March
2021-03-31,2021,3,31,Wednesday,2,0,0,1,FuelGo Kariakoo,-6.783,39.2083,Diesel,2312.0,529,0.88,1,13,March
2021-04-01,2021,4,1,Thursday,3,0,0,1,FuelGo Kariakoo,-6.783,39.2083,Diesel,2436.0,550,0.85,2,13,April
2021-04-02,2021,4,2,Friday,4,0,0,1,FuelGo Kariakoo,-6.783,39.2083,Diesel,2529.0,600,0.85,2,13,April
2021-04-03,2021,4,3,Saturday,5,1,0,1,FuelGo Kariakoo,-6.783,39.2083,Diesel,2451.0,472,0.85,2,13,April
2021-04-04,2021,4,4,Sunday,6,1,0,1,FuelGo Kariakoo,-6.783,39.2083,Diesel,2678.0,441,0.85,2,13,April
2021-04-05,2021,4,5,Monday,0,0,0,1,FuelGo Kariakoo,-6.783,39.2083,Diesel,2446.0,610,0.85,2,14,April
2021-04-06,2021,4,6,Tuesday,1,0,0,1,FuelGo Kariakoo,-6.783,39.2083,Diesel,2372.0,749,0.85,2,14,April
2021-04-07,2021,4,7,Wednesday,2,0,1,1,FuelGo Kariakoo,-6.783,39.2083,Diesel,2471.0,627,0.85,2,14,April
2021-04-08,2021,4,8,Thursday,3,0,0,1,FuelGo Kariakoo,-6.783,39.2083,Diesel,2575.0,504,0.85,2,14,April
2021-04-09,2021,4,9,Friday,4,0,0,1,FuelGo Kariakoo,-6.783,39.2083,Diesel,2429.0,532,0.85,2,14,April
2021-04-10,2021,4,10,Saturday,5,1,0,1,FuelGo Kariakoo,-6.783,39.2083,Diesel,2284.0,532,0.85,2,14,April
2021-04-11,2021,4,11,Sunday,6,1,0,1,FuelGo Kariakoo,-6.783,39.2083,Diesel,2074.0,535,0.85,2,14,April
2021-04-12,2021,4,12,Monday,0,0,0,1,FuelGo Kariakoo,-6.783,39.2083,Diesel,2244.0,638,0.85,2,15,April
2021-04-13,2021,4,13,Tuesday,1,0,0,1,FuelGo Kariakoo,-6.783,39.2083,Diesel,2090.0,716,0.85,2,15,April
2021-04-14,2021,4,14,Wednesday,2,0,0,1,FuelGo Kariakoo,-6.783,39.2083,Diesel,2525.0,655,0.85,2,15,April
2021-04-15,2021,4,15,Thursday,3,0,0,1,FuelGo Kariakoo,-6.783,39.2083,Diesel,2425.0,611,0.85,2,15,April
2021-04-16,2021,4,16,Friday,4,0,0,1,FuelGo Kariakoo,-6.783,39.2083,Diesel,2272.0,638,0.85,2,15,April
2021-04-17,2021,4,17,Saturday,5,1,0,1,FuelGo Kariakoo,-6.783,39.2083,Diesel,2593.0,609,0.85,2,15,April
2021-04-18,2021,4,18,Sunday,6,1,0,1,FuelGo Kariakoo,-6.783,39.2083,Diesel,2689.0,375,0.85,2,15,April
2021-04-19,2021,4,19,Monday,0,0,0,1,FuelGo Kariakoo,-6.783,39.2083,Diesel,2474.0,388,0.85,2,16,April
2021-04-20,2021,4,20,Tuesday,1,0,0,1,FuelGo Kariakoo,-6.783,39.2083,Diesel,2510.0,637,0.85,2,16,April
2021-04-21,2021,4,21,Wednesday,2,0,0,1,FuelGo Kariakoo,-6.783,39.2083,Diesel,2525.0,555,0.85,2,16,April
2021-04-22,2021,4,22,Thursday,3,0,0,1,FuelGo Kariakoo,-6.783,39.2083,Diesel,2316.0,697,0.85,2,16,April
2021-04-23,2021,4,23,Friday,4,0,0,1,FuelGo Kariakoo,-6.783,39.2083,Diesel,2426.0,574,0.85,2,16,April
2021-04-24,2021,4,24,Saturday,5,1,0,1,FuelGo Kariakoo,-6.783,39.2083,Diesel,2487.0,415,0.85,2,16,April
2021-04-25,2021,4,25,Sunday,6,1,0,1,FuelGo Kariakoo,-6.783,39.2083,Diesel,2283.0,495,0.85,2,16,April
2021-04-26,2021,4,26,Monday,0,0,1,1,FuelGo Kariakoo,-6.783,39.2083,Diesel,2531.0,749,0.85,2,17,April
2021-04-27,2021,4,27,Tuesday,1,0,0,1,FuelGo Kariakoo,-6.783,39.2083,Diesel,2492.0,523,0.85,2,17,April
2021-04-28,2021,4,28,Wednesday,2,0,0,1,FuelGo Kariakoo,-6.783,39.2083,Diesel,2481.0,536,0.85,2,17,April
2021-04-29,2021,4,29,Thursday,3,0,0,1,FuelGo Kariakoo,-6.783,39.2083,Diesel,2334.0,714,0.85,2,17,April
2021-04-30,2021,4,30,Friday,4,0,0,1,FuelGo Kariakoo,-6.783,39.2083,Diesel,2673.0,633,0.85,2,17,April
2021-05-01,2021,5,1,Saturday,5,1,1,1,FuelGo Kariakoo,-6.783,39.2083,Diesel,2848.0,621,0.9,2,17,May
