analytics/fuel_demand_dataset.csv
date,year,month,day,day_of_week,day_of_week_num,is_weekend,is_holiday,station_id,station_name,station_lat,station_lng,fuel_type,price_per_litre,demand_litres,seasonal_factor,quarter,week_of_year,month_name
2021-05-02,2021,5,2,Sunday,6,1,0,1,FuelGo Kariakoo,-6.783,39.2083,Diesel,2635.0,443,0.9,2,17,May
2021-05-03,2021,5,3,Monday,0,0,0,1,FuelGo Kariakoo,-6.783,39.2083,Diesel,2472.0,529,0.9,2,18,May
2021-05-04,2021,5,4,Tuesday,1,0,0,1,FuelGo Kariakoo,-6.783,39.2083,Diesel,2124.0,668,0.9,2,18,May
2021-05-05,2021,5,5,Wednesday,2,0,0,1,FuelGo Kariakoo,-6.783,39.2083,Diesel,2263.0,719,0.9,2,18,May
2021-05-06,2021,5,6,Thursday,3,0,0,1,FuelGo Kariakoo,-6.783,39.2083,Diesel,2359.0,715,0.9,2,18,May
2021-05-07,2021,5,7,Friday,4,0,0,1,FuelGo Kariakoo,-6.783,39.2083,Diesel,2541.0,638,0.9,2,18,May
2021-05-08,2021,5,8,Saturday,5,1,0,1,FuelGo Kariakoo,-6.783,39.2083,Diesel,2494.0,451,0.9,2,18,May
2021-05-09,2021,5,9,Sunday,6,1,0,1,FuelGo Kariakoo,-6.783,39.2083,Diesel,2370.0,442,0.9,2,18,May
2021-05-10,2021,5,10,Monday,0,0,0,1,FuelGo Kariakoo,-6.783,39.2083,Diesel,2535.0,569,0.9,2,19,May
2021-05-11,2021,5,11,Tuesday,1,0,0,1,FuelGo Kariakoo,-6.783,39.2083,Diesel,2275.0,565,0.9,2,19,May
2021-05-12,2021,5,12,Wednesday,2,0,0,1,FuelGo Kariakoo,-6.783,39.2083,Diesel,2562.0,706,0.9,2,19,May
2021-05-13,2021,5,13,Thursday,3,0,1,1,FuelGo Kariakoo,-6.783,39.2083,Diesel,2546.0,772,0.9,2,19,May
2021-05-14,2021,5,14,Friday,4,0,0,1,FuelGo Kariakoo,-6.783,39.2083,Diesel,2523.0,653,0.9,2,19,May
2021-05-15,2021,5,15,Saturday,5,1,0,1,FuelGo Kariakoo,-6.783,39.2083,Diesel,2655.0,490,0.9,2,19,May
2021-05-16,2021,5,16,Sunday,6,1,0,1,FuelGo Kariakoo,-6.783,39.2083,Diesel,2258.0,491,0.9,2,19,May
2021-05-17,2021,5,17,Monday,0,0,0,1,FuelGo Kariakoo,-6.783,39.2083,Diesel,2690.0,519,0.9,2,20,May
2021-05-18,2021,5,18,Tuesday,1,0,0,1,FuelGo Kariakoo,-6.783,39.2083,Diesel,2406.0,697,0.9,2,20,May
2021-05-19,2021,5,19,Wednesday,2,0,0,1,FuelGo Kariakoo,-6.783,39.2083,Diesel,2310.0,690,0.9,2,20,May
2021-05-20,2021,5,20,Thursday,3,0,0,1,FuelGo Kariakoo,-6.783,39.2083,Diesel,2581.0,536,0.9,2,20,May
2021-05-21,2021,5,21,Friday,4,0,0,1,FuelGo Kariakoo,-6.783,39.2083,Diesel,2629.0,603,0.9,2,20,May
2021-05-22,2021,5,22,Saturday,5,1,0,1,FuelGo Kariakoo,-6.783,39.2083,Diesel,2238.0,569,0.9,2,20,May
2021-05-23,2021,5,23,Sunday,6,1,0,1,FuelGo Kariakoo,-6.783,39.2083,Diesel,2345.0,436,0.9,2,20,May
2021-05-24,2021,5,24,Monday,0,0,0,1,FuelGo Kariakoo,-6.783,39.2083,Diesel,2700.0,601,0.9,2,21,May
2021-05-25,2021,5,25,Tuesday,1,0,1,1,FuelGo Kariakoo,-6.783,39.2083,Diesel,2377.0,686,0.9,2,21,May
2021-05-26,2021,5,26,Wednesday,2,0,0,1,FuelGo Kariakoo,-6.783,39.2083,Diesel,2604.0,722,0.9,2,21,May
2021-05-27,2021,5,27,Thursday,3,0,0,1,FuelGo Kariakoo,-6.783,39.2083,Diesel,2546.0,653,0.9,2,21,May
2021-05-28,2021,5,28,Friday,4,0,0,1,FuelGo Kariakoo,-6.783,39.2083,Diesel,2612.0,606,0.9,2,21,May
2021-05-29,2021,5,29,Saturday,5,1,0,1,FuelGo Kariakoo,-6.783,39.2083,Diesel,2833.0,421,0.9,2,21,May
2021-05-30,2021,5,30,Sunday,6,1,0,1,FuelGo Kariakoo,-6.783,39.2083,Diesel,2174.0,479,0.9,2,21,May
2021-05-31,2021,5,31,Monday,0,0,0,1,FuelGo Kariakoo,-6.783,39.2083,Diesel,2547.0,682,0.9,2,22,May
2021-06-01,2021,6,1,Tuesday,1,0,0,1,FuelGo Kariakoo,-6.783,39.2083,Diesel,2742.0,640,1.05,2,22,June
2021-06-02,2021,6,2,Wednesday,2,0,0,1,FuelGo Kariakoo,-6.783,39.2083,Diesel,2494.0,717,1.05,2,22,June
2021-06-03,2021,6,3,Thursday,3,0,0,1,FuelGo Kariakoo,-6.783,39.2083,Diesel,2471.0,817,1.05,2,22,June
2021-06-04,2021,6,4,Friday,4,0,0,1,FuelGo Kariakoo,-6.783,39.2083,Diesel,2444.0,646,1.05,2,22,June
2021-06-05,2021,6,5,Saturday,5,1,0,1,FuelGo Kariakoo,-6.783,39.2083,Diesel,2740.0,534,1.05,2,22,June
2021-06-06,2021,6,6,Sunday,6,1,0,1,FuelGo Kariakoo,-6.783,39.2083,Diesel,2627.0,584,1.05,2,22,June
2021-06-07,2021,6,7,Monday,0,0,0,1,FuelGo Kariakoo,-6.783,39.2083,Diesel,2505.0,830,1.05,2,23,June
2021-06-08,2021,6,8,Tuesday,1,0,0,1,FuelGo Kariakoo,-6.783,39.2083,Diesel,2541.0,771,1.05,2,23,June
2021-06-09,2021,6,9,Wednesday,2,0,0,1,FuelGo Kariakoo,-6.783,39.2083,Diesel,2540.0,750,1.05,2,23,June
2021-06-10,2021,6,10,Thursday,3,0,0,1,FuelGo Kariakoo,-6.783,39.2083,Diesel,2361.0,774,1.05,2,23,June
2021-06-11,2021,6,11,Friday,4,0,0,1,FuelGo Kariakoo,-6.783,39.2083,Diesel,2452.0,789,1.05,2,23,June
2021-06-12,2021,6,12,Saturday,5,1,0,1,FuelGo Kariakoo,-6.783,39.2083,Diesel,2633.0,433,1.05,2,23,June
2021-06-13,2021,6,13,Sunday,6,1,0,1,FuelGo Kariakoo,-6.783,39.2083,Diesel,2670.0,556,1.05,2,23,June
2021-06-14,2021,6,14,Monday,0,0,0,1,FuelGo Kariakoo,-6.783,39.2083,Diesel,2432.0,645,1.05,2,24,June
2021-06-15,2021,6,15,Tuesday,1,0,0,1,FuelGo Kariakoo,-6.783,39.2083,Diesel,2554.0,804,1.05,2,24,June
2021-06-16,2021,6,16,Wednesday,2,0,0,1,FuelGo Kariakoo,-6.783,39.2083,Diesel,2312.0,816,1.05,2,24,June
2021-06-17,2021,6,17,Thursday,3,0,0,1,FuelGo Kariakoo,-6.783,39.2083,Diesel,2780.0,653,1.05,2,24,June
2021-06-18,2021,6,18,Friday,4,0,0,1,FuelGo Kariakoo,-6.783,39.2083,Diesel,2460.0,740,1.05,2,24,June
2021-06-19,2021,6,19,Saturday,5,1,0,1,FuelGo Kariakoo,-6.783,39.2083,Diesel,2569.0,703,1.05,2,24,June
2021-06-20,2021,6,20,Sunday,6,1,0,1,FuelGo Kariakoo,-6.783,39.2083,Diesel,2777.0,429,1.05,2,24,June
2021-06-21,2021,6,21,Monday,0,0,0,1,FuelGo Kariakoo,-6.783,39.2083,Diesel,2390.0,886,1.05,2,25,June
2021-06-22,2021,6,22,Tuesday,1,0,0,1,FuelGo Kariakoo,-6.783,39.2083,Diesel,2549.0,765,1.05,2,25,June
2021-06-23,2021,6,23,Wednesday,2,0,0,1,FuelGo Kariakoo,-6.783,39.2083,Diesel,2431.0,884,1.05,2,25,June
2021-06-24,2021,6,24,Thursday,3,0,0,1,FuelGo Kariakoo,-6.783,39.2083,Diesel,2507.0,560,1.05,2,25,June
2021-06-25,2021,6,25,Friday,4,0,0,1,FuelGo Kariakoo,-6.783,39.2083,Diesel,2521.0,886,1.05,2,25,June
2021-06-26,2021,6,26,Saturday,5,1,0,1,FuelGo Kariakoo,-6.783,39.2083,Diesel,2510.0,669,1.05,2,25,June
2021-06-27,2021,6,27,Sunday,6,1,0,1,FuelGo Kariakoo,-6.783,39.2083,Diesel,2474.0,390,1.05,2,25,June
2021-06-28,2021,6,28,Monday,0,0,0,1,FuelGo Kariakoo,-6.783,39.2083,Diesel,2114.0,755,1.05,2,26,June
2021-06-29,2021,6,29,Tuesday,1,0,0,1,FuelGo Kariakoo,-6.783,39.2083,Diesel,2779.0,567,1.05,2,26,June
2021-06-30,2021,6,30,Wednesday,2,0,0,1,FuelGo Kariakoo,-6.783,39.2083,Diesel,2272.0,840,1.05,2,26,June
2021-07-01,2021,7,1,Thursday,3,0,0,1,FuelGo Kariakoo,-6.783,39.2083,Diesel,2385.0,857,1.12,3,26,July
2021-07-02,2021,7,2,Friday,4,0,0,1,FuelGo Kariakoo,-6.783,39.2083,Diesel,2348.0,748,1.12,3,26,July
2021-07-03,2021,7,3,Saturday,5,1,0,1,FuelGo Kariakoo,-6.783,39.2083,Diesel,2510.0,717,1.12,3,26,July
2021-07-04,2021,7,4,Sunday,6,1,0,1,FuelGo Kariakoo,-6.783,39.2083,Diesel,2545.0,626,1.12,3,26,July
2021-07-05,2021,7,5,Monday,0,0,0,1,FuelGo Kariakoo,-6.783,39.2083,Diesel,2441.0,779,1.12,3,27,July
2021-07-06,2021,7,6,Tuesday,1,0,0,1,FuelGo Kariakoo,-6.783,39.2083,Diesel,2629.0,847,1.12,3,27,July
2021-07-07,2021,7,7,Wednesday,2,0,1,1,FuelGo Kariakoo,-6.783,39.2083,Diesel,2480.0,1006,1.12,3,27,July
2021-07-08,2021,7,8,Thursday,3,0,0,1,FuelGo Kariakoo,-6.783,39.2083,Diesel,2592.0,760,1.12,3,27,July
2021-07-09,2021,7,9,Friday,4,0,0,1,FuelGo Kariakoo,-6.783,39.2083,Diesel,2416.0,881,1.12,3,27,July
2021-07-10,2021,7,10,Saturday,5,1,0,1,FuelGo Kariakoo,-6.783,39.2083,Diesel,2502.0,692,1.12,3,27,July
2021-07-11,2021,7,11,Sunday,6,1,0,1,FuelGo Kariakoo,-6.783,39.2083,Diesel,2599.0,606,1.12,3,27,July
2021-07-12,2021,7,12,Monday,0,0,0,1,FuelGo Kariakoo,-6.783,39.2083,Diesel,2449.0,791,1.12,3,28,July
2021-07-13,2021,7,13,Tuesday,1,0,0,1,FuelGo Kariakoo,-6.783,39.2083,Diesel,2520.0,773,1.12,3,28,July
2021-07-14,2021,7,14,Wednesday,2,0,0,1,FuelGo Kariakoo,-6.783,39.2083,Diesel,2479.0,697,1.12,3,28,July
2021-07-15,2021,7,15,Thursday,3,0,0,1,FuelGo Kariakoo,-6.783,39.2083,Diesel,2242.0,857,1.12,3,28,July
2021-07-16,2021,7,16,Friday,4,0,0,1,FuelGo Kariakoo,-6.783,39.2083,Diesel,2282.0,832,1.12,3,28,July
2021-07-17,2021,7,17,Saturday,5,1,0,1,FuelGo Kariakoo,-6.783,39.2083,Diesel,2352.0,676,1.12,3,28,July
2021-07-18,2021,7,18,Sunday,6,1,0,1,FuelGo Kariakoo,-6.783,39.2083,Diesel,2590.0,553,1.12,3,28,July
2021-07-19,2021,7,19,Monday,0,0,0,1,FuelGo Kariakoo,-6.783,39.2083,Diesel,2609.0,776,1.12,3,29,July
2021-07-20,2021,7,20,Tuesday,1,0,1,1,FuelGo Kariakoo,-6.783,39.2083,Diesel,2696.0,893,1.12,3,29,July
2021-07-21,2021,7,21,Wednesday,2,0,0,1,FuelGo Kariakoo,-6.783,39.2083,Diesel,2541.0,889,1.12,3,29,July
2021-07-22,2021,7,22,Thursday,3,0,0,1,FuelGo Kariakoo,-6.783,39.2083,Diesel,2389.0,657,1.12,3,29,July
2021-07-23,2021,7,23,Friday,4,0,0,1,FuelGo Kariakoo,-6.783,39.2083,Diesel,2435.0,801,1.12,3,29,July
2021-07-24,2021,7,24,Saturday,5,1,0,1,FuelGo Kariakoo,-6.783,39.2083,Diesel,2569.0,552,1.12,3,29,July
2021-07-25,2021,7,25,Sunday,6,1,0,1,FuelGo Kariakoo,-6.783,39.2083,Diesel,2602.0,533,1.12,3,29,July
2021-07-26,2021,7,26,Monday,0,0,0,1,FuelGo Kariakoo,-6.783,39.2083,Diesel,2746.0,698,1.12,3,30,July
2021-07-27,2021,7,27,Tuesday,1,0,0,1,FuelGo Kariakoo,-6.783,39.2083,Diesel,2396.0,738,1.12,3,30,July
2021-07-28,2021,7,28,Wednesday,2,0,0,1,FuelGo Kariakoo,-6.783,39.2083,Diesel,2444.0,760,1.12,3,30,July
2021-07-29,2021,7,29,Thursday,3,0,0,1,FuelGo Kariakoo,-6.783,39.2083,Diesel,2450.0,764,1.12,3,30,July
2021-07-30,2021,7,30,Friday,4,0,0,1,FuelGo Kariakoo,-6.783,39.2083,Diesel,2552.0,798,1.12,3,30,July
2021-07-31,2021,7,31,Saturday,5,1,0,1,FuelGo Kariakoo,-6.783,39.2083,Diesel,2491.0,610,1.12,3,30,July
2021-08-01,2021,8,1,Sunday,6,1,0,1,FuelGo Kariakoo,-6.783,39.2083,Diesel,2761.0,408,1.08,3,30,August
2021-08-02,2021,8,2,Monday,0,0,0,1,FuelGo Kariakoo,-6.783,39.2083,Diesel,2616.0,627,1.08,3,31,August
2021-08-03,2021,8,3,Tuesday,1,0,0,1,FuelGo Kariakoo,-6.783,39.2083,Diesel,2627.0,729,1.08,3,31,August
2021-08-04,2021,8,4,Wednesday,2,0,0,1,FuelGo Kariakoo,-6.783,39.2083,Diesel,2525.0,605,1.08,3,31,August
2021-08-05,2021,8,5,Thursday,3,0,0,1,FuelGo Kariakoo,-6.783,39.2083,Diesel,2556.0,762,1.08,3,31,August
2021-08-06,2021,8,6,Friday,4,0,0,1,FuelGo Kariakoo,-6.783,39.2083,Diesel,2625.0,763,1.08,3,31,August
2021-08-07,2021,8,7,Saturday,5,1,0,1,FuelGo Kariakoo,-6.783,39.2083,Diesel,2404.0,722,1.08,3,31,August
2021-08-08,2021,8,8,Sunday,6,1,1,1,FuelGo Kariakoo,-6.783,39.2083,Diesel,2468.0,685,1.08,3,31,August
2021-08-09,2021,8,9,Monday,0,0,0,1,FuelGo Kariakoo,-6.783,39.2083,Diesel,2705.0,769,1.08,3,32,August
2021-08-10,2021,8,10,Tuesday,1,0,0,1,FuelGo Kariakoo,-6.783,39.2083,Diesel,2555.0,736,1.08,3,32,August
2021-08-11,2021,8,11,Wednesday,2,0,0,1,FuelGo Kariakoo,-6.783,39.2083,Diesel,2441.0,805,1.08,3,32,August
2021-08-12,2021,8,12,Thursday,3,0,0,1,FuelGo Kariakoo,-6.783,39.2083,Diesel,2343.0,853,1.08,3,32,August
2021-08-13,2021,8,13,Friday,4,0,0,1,FuelGo Kariakoo,-6.783,39.2083,Diesel,2739.0,730,1.08,3,32,August
2021-08-14,2021,8,14,Saturday,5,1,0,1,FuelGo Kariakoo,-6.783,39.2083,Diesel,2729.0,569,1.08,3,32,August
2021-01-01,2021,1,1,Friday,4,0,1,1,FuelGo Kariakoo,-6.783,39.2083,Kerosene,2040.0,441,1.15,1,53,January
2021-01-02,2021,1,2,Saturday,5,1,0,1,FuelGo Kariakoo,-6.783,39.2083,Kerosene,2171.0,317,1.15,1,53,January
2021-01-03,2021,1,3,Sunday,6,1,0,1,FuelGo Kariakoo,-6.783,39.2083,Kerosene,2207.0,214,1.15,1,53,January
2021-01-04,2021,1,4,Monday,0,0,0,1,FuelGo Kariakoo,-6.783,39.2083,Kerosene,2014.0,368,1.15,1,1,January
2021-01-05,2021,1,5,Tuesday,1,0,0,1,FuelGo Kariakoo,-6.783,39.2083,Kerosene,1808.0,380,1.15,1,1,January
2021-01-06,2021,1,6,Wednesday,2,0,0,1,FuelGo Kariakoo,-6.783,39.2083,Kerosene,1984.0,390,1.15,1,1,January
2021-01-07,2021,1,7,Thursday,3,0,0,1,FuelGo Kariakoo,-6.783,39.2083,Kerosene,1964.0,328,1.15,1,1,January
2021-01-08,2021,1,8,Friday,4,0,0,1,FuelGo Kariakoo,-6.783,39.2083,Kerosene,2063.0,408,1.15,1,1,January
2021-01-09,2021,1,9,Saturday,5,1,0,1,FuelGo Kariakoo,-6.783,39.2083,Kerosene,1849.0,327,1.15,1,1,January
2021-01-10,2021,1,10,Sunday,6,1,0,1,FuelGo Kariakoo,-6.783,39.2083,Kerosene,1895.0,235,1.15,1,1,January
2021-01-11,2021,1,11,Monday,0,0,0,1,FuelGo Kariakoo,-6.783,39.2083,Kerosene,2051.0,434,1.15,1,2,January
2021-01-12,2021,1,12,Tuesday,1,0,1,1,FuelGo Kariakoo,-6.783,39.2083,Kerosene,1916.0,457,1.15,1,2,January
2021-01-13,2021,1,13,Wednesday,2,0,0,1,FuelGo Kariakoo,-6.783,39.2083,Kerosene,2064.0,401,1.15,1,2,January
2021-01-14,2021,1,14,Thursday,3,0,0,1,FuelGo Kariakoo,-6.783,39.2083,Kerosene,1875.0,370,1.15,1,2,January
2021-01-15,2021,1,15,Friday,4,0,0,1,FuelGo Kariakoo,-6.783,39.2083,Kerosene,1931.0,365,1.15,1,2,January
2021-01-16,2021,1,16,Saturday,5,1,0,1,FuelGo Kariakoo,-6.783,39.2083,Kerosene,2139.0,286,1.15,1,2,January
2021-01-17,2021,1,17,Sunday,6,1,0,1,FuelGo Kariakoo,-6.783,39.2083,Kerosene,2083.0,276,1.15,1,2,January
2021-01-18,2021,1,18,Monday,0,0,0,1,FuelGo Kariakoo,-6.783,39.2083,Kerosene,2029.0,364,1.15,1,3,January
2021-01-19,2021,1,19,Tuesday,1,0,0,1,FuelGo Kariakoo,-6.783,39.2083,Kerosene,2118.0,328,1.15,1,3,January
2021-01-20,2021,1,20,Wednesday,2,0,0,1,FuelGo Kariakoo,-6.783,39.2083,Kerosene,1992.0,320,1.15,1,3,January
2021-01-21,2021,1,21,Thursday,3,0,0,1,FuelGo Kariakoo,-6.783,39.2083,Kerosene,2162.0,360,1.15,1,3,January
2021-01-22,2021,1,22,Friday,4,0,0,1,FuelGo Kariakoo,-6.783,39.2083,Kerosene,2034.0,370,1.15,1,3,January
2021-01-23,2021,1,23,Saturday,5,1,0,1,FuelGo Kariakoo,-6.783,39.2083,Kerosene,2214.0,307,1.15,1,3,January
2021-01-24,2021,1,24,Sunday,6,1,0,1,FuelGo Kariakoo,-6.783,39.2083,Kerosene,2062.0,289,1.15,1,3,January
2021-01-25,2021,1,25,Monday,0,0,0,1,FuelGo Kariakoo,-6.783,39.2083,Kerosene,1889.0,427,1.15,1,4,January
2021-01-26,2021,1,26,Tuesday,1,0,0,1,FuelGo Kariakoo,-6.783,39.2083,Kerosene,1863.0,401,1.15,1,4,January
2021-01-27,2021,1,27,Wednesday,2,0,0,1,FuelGo Kariakoo,-6.783,39.2083,Kerosene,1642.0,437,1.15,1,4,January
2021-01-28,2021,1,28,Thursday,3,0,0,1,FuelGo Kariakoo,-6.783,39.2083,Kerosene,2143.0,354,1.15,1,4,January
2021-01-29,2021,1,29,Friday,4,0,0,1,FuelGo Kariakoo,-6.783,39.2083,Kerosene,2121.0,329,1.15,1,4,January
2021-01-30,2021,1,30,Saturday,5,1,0,1,FuelGo Kariakoo,-6.783,39.2083,Kerosene,2054.0,325,1.15,1,4,January
2021-01-31,2021,1,31,Sunday,6,1,0,1,FuelGo Kariakoo,-6.783,39.2083,Kerosene,1907.0,282,1.15,1,4,January
2021-02-01,2021,2,1,Monday,0,0,0,1,FuelGo Kariakoo,-6.783,39.2083,Kerosene,1876.0,309,0.95,1,5,February
2021-02-02,2021,2,2,Tuesday,1,0,0,1,FuelGo Kariakoo,-6.783,39.2083,Kerosene,2077.0,292,0.95,1,5,February
2021-02-03,2021,2,3,Wednesday,2,0,0,1,FuelGo Kariakoo,-6.783,39.2083,Kerosene,1991.0,294,0.95,1,5,February
2021-02-04,2021,2,4,Thursday,3,0,0,1,FuelGo Kariakoo,-6.783,39.2083,Kerosene,1885.0,284,0.95,1,5,February
2021-02-05,2021,2,5,Friday,4,0,0,1,FuelGo Kariakoo,-6.783,39.2083,Kerosene,1947.0,310,0.95,1,5,February
2021-02-06,2021,2,6,Saturday,5,1,0,1,FuelGo Kariakoo,-6.783,39.2083,Kerosene,1913.0,281,0.95,1,5,February
2021-02-07,2021,2,7,Sunday,6,1,0,1,FuelGo Kariakoo,-6.783,39.2083,Kerosene,1930.0,223,0.95,1,5,February
2021-02-08,2021,2,8,Monday,0,0,0,1,FuelGo Kariakoo,-6.783,39.2083,Kerosene,2003.0,300,0.95,1,6,February
2021-02-09,2021,2,9,Tuesday,1,0,0,1,FuelGo Kariakoo,-6.783,39.2083,Kerosene,1976.0,271,0.95,1,6,February
2021-02-10,2021,2,10,Wednesday,2,0,0,1,FuelGo Kariakoo,-6.783,39.2083,Kerosene,2077.0,265,0.95,1,6,February
2021-02-11,2021,2,11,Thursday,3,0,0,1,FuelGo Kariakoo,-6.783,39.2083,Kerosene,1992.0,259,0.95,1,6,February
2021-02-12,2021,2,12,Friday,4,0,0,1,FuelGo Kariakoo,-6.783,39.2083,Kerosene,2070.0,348,0.95,1,6,February
2021-02-13,2021,2,13,Saturday,5,1,0,1,FuelGo Kariakoo,-6.783,39.2083,Kerosene,2112.0,209,0.95,1,6,February
2021-02-14,2021,2,14,Sunday,6,1,0,1,FuelGo Kariakoo,-6.783,39.2083,Kerosene,1917.0,192,0.95,1,6,February
2021-02-15,2021,2,15,Monday,0,0,0,1,FuelGo Kariakoo,-6.783,39.2083,Kerosene,1938.0,346,0.95,1,7,February
2021-02-16,2021,2,16,Tuesday,1,0,1,1,FuelGo Kariakoo,-6.783,39.2083,Kerosene,2031.0,330,0.95,1,7,February
2021-02-17,2021,2,17,Wednesday,2,0,0,1,FuelGo Kariakoo,-6.783,39.2083,Kerosene,2085.0,336,0.95,1,7,February
2021-02-18,2021,2,18,Thursday,3,0,0,1,FuelGo Kariakoo,-6.783,39.2083,Kerosene,1882.0,342,0.95,1,7,February
2021-02-19,2021,2,19,Friday,4,0,0,1,FuelGo Kariakoo,-6.783,39.2083,Kerosene,1928.0,278,0.95,1,7,February
2021-02-20,2021,2,20,Saturday,5,1,0,1,FuelGo Kariakoo,-6.783,39.2083,Kerosene,2130.0,177,0.95,1,7,February
2021-02-21,2021,2,21,Sunday,6,1,0,1,FuelGo Kariakoo,-6.783,39.2083,Kerosene,2009.0,237,0.95,1,7,February
2021-02-22,2021,2,22,Monday,0,0,0,1,FuelGo Kariakoo,-6.783,39.2083,Kerosene,2060.0,285,0.95,1,8,February
2021-02-23,2021,2,23,Tuesday,1,0,0,1,FuelGo Kariakoo,-6.783,39.2083,Kerosene,2071.0,286,0.95,1,8,February
2021-02-24,2021,2,24,Wednesday,2,0,0,1,FuelGo Kariakoo,-6.783,39.2083,Kerosene,2063.0,305,0.95,1,8,February
2021-02-25,2021,2,25,Thursday,3,0,0,1,FuelGo Kariakoo,-6.783,39.2083,Kerosene,2127.0,297,0.95,1,8,February
2021-02-26,2021,2,26,Friday,4,0,0,1,FuelGo Kariakoo,-6.783,39.2083,Kerosene,2143.0,306,0.95,1,8,February
2021-02-27,2021,2,27,Saturday,5,1,0,1,FuelGo Kariakoo,-6.783,39.2083,Kerosene,1972.0,280,0.95,1,8,February
2021-02-28,2021,2,28,Sunday,6,1,0,1,FuelGo Kariakoo,-6.783,39.2083,Kerosene,2031.0,173,0.95,1,8,February
2021-03-01,2021,3,1,Monday,0,0,0,1,FuelGo Kariakoo,-6.783,39.2083,Kerosene,1955.0,255,0.88,1,9,March
2021-03-02,2021,3,2,Tuesday,1,0,0,1,FuelGo Kariakoo,-6.783,39.2083,Kerosene,2056.0,280,0.88,1,9,March
2021-03-03,2021,3,3,Wednesday,2,0,0,1,FuelGo Kariakoo,-6.783,39.2083,Kerosene,2149.0,254,0.88,1,9,March
2021-03-04,2021,3,4,Thursday,3,0,0,1,FuelGo Kariakoo,-6.783,39.2083,Kerosene,2013.0,309,0.88,1,9,March
2021-03-05,2021,3,5,Friday,4,0,0,1,FuelGo Kariakoo,-6.783,39.2083,Kerosene,2064.0,260,0.88,1,9,March
2021-03-06,2021,3,6,Saturday,5,1,0,1,FuelGo Kariakoo,-6.783,39.2083,Kerosene,2162.0,257,0.88,1,9,March
2021-03-07,2021,3,7,Sunday,6,1,0,1,FuelGo Kariakoo,-6.783,39.2083,Kerosene,1994.0,172,0.88,1,9,March
2021-03-08,2021,3,8,Monday,0,0,0,1,FuelGo Kariakoo,-6.783,39.2083,Kerosene,2084.0,295,0.88,1,10,March
2021-03-09,2021,3,9,Tuesday,1,0,0,1,FuelGo Kariakoo,-6.783,39.2083,Kerosene,2124.0,262,0.88,1,10,March
