analytics/fuel_demand_dataset.csv
date,year,month,day,day_of_week,day_of_week_num,is_weekend,is_holiday,station_id,station_name,station_lat,station_lng,fuel_type,price_per_litre,demand_litres,seasonal_factor,quarter,week_of_year,month_name
2021-03-10,2021,3,10,Wednesday,2,0,0,1,FuelGo Kariakoo,-6.783,39.2083,Kerosene,2257.0,247,0.88,1,10,March
2021-03-11,2021,3,11,Thursday,3,0,0,1,FuelGo Kariakoo,-6.783,39.2083,Kerosene,1904.0,314,0.88,1,10,March
2021-03-12,2021,3,12,Friday,4,0,0,1,FuelGo Kariakoo,-6.783,39.2083,Kerosene,2199.0,211,0.88,1,10,March
2021-03-13,2021,3,13,Saturday,5,1,0,1,FuelGo Kariakoo,-6.783,39.2083,Kerosene,2160.0,206,0.88,1,10,March
2021-03-14,2021,3,14,Sunday,6,1,0,1,FuelGo Kariakoo,-6.783,39.2083,Kerosene,1847.0,254,0.88,1,10,March
2021-03-15,2021,3,15,Monday,0,0,0,1,FuelGo Kariakoo,-6.783,39.2083,Kerosene,2016.0,312,0.88,1,11,March
2021-03-16,2021,3,16,Tuesday,1,0,0,1,FuelGo Kariakoo,-6.783,39.2083,Kerosene,1993.0,255,0.88,1,11,March
2021-03-17,2021,3,17,Wednesday,2,0,0,1,FuelGo Kariakoo,-6.783,39.2083,Kerosene,1959.0,293,0.88,1,11,March
2021-03-18,2021,3,18,Thursday,3,0,0,1,FuelGo Kariakoo,-6.783,39.2083,Kerosene,2067.0,272,0.88,1,11,March
2021-03-19,2021,3,19,Friday,4,0,0,1,FuelGo Kariakoo,-6.783,39.2083,Kerosene,2075.0,245,0.88,1,11,March
2021-03-20,2021,3,20,Saturday,5,1,0,1,FuelGo Kariakoo,-6.783,39.2083,Kerosene,2062.0,223,0.88,1,11,March
2021-03-21,2021,3,21,Sunday,6,1,0,1,FuelGo Kariakoo,-6.783,39.2083,Kerosene,2266.0,204,0.88,1,11,March
2021-03-22,2021,3,22,Monday,0,0,0,1,FuelGo Kariakoo,-6.783,39.2083,Kerosene,2081.0,227,0.88,1,12,March
2021-03-23,2021,3,23,Tuesday,1,0,0,1,FuelGo Kariakoo,-6.783,39.2083,Kerosene,2154.0,217,0.88,1,12,March
2021-03-24,2021,3,24,Wednesday,2,0,0,1,FuelGo Kariakoo,-6.783,39.2083,Kerosene,1965.0,264,0.88,1,12,March
2021-03-25,2021,3,25,Thursday,3,0,0,1,FuelGo Kariakoo,-6.783,39.2083,Kerosene,1927.0,343,0.88,1,12,March
2021-03-26,2021,3,26,Friday,4,0,1,1,FuelGo Kariakoo,-6.783,39.2083,Kerosene,1889.0,406,0.88,1,12,March
2021-03-27,2021,3,27,Saturday,5,1,0,1,FuelGo Kariakoo,-6.783,39.2083,Kerosene,1908.0,331,0.88,1,12,March
2021-03-28,2021,3,28,Sunday,6,1,0,1,FuelGo Kariakoo,-6.783,39.2083,Kerosene,2042.0,188,0.88,1,12,March
2021-03-29,2021,3,29,Monday,0,0,0,1,FuelGo Kariakoo,-6.783,39.2083,Kerosene,1968.0,218,0.88,1,13,March
2021-03-30,2021,3,30,Tuesday,1,0,0,1,FuelGo Kariakoo,-6.783,39.2083,Kerosene,1969.0,275,0.88,1,13,March
2021-03-31,2021,3,31,Wednesday,2,0,0,1,FuelGo Kariakoo,-6.783,39.2083,Kerosene,1847.0,326,0.88,1,13,March
2021-04-01,2021,4,1,Thursday,3,0,0,1,FuelGo Kariakoo,-6.783,39.2083,Kerosene,2208.0,261,0.85,2,13,April
2021-04-02,2021,4,2,Friday,4,0,0,1,FuelGo Kariakoo,-6.783,39.2083,Kerosene,2102.0,281,0.85,2,13,April
2021-04-03,2021,4,3,Saturday,5,1,0,1,FuelGo Kariakoo,-6.783,39.2083,Kerosene,2019.0,233,0.85,2,13,April
2021-04-04,2021,4,4,Sunday,6,1,0,1,FuelGo Kariakoo,-6.783,39.2083,Kerosene,2168.0,160,0.85,2,13,April
2021-04-05,2021,4,5,Monday,0,0,0,1,FuelGo Kariakoo,-6.783,39.2083,Kerosene,2198.0,231,0.85,2,14,April
2021-04-06,2021,4,6,Tuesday,1,0,0,1,FuelGo Kariakoo,-6.783,39.2083,Kerosene,2154.0,299,0.85,2,14,April
2021-04-07,2021,4,7,Wednesday,2,0,1,1,FuelGo Kariakoo,-6.783,39.2083,Kerosene,2007.0,382,0.85,2,14,April
2021-04-08,2021,4,8,Thursday,3,0,0,1,FuelGo Kariakoo,-6.783,39.2083,Kerosene,1957.0,238,0.85,2,14,April
2021-04-09,2021,4,9,Friday,4,0,0,1,FuelGo Kariakoo,-6.783,39.2083,Kerosene,1978.0,282,0.85,2,14,April
2021-04-10,2021,4,10,Saturday,5,1,0,1,FuelGo Kariakoo,-6.783,39.2083,Kerosene,2084.0,201,0.85,2,14,April
2021-04-11,2021,4,11,Sunday,6,1,0,1,FuelGo Kariakoo,-6.783,39.2083,Kerosene,2135.0,178,0.85,2,14,April
2021-04-12,2021,4,12,Monday,0,0,0,1,FuelGo Kariakoo,-6.783,39.2083,Kerosene,1935.0,304,0.85,2,15,April
2021-04-13,2021,4,13,Tuesday,1,0,0,1,FuelGo Kariakoo,-6.783,39.2083,Kerosene,2031.0,251,0.85,2,15,April
2021-04-14,2021,4,14,Wednesday,2,0,0,1,FuelGo Kariakoo,-6.783,39.2083,Kerosene,1809.0,337,0.85,2,15,April
2021-04-15,2021,4,15,Thursday,3,0,0,1,FuelGo Kariakoo,-6.783,39.2083,Kerosene,2130.0,232,0.85,2,15,April
2021-04-16,2021,4,16,Friday,4,0,0,1,FuelGo Kariakoo,-6.783,39.2083,Kerosene,2107.0,236,0.85,2,15,April
2021-04-17,2021,4,17,Saturday,5,1,0,1,FuelGo Kariakoo,-6.783,39.2083,Kerosene,2154.0,231,0.85,2,15,April
2021-04-18,2021,4,18,Sunday,6,1,0,1,FuelGo Kariakoo,-6.783,39.2083,Kerosene,1955.0,226,0.85,2,15,April
2021-04-19,2021,4,19,Monday,0,0,0,1,FuelGo Kariakoo,-6.783,39.2083,Kerosene,2109.0,211,0.85,2,16,April
2021-04-20,2021,4,20,Tuesday,1,0,0,1,FuelGo Kariakoo,-6.783,39.2083,Kerosene,2094.0,256,0.85,2,16,April
2021-04-21,2021,4,21,Wednesday,2,0,0,1,FuelGo Kariakoo,-6.783,39.2083,Kerosene,2032.0,294,0.85,2,16,April
2021-04-22,2021,4,22,Thursday,3,0,0,1,FuelGo Kariakoo,-6.783,39.2083,Kerosene,2084.0,239,0.85,2,16,April
2021-04-23,2021,4,23,Friday,4,0,0,1,FuelGo Kariakoo,-6.783,39.2083,Kerosene,2228.0,278,0.85,2,16,April
2021-04-24,2021,4,24,Saturday,5,1,0,1,FuelGo Kariakoo,-6.783,39.2083,Kerosene,2059.0,185,0.85,2,16,April
2021-04-25,2021,4,25,Sunday,6,1,0,1,FuelGo Kariakoo,-6.783,39.2083,Kerosene,1919.0,224,0.85,2,16,April
2021-04-26,2021,4,26,Monday,0,0,1,1,FuelGo Kariakoo,-6.783,39.2083,Kerosene,2101.0,356,0.85,2,17,April
2021-04-27,2021,4,27,Tuesday,1,0,0,1,FuelGo Kariakoo,-6.783,39.2083,Kerosene,2219.0,225,0.85,2,17,April
2021-04-28,2021,4,28,Wednesday,2,0,0,1,FuelGo Kariakoo,-6.783,39.2083,Kerosene,2033.0,219,0.85,2,17,April
2021-04-29,2021,4,29,Thursday,3,0,0,1,FuelGo Kariakoo,-6.783,39.2083,Kerosene,2073.0,237,0.85,2,17,April
2021-04-30,2021,4,30,Friday,4,0,0,1,FuelGo Kariakoo,-6.783,39.2083,Kerosene,2057.0,314,0.85,2,17,April
2021-05-01,2021,5,1,Saturday,5,1,1,1,FuelGo Kariakoo,-6.783,39.2083,Kerosene,1967.0,346,0.9,2,17,May
2021-05-02,2021,5,2,Sunday,6,1,0,1,FuelGo Kariakoo,-6.783,39.2083,Kerosene,2220.0,209,0.9,2,17,May
2021-05-03,2021,5,3,Monday,0,0,0,1,FuelGo Kariakoo,-6.783,39.2083,Kerosene,2144.0,271,0.9,2,18,May
2021-05-04,2021,5,4,Tuesday,1,0,0,1,FuelGo Kariakoo,-6.783,39.2083,Kerosene,1943.0,291,0.9,2,18,May
2021-05-05,2021,5,5,Wednesday,2,0,0,1,FuelGo Kariakoo,-6.783,39.2083,Kerosene,2104.0,295,0.9,2,18,May
2021-05-06,2021,5,6,Thursday,3,0,0,1,FuelGo Kariakoo,-6.783,39.2083,Kerosene,2032.0,265,0.9,2,18,May
2021-05-07,2021,5,7,Friday,4,0,0,1,FuelGo Kariakoo,-6.783,39.2083,Kerosene,2125.0,210,0.9,2,18,May
2021-05-08,2021,5,8,Saturday,5,1,0,1,FuelGo Kariakoo,-6.783,39.2083,Kerosene,2101.0,229,0.9,2,18,May
2021-05-09,2021,5,9,Sunday,6,1,0,1,FuelGo Kariakoo,-6.783,39.2083,Kerosene,2031.0,198,0.9,2,18,May
2021-05-10,2021,5,10,Monday,0,0,0,1,FuelGo Kariakoo,-6.783,39.2083,Kerosene,1871.0,307,0.9,2,19,May
2021-05-11,2021,5,11,Tuesday,1,0,0,1,FuelGo Kariakoo,-6.783,39.2083,Kerosene,1874.0,280,0.9,2,19,May
2021-05-12,2021,5,12,Wednesday,2,0,0,1,FuelGo Kariakoo,-6.783,39.2083,Kerosene,1947.0,311,0.9,2,19,May
2021-05-13,2021,5,13,Thursday,3,0,1,1,FuelGo Kariakoo,-6.783,39.2083,Kerosene,2043.0,381,0.9,2,19,May
2021-05-14,2021,5,14,Friday,4,0,0,1,FuelGo Kariakoo,-6.783,39.2083,Kerosene,2099.0,311,0.9,2,19,May
2021-05-15,2021,5,15,Saturday,5,1,0,1,FuelGo Kariakoo,-6.783,39.2083,Kerosene,2067.0,252,0.9,2,19,May
2021-05-16,2021,5,16,Sunday,6,1,0,1,FuelGo Kariakoo,-6.783,39.2083,Kerosene,2256.0,188,0.9,2,19,May
2021-05-17,2021,5,17,Monday,0,0,0,1,FuelGo Kariakoo,-6.783,39.2083,Kerosene,1985.0,286,0.9,2,20,May
2021-05-18,2021,5,18,Tuesday,1,0,0,1,FuelGo Kariakoo,-6.783,39.2083,Kerosene,2246.0,233,0.9,2,20,May
2021-05-19,2021,5,19,Wednesday,2,0,0,1,FuelGo Kariakoo,-6.783,39.2083,Kerosene,1971.0,293,0.9,2,20,May
2021-05-20,2021,5,20,Thursday,3,0,0,1,FuelGo Kariakoo,-6.783,39.2083,Kerosene,1955.0,304,0.9,2,20,May
2021-05-21,2021,5,21,Friday,4,0,0,1,FuelGo Kariakoo,-6.783,39.2083,Kerosene,1786.0,392,0.9,2,20,May
2021-05-22,2021,5,22,Saturday,5,1,0,1,FuelGo Kariakoo,-6.783,39.2083,Kerosene,2029.0,191,0.9,2,20,May
2021-05-23,2021,5,23,Sunday,6,1,0,1,FuelGo Kariakoo,-6.783,39.2083,Kerosene,2037.0,198,0.9,2,20,May
2021-05-24,2021,5,24,Monday,0,0,0,1,FuelGo Kariakoo,-6.783,39.2083,Kerosene,2007.0,268,0.9,2,21,May
2021-05-25,2021,5,25,Tuesday,1,0,1,1,FuelGo Kariakoo,-6.783,39.2083,Kerosene,1989.0,380,0.9,2,21,May
2021-05-26,2021,5,26,Wednesday,2,0,0,1,FuelGo Kariakoo,-6.783,39.2083,Kerosene,2074.0,316,0.9,2,21,May
2021-05-27,2021,5,27,Thursday,3,0,0,1,FuelGo Kariakoo,-6.783,39.2083,Kerosene,2065.0,297,0.9,2,21,May
2021-05-28,2021,5,28,Friday,4,0,0,1,FuelGo Kariakoo,-6.783,39.2083,Kerosene,1959.0,254,0.9,2,21,May
2021-05-29,2021,5,29,Saturday,5,1,0,1,FuelGo Kariakoo,-6.783,39.2083,Kerosene,2229.0,183,0.9,2,21,May
2021-05-30,2021,5,30,Sunday,6,1,0,1,FuelGo Kariakoo,-6.783,39.2083,Kerosene,2077.0,212,0.9,2,21,May
2021-05-31,2021,5,31,Monday,0,0,0,1,FuelGo Kariakoo,-6.783,39.2083,Kerosene,2055.0,264,0.9,2,22,May
2021-06-01,2021,6,1,Tuesday,1,0,0,1,FuelGo Kariakoo,-6.783,39.2083,Kerosene,2249.0,288,1.05,2,22,June
2021-06-02,2021,6,2,Wednesday,2,0,0,1,FuelGo Kariakoo,-6.783,39.2083,Kerosene,2070.0,334,1.05,2,22,June
2021-06-03,2021,6,3,Thursday,3,0,0,1,FuelGo Kariakoo,-6.783,39.2083,Kerosene,2049.0,282,1.05,2,22,June
2021-06-04,2021,6,4,Friday,4,0,0,1,FuelGo Kariakoo,-6.783,39.2083,Kerosene,1997.0,332,1.05,2,22,June
2021-06-05,2021,6,5,Saturday,5,1,0,1,FuelGo Kariakoo,-6.783,39.2083,Kerosene,2014.0,291,1.05,2,22,June
2021-06-06,2021,6,6,Sunday,6,1,0,1,FuelGo Kariakoo,-6.783,39.2083,Kerosene,1871.0,281,1.05,2,22,June
2021-06-07,2021,6,7,Monday,0,0,0,1,FuelGo Kariakoo,-6.783,39.2083,Kerosene,2024.0,266,1.05,2,23,June
2021-06-08,2021,6,8,Tuesday,1,0,0,1,FuelGo Kariakoo,-6.783,39.2083,Kerosene,2218.0,337,1.05,2,23,June
2021-06-09,2021,6,9,Wednesday,2,0,0,1,FuelGo Kariakoo,-6.783,39.2083,Kerosene,2002.0,271,1.05,2,23,June
2021-06-10,2021,6,10,Thursday,3,0,0,1,FuelGo Kariakoo,-6.783,39.2083,Kerosene,1921.0,294,1.05,2,23,June
2021-06-11,2021,6,11,Friday,4,0,0,1,FuelGo Kariakoo,-6.783,39.2083,Kerosene,2023.0,295,1.05,2,23,June
2021-06-12,2021,6,12,Saturday,5,1,0,1,FuelGo Kariakoo,-6.783,39.2083,Kerosene,2179.0,282,1.05,2,23,June
2021-06-13,2021,6,13,Sunday,6,1,0,1,FuelGo Kariakoo,-6.783,39.2083,Kerosene,2048.0,243,1.05,2,23,June
2021-06-14,2021,6,14,Monday,0,0,0,1,FuelGo Kariakoo,-6.783,39.2083,Kerosene,1986.0,347,1.05,2,24,June
2021-06-15,2021,6,15,Tuesday,1,0,0,1,FuelGo Kariakoo,-6.783,39.2083,Kerosene,2009.0,229,1.05,2,24,June
2021-06-16,2021,6,16,Wednesday,2,0,0,1,FuelGo Kariakoo,-6.783,39.2083,Kerosene,2064.0,339,1.05,2,24,June
2021-06-17,2021,6,17,Thursday,3,0,0,1,FuelGo Kariakoo,-6.783,39.2083,Kerosene,2082.0,337,1.05,2,24,June
2021-06-18,2021,6,18,Friday,4,0,0,1,FuelGo Kariakoo,-6.783,39.2083,Kerosene,2154.0,365,1.05,2,24,June
2021-06-19,2021,6,19,Saturday,5,1,0,1,FuelGo Kariakoo,-6.783,39.2083,Kerosene,2261.0,288,1.05,2,24,June
2021-06-20,2021,6,20,Sunday,6,1,0,1,FuelGo Kariakoo,-6.783,39.2083,Kerosene,2060.0,248,1.05,2,24,June
2021-06-21,2021,6,21,Monday,0,0,0,1,FuelGo Kariakoo,-6.783,39.2083,Kerosene,1923.0,291,1.05,2,25,June
2021-06-22,2021,6,22,Tuesday,1,0,0,1,FuelGo Kariakoo,-6.783,39.2083,Kerosene,2139.0,281,1.05,2,25,June
2021-06-23,2021,6,23,Wednesday,2,0,0,1,FuelGo Kariakoo,-6.783,39.2083,Kerosene,2296.0,254,1.05,2,25,June
2021-06-24,2021,6,24,Thursday,3,0,0,1,FuelGo Kariakoo,-6.783,39.2083,Kerosene,1972.0,354,1.05,2,25,June
2021-06-25,2021,6,25,Friday,4,0,0,1,FuelGo Kariakoo,-6.783,39.2083,Kerosene,2257.0,313,1.05,2,25,June
2021-06-26,2021,6,26,Saturday,5,1,0,1,FuelGo Kariakoo,-6.783,39.2083,Kerosene,2182.0,316,1.05,2,25,June
2021-06-27,2021,6,27,Sunday,6,1,0,1,FuelGo Kariakoo,-6.783,39.2083,Kerosene,2081.0,221,1.05,2,25,June
2021-06-28,2021,6,28,Monday,0,0,0,1,FuelGo Kariakoo,-6.783,39.2083,Kerosene,2205.0,335,1.05,2,26,June
2021-06-29,2021,6,29,Tuesday,1,0,0,1,FuelGo Kariakoo,-6.783,39.2083,Kerosene,2118.0,302,1.05,2,26,June
2021-06-30,2021,6,30,Wednesday,2,0,0,1,FuelGo Kariakoo,-6.783,39.2083,Kerosene,2099.0,327,1.05,2,26,June
2021-07-01,2021,7,1,Thursday,3,0,0,1,FuelGo Kariakoo,-6.783,39.2083,Kerosene,1856.0,340,1.12,3,26,July
2021-07-02,2021,7,2,Friday,4,0,0,1,FuelGo Kariakoo,-6.783,39.2083,Kerosene,2193.0,269,1.12,3,26,July
2021-07-03,2021,7,3,Saturday,5,1,0,1,FuelGo Kariakoo,-6.783,39.2083,Kerosene,2197.0,307,1.12,3,26,July
2021-07-04,2021,7,4,Sunday,6,1,0,1,FuelGo Kariakoo,-6.783,39.2083,Kerosene,2096.0,198,1.12,3,26,July
2021-07-05,2021,7,5,Monday,0,0,0,1,FuelGo Kariakoo,-6.783,39.2083,Kerosene,2195.0,324,1.12,3,27,July
2021-07-06,2021,7,6,Tuesday,1,0,0,1,FuelGo Kariakoo,-6.783,39.2083,Kerosene,2037.0,426,1.12,3,27,July
2021-07-07,2021,7,7,Wednesday,2,0,1,1,FuelGo Kariakoo,-6.783,39.2083,Kerosene,2012.0,445,1.12,3,27,July
2021-07-08,2021,7,8,Thursday,3,0,0,1,FuelGo Kariakoo,-6.783,39.2083,Kerosene,2109.0,439,1.12,3,27,July
2021-07-09,2021,7,9,Friday,4,0,0,1,FuelGo Kariakoo,-6.783,39.2083,Kerosene,2086.0,335,1.12,3,27,July
2021-07-10,2021,7,10,Saturday,5,1,0,1,FuelGo Kariakoo,-6.783,39.2083,Kerosene,1868.0,355,1.12,3,27,July
2021-07-11,2021,7,11,Sunday,6,1,0,1,FuelGo Kariakoo,-6.783,39.2083,Kerosene,1894.0,229,1.12,3,27,July
2021-07-12,2021,7,12,Monday,0,0,0,1,FuelGo Kariakoo,-6.783,39.2083,Kerosene,2229.0,261,1.12,3,28,July
2021-07-13,2021,7,13,Tuesday,1,0,0,1,FuelGo Kariakoo,-6.783,39.2083,Kerosene,2105.0,298,1.12,3,28,July
2021-07-14,2021,7,14,Wednesday,2,0,0,1,FuelGo Kariakoo,-6.783,39.2083,Kerosene,2304.0,321,1.12,3,28,July
2021-07-15,2021,7,15,Thursday,3,0,0,1,FuelGo Kariakoo,-6.783,39.2083,Kerosene,2019.0,368,1.12,3,28,July
2021-07-16,2021,7,16,Friday,4,0,0,1,FuelGo Kariakoo,-6.783,39.2083,Kerosene,2212.0,376,1.12,3,28,July
2021-07-17,2021,7,17,Saturday,5,1,0,1,FuelGo Kariakoo,-6.783,39.2083,Kerosene,2213.0,283,1.12,3,28,July
2021-07-18,2021,7,18,Sunday,6,1,0,1,FuelGo Kariakoo,-6.783,39.2083,Kerosene,2178.0,240,1.12,3,28,July
2021-07-19,2021,7,19,Monday,0,0,0,1,FuelGo Kariakoo,-6.783,39.2083,Kerosene,2127.0,378,1.12,3,29,July
2021-07-20,2021,7,20,Tuesday,1,0,1,1,FuelGo Kariakoo,-6.783,39.2083,Kerosene,2067.0,416,1.12,3,29,July
2021-07-21,2021,7,21,Wednesday,2,0,0,1,FuelGo Kariakoo,-6.783,39.2083,Kerosene,2007.0,331,1.12,3,29,July
2021-07-22,2021,7,22,Thursday,3,0,0,1,FuelGo Kariakoo,-6.783,39.2083,Kerosene,2259.0,337,1.12,3,29,July
2021-07-23,2021,7,23,Friday,4,0,0,1,FuelGo Kariakoo,-6.783,39.2083,Kerosene,1847.0,402,1.12,3,29,July
2021-07-24,2021,7,24,Saturday,5,1,0,1,FuelGo Kariakoo,-6.783,39.2083,Kerosene,1894.0,339,1.12,3,29,July
2021-07-25,2021,7,25,Sunday,6,1,0,1,FuelGo Kariakoo,-6.783,39.2083,Kerosene,2114.0,260,1.12,3,29,July
2021-07-26,2021,7,26,Monday,0,0,0,1,FuelGo Kariakoo,-6.783,39.2083,Kerosene,1990.0,379,1.12,3,30,July
2021-07-27,2021,7,27,Tuesday,1,0,0,1,FuelGo Kariakoo,-6.783,39.2083,Kerosene,2285.0,350,1.12,3,30,July
2021-07-28,2021,7,28,Wednesday,2,0,0,1,FuelGo Kariakoo,-6.783,39.2083,Kerosene,2231.0,376,1.12,3,30,July
2021-07-29,2021,7,29,Thursday,3,0,0,1,FuelGo Kariakoo,-6.783,39.2083,Kerosene,2121.0,323,1.12,3,30,July
2021-07-30,2021,7,30,Friday,4,0,0,1,FuelGo Kariakoo,-6.783,39.2083,Kerosene,2008.0,445,1.12,3,30,July
2021-07-31,2021,7,31,Saturday,5,1,0,1,FuelGo Kariakoo,-6.783,39.2083,Kerosene,2007.0,356,1.12,3,30,July
2021-08-01,2021,8,1,Sunday,6,1,0,1,FuelGo Kariakoo,-6.783,39.2083,Kerosene,2174.0,223,1.08,3,30,August
2021-08-02,2021,8,2,Monday,0,0,0,1,FuelGo Kariakoo,-6.783,39.2083,Kerosene,2105.0,320,1.08,3,31,August
2021-08-03,2021,8,3,Tuesday,1,0,0,1,FuelGo Kariakoo,-6.783,39.2083,Kerosene,2107.0,311,1.08,3,31,August
2021-08-04,2021,8,4,Wednesday,2,0,0,1,FuelGo Kariakoo,-6.783,39.2083,Kerosene,2159.0,312,1.08,3,31,August
2021-08-05,2021,8,5,Thursday,3,0,0,1,FuelGo Kariakoo,-6.783,39.2083,Kerosene,1963.0,431,1.08,3,31,August
2021-08-06,2021,8,6,Friday,4,0,0,1,FuelGo Kariakoo,-6.783,39.2083,Kerosene,2233.0,344,1.08,3,31,August
2021-08-07,2021,8,7,Saturday,5,1,0,1,FuelGo Kariakoo,-6.783,39.2083,Kerosene,1887.0,295,1.08,3,31,August
2021-08-08,2021,8,8,Sunday,6,1,1,1,FuelGo Kariakoo,-6.783,39.2083,Kerosene,2349.0,257,1.08,3,31,August
2021-08-09,2021,8,9,Monday,0,0,0,1,FuelGo Kariakoo,-6.783,39.2083,Kerosene,2112.0,321,1.08,3,32,August
2021-08-10,2021,8,10,Tuesday,1,0,0,1,FuelGo Kariakoo,-6.783,39.2083,Kerosene,2064.0,371,1.08,3,32,August
2021-08-11,2021,8,11,Wednesday,2,0,0,1,FuelGo Kariakoo,-6.783,39.2083,Kerosene,1975.0,401,1.08,3,32,August
2021-08-12,2021,8,12,Thursday,3,0,0,1,FuelGo Kariakoo,-6.783,39.2083,Kerosene,2083.0,302,1.08,3,32,August
2021-08-13,2021,8,13,Friday,4,0,0,1,FuelGo Kariakoo,-6.783,39.2083,Kerosene,2122.0,336,1.08,3,32,August
2021-08-14,2021,8,14,Saturday,5,1,0,1,FuelGo Kariakoo,-6.783,39.2083,Kerosene,2157.0,279,1.08,3,32,August
2021-01-01,2021,1,1,Friday,4,0,1,2,FuelGo Kinondoni,-6.773,39.214,Petrol,2638.0,978,1.15,1,53,January
2021-01-02,2021,1,2,Saturday,5,1,0,2,FuelGo Kinondoni,-6.773,39.214,Petrol,2346.0,672,1.15,1,53,January
2021-01-03,2021,1,3,Sunday,6,1,0,2,FuelGo Kinondoni,-6.773,39.214,Petrol,2324.0,561,1.15,1,53,January
2021-01-04,2021,1,4,Monday,0,0,0,2,FuelGo Kinondoni,-6.773,39.214,Petrol,2296.0,804,1.15,1,1,January
2021-01-05,2021,1,5,Tuesday,1,0,0,2,FuelGo Kinondoni,-6.773,39.214,Petrol,2296.0,811,1.15,1,1,January
2021-01-06,2021,1,6,Wednesday,2,0,0,2,FuelGo Kinondoni,-6.773,39.214,Petrol,2350.0,697,1.15,1,1,January
2021-01-07,2021,1,7,Thursday,3,0,0,2,FuelGo Kinondoni,-6.773,39.214,Petrol,2369.0,838,1.15,1,1,January
2021-01-08,2021,1,8,Friday,4,0,0,2,FuelGo Kinondoni,-6.773,39.214,Petrol,2499.0,766,1.15,1,1,January
2021-01-09,2021,1,9,Saturday,5,1,0,2,FuelGo Kinondoni,-6.773,39.214,Petrol,2507.0,608,1.15,1,1,January
2021-01-10,2021,1,10,Sunday,6,1,0,2,FuelGo Kinondoni,-6.773,39.214,Petrol,2742.0,431,1.15,1,1,January
2021-01-11,2021,1,11,Monday,0,0,0,2,FuelGo Kinondoni,-6.773,39.214,Petrol,2514.0,999,1.15,1,2,January
2021-01-12,2021,1,12,Tuesday,1,0,1,2,FuelGo Kinondoni,-6.773,39.214,Petrol,2629.0,842,1.15,1,2,January
2021-01-13,2021,1,13,Wednesday,2,0,0,2,FuelGo Kinondoni,-6.773,39.214,Petrol,2288.0,1275,1.15,1,2,January
2021-01-14,2021,1,14,Thursday,3,0,0,2,FuelGo Kinondoni,-6.773,39.214,Petrol,2750.0,639,1.15,1,2,January
