analytics/fuel_demand_dataset.csv
date,year,month,day,day_of_week,day_of_week_num,is_weekend,is_holiday,station_id,station_name,station_lat,station_lng,fuel_type,price_per_litre,demand_litres,seasonal_factor,quarter,week_of_year,month_name
2021-01-15,2021,1,15,Friday,4,0,0,2,FuelGo Kinondoni,-6.773,39.214,Petrol,2259.0,867,1.15,1,2,January
2021-01-16,2021,1,16,Saturday,5,1,0,2,FuelGo Kinondoni,-6.773,39.214,Petrol,2233.0,765,1.15,1,2,January
2021-01-17,2021,1,17,Sunday,6,1,0,2,FuelGo Kinondoni,-6.773,39.214,Petrol,2499.0,591,1.15,1,2,January
2021-01-18,2021,1,18,Monday,0,0,0,2,FuelGo Kinondoni,-6.773,39.214,Petrol,2742.0,694,1.15,1,3,January
2021-01-19,2021,1,19,Tuesday,1,0,0,2,FuelGo Kinondoni,-6.773,39.214,Petrol,2617.0,823,1.15,1,3,January
2021-01-20,2021,1,20,Wednesday,2,0,0,2,FuelGo Kinondoni,-6.773,39.214,Petrol,2157.0,953,1.15,1,3,January
2021-01-21,2021,1,21,Thursday,3,0,0,2,FuelGo Kinondoni,-6.773,39.214,Petrol,2251.0,832,1.15,1,3,January
2021-01-22,2021,1,22,Friday,4,0,0,2,FuelGo Kinondoni,-6.773,39.214,Petrol,2279.0,806,1.15,1,3,January
2021-01-23,2021,1,23,Saturday,5,1,0,2,FuelGo Kinondoni,-6.773,39.214,Petrol,2562.0,782,1.15,1,3,January
2021-01-24,2021,1,24,Sunday,6,1,0,2,FuelGo Kinondoni,-6.773,39.214,Petrol,2711.0,523,1.15,1,3,January
2021-01-25,2021,1,25,Monday,0,0,0,2,FuelGo Kinondoni,-6.773,39.214,Petrol,2616.0,744,1.15,1,4,January
2021-01-26,2021,1,26,Tuesday,1,0,0,2,FuelGo Kinondoni,-6.773,39.214,Petrol,2868.0,775,1.15,1,4,January
2021-01-27,2021,1,27,Wednesday,2,0,0,2,FuelGo Kinondoni,-6.773,39.214,Petrol,2326.0,923,1.15,1,4,January
2021-01-28,2021,1,28,Thursday,3,0,0,2,FuelGo Kinondoni,-6.773,39.214,Petrol,2331.0,822,1.15,1,4,January
2021-01-29,2021,1,29,Friday,4,0,0,2,FuelGo Kinondoni,-6.773,39.214,Petrol,2632.0,709,1.15,1,4,January
2021-01-30,2021,1,30,Saturday,5,1,0,2,FuelGo Kinondoni,-6.773,39.214,Petrol,2230.0,919,1.15,1,4,January
2021-01-31,2021,1,31,Sunday,6,1,0,2,FuelGo Kinondoni,-6.773,39.214,Petrol,2636.0,580,1.15,1,4,January
2021-02-01,2021,2,1,Monday,0,0,0,2,FuelGo Kinondoni,-6.773,39.214,Petrol,2638.0,651,0.95,1,5,February
2021-02-02,2021,2,2,Tuesday,1,0,0,2,FuelGo Kinondoni,-6.773,39.214,Petrol,2387.0,778,0.95,1,5,February
2021-02-03,2021,2,3,Wednesday,2,0,0,2,FuelGo Kinondoni,-6.773,39.214,Petrol,2502.0,632,0.95,1,5,February
2021-02-04,2021,2,4,Thursday,3,0,0,2,FuelGo Kinondoni,-6.773,39.214,Petrol,2361.0,715,0.95,1,5,February
2021-02-05,2021,2,5,Friday,4,0,0,2,FuelGo Kinondoni,-6.773,39.214,Petrol,2239.0,795,0.95,1,5,February
2021-02-06,2021,2,6,Saturday,5,1,0,2,FuelGo Kinondoni,-6.773,39.214,Petrol,2408.0,597,0.95,1,5,February
2021-02-07,2021,2,7,Sunday,6,1,0,2,FuelGo Kinondoni,-6.773,39.214,Petrol,2591.0,446,0.95,1,5,February
2021-02-08,2021,2,8,Monday,0,0,0,2,FuelGo Kinondoni,-6.773,39.214,Petrol,2519.0,628,0.95,1,6,February
2021-02-09,2021,2,9,Tuesday,1,0,0,2,FuelGo Kinondoni,-6.773,39.214,Petrol,2713.0,728,0.95,1,6,February
2021-02-10,2021,2,10,Wednesday,2,0,0,2,FuelGo Kinondoni,-6.773,39.214,Petrol,2356.0,807,0.95,1,6,February
2021-02-11,2021,2,11,Thursday,3,0,0,2,FuelGo Kinondoni,-6.773,39.214,Petrol,2532.0,720,0.95,1,6,February
2021-02-12,2021,2,12,Friday,4,0,0,2,FuelGo Kinondoni,-6.773,39.214,Petrol,2873.0,637,0.95,1,6,February
2021-02-13,2021,2,13,Saturday,5,1,0,2,FuelGo Kinondoni,-6.773,39.214,Petrol,2327.0,698,0.95,1,6,February
2021-02-14,2021,2,14,Sunday,6,1,0,2,FuelGo Kinondoni,-6.773,39.214,Petrol,2269.0,490,0.95,1,6,February
2021-02-15,2021,2,15,Monday,0,0,0,2,FuelGo Kinondoni,-6.773,39.214,Petrol,2495.0,618,0.95,1,7,February
2021-02-16,2021,2,16,Tuesday,1,0,1,2,FuelGo Kinondoni,-6.773,39.214,Petrol,2381.0,697,0.95,1,7,February
2021-02-17,2021,2,17,Wednesday,2,0,0,2,FuelGo Kinondoni,-6.773,39.214,Petrol,2319.0,748,0.95,1,7,February
2021-02-18,2021,2,18,Thursday,3,0,0,2,FuelGo Kinondoni,-6.773,39.214,Petrol,2561.0,590,0.95,1,7,February
2021-02-19,2021,2,19,Friday,4,0,0,2,FuelGo Kinondoni,-6.773,39.214,Petrol,2992.0,568,0.95,1,7,February
2021-02-20,2021,2,20,Saturday,5,1,0,2,FuelGo Kinondoni,-6.773,39.214,Petrol,2724.0,545,0.95,1,7,February
2021-02-21,2021,2,21,Sunday,6,1,0,2,FuelGo Kinondoni,-6.773,39.214,Petrol,2421.0,422,0.95,1,7,February
2021-02-22,2021,2,22,Monday,0,0,0,2,FuelGo Kinondoni,-6.773,39.214,Petrol,2422.0,678,0.95,1,8,February
2021-02-23,2021,2,23,Tuesday,1,0,0,2,FuelGo Kinondoni,-6.773,39.214,Petrol,2483.0,784,0.95,1,8,February
2021-02-24,2021,2,24,Wednesday,2,0,0,2,FuelGo Kinondoni,-6.773,39.214,Petrol,2653.0,472,0.95,1,8,February
2021-02-25,2021,2,25,Thursday,3,0,0,2,FuelGo Kinondoni,-6.773,39.214,Petrol,2343.0,609,0.95,1,8,February
2021-02-26,2021,2,26,Friday,4,0,0,2,FuelGo Kinondoni,-6.773,39.214,Petrol,2665.0,595,0.95,1,8,February
2021-02-27,2021,2,27,Saturday,5,1,0,2,FuelGo Kinondoni,-6.773,39.214,Petrol,2767.0,449,0.95,1,8,February
2021-02-28,2021,2,28,Sunday,6,1,0,2,FuelGo Kinondoni,-6.773,39.214,Petrol,2404.0,500,0.95,1,8,February
2021-03-01,2021,3,1,Monday,0,0,0,2,FuelGo Kinondoni,-6.773,39.214,Petrol,2453.0,647,0.88,1,9,March
2021-03-02,2021,3,2,Tuesday,1,0,0,2,FuelGo Kinondoni,-6.773,39.214,Petrol,2522.0,714,0.88,1,9,March
2021-03-03,2021,3,3,Wednesday,2,0,0,2,FuelGo Kinondoni,-6.773,39.214,Petrol,2916.0,577,0.88,1,9,March
2021-03-04,2021,3,4,Thursday,3,0,0,2,FuelGo Kinondoni,-6.773,39.214,Petrol,2587.0,560,0.88,1,9,March
2021-03-05,2021,3,5,Friday,4,0,0,2,FuelGo Kinondoni,-6.773,39.214,Petrol,2697.0,571,0.88,1,9,March
2021-03-06,2021,3,6,Saturday,5,1,0,2,FuelGo Kinondoni,-6.773,39.214,Petrol,2595.0,492,0.88,1,9,March
2021-03-07,2021,3,7,Sunday,6,1,0,2,FuelGo Kinondoni,-6.773,39.214,Petrol,2443.0,440,0.88,1,9,March
2021-03-08,2021,3,8,Monday,0,0,0,2,FuelGo Kinondoni,-6.773,39.214,Petrol,2373.0,708,0.88,1,10,March
2021-03-09,2021,3,9,Tuesday,1,0,0,2,FuelGo Kinondoni,-6.773,39.214,Petrol,2620.0,467,0.88,1,10,March
2021-03-10,2021,3,10,Wednesday,2,0,0,2,FuelGo Kinondoni,-6.773,39.214,Petrol,2839.0,547,0.88,1,10,March
2021-03-11,2021,3,11,Thursday,3,0,0,2,FuelGo Kinondoni,-6.773,39.214,Petrol,2839.0,541,0.88,1,10,March
2021-03-12,2021,3,12,Friday,4,0,0,2,FuelGo Kinondoni,-6.773,39.214,Petrol,2296.0,705,0.88,1,10,March
2021-03-13,2021,3,13,Saturday,5,1,0,2,FuelGo Kinondoni,-6.773,39.214,Petrol,2768.0,475,0.88,1,10,March
2021-03-14,2021,3,14,Sunday,6,1,0,2,FuelGo Kinondoni,-6.773,39.214,Petrol,2299.0,567,0.88,1,10,March
2021-03-15,2021,3,15,Monday,0,0,0,2,FuelGo Kinondoni,-6.773,39.214,Petrol,2286.0,680,0.88,1,11,March
2021-03-16,2021,3,16,Tuesday,1,0,0,2,FuelGo Kinondoni,-6.773,39.214,Petrol,2705.0,632,0.88,1,11,March
2021-03-17,2021,3,17,Wednesday,2,0,0,2,FuelGo Kinondoni,-6.773,39.214,Petrol,2596.0,548,0.88,1,11,March
2021-03-18,2021,3,18,Thursday,3,0,0,2,FuelGo Kinondoni,-6.773,39.214,Petrol,2842.0,529,0.88,1,11,March
2021-03-19,2021,3,19,Friday,4,0,0,2,FuelGo Kinondoni,-6.773,39.214,Petrol,2342.0,670,0.88,1,11,March
2021-03-20,2021,3,20,Saturday,5,1,0,2,FuelGo Kinondoni,-6.773,39.214,Petrol,2530.0,570,0.88,1,11,March
2021-03-21,2021,3,21,Sunday,6,1,0,2,FuelGo Kinondoni,-6.773,39.214,Petrol,2866.0,414,0.88,1,11,March
2021-03-22,2021,3,22,Monday,0,0,0,2,FuelGo Kinondoni,-6.773,39.214,Petrol,2418.0,608,0.88,1,12,March
2021-03-23,2021,3,23,Tuesday,1,0,0,2,FuelGo Kinondoni,-6.773,39.214,Petrol,2788.0,613,0.88,1,12,March
2021-03-24,2021,3,24,Wednesday,2,0,0,2,FuelGo Kinondoni,-6.773,39.214,Petrol,2537.0,596,0.88,1,12,March
2021-03-25,2021,3,25,Thursday,3,0,0,2,FuelGo Kinondoni,-6.773,39.214,Petrol,2488.0,670,0.88,1,12,March
2021-03-26,2021,3,26,Friday,4,0,1,2,FuelGo Kinondoni,-6.773,39.214,Petrol,2476.0,847,0.88,1,12,March
2021-03-27,2021,3,27,Saturday,5,1,0,2,FuelGo Kinondoni,-6.773,39.214,Petrol,2633.0,549,0.88,1,12,March
2021-03-28,2021,3,28,Sunday,6,1,0,2,FuelGo Kinondoni,-6.773,39.214,Petrol,2698.0,349,0.88,1,12,March
2021-03-29,2021,3,29,Monday,0,0,0,2,FuelGo Kinondoni,-6.773,39.214,Petrol,2471.0,592,0.88,1,13,March
2021-03-30,2021,3,30,Tuesday,1,0,0,2,FuelGo Kinondoni,-6.773,39.214,Petrol,2230.0,663,0.88,1,13,March
2021-03-31,2021,3,31,Wednesday,2,0,0,2,FuelGo Kinondoni,-6.773,39.214,Petrol,2685.0,493,0.88,1,13,March
2021-04-01,2021,4,1,Thursday,3,0,0,2,FuelGo Kinondoni,-6.773,39.214,Petrol,2832.0,558,0.85,2,13,April
2021-04-02,2021,4,2,Friday,4,0,0,2,FuelGo Kinondoni,-6.773,39.214,Petrol,2482.0,537,0.85,2,13,April
2021-04-03,2021,4,3,Saturday,5,1,0,2,FuelGo Kinondoni,-6.773,39.214,Petrol,2610.0,457,0.85,2,13,April
2021-04-04,2021,4,4,Sunday,6,1,0,2,FuelGo Kinondoni,-6.773,39.214,Petrol,2913.0,413,0.85,2,13,April
2021-04-05,2021,4,5,Monday,0,0,0,2,FuelGo Kinondoni,-6.773,39.214,Petrol,2319.0,604,0.85,2,14,April
2021-04-06,2021,4,6,Tuesday,1,0,0,2,FuelGo Kinondoni,-6.773,39.214,Petrol,2525.0,715,0.85,2,14,April
2021-04-07,2021,4,7,Wednesday,2,0,1,2,FuelGo Kinondoni,-6.773,39.214,Petrol,2675.0,835,0.85,2,14,April
2021-04-08,2021,4,8,Thursday,3,0,0,2,FuelGo Kinondoni,-6.773,39.214,Petrol,2361.0,715,0.85,2,14,April
2021-04-09,2021,4,9,Friday,4,0,0,2,FuelGo Kinondoni,-6.773,39.214,Petrol,2926.0,515,0.85,2,14,April
2021-04-10,2021,4,10,Saturday,5,1,0,2,FuelGo Kinondoni,-6.773,39.214,Petrol,2072.0,587,0.85,2,14,April
2021-04-11,2021,4,11,Sunday,6,1,0,2,FuelGo Kinondoni,-6.773,39.214,Petrol,2844.0,345,0.85,2,14,April
2021-04-12,2021,4,12,Monday,0,0,0,2,FuelGo Kinondoni,-6.773,39.214,Petrol,2222.0,531,0.85,2,15,April
2021-04-13,2021,4,13,Tuesday,1,0,0,2,FuelGo Kinondoni,-6.773,39.214,Petrol,2726.0,557,0.85,2,15,April
2021-04-14,2021,4,14,Wednesday,2,0,0,2,FuelGo Kinondoni,-6.773,39.214,Petrol,2685.0,565,0.85,2,15,April
2021-04-15,2021,4,15,Thursday,3,0,0,2,FuelGo Kinondoni,-6.773,39.214,Petrol,2336.0,640,0.85,2,15,April
2021-04-16,2021,4,16,Friday,4,0,0,2,FuelGo Kinondoni,-6.773,39.214,Petrol,2533.0,598,0.85,2,15,April
2021-04-17,2021,4,17,Saturday,5,1,0,2,FuelGo Kinondoni,-6.773,39.214,Petrol,2120.0,529,0.85,2,15,April
2021-04-18,2021,4,18,Sunday,6,1,0,2,FuelGo Kinondoni,-6.773,39.214,Petrol,2305.0,432,0.85,2,15,April
2021-04-19,2021,4,19,Monday,0,0,0,2,FuelGo Kinondoni,-6.773,39.214,Petrol,2511.0,602,0.85,2,16,April
2021-04-20,2021,4,20,Tuesday,1,0,0,2,FuelGo Kinondoni,-6.773,39.214,Petrol,2566.0,552,0.85,2,16,April
2021-04-21,2021,4,21,Wednesday,2,0,0,2,FuelGo Kinondoni,-6.773,39.214,Petrol,2460.0,647,0.85,2,16,April
2021-04-22,2021,4,22,Thursday,3,0,0,2,FuelGo Kinondoni,-6.773,39.214,Petrol,2652.0,584,0.85,2,16,April
2021-04-23,2021,4,23,Friday,4,0,0,2,FuelGo Kinondoni,-6.773,39.214,Petrol,2349.0,685,0.85,2,16,April
2021-04-24,2021,4,24,Saturday,5,1,0,2,FuelGo Kinondoni,-6.773,39.214,Petrol,2379.0,600,0.85,2,16,April
2021-04-25,2021,4,25,Sunday,6,1,0,2,FuelGo Kinondoni,-6.773,39.214,Petrol,2600.0,482,0.85,2,16,April
2021-04-26,2021,4,26,Monday,0,0,1,2,FuelGo Kinondoni,-6.773,39.214,Petrol,2909.0,680,0.85,2,17,April
2021-04-27,2021,4,27,Tuesday,1,0,0,2,FuelGo Kinondoni,-6.773,39.214,Petrol,2652.0,585,0.85,2,17,April
2021-04-28,2021,4,28,Wednesday,2,0,0,2,FuelGo Kinondoni,-6.773,39.214,Petrol,2691.0,541,0.85,2,17,April
2021-04-29,2021,4,29,Thursday,3,0,0,2,FuelGo Kinondoni,-6.773,39.214,Petrol,2605.0,499,0.85,2,17,April
2021-04-30,2021,4,30,Friday,4,0,0,2,FuelGo Kinondoni,-6.773,39.214,Petrol,2534.0,806,0.85,2,17,April
2021-05-01,2021,5,1,Saturday,5,1,1,2,FuelGo Kinondoni,-6.773,39.214,Petrol,2685.0,537,0.9,2,17,May
2021-05-02,2021,5,2,Sunday,6,1,0,2,FuelGo Kinondoni,-6.773,39.214,Petrol,2826.0,505,0.9,2,17,May
2021-05-03,2021,5,3,Monday,0,0,0,2,FuelGo Kinondoni,-6.773,39.214,Petrol,2610.0,531,0.9,2,18,May
2021-05-04,2021,5,4,Tuesday,1,0,0,2,FuelGo Kinondoni,-6.773,39.214,Petrol,2515.0,512,0.9,2,18,May
2021-05-05,2021,5,5,Wednesday,2,0,0,2,FuelGo Kinondoni,-6.773,39.214,Petrol,2542.0,626,0.9,2,18,May
2021-05-06,2021,5,6,Thursday,3,0,0,2,FuelGo Kinondoni,-6.773,39.214,Petrol,2462.0,476,0.9,2,18,May
2021-05-07,2021,5,7,Friday,4,0,0,2,FuelGo Kinondoni,-6.773,39.214,Petrol,2674.0,612,0.9,2,18,May
2021-05-08,2021,5,8,Saturday,5,1,0,2,FuelGo Kinondoni,-6.773,39.214,Petrol,2516.0,462,0.9,2,18,May
2021-05-09,2021,5,9,Sunday,6,1,0,2,FuelGo Kinondoni,-6.773,39.214,Petrol,2565.0,401,0.9,2,18,May
2021-05-10,2021,5,10,Monday,0,0,0,2,FuelGo Kinondoni,-6.773,39.214,Petrol,2248.0,809,0.9,2,19,May
2021-05-11,2021,5,11,Tuesday,1,0,0,2,FuelGo Kinondoni,-6.773,39.214,Petrol,2488.0,619,0.9,2,19,May
2021-05-12,2021,5,12,Wednesday,2,0,0,2,FuelGo Kinondoni,-6.773,39.214,Petrol,2509.0,731,0.9,2,19,May
2021-05-13,2021,5,13,Thursday,3,0,1,2,FuelGo Kinondoni,-6.773,39.214,Petrol,2752.0,690,0.9,2,19,May
2021-05-14,2021,5,14,Friday,4,0,0,2,FuelGo Kinondoni,-6.773,39.214,Petrol,2658.0,593,0.9,2,19,May
2021-05-15,2021,5,15,Saturday,5,1,0,2,FuelGo Kinondoni,-6.773,39.214,Petrol,2520.0,521,0.9,2,19,May
2021-05-16,2021,5,16,Sunday,6,1,0,2,FuelGo Kinondoni,-6.773,39.214,Petrol,2817.0,335,0.9,2,19,May
2021-05-17,2021,5,17,Monday,0,0,0,2,FuelGo Kinondoni,-6.773,39.214,Petrol,2626.0,480,0.9,2,20,May
2021-05-18,2021,5,18,Tuesday,1,0,0,2,FuelGo Kinondoni,-6.773,39.214,Petrol,2685.0,547,0.9,2,20,May
2021-05-19,2021,5,19,Wednesday,2,0,0,2,FuelGo Kinondoni,-6.773,39.214,Petrol,2437.0,670,0.9,2,20,May
2021-05-20,2021,5,20,Thursday,3,0,0,2,FuelGo Kinondoni,-6.773,39.214,Petrol,2691.0,585,0.9,2,20,May
2021-05-21,2021,5,21,Friday,4,0,0,2,FuelGo Kinondoni,-6.773,39.214,Petrol,2296.0,762,0.9,2,20,May
2021-05-22,2021,5,22,Saturday,5,1,0,2,FuelGo Kinondoni,-6.773,39.214,Petrol,2296.0,644,0.9,2,20,May
2021-05-23,2021,5,23,Sunday,6,1,0,2,FuelGo Kinondoni,-6.773,39.214,Petrol,2330.0,520,0.9,2,20,May
2021-05-24,2021,5,24,Monday,0,0,0,2,FuelGo Kinondoni,-6.773,39.214,Petrol,2521.0,628,0.9,2,21,May
2021-05-25,2021,5,25,Tuesday,1,0,1,2,FuelGo Kinondoni,-6.773,39.214,Petrol,2987.0,664,0.9,2,21,May
2021-05-26,2021,5,26,Wednesday,2,0,0,2,FuelGo Kinondoni,-6.773,39.214,Petrol,2547.0,619,0.9,2,21,May
2021-05-27,2021,5,27,Thursday,3,0,0,2,FuelGo Kinondoni,-6.773,39.214,Petrol,2476.0,578,0.9,2,21,May
2021-05-28,2021,5,28,Friday,4,0,0,2,FuelGo Kinondoni,-6.773,39.214,Petrol,2669.0,711,0.9,2,21,May
2021-05-29,2021,5,29,Saturday,5,1,0,2,FuelGo Kinondoni,-6.773,39.214,Petrol,2547.0,567,0.9,2,21,May
2021-05-30,2021,5,30,Sunday,6,1,0,2,FuelGo Kinondoni,-6.773,39.214,Petrol,2862.0,440,0.9,2,21,May
2021-05-31,2021,5,31,Monday,0,0,0,2,FuelGo Kinondoni,-6.773,39.214,Petrol,2683.0,635,0.9,2,22,May
2021-06-01,2021,6,1,Tuesday,1,0,0,2,FuelGo Kinondoni,-6.773,39.214,Petrol,2749.0,679,1.05,2,22,June
2021-06-02,2021,6,2,Wednesday,2,0,0,2,FuelGo Kinondoni,-6.773,39.214,Petrol,2555.0,701,1.05,2,22,June
2021-06-03,2021,6,3,Thursday,3,0,0,2,FuelGo Kinondoni,-6.773,39.214,Petrol,2485.0,729,1.05,2,22,June
2021-06-04,2021,6,4,Friday,4,0,0,2,FuelGo Kinondoni,-6.773,39.214,Petrol,2481.0,706,1.05,2,22,June
2021-06-05,2021,6,5,Saturday,5,1,0,2,FuelGo Kinondoni,-6.773,39.214,Petrol,2641.0,471,1.05,2,22,June
2021-06-06,2021,6,6,Sunday,6,1,0,2,FuelGo Kinondoni,-6.773,39.214,Petrol,2475.0,592,1.05,2,22,June
2021-06-07,2021,6,7,Monday,0,0,0,2,FuelGo Kinondoni,-6.773,39.214,Petrol,2478.0,727,1.05,2,23,June
2021-06-08,2021,6,8,Tuesday,1,0,0,2,FuelGo Kinondoni,-6.773,39.214,Petrol,2227.0,731,1.05,2,23,June
2021-06-09,2021,6,9,Wednesday,2,0,0,2,FuelGo Kinondoni,-6.773,39.214,Petrol,2303.0,841,1.05,2,23,June
2021-06-10,2021,6,10,Thursday,3,0,0,2,FuelGo Kinondoni,-6.773,39.214,Petrol,2299.0,835,1.05,2,23,June
2021-06-11,2021,6,11,Friday,4,0,0,2,FuelGo Kinondoni,-6.773,39.214,Petrol,2646.0,686,1.05,2,23,June
2021-06-12,2021,6,12,Saturday,5,1,0,2,FuelGo Kinondoni,-6.773,39.214,Petrol,2713.0,626,1.05,2,23,June
2021-06-13,2021,6,13,Sunday,6,1,0,2,FuelGo Kinondoni,-6.773,39.214,Petrol,2406.0,531,1.05,2,23,June
2021-06-14,2021,6,14,Monday,0,0,0,2,FuelGo Kinondoni,-6.773,39.214,Petrol,2459.0,789,1.05,2,24,June
2021-06-15,2021,6,15,Tuesday,1,0,0,2,FuelGo Kinondoni,-6.773,39.214,Petrol,2878.0,635,1.05,2,24,June
2021-06-16,2021,6,16,Wednesday,2,0,0,2,FuelGo Kinondoni,-6.773,39.214,Petrol,2214.0,892,1.05,2,24,June
2021-06-17,2021,6,17,Thursday,3,0,0,2,FuelGo Kinondoni,-6.773,39.214,Petrol,2592.0,732,1.05,2,24,June
2021-06-18,2021,6,18,Friday,4,0,0,2,FuelGo Kinondoni,-6.773,39.214,Petrol,2492.0,729,1.05,2,24,June
2021-06-19,2021,6,19,Saturday,5,1,0,2,FuelGo Kinondoni,-6.773,39.214,Petrol,2394.0,758,1.05,2,24,June
2021-06-20,2021,6,20,Sunday,6,1,0,2,FuelGo Kinondoni,-6.773,39.214,Petrol,2946.0,465,1.05,2,24,June
2021-06-21,2021,6,21,Monday,0,0,0,2,FuelGo Kinondoni,-6.773,39.214,Petrol,2503.0,777,1.05,2,25,June
2021-06-22,2021,6,22,Tuesday,1,0,0,2,FuelGo Kinondoni,-6.773,39.214,Petrol,2752.0,656,1.05,2,25,June
2021-06-23,2021,6,23,Wednesday,2,0,0,2,FuelGo Kinondoni,-6.773,39.214,Petrol,2558.0,705,1.05,2,25,June
2021-06-24,2021,6,24,Thursday,3,0,0,2,FuelGo Kinondoni,-6.773,39.214,Petrol,2345.0,760,1.05,2,25,June
2021-06-25,2021,6,25,Friday,4,0,0,2,FuelGo Kinondoni,-6.773,39.214,Petrol,2559.0,910,1.05,2,25,June
2021-06-26,2021,6,26,Saturday,5,1,0,2,FuelGo Kinondoni,-6.773,39.214,Petrol,2830.0,567,1.05,2,25,June
2021-06-27,2021,6,27,Sunday,6,1,0,2,FuelGo Kinondoni,-6.773,39.214,Petrol,2270.0,478,1.05,2,25,June
2021-06-28,2021,6,28,Monday,0,0,0,2,FuelGo Kinondoni,-6.773,39.214,Petrol,2749.0,630,1.05,2,26,June
2021-06-29,2021,6,29,Tuesday,1,0,0,2,FuelGo Kinondoni,-6.773,39.214,Petrol,2274.0,842,1.05,2,26,June
2021-06-30,2021,6,30,Wednesday,2,0,0,2,FuelGo Kinondoni,-6.773,39.214,Petrol,2599.0,663,1.05,2,26,June
2021-07-01,2021,7,1,Thursday,3,0,0,2,FuelGo Kinondoni,-6.773,39.214,Petrol,2521.0,766,1.12,3,26,July
2021-07-02,2021,7,2,Friday,4,0,0,2,FuelGo Kinondoni,-6.773,39.214,Petrol,2414.0,896,1.12,3,26,July
2021-07-03,2021,7,3,Saturday,5,1,0,2,FuelGo Kinondoni,-6.773,39.214,Petrol,2887.0,548,1.12,3,26,July
2021-07-04,2021,7,4,Sunday,6,1,0,2,FuelGo Kinondoni,-6.773,39.214,Petrol,2000.0,631,1.12,3,26,July
2021-07-05,2021,7,5,Monday,0,0,0,2,FuelGo Kinondoni,-6.773,39.214,Petrol,2664.0,697,1.12,3,27,July
2021-07-06,2021,7,6,Tuesday,1,0,0,2,FuelGo Kinondoni,-6.773,39.214,Petrol,2436.0,1006,1.12,3,27,July
2021-07-07,2021,7,7,Wednesday,2,0,1,2,FuelGo Kinondoni,-6.773,39.214,Petrol,2368.0,1190,1.12,3,27,July
2021-07-08,2021,7,8,Thursday,3,0,0,2,FuelGo Kinondoni,-6.773,39.214,Petrol,2306.0,989,1.12,3,27,July
