analytics/fuel_demand_dataset.csv
date,year,month,day,day_of_week,day_of_week_num,is_weekend,is_holiday,station_id,station_name,station_lat,station_lng,fuel_type,price_per_litre,demand_litres,seasonal_factor,quarter,week_of_year,month_name
2021-07-09,2021,7,9,Friday,4,0,0,2,FuelGo Kinondoni,-6.773,39.214,Petrol,2840.0,656,1.12,3,27,July
2021-07-10,2021,7,10,Saturday,5,1,0,2,FuelGo Kinondoni,-6.773,39.214,Petrol,3146.0,460,1.12,3,27,July
2021-07-11,2021,7,11,Sunday,6,1,0,2,FuelGo Kinondoni,-6.773,39.214,Petrol,2632.0,623,1.12,3,27,July
2021-07-12,2021,7,12,Monday,0,0,0,2,FuelGo Kinondoni,-6.773,39.214,Petrol,2606.0,724,1.12,3,28,July
2021-07-13,2021,7,13,Tuesday,1,0,0,2,FuelGo Kinondoni,-6.773,39.214,Petrol,2640.0,724,1.12,3,28,July
2021-07-14,2021,7,14,Wednesday,2,0,0,2,FuelGo Kinondoni,-6.773,39.214,Petrol,2530.0,791,1.12,3,28,July
2021-07-15,2021,7,15,Thursday,3,0,0,2,FuelGo Kinondoni,-6.773,39.214,Petrol,2501.0,949,1.12,3,28,July
2021-07-16,2021,7,16,Friday,4,0,0,2,FuelGo Kinondoni,-6.773,39.214,Petrol,2617.0,810,1.12,3,28,July
2021-07-17,2021,7,17,Saturday,5,1,0,2,FuelGo Kinondoni,-6.773,39.214,Petrol,2469.0,591,1.12,3,28,July
2021-07-18,2021,7,18,Sunday,6,1,0,2,FuelGo Kinondoni,-6.773,39.214,Petrol,3004.0,492,1.12,3,28,July
2021-07-19,2021,7,19,Monday,0,0,0,2,FuelGo Kinondoni,-6.773,39.214,Petrol,2673.0,849,1.12,3,29,July
2021-07-20,2021,7,20,Tuesday,1,0,1,2,FuelGo Kinondoni,-6.773,39.214,Petrol,2547.0,1069,1.12,3,29,July
2021-07-21,2021,7,21,Wednesday,2,0,0,2,FuelGo Kinondoni,-6.773,39.214,Petrol,2443.0,924,1.12,3,29,July
2021-07-22,2021,7,22,Thursday,3,0,0,2,FuelGo Kinondoni,-6.773,39.214,Petrol,3016.0,558,1.12,3,29,July
2021-07-23,2021,7,23,Friday,4,0,0,2,FuelGo Kinondoni,-6.773,39.214,Petrol,2357.0,892,1.12,3,29,July
2021-07-24,2021,7,24,Saturday,5,1,0,2,FuelGo Kinondoni,-6.773,39.214,Petrol,2742.0,645,1.12,3,29,July
2021-07-25,2021,7,25,Sunday,6,1,0,2,FuelGo Kinondoni,-6.773,39.214,Petrol,2851.0,443,1.12,3,29,July
2021-07-26,2021,7,26,Monday,0,0,0,2,FuelGo Kinondoni,-6.773,39.214,Petrol,2814.0,647,1.12,3,30,July
2021-07-27,2021,7,27,Tuesday,1,0,0,2,FuelGo Kinondoni,-6.773,39.214,Petrol,2314.0,779,1.12,3,30,July
2021-07-28,2021,7,28,Wednesday,2,0,0,2,FuelGo Kinondoni,-6.773,39.214,Petrol,2343.0,971,1.12,3,30,July
2021-07-29,2021,7,29,Thursday,3,0,0,2,FuelGo Kinondoni,-6.773,39.214,Petrol,2555.0,760,1.12,3,30,July
2021-07-30,2021,7,30,Friday,4,0,0,2,FuelGo Kinondoni,-6.773,39.214,Petrol,2464.0,746,1.12,3,30,July
2021-07-31,2021,7,31,Saturday,5,1,0,2,FuelGo Kinondoni,-6.773,39.214,Petrol,2501.0,664,1.12,3,30,July
2021-08-01,2021,8,1,Sunday,6,1,0,2,FuelGo Kinondoni,-6.773,39.214,Petrol,2471.0,578,1.08,3,30,August
2021-08-02,2021,8,2,Monday,0,0,0,2,FuelGo Kinondoni,-6.773,39.214,Petrol,2788.0,675,1.08,3,31,August
2021-08-03,2021,8,3,Tuesday,1,0,0,2,FuelGo Kinondoni,-6.773,39.214,Petrol,2814.0,730,1.08,3,31,August
2021-08-04,2021,8,4,Wednesday,2,0,0,2,FuelGo Kinondoni,-6.773,39.214,Petrol,2475.0,777,1.08,3,31,August
2021-08-05,2021,8,5,Thursday,3,0,0,2,FuelGo Kinondoni,-6.773,39.214,Petrol,2385.0,777,1.08,3,31,August
2021-08-06,2021,8,6,Friday,4,0,0,2,FuelGo Kinondoni,-6.773,39.214,Petrol,2766.0,665,1.08,3,31,August
2021-08-07,2021,8,7,Saturday,5,1,0,2,FuelGo Kinondoni,-6.773,39.214,Petrol,2552.0,742,1.08,3,31,August
2021-08-08,2021,8,8,Sunday,6,1,1,2,FuelGo Kinondoni,-6.773,39.214,Petrol,2783.0,569,1.08,3,31,August
2021-08-09,2021,8,9,Monday,0,0,0,2,FuelGo Kinondoni,-6.773,39.214,Petrol,2673.0,830,1.08,3,32,August
2021-08-10,2021,8,10,Tuesday,1,0,0,2,FuelGo Kinondoni,-6.773,39.214,Petrol,2572.0,831,1.08,3,32,August
2021-08-11,2021,8,11,Wednesday,2,0,0,2,FuelGo Kinondoni,-6.773,39.214,Petrol,2345.0,961,1.08,3,32,August
2021-08-12,2021,8,12,Thursday,3,0,0,2,FuelGo Kinondoni,-6.773,39.214,Petrol,2717.0,615,1.08,3,32,August
2021-08-13,2021,8,13,Friday,4,0,0,2,FuelGo Kinondoni,-6.773,39.214,Petrol,2823.0,699,1.08,3,32,August
2021-08-14,2021,8,14,Saturday,5,1,0,2,FuelGo Kinondoni,-6.773,39.214,Petrol,2263.0,743,1.08,3,32,August
2021-01-01,2021,1,1,Friday,4,0,1,2,FuelGo Kinondoni,-6.773,39.214,Diesel,2510.0,832,1.15,1,53,January
2021-01-02,2021,1,2,Saturday,5,1,0,2,FuelGo Kinondoni,-6.773,39.214,Diesel,2406.0,661,1.15,1,53,January
2021-01-03,2021,1,3,Sunday,6,1,0,2,FuelGo Kinondoni,-6.773,39.214,Diesel,2416.0,428,1.15,1,53,January
2021-01-04,2021,1,4,Monday,0,0,0,2,FuelGo Kinondoni,-6.773,39.214,Diesel,2439.0,606,1.15,1,1,January
2021-01-05,2021,1,5,Tuesday,1,0,0,2,FuelGo Kinondoni,-6.773,39.214,Diesel,2635.0,739,1.15,1,1,January
2021-01-06,2021,1,6,Wednesday,2,0,0,2,FuelGo Kinondoni,-6.773,39.214,Diesel,2397.0,824,1.15,1,1,January
2021-01-07,2021,1,7,Thursday,3,0,0,2,FuelGo Kinondoni,-6.773,39.214,Diesel,2218.0,825,1.15,1,1,January
2021-01-08,2021,1,8,Friday,4,0,0,2,FuelGo Kinondoni,-6.773,39.214,Diesel,2136.0,856,1.15,1,1,January
2021-01-09,2021,1,9,Saturday,5,1,0,2,FuelGo Kinondoni,-6.773,39.214,Diesel,2538.0,510,1.15,1,1,January
2021-01-10,2021,1,10,Sunday,6,1,0,2,FuelGo Kinondoni,-6.773,39.214,Diesel,2042.0,552,1.15,1,1,January
2021-01-11,2021,1,11,Monday,0,0,0,2,FuelGo Kinondoni,-6.773,39.214,Diesel,2278.0,646,1.15,1,2,January
2021-01-12,2021,1,12,Tuesday,1,0,1,2,FuelGo Kinondoni,-6.773,39.214,Diesel,2349.0,787,1.15,1,2,January
2021-01-13,2021,1,13,Wednesday,2,0,0,2,FuelGo Kinondoni,-6.773,39.214,Diesel,2421.0,649,1.15,1,2,January
2021-01-14,2021,1,14,Thursday,3,0,0,2,FuelGo Kinondoni,-6.773,39.214,Diesel,2520.0,639,1.15,1,2,January
2021-01-15,2021,1,15,Friday,4,0,0,2,FuelGo Kinondoni,-6.773,39.214,Diesel,2771.0,591,1.15,1,2,January
2021-01-16,2021,1,16,Saturday,5,1,0,2,FuelGo Kinondoni,-6.773,39.214,Diesel,2527.0,507,1.15,1,2,January
2021-01-17,2021,1,17,Sunday,6,1,0,2,FuelGo Kinondoni,-6.773,39.214,Diesel,2606.0,414,1.15,1,2,January
2021-01-18,2021,1,18,Monday,0,0,0,2,FuelGo Kinondoni,-6.773,39.214,Diesel,2463.0,597,1.15,1,3,January
2021-01-19,2021,1,19,Tuesday,1,0,0,2,FuelGo Kinondoni,-6.773,39.214,Diesel,2228.0,727,1.15,1,3,January
2021-01-20,2021,1,20,Wednesday,2,0,0,2,FuelGo Kinondoni,-6.773,39.214,Diesel,2554.0,683,1.15,1,3,January
2021-01-21,2021,1,21,Thursday,3,0,0,2,FuelGo Kinondoni,-6.773,39.214,Diesel,2359.0,705,1.15,1,3,January
2021-01-22,2021,1,22,Friday,4,0,0,2,FuelGo Kinondoni,-6.773,39.214,Diesel,2298.0,650,1.15,1,3,January
2021-01-23,2021,1,23,Saturday,5,1,0,2,FuelGo Kinondoni,-6.773,39.214,Diesel,2262.0,557,1.15,1,3,January
2021-01-24,2021,1,24,Sunday,6,1,0,2,FuelGo Kinondoni,-6.773,39.214,Diesel,2649.0,338,1.15,1,3,January
2021-01-25,2021,1,25,Monday,0,0,0,2,FuelGo Kinondoni,-6.773,39.214,Diesel,2447.0,570,1.15,1,4,January
2021-01-26,2021,1,26,Tuesday,1,0,0,2,FuelGo Kinondoni,-6.773,39.214,Diesel,2690.0,507,1.15,1,4,January
2021-01-27,2021,1,27,Wednesday,2,0,0,2,FuelGo Kinondoni,-6.773,39.214,Diesel,2325.0,693,1.15,1,4,January
2021-01-28,2021,1,28,Thursday,3,0,0,2,FuelGo Kinondoni,-6.773,39.214,Diesel,2324.0,636,1.15,1,4,January
2021-01-29,2021,1,29,Friday,4,0,0,2,FuelGo Kinondoni,-6.773,39.214,Diesel,2332.0,721,1.15,1,4,January
2021-01-30,2021,1,30,Saturday,5,1,0,2,FuelGo Kinondoni,-6.773,39.214,Diesel,2472.0,527,1.15,1,4,January
2021-01-31,2021,1,31,Sunday,6,1,0,2,FuelGo Kinondoni,-6.773,39.214,Diesel,2305.0,488,1.15,1,4,January
2021-02-01,2021,2,1,Monday,0,0,0,2,FuelGo Kinondoni,-6.773,39.214,Diesel,2199.0,615,0.95,1,5,February
2021-02-02,2021,2,2,Tuesday,1,0,0,2,FuelGo Kinondoni,-6.773,39.214,Diesel,2380.0,591,0.95,1,5,February
2021-02-03,2021,2,3,Wednesday,2,0,0,2,FuelGo Kinondoni,-6.773,39.214,Diesel,2632.0,513,0.95,1,5,February
2021-02-04,2021,2,4,Thursday,3,0,0,2,FuelGo Kinondoni,-6.773,39.214,Diesel,2812.0,543,0.95,1,5,February
2021-02-05,2021,2,5,Friday,4,0,0,2,FuelGo Kinondoni,-6.773,39.214,Diesel,2061.0,675,0.95,1,5,February
2021-02-06,2021,2,6,Saturday,5,1,0,2,FuelGo Kinondoni,-6.773,39.214,Diesel,2623.0,385,0.95,1,5,February
2021-02-07,2021,2,7,Sunday,6,1,0,2,FuelGo Kinondoni,-6.773,39.214,Diesel,2582.0,393,0.95,1,5,February
2021-02-08,2021,2,8,Monday,0,0,0,2,FuelGo Kinondoni,-6.773,39.214,Diesel,2188.0,548,0.95,1,6,February
2021-02-09,2021,2,9,Tuesday,1,0,0,2,FuelGo Kinondoni,-6.773,39.214,Diesel,2433.0,623,0.95,1,6,February
2021-02-10,2021,2,10,Wednesday,2,0,0,2,FuelGo Kinondoni,-6.773,39.214,Diesel,2689.0,494,0.95,1,6,February
2021-02-11,2021,2,11,Thursday,3,0,0,2,FuelGo Kinondoni,-6.773,39.214,Diesel,2484.0,568,0.95,1,6,February
2021-02-12,2021,2,12,Friday,4,0,0,2,FuelGo Kinondoni,-6.773,39.214,Diesel,2377.0,549,0.95,1,6,February
2021-02-13,2021,2,13,Saturday,5,1,0,2,FuelGo Kinondoni,-6.773,39.214,Diesel,2376.0,501,0.95,1,6,February
2021-02-14,2021,2,14,Sunday,6,1,0,2,FuelGo Kinondoni,-6.773,39.214,Diesel,2426.0,424,0.95,1,6,February
2021-02-15,2021,2,15,Monday,0,0,0,2,FuelGo Kinondoni,-6.773,39.214,Diesel,2450.0,586,0.95,1,7,February
2021-02-16,2021,2,16,Tuesday,1,0,1,2,FuelGo Kinondoni,-6.773,39.214,Diesel,2199.0,765,0.95,1,7,February
2021-02-17,2021,2,17,Wednesday,2,0,0,2,FuelGo Kinondoni,-6.773,39.214,Diesel,2574.0,588,0.95,1,7,February
2021-02-18,2021,2,18,Thursday,3,0,0,2,FuelGo Kinondoni,-6.773,39.214,Diesel,2433.0,620,0.95,1,7,February
2021-02-19,2021,2,19,Friday,4,0,0,2,FuelGo Kinondoni,-6.773,39.214,Diesel,2129.0,628,0.95,1,7,February
2021-02-20,2021,2,20,Saturday,5,1,0,2,FuelGo Kinondoni,-6.773,39.214,Diesel,2504.0,425,0.95,1,7,February
2021-02-21,2021,2,21,Sunday,6,1,0,2,FuelGo Kinondoni,-6.773,39.214,Diesel,2411.0,422,0.95,1,7,February
2021-02-22,2021,2,22,Monday,0,0,0,2,FuelGo Kinondoni,-6.773,39.214,Diesel,2492.0,483,0.95,1,8,February
2021-02-23,2021,2,23,Tuesday,1,0,0,2,FuelGo Kinondoni,-6.773,39.214,Diesel,2949.0,504,0.95,1,8,February
2021-02-24,2021,2,24,Wednesday,2,0,0,2,FuelGo Kinondoni,-6.773,39.214,Diesel,2623.0,633,0.95,1,8,February
2021-02-25,2021,2,25,Thursday,3,0,0,2,FuelGo Kinondoni,-6.773,39.214,Diesel,2711.0,529,0.95,1,8,February
2021-02-26,2021,2,26,Friday,4,0,0,2,FuelGo Kinondoni,-6.773,39.214,Diesel,2404.0,635,0.95,1,8,February
2021-02-27,2021,2,27,Saturday,5,1,0,2,FuelGo Kinondoni,-6.773,39.214,Diesel,2247.0,505,0.95,1,8,February
2021-02-28,2021,2,28,Sunday,6,1,0,2,FuelGo Kinondoni,-6.773,39.214,Diesel,2329.0,420,0.95,1,8,February
2021-03-01,2021,3,1,Monday,0,0,0,2,FuelGo Kinondoni,-6.773,39.214,Diesel,2302.0,438,0.88,1,9,March
2021-03-02,2021,3,2,Tuesday,1,0,0,2,FuelGo Kinondoni,-6.773,39.214,Diesel,2543.0,553,0.88,1,9,March
2021-03-03,2021,3,3,Wednesday,2,0,0,2,FuelGo Kinondoni,-6.773,39.214,Diesel,2234.0,557,0.88,1,9,March
2021-03-04,2021,3,4,Thursday,3,0,0,2,FuelGo Kinondoni,-6.773,39.214,Diesel,2501.0,506,0.88,1,9,March
2021-03-05,2021,3,5,Friday,4,0,0,2,FuelGo Kinondoni,-6.773,39.214,Diesel,2618.0,416,0.88,1,9,March
2021-03-06,2021,3,6,Saturday,5,1,0,2,FuelGo Kinondoni,-6.773,39.214,Diesel,2465.0,547,0.88,1,9,March
2021-03-07,2021,3,7,Sunday,6,1,0,2,FuelGo Kinondoni,-6.773,39.214,Diesel,2295.0,424,0.88,1,9,March
2021-03-08,2021,3,8,Monday,0,0,0,2,FuelGo Kinondoni,-6.773,39.214,Diesel,2191.0,441,0.88,1,10,March
2021-03-09,2021,3,9,Tuesday,1,0,0,2,FuelGo Kinondoni,-6.773,39.214,Diesel,2663.0,426,0.88,1,10,March
2021-03-10,2021,3,10,Wednesday,2,0,0,2,FuelGo Kinondoni,-6.773,39.214,Diesel,2631.0,438,0.88,1,10,March
2021-03-11,2021,3,11,Thursday,3,0,0,2,FuelGo Kinondoni,-6.773,39.214,Diesel,2293.0,477,0.88,1,10,March
2021-03-12,2021,3,12,Friday,4,0,0,2,FuelGo Kinondoni,-6.773,39.214,Diesel,2510.0,517,0.88,1,10,March
2021-03-13,2021,3,13,Saturday,5,1,0,2,FuelGo Kinondoni,-6.773,39.214,Diesel,2361.0,476,0.88,1,10,March
2021-03-14,2021,3,14,Sunday,6,1,0,2,FuelGo Kinondoni,-6.773,39.214,Diesel,2213.0,417,0.88,1,10,March
2021-03-15,2021,3,15,Monday,0,0,0,2,FuelGo Kinondoni,-6.773,39.214,Diesel,2379.0,526,0.88,1,11,March
2021-03-16,2021,3,16,Tuesday,1,0,0,2,FuelGo Kinondoni,-6.773,39.214,Diesel,2548.0,446,0.88,1,11,March
2021-03-17,2021,3,17,Wednesday,2,0,0,2,FuelGo Kinondoni,-6.773,39.214,Diesel,2276.0,511,0.88,1,11,March
2021-03-18,2021,3,18,Thursday,3,0,0,2,FuelGo Kinondoni,-6.773,39.214,Diesel,2272.0,663,0.88,1,11,March
2021-03-19,2021,3,19,Friday,4,0,0,2,FuelGo Kinondoni,-6.773,39.214,Diesel,2649.0,599,0.88,1,11,March
2021-03-20,2021,3,20,Saturday,5,1,0,2,FuelGo Kinondoni,-6.773,39.214,Diesel,2497.0,391,0.88,1,11,March
2021-03-21,2021,3,21,Sunday,6,1,0,2,FuelGo Kinondoni,-6.773,39.214,Diesel,2519.0,361,0.88,1,11,March
2021-03-22,2021,3,22,Monday,0,0,0,2,FuelGo Kinondoni,-6.773,39.214,Diesel,2322.0,538,0.88,1,12,March
2021-03-23,2021,3,23,Tuesday,1,0,0,2,FuelGo Kinondoni,-6.773,39.214,Diesel,2464.0,449,0.88,1,12,March
2021-03-24,2021,3,24,Wednesday,2,0,0,2,FuelGo Kinondoni,-6.773,39.214,Diesel,2420.0,478,0.88,1,12,March
2021-03-25,2021,3,25,Thursday,3,0,0,2,FuelGo Kinondoni,-6.773,39.214,Diesel,2435.0,555,0.88,1,12,March
2021-03-26,2021,3,26,Friday,4,0,1,2,FuelGo Kinondoni,-6.773,39.214,Diesel,2290.0,759,0.88,1,12,March
2021-03-27,2021,3,27,Saturday,5,1,0,2,FuelGo Kinondoni,-6.773,39.214,Diesel,2435.0,396,0.88,1,12,March
2021-03-28,2021,3,28,Sunday,6,1,0,2,FuelGo Kinondoni,-6.773,39.214,Diesel,2085.0,473,0.88,1,12,March
2021-03-29,2021,3,29,Monday,0,0,0,2,FuelGo Kinondoni,-6.773,39.214,Diesel,2651.0,446,0.88,1,13,March
2021-03-30,2021,3,30,Tuesday,1,0,0,2,FuelGo Kinondoni,-6.773,39.214,Diesel,2490.0,474,0.88,1,13,March
2021-03-31,2021,3,31,Wednesday,2,0,0,2,FuelGo Kinondoni,-6.773,39.214,Diesel,2643.0,451,0.88,1,13,March
2021-04-01,2021,4,1,Thursday,3,0,0,2,FuelGo Kinondoni,-6.773,39.214,Diesel,2688.0,432,0.85,2,13,April
2021-04-02,2021,4,2,Friday,4,0,0,2,FuelGo Kinondoni,-6.773,39.214,Diesel,2733.0,435,0.85,2,13,April
2021-04-03,2021,4,3,Saturday,5,1,0,2,FuelGo Kinondoni,-6.773,39.214,Diesel,2413.0,398,0.85,2,13,April
2021-04-04,2021,4,4,Sunday,6,1,0,2,FuelGo Kinondoni,-6.773,39.214,Diesel,2528.0,323,0.85,2,13,April
2021-04-05,2021,4,5,Monday,0,0,0,2,FuelGo Kinondoni,-6.773,39.214,Diesel,2744.0,401,0.85,2,14,April
2021-04-06,2021,4,6,Tuesday,1,0,0,2,FuelGo Kinondoni,-6.773,39.214,Diesel,2289.0,583,0.85,2,14,April
2021-04-07,2021,4,7,Wednesday,2,0,1,2,FuelGo Kinondoni,-6.773,39.214,Diesel,2530.0,511,0.85,2,14,April
2021-04-08,2021,4,8,Thursday,3,0,0,2,FuelGo Kinondoni,-6.773,39.214,Diesel,2370.0,587,0.85,2,14,April
2021-04-09,2021,4,9,Friday,4,0,0,2,FuelGo Kinondoni,-6.773,39.214,Diesel,2444.0,525,0.85,2,14,April
2021-04-10,2021,4,10,Saturday,5,1,0,2,FuelGo Kinondoni,-6.773,39.214,Diesel,2306.0,440,0.85,2,14,April
2021-04-11,2021,4,11,Sunday,6,1,0,2,FuelGo Kinondoni,-6.773,39.214,Diesel,2495.0,365,0.85,2,14,April
2021-04-12,2021,4,12,Monday,0,0,0,2,FuelGo Kinondoni,-6.773,39.214,Diesel,2042.0,544,0.85,2,15,April
2021-04-13,2021,4,13,Tuesday,1,0,0,2,FuelGo Kinondoni,-6.773,39.214,Diesel,2361.0,516,0.85,2,15,April
2021-04-14,2021,4,14,Wednesday,2,0,0,2,FuelGo Kinondoni,-6.773,39.214,Diesel,2685.0,432,0.85,2,15,April
2021-04-15,2021,4,15,Thursday,3,0,0,2,FuelGo Kinondoni,-6.773,39.214,Diesel,2696.0,520,0.85,2,15,April
2021-04-16,2021,4,16,Friday,4,0,0,2,FuelGo Kinondoni,-6.773,39.214,Diesel,2545.0,477,0.85,2,15,April
2021-04-17,2021,4,17,Saturday,5,1,0,2,FuelGo Kinondoni,-6.773,39.214,Diesel,2456.0,391,0.85,2,15,April
2021-04-18,2021,4,18,Sunday,6,1,0,2,FuelGo Kinondoni,-6.773,39.214,Diesel,2325.0,390,0.85,2,15,April
2021-04-19,2021,4,19,Monday,0,0,0,2,FuelGo Kinondoni,-6.773,39.214,Diesel,2705.0,451,0.85,2,16,April
2021-04-20,2021,4,20,Tuesday,1,0,0,2,FuelGo Kinondoni,-6.773,39.214,Diesel,2609.0,436,0.85,2,16,April
2021-04-21,2021,4,21,Wednesday,2,0,0,2,FuelGo Kinondoni,-6.773,39.214,Diesel,2646.0,437,0.85,2,16,April
2021-04-22,2021,4,22,Thursday,3,0,0,2,FuelGo Kinondoni,-6.773,39.214,Diesel,2506.0,488,0.85,2,16,April
2021-04-23,2021,4,23,Friday,4,0,0,2,FuelGo Kinondoni,-6.773,39.214,Diesel,2470.0,457,0.85,2,16,April
2021-04-24,2021,4,24,Saturday,5,1,0,2,FuelGo Kinondoni,-6.773,39.214,Diesel,2660.0,386,0.85,2,16,April
2021-04-25,2021,4,25,Sunday,6,1,0,2,FuelGo Kinondoni,-6.773,39.214,Diesel,2322.0,403,0.85,2,16,April
2021-04-26,2021,4,26,Monday,0,0,1,2,FuelGo Kinondoni,-6.773,39.214,Diesel,2447.0,652,0.85,2,17,April
2021-04-27,2021,4,27,Tuesday,1,0,0,2,FuelGo Kinondoni,-6.773,39.214,Diesel,2596.0,585,0.85,2,17,April
2021-04-28,2021,4,28,Wednesday,2,0,0,2,FuelGo Kinondoni,-6.773,39.214,Diesel,2490.0,525,0.85,2,17,April
2021-04-29,2021,4,29,Thursday,3,0,0,2,FuelGo Kinondoni,-6.773,39.214,Diesel,2595.0,440,0.85,2,17,April
2021-04-30,2021,4,30,Friday,4,0,0,2,FuelGo Kinondoni,-6.773,39.214,Diesel,2292.0,549,0.85,2,17,April
2021-05-01,2021,5,1,Saturday,5,1,1,2,FuelGo Kinondoni,-6.773,39.214,Diesel,2679.0,514,0.9,2,17,May
2021-05-02,2021,5,2,Sunday,6,1,0,2,FuelGo Kinondoni,-6.773,39.214,Diesel,2414.0,458,0.9,2,17,May
2021-05-03,2021,5,3,Monday,0,0,0,2,FuelGo Kinondoni,-6.773,39.214,Diesel,2523.0,542,0.9,2,18,May
2021-05-04,2021,5,4,Tuesday,1,0,0,2,FuelGo Kinondoni,-6.773,39.214,Diesel,2396.0,485,0.9,2,18,May
2021-05-05,2021,5,5,Wednesday,2,0,0,2,FuelGo Kinondoni,-6.773,39.214,Diesel,2631.0,551,0.9,2,18,May
2021-05-06,2021,5,6,Thursday,3,0,0,2,FuelGo Kinondoni,-6.773,39.214,Diesel,2353.0,458,0.9,2,18,May
2021-05-07,2021,5,7,Friday,4,0,0,2,FuelGo Kinondoni,-6.773,39.214,Diesel,2734.0,403,0.9,2,18,May
2021-05-08,2021,5,8,Saturday,5,1,0,2,FuelGo Kinondoni,-6.773,39.214,Diesel,2432.0,496,0.9,2,18,May
2021-05-09,2021,5,9,Sunday,6,1,0,2,FuelGo Kinondoni,-6.773,39.214,Diesel,2652.0,253,0.9,2,18,May
2021-05-10,2021,5,10,Monday,0,0,0,2,FuelGo Kinondoni,-6.773,39.214,Diesel,2408.0,533,0.9,2,19,May
2021-05-11,2021,5,11,Tuesday,1,0,0,2,FuelGo Kinondoni,-6.773,39.214,Diesel,2563.0,562,0.9,2,19,May
2021-05-12,2021,5,12,Wednesday,2,0,0,2,FuelGo Kinondoni,-6.773,39.214,Diesel,2312.0,637,0.9,2,19,May
2021-05-13,2021,5,13,Thursday,3,0,1,2,FuelGo Kinondoni,-6.773,39.214,Diesel,2408.0,697,0.9,2,19,May
2021-05-14,2021,5,14,Friday,4,0,0,2,FuelGo Kinondoni,-6.773,39.214,Diesel,2446.0,670,0.9,2,19,May
2021-05-15,2021,5,15,Saturday,5,1,0,2,FuelGo Kinondoni,-6.773,39.214,Diesel,2560.0,376,0.9,2,19,May
2021-05-16,2021,5,16,Sunday,6,1,0,2,FuelGo Kinondoni,-6.773,39.214,Diesel,2323.0,401,0.9,2,19,May
2021-05-17,2021,5,17,Monday,0,0,0,2,FuelGo Kinondoni,-6.773,39.214,Diesel,2359.0,567,0.9,2,20,May
