analytics/fuel_demand_dataset.csv
date,year,month,day,day_of_week,day_of_week_num,is_weekend,is_holiday,station_id,station_name,station_lat,station_lng,fuel_type,price_per_litre,demand_litres,seasonal_factor,quarter,week_of_year,month_name
2021-05-18,2021,5,18,Tuesday,1,0,0,2,FuelGo Kinondoni,-6.773,39.214,Diesel,2484.0,585,0.9,2,20,May
2021-05-19,2021,5,19,Wednesday,2,0,0,2,FuelGo Kinondoni,-6.773,39.214,Diesel,2594.0,472,0.9,2,20,May
2021-05-20,2021,5,20,Thursday,3,0,0,2,FuelGo Kinondoni,-6.773,39.214,Diesel,2386.0,610,0.9,2,20,May
2021-05-21,2021,5,21,Friday,4,0,0,2,FuelGo Kinondoni,-6.773,39.214,Diesel,2574.0,490,0.9,2,20,May
2021-05-22,2021,5,22,Saturday,5,1,0,2,FuelGo Kinondoni,-6.773,39.214,Diesel,2289.0,540,0.9,2,20,May
2021-05-23,2021,5,23,Sunday,6,1,0,2,FuelGo Kinondoni,-6.773,39.214,Diesel,2399.0,409,0.9,2,20,May
2021-05-24,2021,5,24,Monday,0,0,0,2,FuelGo Kinondoni,-6.773,39.214,Diesel,2590.0,509,0.9,2,21,May
2021-05-25,2021,5,25,Tuesday,1,0,1,2,FuelGo Kinondoni,-6.773,39.214,Diesel,2564.0,704,0.9,2,21,May
2021-05-26,2021,5,26,Wednesday,2,0,0,2,FuelGo Kinondoni,-6.773,39.214,Diesel,2895.0,450,0.9,2,21,May
2021-05-27,2021,5,27,Thursday,3,0,0,2,FuelGo Kinondoni,-6.773,39.214,Diesel,2188.0,640,0.9,2,21,May
2021-05-28,2021,5,28,Friday,4,0,0,2,FuelGo Kinondoni,-6.773,39.214,Diesel,2054.0,619,0.9,2,21,May
2021-05-29,2021,5,29,Saturday,5,1,0,2,FuelGo Kinondoni,-6.773,39.214,Diesel,2263.0,479,0.9,2,21,May
2021-05-30,2021,5,30,Sunday,6,1,0,2,FuelGo Kinondoni,-6.773,39.214,Diesel,2477.0,360,0.9,2,21,May
2021-05-31,2021,5,31,Monday,0,0,0,2,FuelGo Kinondoni,-6.773,39.214,Diesel,2725.0,453,0.9,2,22,May
2021-06-01,2021,6,1,Tuesday,1,0,0,2,FuelGo Kinondoni,-6.773,39.214,Diesel,2341.0,490,1.05,2,22,June
2021-06-02,2021,6,2,Wednesday,2,0,0,2,FuelGo Kinondoni,-6.773,39.214,Diesel,2501.0,576,1.05,2,22,June
2021-06-03,2021,6,3,Thursday,3,0,0,2,FuelGo Kinondoni,-6.773,39.214,Diesel,2380.0,720,1.05,2,22,June
2021-06-04,2021,6,4,Friday,4,0,0,2,FuelGo Kinondoni,-6.773,39.214,Diesel,2424.0,573,1.05,2,22,June
2021-06-05,2021,6,5,Saturday,5,1,0,2,FuelGo Kinondoni,-6.773,39.214,Diesel,2440.0,548,1.05,2,22,June
2021-06-06,2021,6,6,Sunday,6,1,0,2,FuelGo Kinondoni,-6.773,39.214,Diesel,2577.0,405,1.05,2,22,June
2021-06-07,2021,6,7,Monday,0,0,0,2,FuelGo Kinondoni,-6.773,39.214,Diesel,2300.0,586,1.05,2,23,June
2021-06-08,2021,6,8,Tuesday,1,0,0,2,FuelGo Kinondoni,-6.773,39.214,Diesel,2596.0,658,1.05,2,23,June
2021-06-09,2021,6,9,Wednesday,2,0,0,2,FuelGo Kinondoni,-6.773,39.214,Diesel,2461.0,652,1.05,2,23,June
2021-06-10,2021,6,10,Thursday,3,0,0,2,FuelGo Kinondoni,-6.773,39.214,Diesel,2614.0,616,1.05,2,23,June
2021-06-11,2021,6,11,Friday,4,0,0,2,FuelGo Kinondoni,-6.773,39.214,Diesel,2181.0,694,1.05,2,23,June
2021-06-12,2021,6,12,Saturday,5,1,0,2,FuelGo Kinondoni,-6.773,39.214,Diesel,2517.0,464,1.05,2,23,June
2021-06-13,2021,6,13,Sunday,6,1,0,2,FuelGo Kinondoni,-6.773,39.214,Diesel,2552.0,450,1.05,2,23,June
2021-06-14,2021,6,14,Monday,0,0,0,2,FuelGo Kinondoni,-6.773,39.214,Diesel,2626.0,589,1.05,2,24,June
2021-06-15,2021,6,15,Tuesday,1,0,0,2,FuelGo Kinondoni,-6.773,39.214,Diesel,2521.0,528,1.05,2,24,June
2021-06-16,2021,6,16,Wednesday,2,0,0,2,FuelGo Kinondoni,-6.773,39.214,Diesel,2946.0,549,1.05,2,24,June
2021-06-17,2021,6,17,Thursday,3,0,0,2,FuelGo Kinondoni,-6.773,39.214,Diesel,2333.0,653,1.05,2,24,June
2021-06-18,2021,6,18,Friday,4,0,0,2,FuelGo Kinondoni,-6.773,39.214,Diesel,2592.0,676,1.05,2,24,June
2021-06-19,2021,6,19,Saturday,5,1,0,2,FuelGo Kinondoni,-6.773,39.214,Diesel,2702.0,439,1.05,2,24,June
2021-06-20,2021,6,20,Sunday,6,1,0,2,FuelGo Kinondoni,-6.773,39.214,Diesel,2345.0,428,1.05,2,24,June
2021-06-21,2021,6,21,Monday,0,0,0,2,FuelGo Kinondoni,-6.773,39.214,Diesel,2486.0,585,1.05,2,25,June
2021-06-22,2021,6,22,Tuesday,1,0,0,2,FuelGo Kinondoni,-6.773,39.214,Diesel,2227.0,587,1.05,2,25,June
2021-06-23,2021,6,23,Wednesday,2,0,0,2,FuelGo Kinondoni,-6.773,39.214,Diesel,2587.0,494,1.05,2,25,June
2021-06-24,2021,6,24,Thursday,3,0,0,2,FuelGo Kinondoni,-6.773,39.214,Diesel,2646.0,551,1.05,2,25,June
2021-06-25,2021,6,25,Friday,4,0,0,2,FuelGo Kinondoni,-6.773,39.214,Diesel,2413.0,652,1.05,2,25,June
2021-06-26,2021,6,26,Saturday,5,1,0,2,FuelGo Kinondoni,-6.773,39.214,Diesel,2558.0,539,1.05,2,25,June
2021-06-27,2021,6,27,Sunday,6,1,0,2,FuelGo Kinondoni,-6.773,39.214,Diesel,2344.0,378,1.05,2,25,June
2021-06-28,2021,6,28,Monday,0,0,0,2,FuelGo Kinondoni,-6.773,39.214,Diesel,2616.0,542,1.05,2,26,June
2021-06-29,2021,6,29,Tuesday,1,0,0,2,FuelGo Kinondoni,-6.773,39.214,Diesel,2538.0,568,1.05,2,26,June
2021-06-30,2021,6,30,Wednesday,2,0,0,2,FuelGo Kinondoni,-6.773,39.214,Diesel,2465.0,573,1.05,2,26,June
2021-07-01,2021,7,1,Thursday,3,0,0,2,FuelGo Kinondoni,-6.773,39.214,Diesel,2669.0,576,1.12,3,26,July
2021-07-02,2021,7,2,Friday,4,0,0,2,FuelGo Kinondoni,-6.773,39.214,Diesel,2627.0,717,1.12,3,26,July
2021-07-03,2021,7,3,Saturday,5,1,0,2,FuelGo Kinondoni,-6.773,39.214,Diesel,2526.0,566,1.12,3,26,July
2021-07-04,2021,7,4,Sunday,6,1,0,2,FuelGo Kinondoni,-6.773,39.214,Diesel,2598.0,462,1.12,3,26,July
2021-07-05,2021,7,5,Monday,0,0,0,2,FuelGo Kinondoni,-6.773,39.214,Diesel,2368.0,611,1.12,3,27,July
2021-07-06,2021,7,6,Tuesday,1,0,0,2,FuelGo Kinondoni,-6.773,39.214,Diesel,2605.0,598,1.12,3,27,July
2021-07-07,2021,7,7,Wednesday,2,0,1,2,FuelGo Kinondoni,-6.773,39.214,Diesel,2304.0,735,1.12,3,27,July
2021-07-08,2021,7,8,Thursday,3,0,0,2,FuelGo Kinondoni,-6.773,39.214,Diesel,2535.0,811,1.12,3,27,July
2021-07-09,2021,7,9,Friday,4,0,0,2,FuelGo Kinondoni,-6.773,39.214,Diesel,2571.0,638,1.12,3,27,July
2021-07-10,2021,7,10,Saturday,5,1,0,2,FuelGo Kinondoni,-6.773,39.214,Diesel,2741.0,468,1.12,3,27,July
2021-07-11,2021,7,11,Sunday,6,1,0,2,FuelGo Kinondoni,-6.773,39.214,Diesel,2541.0,492,1.12,3,27,July
2021-07-12,2021,7,12,Monday,0,0,0,2,FuelGo Kinondoni,-6.773,39.214,Diesel,2591.0,719,1.12,3,28,July
2021-07-13,2021,7,13,Tuesday,1,0,0,2,FuelGo Kinondoni,-6.773,39.214,Diesel,2755.0,592,1.12,3,28,July
2021-07-14,2021,7,14,Wednesday,2,0,0,2,FuelGo Kinondoni,-6.773,39.214,Diesel,2667.0,671,1.12,3,28,July
2021-07-15,2021,7,15,Thursday,3,0,0,2,FuelGo Kinondoni,-6.773,39.214,Diesel,2290.0,677,1.12,3,28,July
2021-07-16,2021,7,16,Friday,4,0,0,2,FuelGo Kinondoni,-6.773,39.214,Diesel,2276.0,658,1.12,3,28,July
2021-07-17,2021,7,17,Saturday,5,1,0,2,FuelGo Kinondoni,-6.773,39.214,Diesel,1971.0,609,1.12,3,28,July
2021-07-18,2021,7,18,Sunday,6,1,0,2,FuelGo Kinondoni,-6.773,39.214,Diesel,2413.0,556,1.12,3,28,July
2021-07-19,2021,7,19,Monday,0,0,0,2,FuelGo Kinondoni,-6.773,39.214,Diesel,2536.0,736,1.12,3,29,July
2021-07-20,2021,7,20,Tuesday,1,0,1,2,FuelGo Kinondoni,-6.773,39.214,Diesel,2823.0,725,1.12,3,29,July
2021-07-21,2021,7,21,Wednesday,2,0,0,2,FuelGo Kinondoni,-6.773,39.214,Diesel,2419.0,640,1.12,3,29,July
2021-07-22,2021,7,22,Thursday,3,0,0,2,FuelGo Kinondoni,-6.773,39.214,Diesel,2486.0,632,1.12,3,29,July
2021-07-23,2021,7,23,Friday,4,0,0,2,FuelGo Kinondoni,-6.773,39.214,Diesel,2840.0,503,1.12,3,29,July
2021-07-24,2021,7,24,Saturday,5,1,0,2,FuelGo Kinondoni,-6.773,39.214,Diesel,2562.0,611,1.12,3,29,July
2021-07-25,2021,7,25,Sunday,6,1,0,2,FuelGo Kinondoni,-6.773,39.214,Diesel,2730.0,423,1.12,3,29,July
2021-07-26,2021,7,26,Monday,0,0,0,2,FuelGo Kinondoni,-6.773,39.214,Diesel,2533.0,688,1.12,3,30,July
2021-07-27,2021,7,27,Tuesday,1,0,0,2,FuelGo Kinondoni,-6.773,39.214,Diesel,2356.0,752,1.12,3,30,July
2021-07-28,2021,7,28,Wednesday,2,0,0,2,FuelGo Kinondoni,-6.773,39.214,Diesel,2620.0,682,1.12,3,30,July
2021-07-29,2021,7,29,Thursday,3,0,0,2,FuelGo Kinondoni,-6.773,39.214,Diesel,2330.0,633,1.12,3,30,July
2021-07-30,2021,7,30,Friday,4,0,0,2,FuelGo Kinondoni,-6.773,39.214,Diesel,2571.0,533,1.12,3,30,July
2021-07-31,2021,7,31,Saturday,5,1,0,2,FuelGo Kinondoni,-6.773,39.214,Diesel,2189.0,628,1.12,3,30,July
2021-08-01,2021,8,1,Sunday,6,1,0,2,FuelGo Kinondoni,-6.773,39.214,Diesel,2503.0,420,1.08,3,30,August
2021-08-02,2021,8,2,Monday,0,0,0,2,FuelGo Kinondoni,-6.773,39.214,Diesel,2533.0,639,1.08,3,31,August
2021-08-03,2021,8,3,Tuesday,1,0,0,2,FuelGo Kinondoni,-6.773,39.214,Diesel,2540.0,554,1.08,3,31,August
2021-08-04,2021,8,4,Wednesday,2,0,0,2,FuelGo Kinondoni,-6.773,39.214,Diesel,2651.0,563,1.08,3,31,August
2021-08-05,2021,8,5,Thursday,3,0,0,2,FuelGo Kinondoni,-6.773,39.214,Diesel,2546.0,568,1.08,3,31,August
2021-08-06,2021,8,6,Friday,4,0,0,2,FuelGo Kinondoni,-6.773,39.214,Diesel,2610.0,606,1.08,3,31,August
2021-08-07,2021,8,7,Saturday,5,1,0,2,FuelGo Kinondoni,-6.773,39.214,Diesel,2568.0,476,1.08,3,31,August
2021-08-08,2021,8,8,Sunday,6,1,1,2,FuelGo Kinondoni,-6.773,39.214,Diesel,2488.0,578,1.08,3,31,August
2021-08-09,2021,8,9,Monday,0,0,0,2,FuelGo Kinondoni,-6.773,39.214,Diesel,2474.0,735,1.08,3,32,August
2021-08-10,2021,8,10,Tuesday,1,0,0,2,FuelGo Kinondoni,-6.773,39.214,Diesel,2491.0,603,1.08,3,32,August
2021-08-11,2021,8,11,Wednesday,2,0,0,2,FuelGo Kinondoni,-6.773,39.214,Diesel,2475.0,623,1.08,3,32,August
2021-08-12,2021,8,12,Thursday,3,0,0,2,FuelGo Kinondoni,-6.773,39.214,Diesel,2588.0,426,1.08,3,32,August
2021-08-13,2021,8,13,Friday,4,0,0,2,FuelGo Kinondoni,-6.773,39.214,Diesel,2607.0,535,1.08,3,32,August
2021-08-14,2021,8,14,Saturday,5,1,0,2,FuelGo Kinondoni,-6.773,39.214,Diesel,2547.0,453,1.08,3,32,August
2021-01-01,2021,1,1,Friday,4,0,1,2,FuelGo Kinondoni,-6.773,39.214,Kerosene,1919.0,393,1.15,1,53,January
2021-01-02,2021,1,2,Saturday,5,1,0,2,FuelGo Kinondoni,-6.773,39.214,Kerosene,1991.0,310,1.15,1,53,January
2021-01-03,2021,1,3,Sunday,6,1,0,2,FuelGo Kinondoni,-6.773,39.214,Kerosene,1996.0,220,1.15,1,53,January
2021-01-04,2021,1,4,Monday,0,0,0,2,FuelGo Kinondoni,-6.773,39.214,Kerosene,1886.0,325,1.15,1,1,January
2021-01-05,2021,1,5,Tuesday,1,0,0,2,FuelGo Kinondoni,-6.773,39.214,Kerosene,2063.0,326,1.15,1,1,January
2021-01-06,2021,1,6,Wednesday,2,0,0,2,FuelGo Kinondoni,-6.773,39.214,Kerosene,1850.0,281,1.15,1,1,January
2021-01-07,2021,1,7,Thursday,3,0,0,2,FuelGo Kinondoni,-6.773,39.214,Kerosene,2030.0,334,1.15,1,1,January
2021-01-08,2021,1,8,Friday,4,0,0,2,FuelGo Kinondoni,-6.773,39.214,Kerosene,2052.0,351,1.15,1,1,January
2021-01-09,2021,1,9,Saturday,5,1,0,2,FuelGo Kinondoni,-6.773,39.214,Kerosene,1933.0,272,1.15,1,1,January
2021-01-10,2021,1,10,Sunday,6,1,0,2,FuelGo Kinondoni,-6.773,39.214,Kerosene,1974.0,215,1.15,1,1,January
2021-01-11,2021,1,11,Monday,0,0,0,2,FuelGo Kinondoni,-6.773,39.214,Kerosene,1968.0,330,1.15,1,2,January
2021-01-12,2021,1,12,Tuesday,1,0,1,2,FuelGo Kinondoni,-6.773,39.214,Kerosene,1854.0,412,1.15,1,2,January
2021-01-13,2021,1,13,Wednesday,2,0,0,2,FuelGo Kinondoni,-6.773,39.214,Kerosene,2022.0,375,1.15,1,2,January
2021-01-14,2021,1,14,Thursday,3,0,0,2,FuelGo Kinondoni,-6.773,39.214,Kerosene,2102.0,253,1.15,1,2,January
2021-01-15,2021,1,15,Friday,4,0,0,2,FuelGo Kinondoni,-6.773,39.214,Kerosene,2168.0,321,1.15,1,2,January
2021-01-16,2021,1,16,Saturday,5,1,0,2,FuelGo Kinondoni,-6.773,39.214,Kerosene,1815.0,297,1.15,1,2,January
2021-01-17,2021,1,17,Sunday,6,1,0,2,FuelGo Kinondoni,-6.773,39.214,Kerosene,1897.0,240,1.15,1,2,January
2021-01-18,2021,1,18,Monday,0,0,0,2,FuelGo Kinondoni,-6.773,39.214,Kerosene,1784.0,336,1.15,1,3,January
2021-01-19,2021,1,19,Tuesday,1,0,0,2,FuelGo Kinondoni,-6.773,39.214,Kerosene,2113.0,289,1.15,1,3,January
2021-01-20,2021,1,20,Wednesday,2,0,0,2,FuelGo Kinondoni,-6.773,39.214,Kerosene,2202.0,288,1.15,1,3,January
2021-01-21,2021,1,21,Thursday,3,0,0,2,FuelGo Kinondoni,-6.773,39.214,Kerosene,1899.0,268,1.15,1,3,January
2021-01-22,2021,1,22,Friday,4,0,0,2,FuelGo Kinondoni,-6.773,39.214,Kerosene,1971.0,365,1.15,1,3,January
2021-01-23,2021,1,23,Saturday,5,1,0,2,FuelGo Kinondoni,-6.773,39.214,Kerosene,2018.0,233,1.15,1,3,January
2021-01-24,2021,1,24,Sunday,6,1,0,2,FuelGo Kinondoni,-6.773,39.214,Kerosene,1979.0,218,1.15,1,3,January
2021-01-25,2021,1,25,Monday,0,0,0,2,FuelGo Kinondoni,-6.773,39.214,Kerosene,1990.0,259,1.15,1,4,January
2021-01-26,2021,1,26,Tuesday,1,0,0,2,FuelGo Kinondoni,-6.773,39.214,Kerosene,1908.0,333,1.15,1,4,January
2021-01-27,2021,1,27,Wednesday,2,0,0,2,FuelGo Kinondoni,-6.773,39.214,Kerosene,1982.0,263,1.15,1,4,January
2021-01-28,2021,1,28,Thursday,3,0,0,2,FuelGo Kinondoni,-6.773,39.214,Kerosene,1836.0,346,1.15,1,4,January
2021-01-29,2021,1,29,Friday,4,0,0,2,FuelGo Kinondoni,-6.773,39.214,Kerosene,2059.0,278,1.15,1,4,January
2021-01-30,2021,1,30,Saturday,5,1,0,2,FuelGo Kinondoni,-6.773,39.214,Kerosene,1941.0,262,1.15,1,4,January
2021-01-31,2021,1,31,Sunday,6,1,0,2,FuelGo Kinondoni,-6.773,39.214,Kerosene,2057.0,231,1.15,1,4,January
2021-02-01,2021,2,1,Monday,0,0,0,2,FuelGo Kinondoni,-6.773,39.214,Kerosene,1939.0,281,0.95,1,5,February
2021-02-02,2021,2,2,Tuesday,1,0,0,2,FuelGo Kinondoni,-6.773,39.214,Kerosene,1955.0,274,0.95,1,5,February
2021-02-03,2021,2,3,Wednesday,2,0,0,2,FuelGo Kinondoni,-6.773,39.214,Kerosene,1783.0,317,0.95,1,5,February
2021-02-04,2021,2,4,Thursday,3,0,0,2,FuelGo Kinondoni,-6.773,39.214,Kerosene,2030.0,241,0.95,1,5,February
2021-02-05,2021,2,5,Friday,4,0,0,2,FuelGo Kinondoni,-6.773,39.214,Kerosene,2077.0,250,0.95,1,5,February
2021-02-06,2021,2,6,Saturday,5,1,0,2,FuelGo Kinondoni,-6.773,39.214,Kerosene,1928.0,196,0.95,1,5,February
2021-02-07,2021,2,7,Sunday,6,1,0,2,FuelGo Kinondoni,-6.773,39.214,Kerosene,1900.0,188,0.95,1,5,February
2021-02-08,2021,2,8,Monday,0,0,0,2,FuelGo Kinondoni,-6.773,39.214,Kerosene,2045.0,254,0.95,1,6,February
2021-02-09,2021,2,9,Tuesday,1,0,0,2,FuelGo Kinondoni,-6.773,39.214,Kerosene,1886.0,300,0.95,1,6,February
2021-02-10,2021,2,10,Wednesday,2,0,0,2,FuelGo Kinondoni,-6.773,39.214,Kerosene,2056.0,242,0.95,1,6,February
2021-02-11,2021,2,11,Thursday,3,0,0,2,FuelGo Kinondoni,-6.773,39.214,Kerosene,2061.0,250,0.95,1,6,February
2021-02-12,2021,2,12,Friday,4,0,0,2,FuelGo Kinondoni,-6.773,39.214,Kerosene,2015.0,268,0.95,1,6,February
2021-02-13,2021,2,13,Saturday,5,1,0,2,FuelGo Kinondoni,-6.773,39.214,Kerosene,1974.0,219,0.95,1,6,February
2021-02-14,2021,2,14,Sunday,6,1,0,2,FuelGo Kinondoni,-6.773,39.214,Kerosene,2092.0,188,0.95,1,6,February
2021-02-15,2021,2,15,Monday,0,0,0,2,FuelGo Kinondoni,-6.773,39.214,Kerosene,2050.0,257,0.95,1,7,February
2021-02-16,2021,2,16,Tuesday,1,0,1,2,FuelGo Kinondoni,-6.773,39.214,Kerosene,2047.0,292,0.95,1,7,February
2021-02-17,2021,2,17,Wednesday,2,0,0,2,FuelGo Kinondoni,-6.773,39.214,Kerosene,2135.0,232,0.95,1,7,February
2021-02-18,2021,2,18,Thursday,3,0,0,2,FuelGo Kinondoni,-6.773,39.214,Kerosene,2031.0,240,0.95,1,7,February
2021-02-19,2021,2,19,Friday,4,0,0,2,FuelGo Kinondoni,-6.773,39.214,Kerosene,2048.0,261,0.95,1,7,February
2021-02-20,2021,2,20,Saturday,5,1,0,2,FuelGo Kinondoni,-6.773,39.214,Kerosene,2097.0,205,0.95,1,7,February
2021-02-21,2021,2,21,Sunday,6,1,0,2,FuelGo Kinondoni,-6.773,39.214,Kerosene,2046.0,155,0.95,1,7,February
2021-02-22,2021,2,22,Monday,0,0,0,2,FuelGo Kinondoni,-6.773,39.214,Kerosene,1946.0,254,0.95,1,8,February
2021-02-23,2021,2,23,Tuesday,1,0,0,2,FuelGo Kinondoni,-6.773,39.214,Kerosene,2139.0,198,0.95,1,8,February
2021-02-24,2021,2,24,Wednesday,2,0,0,2,FuelGo Kinondoni,-6.773,39.214,Kerosene,2207.0,210,0.95,1,8,February
2021-02-25,2021,2,25,Thursday,3,0,0,2,FuelGo Kinondoni,-6.773,39.214,Kerosene,1893.0,318,0.95,1,8,February
2021-02-26,2021,2,26,Friday,4,0,0,2,FuelGo Kinondoni,-6.773,39.214,Kerosene,2012.0,263,0.95,1,8,February
2021-02-27,2021,2,27,Saturday,5,1,0,2,FuelGo Kinondoni,-6.773,39.214,Kerosene,2112.0,225,0.95,1,8,February
2021-02-28,2021,2,28,Sunday,6,1,0,2,FuelGo Kinondoni,-6.773,39.214,Kerosene,2038.0,176,0.95,1,8,February
2021-03-01,2021,3,1,Monday,0,0,0,2,FuelGo Kinondoni,-6.773,39.214,Kerosene,2148.0,225,0.88,1,9,March
2021-03-02,2021,3,2,Tuesday,1,0,0,2,FuelGo Kinondoni,-6.773,39.214,Kerosene,2129.0,227,0.88,1,9,March
2021-03-03,2021,3,3,Wednesday,2,0,0,2,FuelGo Kinondoni,-6.773,39.214,Kerosene,2108.0,207,0.88,1,9,March
2021-03-04,2021,3,4,Thursday,3,0,0,2,FuelGo Kinondoni,-6.773,39.214,Kerosene,2059.0,236,0.88,1,9,March
2021-03-05,2021,3,5,Friday,4,0,0,2,FuelGo Kinondoni,-6.773,39.214,Kerosene,2050.0,221,0.88,1,9,March
2021-03-06,2021,3,6,Saturday,5,1,0,2,FuelGo Kinondoni,-6.773,39.214,Kerosene,2063.0,220,0.88,1,9,March
2021-03-07,2021,3,7,Sunday,6,1,0,2,FuelGo Kinondoni,-6.773,39.214,Kerosene,2021.0,160,0.88,1,9,March
2021-03-08,2021,3,8,Monday,0,0,0,2,FuelGo Kinondoni,-6.773,39.214,Kerosene,1997.0,208,0.88,1,10,March
2021-03-09,2021,3,9,Tuesday,1,0,0,2,FuelGo Kinondoni,-6.773,39.214,Kerosene,2038.0,198,0.88,1,10,March
2021-03-10,2021,3,10,Wednesday,2,0,0,2,FuelGo Kinondoni,-6.773,39.214,Kerosene,2209.0,203,0.88,1,10,March
2021-03-11,2021,3,11,Thursday,3,0,0,2,FuelGo Kinondoni,-6.773,39.214,Kerosene,1873.0,224,0.88,1,10,March
2021-03-12,2021,3,12,Friday,4,0,0,2,FuelGo Kinondoni,-6.773,39.214,Kerosene,1926.0,248,0.88,1,10,March
2021-03-13,2021,3,13,Saturday,5,1,0,2,FuelGo Kinondoni,-6.773,39.214,Kerosene,2023.0,181,0.88,1,10,March
2021-03-14,2021,3,14,Sunday,6,1,0,2,FuelGo Kinondoni,-6.773,39.214,Kerosene,2080.0,171,0.88,1,10,March
2021-03-15,2021,3,15,Monday,0,0,0,2,FuelGo Kinondoni,-6.773,39.214,Kerosene,2124.0,194,0.88,1,11,March
2021-03-16,2021,3,16,Tuesday,1,0,0,2,FuelGo Kinondoni,-6.773,39.214,Kerosene,2004.0,265,0.88,1,11,March
2021-03-17,2021,3,17,Wednesday,2,0,0,2,FuelGo Kinondoni,-6.773,39.214,Kerosene,2049.0,233,0.88,1,11,March
2021-03-18,2021,3,18,Thursday,3,0,0,2,FuelGo Kinondoni,-6.773,39.214,Kerosene,2260.0,205,0.88,1,11,March
2021-03-19,2021,3,19,Friday,4,0,0,2,FuelGo Kinondoni,-6.773,39.214,Kerosene,1680.0,294,0.88,1,11,March
2021-03-20,2021,3,20,Saturday,5,1,0,2,FuelGo Kinondoni,-6.773,39.214,Kerosene,1926.0,232,0.88,1,11,March
2021-03-21,2021,3,21,Sunday,6,1,0,2,FuelGo Kinondoni,-6.773,39.214,Kerosene,2273.0,167,0.88,1,11,March
2021-03-22,2021,3,22,Monday,0,0,0,2,FuelGo Kinondoni,-6.773,39.214,Kerosene,1896.0,203,0.88,1,12,March
2021-03-23,2021,3,23,Tuesday,1,0,0,2,FuelGo Kinondoni,-6.773,39.214,Kerosene,2164.0,218,0.88,1,12,March
2021-03-24,2021,3,24,Wednesday,2,0,0,2,FuelGo Kinondoni,-6.773,39.214,Kerosene,1992.0,205,0.88,1,12,March
