analytics/fuel_demand_dataset.csv
date,year,month,day,day_of_week,day_of_week_num,is_weekend,is_holiday,station_id,station_name,station_lat,station_lng,fuel_type,price_per_litre,demand_litres,seasonal_factor,quarter,week_of_year,month_name
2021-03-25,2021,3,25,Thursday,3,0,0,2,FuelGo Kinondoni,-6.773,39.214,Kerosene,1880.0,221,0.88,1,12,March
2021-03-26,2021,3,26,Friday,4,0,1,2,FuelGo Kinondoni,-6.773,39.214,Kerosene,1949.0,331,0.88,1,12,March
2021-03-27,2021,3,27,Saturday,5,1,0,2,FuelGo Kinondoni,-6.773,39.214,Kerosene,1920.0,208,0.88,1,12,March
2021-03-28,2021,3,28,Sunday,6,1,0,2,FuelGo Kinondoni,-6.773,39.214,Kerosene,2006.0,160,0.88,1,12,March
2021-03-29,2021,3,29,Monday,0,0,0,2,FuelGo Kinondoni,-6.773,39.214,Kerosene,2296.0,208,0.88,1,13,March
2021-03-30,2021,3,30,Tuesday,1,0,0,2,FuelGo Kinondoni,-6.773,39.214,Kerosene,1898.0,303,0.88,1,13,March
2021-03-31,2021,3,31,Wednesday,2,0,0,2,FuelGo Kinondoni,-6.773,39.214,Kerosene,1915.0,214,0.88,1,13,March
2021-04-01,2021,4,1,Thursday,3,0,0,2,FuelGo Kinondoni,-6.773,39.214,Kerosene,2016.0,217,0.85,2,13,April
2021-04-02,2021,4,2,Friday,4,0,0,2,FuelGo Kinondoni,-6.773,39.214,Kerosene,2250.0,212,0.85,2,13,April
2021-04-03,2021,4,3,Saturday,5,1,0,2,FuelGo Kinondoni,-6.773,39.214,Kerosene,2003.0,215,0.85,2,13,April
2021-04-04,2021,4,4,Sunday,6,1,0,2,FuelGo Kinondoni,-6.773,39.214,Kerosene,2103.0,170,0.85,2,13,April
2021-04-05,2021,4,5,Monday,0,0,0,2,FuelGo Kinondoni,-6.773,39.214,Kerosene,2099.0,225,0.85,2,14,April
2021-04-06,2021,4,6,Tuesday,1,0,0,2,FuelGo Kinondoni,-6.773,39.214,Kerosene,2170.0,249,0.85,2,14,April
2021-04-07,2021,4,7,Wednesday,2,0,1,2,FuelGo Kinondoni,-6.773,39.214,Kerosene,2226.0,238,0.85,2,14,April
2021-04-08,2021,4,8,Thursday,3,0,0,2,FuelGo Kinondoni,-6.773,39.214,Kerosene,2191.0,227,0.85,2,14,April
2021-04-09,2021,4,9,Friday,4,0,0,2,FuelGo Kinondoni,-6.773,39.214,Kerosene,2108.0,204,0.85,2,14,April
2021-04-10,2021,4,10,Saturday,5,1,0,2,FuelGo Kinondoni,-6.773,39.214,Kerosene,1916.0,183,0.85,2,14,April
2021-04-11,2021,4,11,Sunday,6,1,0,2,FuelGo Kinondoni,-6.773,39.214,Kerosene,1970.0,177,0.85,2,14,April
2021-04-12,2021,4,12,Monday,0,0,0,2,FuelGo Kinondoni,-6.773,39.214,Kerosene,1852.0,247,0.85,2,15,April
2021-04-13,2021,4,13,Tuesday,1,0,0,2,FuelGo Kinondoni,-6.773,39.214,Kerosene,2074.0,206,0.85,2,15,April
2021-04-14,2021,4,14,Wednesday,2,0,0,2,FuelGo Kinondoni,-6.773,39.214,Kerosene,2043.0,223,0.85,2,15,April
2021-04-15,2021,4,15,Thursday,3,0,0,2,FuelGo Kinondoni,-6.773,39.214,Kerosene,2001.0,229,0.85,2,15,April
2021-04-16,2021,4,16,Friday,4,0,0,2,FuelGo Kinondoni,-6.773,39.214,Kerosene,2019.0,220,0.85,2,15,April
2021-04-17,2021,4,17,Saturday,5,1,0,2,FuelGo Kinondoni,-6.773,39.214,Kerosene,2030.0,219,0.85,2,15,April
2021-04-18,2021,4,18,Sunday,6,1,0,2,FuelGo Kinondoni,-6.773,39.214,Kerosene,2068.0,150,0.85,2,15,April
2021-04-19,2021,4,19,Monday,0,0,0,2,FuelGo Kinondoni,-6.773,39.214,Kerosene,2214.0,202,0.85,2,16,April
2021-04-20,2021,4,20,Tuesday,1,0,0,2,FuelGo Kinondoni,-6.773,39.214,Kerosene,2000.0,187,0.85,2,16,April
2021-04-21,2021,4,21,Wednesday,2,0,0,2,FuelGo Kinondoni,-6.773,39.214,Kerosene,2072.0,227,0.85,2,16,April
2021-04-22,2021,4,22,Thursday,3,0,0,2,FuelGo Kinondoni,-6.773,39.214,Kerosene,2060.0,207,0.85,2,16,April
2021-04-23,2021,4,23,Friday,4,0,0,2,FuelGo Kinondoni,-6.773,39.214,Kerosene,1911.0,238,0.85,2,16,April
2021-04-24,2021,4,24,Saturday,5,1,0,2,FuelGo Kinondoni,-6.773,39.214,Kerosene,1991.0,197,0.85,2,16,April
2021-04-25,2021,4,25,Sunday,6,1,0,2,FuelGo Kinondoni,-6.773,39.214,Kerosene,2060.0,164,0.85,2,16,April
2021-04-26,2021,4,26,Monday,0,0,1,2,FuelGo Kinondoni,-6.773,39.214,Kerosene,2107.0,226,0.85,2,17,April
2021-04-27,2021,4,27,Tuesday,1,0,0,2,FuelGo Kinondoni,-6.773,39.214,Kerosene,2055.0,258,0.85,2,17,April
2021-04-28,2021,4,28,Wednesday,2,0,0,2,FuelGo Kinondoni,-6.773,39.214,Kerosene,2077.0,212,0.85,2,17,April
2021-04-29,2021,4,29,Thursday,3,0,0,2,FuelGo Kinondoni,-6.773,39.214,Kerosene,2098.0,207,0.85,2,17,April
2021-04-30,2021,4,30,Friday,4,0,0,2,FuelGo Kinondoni,-6.773,39.214,Kerosene,2121.0,240,0.85,2,17,April
2021-05-01,2021,5,1,Saturday,5,1,1,2,FuelGo Kinondoni,-6.773,39.214,Kerosene,2244.0,223,0.9,2,17,May
2021-05-02,2021,5,2,Sunday,6,1,0,2,FuelGo Kinondoni,-6.773,39.214,Kerosene,2168.0,154,0.9,2,17,May
2021-05-03,2021,5,3,Monday,0,0,0,2,FuelGo Kinondoni,-6.773,39.214,Kerosene,1887.0,198,0.9,2,18,May
2021-05-04,2021,5,4,Tuesday,1,0,0,2,FuelGo Kinondoni,-6.773,39.214,Kerosene,2116.0,245,0.9,2,18,May
2021-05-05,2021,5,5,Wednesday,2,0,0,2,FuelGo Kinondoni,-6.773,39.214,Kerosene,1833.0,271,0.9,2,18,May
2021-05-06,2021,5,6,Thursday,3,0,0,2,FuelGo Kinondoni,-6.773,39.214,Kerosene,2138.0,179,0.9,2,18,May
2021-05-07,2021,5,7,Friday,4,0,0,2,FuelGo Kinondoni,-6.773,39.214,Kerosene,2033.0,265,0.9,2,18,May
2021-05-08,2021,5,8,Saturday,5,1,0,2,FuelGo Kinondoni,-6.773,39.214,Kerosene,1970.0,202,0.9,2,18,May
2021-05-09,2021,5,9,Sunday,6,1,0,2,FuelGo Kinondoni,-6.773,39.214,Kerosene,2200.0,145,0.9,2,18,May
2021-05-10,2021,5,10,Monday,0,0,0,2,FuelGo Kinondoni,-6.773,39.214,Kerosene,2134.0,221,0.9,2,19,May
2021-05-11,2021,5,11,Tuesday,1,0,0,2,FuelGo Kinondoni,-6.773,39.214,Kerosene,2214.0,224,0.9,2,19,May
2021-05-12,2021,5,12,Wednesday,2,0,0,2,FuelGo Kinondoni,-6.773,39.214,Kerosene,1993.0,280,0.9,2,19,May
2021-05-13,2021,5,13,Thursday,3,0,1,2,FuelGo Kinondoni,-6.773,39.214,Kerosene,1980.0,303,0.9,2,19,May
2021-05-14,2021,5,14,Friday,4,0,0,2,FuelGo Kinondoni,-6.773,39.214,Kerosene,2135.0,296,0.9,2,19,May
2021-05-15,2021,5,15,Saturday,5,1,0,2,FuelGo Kinondoni,-6.773,39.214,Kerosene,2021.0,216,0.9,2,19,May
2021-05-16,2021,5,16,Sunday,6,1,0,2,FuelGo Kinondoni,-6.773,39.214,Kerosene,2011.0,166,0.9,2,19,May
2021-05-17,2021,5,17,Monday,0,0,0,2,FuelGo Kinondoni,-6.773,39.214,Kerosene,2084.0,224,0.9,2,20,May
2021-05-18,2021,5,18,Tuesday,1,0,0,2,FuelGo Kinondoni,-6.773,39.214,Kerosene,2167.0,238,0.9,2,20,May
2021-05-19,2021,5,19,Wednesday,2,0,0,2,FuelGo Kinondoni,-6.773,39.214,Kerosene,2020.0,235,0.9,2,20,May
2021-05-20,2021,5,20,Thursday,3,0,0,2,FuelGo Kinondoni,-6.773,39.214,Kerosene,2006.0,216,0.9,2,20,May
2021-05-21,2021,5,21,Friday,4,0,0,2,FuelGo Kinondoni,-6.773,39.214,Kerosene,1985.0,289,0.9,2,20,May
2021-05-22,2021,5,22,Saturday,5,1,0,2,FuelGo Kinondoni,-6.773,39.214,Kerosene,2089.0,177,0.9,2,20,May
2021-05-23,2021,5,23,Sunday,6,1,0,2,FuelGo Kinondoni,-6.773,39.214,Kerosene,1836.0,184,0.9,2,20,May
2021-05-24,2021,5,24,Monday,0,0,0,2,FuelGo Kinondoni,-6.773,39.214,Kerosene,1959.0,269,0.9,2,21,May
2021-05-25,2021,5,25,Tuesday,1,0,1,2,FuelGo Kinondoni,-6.773,39.214,Kerosene,2082.0,298,0.9,2,21,May
2021-05-26,2021,5,26,Wednesday,2,0,0,2,FuelGo Kinondoni,-6.773,39.214,Kerosene,1895.0,287,0.9,2,21,May
2021-05-27,2021,5,27,Thursday,3,0,0,2,FuelGo Kinondoni,-6.773,39.214,Kerosene,2211.0,229,0.9,2,21,May
2021-05-28,2021,5,28,Friday,4,0,0,2,FuelGo Kinondoni,-6.773,39.214,Kerosene,1866.0,266,0.9,2,21,May
2021-05-29,2021,5,29,Saturday,5,1,0,2,FuelGo Kinondoni,-6.773,39.214,Kerosene,2004.0,205,0.9,2,21,May
2021-05-30,2021,5,30,Sunday,6,1,0,2,FuelGo Kinondoni,-6.773,39.214,Kerosene,2247.0,125,0.9,2,21,May
2021-05-31,2021,5,31,Monday,0,0,0,2,FuelGo Kinondoni,-6.773,39.214,Kerosene,2218.0,209,0.9,2,22,May
2021-06-01,2021,6,1,Tuesday,1,0,0,2,FuelGo Kinondoni,-6.773,39.214,Kerosene,1953.0,315,1.05,2,22,June
2021-06-02,2021,6,2,Wednesday,2,0,0,2,FuelGo Kinondoni,-6.773,39.214,Kerosene,1989.0,352,1.05,2,22,June
2021-06-03,2021,6,3,Thursday,3,0,0,2,FuelGo Kinondoni,-6.773,39.214,Kerosene,2172.0,249,1.05,2,22,June
2021-06-04,2021,6,4,Friday,4,0,0,2,FuelGo Kinondoni,-6.773,39.214,Kerosene,1979.0,299,1.05,2,22,June
2021-06-05,2021,6,5,Saturday,5,1,0,2,FuelGo Kinondoni,-6.773,39.214,Kerosene,2217.0,224,1.05,2,22,June
2021-06-06,2021,6,6,Sunday,6,1,0,2,FuelGo Kinondoni,-6.773,39.214,Kerosene,2200.0,190,1.05,2,22,June
2021-06-07,2021,6,7,Monday,0,0,0,2,FuelGo Kinondoni,-6.773,39.214,Kerosene,2106.0,264,1.05,2,23,June
2021-06-08,2021,6,8,Tuesday,1,0,0,2,FuelGo Kinondoni,-6.773,39.214,Kerosene,2218.0,265,1.05,2,23,June
2021-06-09,2021,6,9,Wednesday,2,0,0,2,FuelGo Kinondoni,-6.773,39.214,Kerosene,2014.0,273,1.05,2,23,June
2021-06-10,2021,6,10,Thursday,3,0,0,2,FuelGo Kinondoni,-6.773,39.214,Kerosene,1870.0,308,1.05,2,23,June
2021-06-11,2021,6,11,Friday,4,0,0,2,FuelGo Kinondoni,-6.773,39.214,Kerosene,2106.0,269,1.05,2,23,June
2021-06-12,2021,6,12,Saturday,5,1,0,2,FuelGo Kinondoni,-6.773,39.214,Kerosene,1763.0,281,1.05,2,23,June
2021-06-13,2021,6,13,Sunday,6,1,0,2,FuelGo Kinondoni,-6.773,39.214,Kerosene,2084.0,199,1.05,2,23,June
2021-06-14,2021,6,14,Monday,0,0,0,2,FuelGo Kinondoni,-6.773,39.214,Kerosene,2038.0,284,1.05,2,24,June
2021-06-15,2021,6,15,Tuesday,1,0,0,2,FuelGo Kinondoni,-6.773,39.214,Kerosene,2041.0,309,1.05,2,24,June
2021-06-16,2021,6,16,Wednesday,2,0,0,2,FuelGo Kinondoni,-6.773,39.214,Kerosene,2130.0,224,1.05,2,24,June
2021-06-17,2021,6,17,Thursday,3,0,0,2,FuelGo Kinondoni,-6.773,39.214,Kerosene,2143.0,247,1.05,2,24,June
2021-06-18,2021,6,18,Friday,4,0,0,2,FuelGo Kinondoni,-6.773,39.214,Kerosene,2005.0,305,1.05,2,24,June
2021-06-19,2021,6,19,Saturday,5,1,0,2,FuelGo Kinondoni,-6.773,39.214,Kerosene,1858.0,296,1.05,2,24,June
2021-06-20,2021,6,20,Sunday,6,1,0,2,FuelGo Kinondoni,-6.773,39.214,Kerosene,2059.0,197,1.05,2,24,June
2021-06-21,2021,6,21,Monday,0,0,0,2,FuelGo Kinondoni,-6.773,39.214,Kerosene,2082.0,275,1.05,2,25,June
2021-06-22,2021,6,22,Tuesday,1,0,0,2,FuelGo Kinondoni,-6.773,39.214,Kerosene,1965.0,278,1.05,2,25,June
2021-06-23,2021,6,23,Wednesday,2,0,0,2,FuelGo Kinondoni,-6.773,39.214,Kerosene,2086.0,242,1.05,2,25,June
2021-06-24,2021,6,24,Thursday,3,0,0,2,FuelGo Kinondoni,-6.773,39.214,Kerosene,2098.0,283,1.05,2,25,June
2021-06-25,2021,6,25,Friday,4,0,0,2,FuelGo Kinondoni,-6.773,39.214,Kerosene,2044.0,280,1.05,2,25,June
2021-06-26,2021,6,26,Saturday,5,1,0,2,FuelGo Kinondoni,-6.773,39.214,Kerosene,1982.0,199,1.05,2,25,June
2021-06-27,2021,6,27,Sunday,6,1,0,2,FuelGo Kinondoni,-6.773,39.214,Kerosene,2225.0,178,1.05,2,25,June
2021-06-28,2021,6,28,Monday,0,0,0,2,FuelGo Kinondoni,-6.773,39.214,Kerosene,1992.0,292,1.05,2,26,June
2021-06-29,2021,6,29,Tuesday,1,0,0,2,FuelGo Kinondoni,-6.773,39.214,Kerosene,2140.0,259,1.05,2,26,June
2021-06-30,2021,6,30,Wednesday,2,0,0,2,FuelGo Kinondoni,-6.773,39.214,Kerosene,2070.0,284,1.05,2,26,June
2021-07-01,2021,7,1,Thursday,3,0,0,2,FuelGo Kinondoni,-6.773,39.214,Kerosene,2070.0,289,1.12,3,26,July
2021-07-02,2021,7,2,Friday,4,0,0,2,FuelGo Kinondoni,-6.773,39.214,Kerosene,2012.0,276,1.12,3,26,July
2021-07-03,2021,7,3,Saturday,5,1,0,2,FuelGo Kinondoni,-6.773,39.214,Kerosene,2254.0,207,1.12,3,26,July
2021-07-04,2021,7,4,Sunday,6,1,0,2,FuelGo Kinondoni,-6.773,39.214,Kerosene,2207.0,203,1.12,3,26,July
2021-07-05,2021,7,5,Monday,0,0,0,2,FuelGo Kinondoni,-6.773,39.214,Kerosene,2073.0,287,1.12,3,27,July
2021-07-06,2021,7,6,Tuesday,1,0,0,2,FuelGo Kinondoni,-6.773,39.214,Kerosene,2004.0,320,1.12,3,27,July
2021-07-07,2021,7,7,Wednesday,2,0,1,2,FuelGo Kinondoni,-6.773,39.214,Kerosene,2002.0,433,1.12,3,27,July
2021-07-08,2021,7,8,Thursday,3,0,0,2,FuelGo Kinondoni,-6.773,39.214,Kerosene,2028.0,348,1.12,3,27,July
2021-07-09,2021,7,9,Friday,4,0,0,2,FuelGo Kinondoni,-6.773,39.214,Kerosene,2020.0,329,1.12,3,27,July
2021-07-10,2021,7,10,Saturday,5,1,0,2,FuelGo Kinondoni,-6.773,39.214,Kerosene,2161.0,281,1.12,3,27,July
2021-07-11,2021,7,11,Sunday,6,1,0,2,FuelGo Kinondoni,-6.773,39.214,Kerosene,2023.0,218,1.12,3,27,July
2021-07-12,2021,7,12,Monday,0,0,0,2,FuelGo Kinondoni,-6.773,39.214,Kerosene,2002.0,281,1.12,3,28,July
2021-07-13,2021,7,13,Tuesday,1,0,0,2,FuelGo Kinondoni,-6.773,39.214,Kerosene,2295.0,268,1.12,3,28,July
2021-07-14,2021,7,14,Wednesday,2,0,0,2,FuelGo Kinondoni,-6.773,39.214,Kerosene,2024.0,289,1.12,3,28,July
2021-07-15,2021,7,15,Thursday,3,0,0,2,FuelGo Kinondoni,-6.773,39.214,Kerosene,2061.0,273,1.12,3,28,July
2021-07-16,2021,7,16,Friday,4,0,0,2,FuelGo Kinondoni,-6.773,39.214,Kerosene,2122.0,250,1.12,3,28,July
2021-07-17,2021,7,17,Saturday,5,1,0,2,FuelGo Kinondoni,-6.773,39.214,Kerosene,2044.0,262,1.12,3,28,July
2021-07-18,2021,7,18,Sunday,6,1,0,2,FuelGo Kinondoni,-6.773,39.214,Kerosene,1853.0,207,1.12,3,28,July
2021-07-19,2021,7,19,Monday,0,0,0,2,FuelGo Kinondoni,-6.773,39.214,Kerosene,2144.0,328,1.12,3,29,July
2021-07-20,2021,7,20,Tuesday,1,0,1,2,FuelGo Kinondoni,-6.773,39.214,Kerosene,1986.0,356,1.12,3,29,July
2021-07-21,2021,7,21,Wednesday,2,0,0,2,FuelGo Kinondoni,-6.773,39.214,Kerosene,1989.0,283,1.12,3,29,July
2021-07-22,2021,7,22,Thursday,3,0,0,2,FuelGo Kinondoni,-6.773,39.214,Kerosene,2219.0,275,1.12,3,29,July
2021-07-23,2021,7,23,Friday,4,0,0,2,FuelGo Kinondoni,-6.773,39.214,Kerosene,2069.0,293,1.12,3,29,July
2021-07-24,2021,7,24,Saturday,5,1,0,2,FuelGo Kinondoni,-6.773,39.214,Kerosene,1997.0,239,1.12,3,29,July
2021-07-25,2021,7,25,Sunday,6,1,0,2,FuelGo Kinondoni,-6.773,39.214,Kerosene,2152.0,246,1.12,3,29,July
2021-07-26,2021,7,26,Monday,0,0,0,2,FuelGo Kinondoni,-6.773,39.214,Kerosene,2120.0,289,1.12,3,30,July
2021-07-27,2021,7,27,Tuesday,1,0,0,2,FuelGo Kinondoni,-6.773,39.214,Kerosene,2106.0,315,1.12,3,30,July
2021-07-28,2021,7,28,Wednesday,2,0,0,2,FuelGo Kinondoni,-6.773,39.214,Kerosene,2116.0,281,1.12,3,30,July
2021-07-29,2021,7,29,Thursday,3,0,0,2,FuelGo Kinondoni,-6.773,39.214,Kerosene,1896.0,299,1.12,3,30,July
2021-07-30,2021,7,30,Friday,4,0,0,2,FuelGo Kinondoni,-6.773,39.214,Kerosene,1995.0,307,1.12,3,30,July
2021-07-31,2021,7,31,Saturday,5,1,0,2,FuelGo Kinondoni,-6.773,39.214,Kerosene,2105.0,266,1.12,3,30,July
2021-08-01,2021,8,1,Sunday,6,1,0,2,FuelGo Kinondoni,-6.773,39.214,Kerosene,2176.0,196,1.08,3,30,August
2021-08-02,2021,8,2,Monday,0,0,0,2,FuelGo Kinondoni,-6.773,39.214,Kerosene,2055.0,301,1.08,3,31,August
2021-08-03,2021,8,3,Tuesday,1,0,0,2,FuelGo Kinondoni,-6.773,39.214,Kerosene,2331.0,243,1.08,3,31,August
2021-08-04,2021,8,4,Wednesday,2,0,0,2,FuelGo Kinondoni,-6.773,39.214,Kerosene,2139.0,248,1.08,3,31,August
2021-08-05,2021,8,5,Thursday,3,0,0,2,FuelGo Kinondoni,-6.773,39.214,Kerosene,2033.0,249,1.08,3,31,August
2021-08-06,2021,8,6,Friday,4,0,0,2,FuelGo Kinondoni,-6.773,39.214,Kerosene,1996.0,296,1.08,3,31,August
2021-08-07,2021,8,7,Saturday,5,1,0,2,FuelGo Kinondoni,-6.773,39.214,Kerosene,2127.0,307,1.08,3,31,August
2021-08-08,2021,8,8,Sunday,6,1,1,2,FuelGo Kinondoni,-6.773,39.214,Kerosene,2145.0,199,1.08,3,31,August
2021-08-09,2021,8,9,Monday,0,0,0,2,FuelGo Kinondoni,-6.773,39.214,Kerosene,2247.0,287,1.08,3,32,August
2021-08-10,2021,8,10,Tuesday,1,0,0,2,FuelGo Kinondoni,-6.773,39.214,Kerosene,2053.0,220,1.08,3,32,August
2021-08-11,2021,8,11,Wednesday,2,0,0,2,FuelGo Kinondoni,-6.773,39.214,Kerosene,2019.0,336,1.08,3,32,August
2021-08-12,2021,8,12,Thursday,3,0,0,2,FuelGo Kinondoni,-6.773,39.214,Kerosene,2324.0,196,1.08,3,32,August
2021-08-13,2021,8,13,Friday,4,0,0,2,FuelGo Kinondoni,-6.773,39.214,Kerosene,2184.0,278,1.08,3,32,August
2021-01-01,2021,1,1,Friday,4,0,1,3,FuelGo Temeke,-6.85,39.28,Petrol,2508.0,804,1.15,1,53,January
2021-01-02,2021,1,2,Saturday,5,1,0,3,FuelGo Temeke,-6.85,39.28,Petrol,2624.0,548,1.15,1,53,January
2021-01-03,2021,1,3,Sunday,6,1,0,3,FuelGo Temeke,-6.85,39.28,Petrol,2957.0,405,1.15,1,53,January
2021-01-04,2021,1,4,Monday,0,0,0,3,FuelGo Temeke,-6.85,39.28,Petrol,2461.0,537,1.15,1,1,January
2021-01-05,2021,1,5,Tuesday,1,0,0,3,FuelGo Temeke,-6.85,39.28,Petrol,2509.0,663,1.15,1,1,January
2021-01-06,2021,1,6,Wednesday,2,0,0,3,FuelGo Temeke,-6.85,39.28,Petrol,2447.0,684,1.15,1,1,January
2021-01-07,2021,1,7,Thursday,3,0,0,3,FuelGo Temeke,-6.85,39.28,Petrol,2486.0,655,1.15,1,1,January
2021-01-08,2021,1,8,Friday,4,0,0,3,FuelGo Temeke,-6.85,39.28,Petrol,2405.0,744,1.15,1,1,January
2021-01-09,2021,1,9,Saturday,5,1,0,3,FuelGo Temeke,-6.85,39.28,Petrol,2182.0,659,1.15,1,1,January
2021-01-10,2021,1,10,Sunday,6,1,0,3,FuelGo Temeke,-6.85,39.28,Petrol,2585.0,430,1.15,1,1,January
2021-01-11,2021,1,11,Monday,0,0,0,3,FuelGo Temeke,-6.85,39.28,Petrol,2460.0,685,1.15,1,2,January
2021-01-12,2021,1,12,Tuesday,1,0,1,3,FuelGo Temeke,-6.85,39.28,Petrol,2495.0,723,1.15,1,2,January
2021-01-13,2021,1,13,Wednesday,2,0,0,3,FuelGo Temeke,-6.85,39.28,Petrol,2129.0,901,1.15,1,2,January
2021-01-14,2021,1,14,Thursday,3,0,0,3,FuelGo Temeke,-6.85,39.28,Petrol,2534.0,505,1.15,1,2,January
2021-01-15,2021,1,15,Friday,4,0,0,3,FuelGo Temeke,-6.85,39.28,Petrol,2450.0,589,1.15,1,2,January
2021-01-16,2021,1,16,Saturday,5,1,0,3,FuelGo Temeke,-6.85,39.28,Petrol,2435.0,535,1.15,1,2,January
2021-01-17,2021,1,17,Sunday,6,1,0,3,FuelGo Temeke,-6.85,39.28,Petrol,2365.0,453,1.15,1,2,January
2021-01-18,2021,1,18,Monday,0,0,0,3,FuelGo Temeke,-6.85,39.28,Petrol,2448.0,662,1.15,1,3,January
2021-01-19,2021,1,19,Tuesday,1,0,0,3,FuelGo Temeke,-6.85,39.28,Petrol,2875.0,519,1.15,1,3,January
2021-01-20,2021,1,20,Wednesday,2,0,0,3,FuelGo Temeke,-6.85,39.28,Petrol,2281.0,692,1.15,1,3,January
2021-01-21,2021,1,21,Thursday,3,0,0,3,FuelGo Temeke,-6.85,39.28,Petrol,2405.0,484,1.15,1,3,January
2021-01-22,2021,1,22,Friday,4,0,0,3,FuelGo Temeke,-6.85,39.28,Petrol,2352.0,719,1.15,1,3,January
2021-01-23,2021,1,23,Saturday,5,1,0,3,FuelGo Temeke,-6.85,39.28,Petrol,2431.0,538,1.15,1,3,January
2021-01-24,2021,1,24,Sunday,6,1,0,3,FuelGo Temeke,-6.85,39.28,Petrol,2743.0,423,1.15,1,3,January
2021-01-25,2021,1,25,Monday,0,0,0,3,FuelGo Temeke,-6.85,39.28,Petrol,2698.0,521,1.15,1,4,January
2021-01-26,2021,1,26,Tuesday,1,0,0,3,FuelGo Temeke,-6.85,39.28,Petrol,2624.0,626,1.15,1,4,January
2021-01-27,2021,1,27,Wednesday,2,0,0,3,FuelGo Temeke,-6.85,39.28,Petrol,2483.0,588,1.15,1,4,January
2021-01-28,2021,1,28,Thursday,3,0,0,3,FuelGo Temeke,-6.85,39.28,Petrol,2890.0,573,1.15,1,4,January
2021-01-29,2021,1,29,Friday,4,0,0,3,FuelGo Temeke,-6.85,39.28,Petrol,2729.0,629,1.15,1,4,January
2021-01-30,2021,1,30,Saturday,5,1,0,3,FuelGo Temeke,-6.85,39.28,Petrol,2269.0,589,1.15,1,4,January
2021-01-31,2021,1,31,Sunday,6,1,0,3,FuelGo Temeke,-6.85,39.28,Petrol,2370.0,570,1.15,1,4,January
2021-02-01,2021,2,1,Monday,0,0,0,3,FuelGo Temeke,-6.85,39.28,Petrol,2848.0,447,0.95,1,5,February
