analytics/fuel_demand_dataset.csv
date,year,month,day,day_of_week,day_of_week_num,is_weekend,is_holiday,station_id,station_name,station_lat,station_lng,fuel_type,price_per_litre,demand_litres,seasonal_factor,quarter,week_of_year,month_name
2021-02-02,2021,2,2,Tuesday,1,0,0,3,FuelGo Temeke,-6.85,39.28,Petrol,2469.0,457,0.95,1,5,February
2021-02-03,2021,2,3,Wednesday,2,0,0,3,FuelGo Temeke,-6.85,39.28,Petrol,2389.0,560,0.95,1,5,February
2021-02-04,2021,2,4,Thursday,3,0,0,3,FuelGo Temeke,-6.85,39.28,Petrol,2372.0,562,0.95,1,5,February
2021-02-05,2021,2,5,Friday,4,0,0,3,FuelGo Temeke,-6.85,39.28,Petrol,2285.0,562,0.95,1,5,February
2021-02-06,2021,2,6,Saturday,5,1,0,3,FuelGo Temeke,-6.85,39.28,Petrol,2635.0,410,0.95,1,5,February
2021-02-07,2021,2,7,Sunday,6,1,0,3,FuelGo Temeke,-6.85,39.28,Petrol,2482.0,403,0.95,1,5,February
2021-02-08,2021,2,8,Monday,0,0,0,3,FuelGo Temeke,-6.85,39.28,Petrol,2528.0,574,0.95,1,6,February
2021-02-09,2021,2,9,Tuesday,1,0,0,3,FuelGo Temeke,-6.85,39.28,Petrol,2735.0,467,0.95,1,6,February
2021-02-10,2021,2,10,Wednesday,2,0,0,3,FuelGo Temeke,-6.85,39.28,Petrol,2617.0,468,0.95,1,6,February
2021-02-11,2021,2,11,Thursday,3,0,0,3,FuelGo Temeke,-6.85,39.28,Petrol,2413.0,629,0.95,1,6,February
2021-02-12,2021,2,12,Friday,4,0,0,3,FuelGo Temeke,-6.85,39.28,Petrol,2364.0,616,0.95,1,6,February
2021-02-13,2021,2,13,Saturday,5,1,0,3,FuelGo Temeke,-6.85,39.28,Petrol,2510.0,442,0.95,1,6,February
2021-02-14,2021,2,14,Sunday,6,1,0,3,FuelGo Temeke,-6.85,39.28,Petrol,2334.0,394,0.95,1,6,February
2021-02-15,2021,2,15,Monday,0,0,0,3,FuelGo Temeke,-6.85,39.28,Petrol,2791.0,581,0.95,1,7,February
2021-02-16,2021,2,16,Tuesday,1,0,1,3,FuelGo Temeke,-6.85,39.28,Petrol,2316.0,627,0.95,1,7,February
2021-02-17,2021,2,17,Wednesday,2,0,0,3,FuelGo Temeke,-6.85,39.28,Petrol,2532.0,613,0.95,1,7,February
2021-02-18,2021,2,18,Thursday,3,0,0,3,FuelGo Temeke,-6.85,39.28,Petrol,2441.0,582,0.95,1,7,February
2021-02-19,2021,2,19,Friday,4,0,0,3,FuelGo Temeke,-6.85,39.28,Petrol,2472.0,661,0.95,1,7,February
2021-02-20,2021,2,20,Saturday,5,1,0,3,FuelGo Temeke,-6.85,39.28,Petrol,2428.0,529,0.95,1,7,February
2021-02-21,2021,2,21,Sunday,6,1,0,3,FuelGo Temeke,-6.85,39.28,Petrol,2636.0,402,0.95,1,7,February
2021-02-22,2021,2,22,Monday,0,0,0,3,FuelGo Temeke,-6.85,39.28,Petrol,2608.0,450,0.95,1,8,February
2021-02-23,2021,2,23,Tuesday,1,0,0,3,FuelGo Temeke,-6.85,39.28,Petrol,2726.0,404,0.95,1,8,February
2021-02-24,2021,2,24,Wednesday,2,0,0,3,FuelGo Temeke,-6.85,39.28,Petrol,2416.0,532,0.95,1,8,February
2021-02-25,2021,2,25,Thursday,3,0,0,3,FuelGo Temeke,-6.85,39.28,Petrol,2614.0,541,0.95,1,8,February
2021-02-26,2021,2,26,Friday,4,0,0,3,FuelGo Temeke,-6.85,39.28,Petrol,2479.0,526,0.95,1,8,February
2021-02-27,2021,2,27,Saturday,5,1,0,3,FuelGo Temeke,-6.85,39.28,Petrol,2944.0,353,0.95,1,8,February
2021-02-28,2021,2,28,Sunday,6,1,0,3,FuelGo Temeke,-6.85,39.28,Petrol,2710.0,298,0.95,1,8,February
2021-03-01,2021,3,1,Monday,0,0,0,3,FuelGo Temeke,-6.85,39.28,Petrol,2649.0,415,0.88,1,9,March
2021-03-02,2021,3,2,Tuesday,1,0,0,3,FuelGo Temeke,-6.85,39.28,Petrol,2418.0,588,0.88,1,9,March
2021-03-03,2021,3,3,Wednesday,2,0,0,3,FuelGo Temeke,-6.85,39.28,Petrol,2371.0,519,0.88,1,9,March
2021-03-04,2021,3,4,Thursday,3,0,0,3,FuelGo Temeke,-6.85,39.28,Petrol,2409.0,497,0.88,1,9,March
2021-03-05,2021,3,5,Friday,4,0,0,3,FuelGo Temeke,-6.85,39.28,Petrol,2988.0,457,0.88,1,9,March
2021-03-06,2021,3,6,Saturday,5,1,0,3,FuelGo Temeke,-6.85,39.28,Petrol,2563.0,456,0.88,1,9,March
2021-03-07,2021,3,7,Sunday,6,1,0,3,FuelGo Temeke,-6.85,39.28,Petrol,2883.0,285,0.88,1,9,March
2021-03-08,2021,3,8,Monday,0,0,0,3,FuelGo Temeke,-6.85,39.28,Petrol,2405.0,543,0.88,1,10,March
2021-03-09,2021,3,9,Tuesday,1,0,0,3,FuelGo Temeke,-6.85,39.28,Petrol,2626.0,346,0.88,1,10,March
2021-03-10,2021,3,10,Wednesday,2,0,0,3,FuelGo Temeke,-6.85,39.28,Petrol,2958.0,366,0.88,1,10,March
2021-03-11,2021,3,11,Thursday,3,0,0,3,FuelGo Temeke,-6.85,39.28,Petrol,2627.0,451,0.88,1,10,March
2021-03-12,2021,3,12,Friday,4,0,0,3,FuelGo Temeke,-6.85,39.28,Petrol,2490.0,486,0.88,1,10,March
2021-03-13,2021,3,13,Saturday,5,1,0,3,FuelGo Temeke,-6.85,39.28,Petrol,2341.0,447,0.88,1,10,March
2021-03-14,2021,3,14,Sunday,6,1,0,3,FuelGo Temeke,-6.85,39.28,Petrol,2456.0,346,0.88,1,10,March
2021-03-15,2021,3,15,Monday,0,0,0,3,FuelGo Temeke,-6.85,39.28,Petrol,2595.0,478,0.88,1,11,March
2021-03-16,2021,3,16,Tuesday,1,0,0,3,FuelGo Temeke,-6.85,39.28,Petrol,2242.0,594,0.88,1,11,March
2021-03-17,2021,3,17,Wednesday,2,0,0,3,FuelGo Temeke,-6.85,39.28,Petrol,2659.0,464,0.88,1,11,March
2021-03-18,2021,3,18,Thursday,3,0,0,3,FuelGo Temeke,-6.85,39.28,Petrol,2791.0,469,0.88,1,11,March
2021-03-19,2021,3,19,Friday,4,0,0,3,FuelGo Temeke,-6.85,39.28,Petrol,2694.0,493,0.88,1,11,March
2021-03-20,2021,3,20,Saturday,5,1,0,3,FuelGo Temeke,-6.85,39.28,Petrol,2285.0,430,0.88,1,11,March
2021-03-21,2021,3,21,Sunday,6,1,0,3,FuelGo Temeke,-6.85,39.28,Petrol,2584.0,404,0.88,1,11,March
2021-03-22,2021,3,22,Monday,0,0,0,3,FuelGo Temeke,-6.85,39.28,Petrol,2788.0,459,0.88,1,12,March
2021-03-23,2021,3,23,Tuesday,1,0,0,3,FuelGo Temeke,-6.85,39.28,Petrol,2000.0,588,0.88,1,12,March
2021-03-24,2021,3,24,Wednesday,2,0,0,3,FuelGo Temeke,-6.85,39.28,Petrol,2284.0,545,0.88,1,12,March
2021-03-25,2021,3,25,Thursday,3,0,0,3,FuelGo Temeke,-6.85,39.28,Petrol,2262.0,617,0.88,1,12,March
2021-03-26,2021,3,26,Friday,4,0,1,3,FuelGo Temeke,-6.85,39.28,Petrol,2595.0,606,0.88,1,12,March
2021-03-27,2021,3,27,Saturday,5,1,0,3,FuelGo Temeke,-6.85,39.28,Petrol,2368.0,492,0.88,1,12,March
2021-03-28,2021,3,28,Sunday,6,1,0,3,FuelGo Temeke,-6.85,39.28,Petrol,2823.0,345,0.88,1,12,March
2021-03-29,2021,3,29,Monday,0,0,0,3,FuelGo Temeke,-6.85,39.28,Petrol,2426.0,500,0.88,1,13,March
2021-03-30,2021,3,30,Tuesday,1,0,0,3,FuelGo Temeke,-6.85,39.28,Petrol,2433.0,581,0.88,1,13,March
2021-03-31,2021,3,31,Wednesday,2,0,0,3,FuelGo Temeke,-6.85,39.28,Petrol,2713.0,487,0.88,1,13,March
2021-04-01,2021,4,1,Thursday,3,0,0,3,FuelGo Temeke,-6.85,39.28,Petrol,2356.0,583,0.85,2,13,April
2021-04-02,2021,4,2,Friday,4,0,0,3,FuelGo Temeke,-6.85,39.28,Petrol,2859.0,378,0.85,2,13,April
2021-04-03,2021,4,3,Saturday,5,1,0,3,FuelGo Temeke,-6.85,39.28,Petrol,2698.0,400,0.85,2,13,April
2021-04-04,2021,4,4,Sunday,6,1,0,3,FuelGo Temeke,-6.85,39.28,Petrol,2589.0,350,0.85,2,13,April
2021-04-05,2021,4,5,Monday,0,0,0,3,FuelGo Temeke,-6.85,39.28,Petrol,2500.0,460,0.85,2,14,April
2021-04-06,2021,4,6,Tuesday,1,0,0,3,FuelGo Temeke,-6.85,39.28,Petrol,2491.0,588,0.85,2,14,April
2021-04-07,2021,4,7,Wednesday,2,0,1,3,FuelGo Temeke,-6.85,39.28,Petrol,2826.0,524,0.85,2,14,April
2021-04-08,2021,4,8,Thursday,3,0,0,3,FuelGo Temeke,-6.85,39.28,Petrol,2525.0,480,0.85,2,14,April
2021-04-09,2021,4,9,Friday,4,0,0,3,FuelGo Temeke,-6.85,39.28,Petrol,2210.0,658,0.85,2,14,April
2021-04-10,2021,4,10,Saturday,5,1,0,3,FuelGo Temeke,-6.85,39.28,Petrol,2517.0,478,0.85,2,14,April
2021-04-11,2021,4,11,Sunday,6,1,0,3,FuelGo Temeke,-6.85,39.28,Petrol,2713.0,314,0.85,2,14,April
2021-04-12,2021,4,12,Monday,0,0,0,3,FuelGo Temeke,-6.85,39.28,Petrol,2588.0,460,0.85,2,15,April
2021-04-13,2021,4,13,Tuesday,1,0,0,3,FuelGo Temeke,-6.85,39.28,Petrol,2605.0,424,0.85,2,15,April
2021-04-14,2021,4,14,Wednesday,2,0,0,3,FuelGo Temeke,-6.85,39.28,Petrol,2744.0,472,0.85,2,15,April
2021-04-15,2021,4,15,Thursday,3,0,0,3,FuelGo Temeke,-6.85,39.28,Petrol,2195.0,427,0.85,2,15,April
2021-04-16,2021,4,16,Friday,4,0,0,3,FuelGo Temeke,-6.85,39.28,Petrol,2457.0,569,0.85,2,15,April
2021-04-17,2021,4,17,Saturday,5,1,0,3,FuelGo Temeke,-6.85,39.28,Petrol,2732.0,387,0.85,2,15,April
2021-04-18,2021,4,18,Sunday,6,1,0,3,FuelGo Temeke,-6.85,39.28,Petrol,2034.0,439,0.85,2,15,April
2021-04-19,2021,4,19,Monday,0,0,0,3,FuelGo Temeke,-6.85,39.28,Petrol,2451.0,507,0.85,2,16,April
2021-04-20,2021,4,20,Tuesday,1,0,0,3,FuelGo Temeke,-6.85,39.28,Petrol,2639.0,489,0.85,2,16,April
2021-04-21,2021,4,21,Wednesday,2,0,0,3,FuelGo Temeke,-6.85,39.28,Petrol,2172.0,520,0.85,2,16,April
2021-04-22,2021,4,22,Thursday,3,0,0,3,FuelGo Temeke,-6.85,39.28,Petrol,2565.0,444,0.85,2,16,April
2021-04-23,2021,4,23,Friday,4,0,0,3,FuelGo Temeke,-6.85,39.28,Petrol,2486.0,567,0.85,2,16,April
2021-04-24,2021,4,24,Saturday,5,1,0,3,FuelGo Temeke,-6.85,39.28,Petrol,2620.0,483,0.85,2,16,April
2021-04-25,2021,4,25,Sunday,6,1,0,3,FuelGo Temeke,-6.85,39.28,Petrol,2474.0,383,0.85,2,16,April
2021-04-26,2021,4,26,Monday,0,0,1,3,FuelGo Temeke,-6.85,39.28,Petrol,2510.0,504,0.85,2,17,April
2021-04-27,2021,4,27,Tuesday,1,0,0,3,FuelGo Temeke,-6.85,39.28,Petrol,2613.0,466,0.85,2,17,April
2021-04-28,2021,4,28,Wednesday,2,0,0,3,FuelGo Temeke,-6.85,39.28,Petrol,2532.0,451,0.85,2,17,April
2021-04-29,2021,4,29,Thursday,3,0,0,3,FuelGo Temeke,-6.85,39.28,Petrol,2557.0,476,0.85,2,17,April
2021-04-30,2021,4,30,Friday,4,0,0,3,FuelGo Temeke,-6.85,39.28,Petrol,2806.0,492,0.85,2,17,April
2021-05-01,2021,5,1,Saturday,5,1,1,3,FuelGo Temeke,-6.85,39.28,Petrol,2629.0,506,0.9,2,17,May
2021-05-02,2021,5,2,Sunday,6,1,0,3,FuelGo Temeke,-6.85,39.28,Petrol,2311.0,422,0.9,2,17,May
2021-05-03,2021,5,3,Monday,0,0,0,3,FuelGo Temeke,-6.85,39.28,Petrol,2475.0,583,0.9,2,18,May
2021-05-04,2021,5,4,Tuesday,1,0,0,3,FuelGo Temeke,-6.85,39.28,Petrol,2704.0,437,0.9,2,18,May
2021-05-05,2021,5,5,Wednesday,2,0,0,3,FuelGo Temeke,-6.85,39.28,Petrol,2661.0,536,0.9,2,18,May
2021-05-06,2021,5,6,Thursday,3,0,0,3,FuelGo Temeke,-6.85,39.28,Petrol,2516.0,575,0.9,2,18,May
2021-05-07,2021,5,7,Friday,4,0,0,3,FuelGo Temeke,-6.85,39.28,Petrol,2573.0,480,0.9,2,18,May
2021-05-08,2021,5,8,Saturday,5,1,0,3,FuelGo Temeke,-6.85,39.28,Petrol,2605.0,413,0.9,2,18,May
2021-05-09,2021,5,9,Sunday,6,1,0,3,FuelGo Temeke,-6.85,39.28,Petrol,2430.0,360,0.9,2,18,May
2021-05-10,2021,5,10,Monday,0,0,0,3,FuelGo Temeke,-6.85,39.28,Petrol,2753.0,445,0.9,2,19,May
2021-05-11,2021,5,11,Tuesday,1,0,0,3,FuelGo Temeke,-6.85,39.28,Petrol,2162.0,600,0.9,2,19,May
2021-05-12,2021,5,12,Wednesday,2,0,0,3,FuelGo Temeke,-6.85,39.28,Petrol,2522.0,708,0.9,2,19,May
2021-05-13,2021,5,13,Thursday,3,0,1,3,FuelGo Temeke,-6.85,39.28,Petrol,2462.0,691,0.9,2,19,May
2021-05-14,2021,5,14,Friday,4,0,0,3,FuelGo Temeke,-6.85,39.28,Petrol,2484.0,562,0.9,2,19,May
2021-05-15,2021,5,15,Saturday,5,1,0,3,FuelGo Temeke,-6.85,39.28,Petrol,2597.0,456,0.9,2,19,May
2021-05-16,2021,5,16,Sunday,6,1,0,3,FuelGo Temeke,-6.85,39.28,Petrol,2684.0,349,0.9,2,19,May
2021-05-17,2021,5,17,Monday,0,0,0,3,FuelGo Temeke,-6.85,39.28,Petrol,2479.0,488,0.9,2,20,May
2021-05-18,2021,5,18,Tuesday,1,0,0,3,FuelGo Temeke,-6.85,39.28,Petrol,2262.0,562,0.9,2,20,May
2021-05-19,2021,5,19,Wednesday,2,0,0,3,FuelGo Temeke,-6.85,39.28,Petrol,2597.0,514,0.9,2,20,May
2021-05-20,2021,5,20,Thursday,3,0,0,3,FuelGo Temeke,-6.85,39.28,Petrol,2285.0,586,0.9,2,20,May
2021-05-21,2021,5,21,Friday,4,0,0,3,FuelGo Temeke,-6.85,39.28,Petrol,2725.0,528,0.9,2,20,May
2021-05-22,2021,5,22,Saturday,5,1,0,3,FuelGo Temeke,-6.85,39.28,Petrol,2599.0,430,0.9,2,20,May
2021-05-23,2021,5,23,Sunday,6,1,0,3,FuelGo Temeke,-6.85,39.28,Petrol,2515.0,388,0.9,2,20,May
2021-05-24,2021,5,24,Monday,0,0,0,3,FuelGo Temeke,-6.85,39.28,Petrol,2414.0,544,0.9,2,21,May
2021-05-25,2021,5,25,Tuesday,1,0,1,3,FuelGo Temeke,-6.85,39.28,Petrol,2810.0,447,0.9,2,21,May
2021-05-26,2021,5,26,Wednesday,2,0,0,3,FuelGo Temeke,-6.85,39.28,Petrol,2536.0,570,0.9,2,21,May
2021-05-27,2021,5,27,Thursday,3,0,0,3,FuelGo Temeke,-6.85,39.28,Petrol,2521.0,517,0.9,2,21,May
2021-05-28,2021,5,28,Friday,4,0,0,3,FuelGo Temeke,-6.85,39.28,Petrol,2427.0,603,0.9,2,21,May
2021-05-29,2021,5,29,Saturday,5,1,0,3,FuelGo Temeke,-6.85,39.28,Petrol,2489.0,498,0.9,2,21,May
2021-05-30,2021,5,30,Sunday,6,1,0,3,FuelGo Temeke,-6.85,39.28,Petrol,2655.0,349,0.9,2,21,May
2021-05-31,2021,5,31,Monday,0,0,0,3,FuelGo Temeke,-6.85,39.28,Petrol,2317.0,387,0.9,2,22,May
2021-06-01,2021,6,1,Tuesday,1,0,0,3,FuelGo Temeke,-6.85,39.28,Petrol,2416.0,520,1.05,2,22,June
2021-06-02,2021,6,2,Wednesday,2,0,0,3,FuelGo Temeke,-6.85,39.28,Petrol,2894.0,502,1.05,2,22,June
2021-06-03,2021,6,3,Thursday,3,0,0,3,FuelGo Temeke,-6.85,39.28,Petrol,2307.0,612,1.05,2,22,June
2021-06-04,2021,6,4,Friday,4,0,0,3,FuelGo Temeke,-6.85,39.28,Petrol,2491.0,754,1.05,2,22,June
2021-06-05,2021,6,5,Saturday,5,1,0,3,FuelGo Temeke,-6.85,39.28,Petrol,2783.0,448,1.05,2,22,June
2021-06-06,2021,6,6,Sunday,6,1,0,3,FuelGo Temeke,-6.85,39.28,Petrol,2700.0,387,1.05,2,22,June
2021-06-07,2021,6,7,Monday,0,0,0,3,FuelGo Temeke,-6.85,39.28,Petrol,2794.0,493,1.05,2,23,June
2021-06-08,2021,6,8,Tuesday,1,0,0,3,FuelGo Temeke,-6.85,39.28,Petrol,2511.0,411,1.05,2,23,June
2021-06-09,2021,6,9,Wednesday,2,0,0,3,FuelGo Temeke,-6.85,39.28,Petrol,2608.0,586,1.05,2,23,June
2021-06-10,2021,6,10,Thursday,3,0,0,3,FuelGo Temeke,-6.85,39.28,Petrol,2170.0,603,1.05,2,23,June
2021-06-11,2021,6,11,Friday,4,0,0,3,FuelGo Temeke,-6.85,39.28,Petrol,2780.0,608,1.05,2,23,June
2021-06-12,2021,6,12,Saturday,5,1,0,3,FuelGo Temeke,-6.85,39.28,Petrol,2533.0,481,1.05,2,23,June
2021-06-13,2021,6,13,Sunday,6,1,0,3,FuelGo Temeke,-6.85,39.28,Petrol,2309.0,509,1.05,2,23,June
2021-06-14,2021,6,14,Monday,0,0,0,3,FuelGo Temeke,-6.85,39.28,Petrol,2884.0,522,1.05,2,24,June
2021-06-15,2021,6,15,Tuesday,1,0,0,3,FuelGo Temeke,-6.85,39.28,Petrol,2910.0,526,1.05,2,24,June
2021-06-16,2021,6,16,Wednesday,2,0,0,3,FuelGo Temeke,-6.85,39.28,Petrol,2657.0,581,1.05,2,24,June
2021-06-17,2021,6,17,Thursday,3,0,0,3,FuelGo Temeke,-6.85,39.28,Petrol,2771.0,492,1.05,2,24,June
2021-06-18,2021,6,18,Friday,4,0,0,3,FuelGo Temeke,-6.85,39.28,Petrol,2475.0,718,1.05,2,24,June
2021-06-19,2021,6,19,Saturday,5,1,0,3,FuelGo Temeke,-6.85,39.28,Petrol,2446.0,517,1.05,2,24,June
2021-06-20,2021,6,20,Sunday,6,1,0,3,FuelGo Temeke,-6.85,39.28,Petrol,2886.0,370,1.05,2,24,June
2021-06-21,2021,6,21,Monday,0,0,0,3,FuelGo Temeke,-6.85,39.28,Petrol,2369.0,593,1.05,2,25,June
2021-06-22,2021,6,22,Tuesday,1,0,0,3,FuelGo Temeke,-6.85,39.28,Petrol,2681.0,495,1.05,2,25,June
2021-06-23,2021,6,23,Wednesday,2,0,0,3,FuelGo Temeke,-6.85,39.28,Petrol,2498.0,671,1.05,2,25,June
2021-06-24,2021,6,24,Thursday,3,0,0,3,FuelGo Temeke,-6.85,39.28,Petrol,2826.0,549,1.05,2,25,June
2021-06-25,2021,6,25,Friday,4,0,0,3,FuelGo Temeke,-6.85,39.28,Petrol,2840.0,579,1.05,2,25,June
2021-06-26,2021,6,26,Saturday,5,1,0,3,FuelGo Temeke,-6.85,39.28,Petrol,2864.0,433,1.05,2,25,June
2021-06-27,2021,6,27,Sunday,6,1,0,3,FuelGo Temeke,-6.85,39.28,Petrol,2424.0,363,1.05,2,25,June
2021-06-28,2021,6,28,Monday,0,0,0,3,FuelGo Temeke,-6.85,39.28,Petrol,2956.0,420,1.05,2,26,June
2021-06-29,2021,6,29,Tuesday,1,0,0,3,FuelGo Temeke,-6.85,39.28,Petrol,2717.0,480,1.05,2,26,June
2021-06-30,2021,6,30,Wednesday,2,0,0,3,FuelGo Temeke,-6.85,39.28,Petrol,2496.0,632,1.05,2,26,June
2021-07-01,2021,7,1,Thursday,3,0,0,3,FuelGo Temeke,-6.85,39.28,Petrol,2674.0,605,1.12,3,26,July
2021-07-02,2021,7,2,Friday,4,0,0,3,FuelGo Temeke,-6.85,39.28,Petrol,2420.0,637,1.12,3,26,July
2021-07-03,2021,7,3,Saturday,5,1,0,3,FuelGo Temeke,-6.85,39.28,Petrol,3174.0,454,1.12,3,26,July
2021-07-04,2021,7,4,Sunday,6,1,0,3,FuelGo Temeke,-6.85,39.28,Petrol,2631.0,476,1.12,3,26,July
2021-07-05,2021,7,5,Monday,0,0,0,3,FuelGo Temeke,-6.85,39.28,Petrol,2710.0,625,1.12,3,27,July
2021-07-06,2021,7,6,Tuesday,1,0,0,3,FuelGo Temeke,-6.85,39.28,Petrol,2721.0,713,1.12,3,27,July
2021-07-07,2021,7,7,Wednesday,2,0,1,3,FuelGo Temeke,-6.85,39.28,Petrol,2381.0,900,1.12,3,27,July
2021-07-08,2021,7,8,Thursday,3,0,0,3,FuelGo Temeke,-6.85,39.28,Petrol,2875.0,562,1.12,3,27,July
2021-07-09,2021,7,9,Friday,4,0,0,3,FuelGo Temeke,-6.85,39.28,Petrol,2264.0,758,1.12,3,27,July
2021-07-10,2021,7,10,Saturday,5,1,0,3,FuelGo Temeke,-6.85,39.28,Petrol,3050.0,462,1.12,3,27,July
2021-07-11,2021,7,11,Sunday,6,1,0,3,FuelGo Temeke,-6.85,39.28,Petrol,2817.0,454,1.12,3,27,July
2021-07-12,2021,7,12,Monday,0,0,0,3,FuelGo Temeke,-6.85,39.28,Petrol,2316.0,731,1.12,3,28,July
2021-07-13,2021,7,13,Tuesday,1,0,0,3,FuelGo Temeke,-6.85,39.28,Petrol,2479.0,680,1.12,3,28,July
2021-07-14,2021,7,14,Wednesday,2,0,0,3,FuelGo Temeke,-6.85,39.28,Petrol,2555.0,608,1.12,3,28,July
2021-07-15,2021,7,15,Thursday,3,0,0,3,FuelGo Temeke,-6.85,39.28,Petrol,2703.0,653,1.12,3,28,July
2021-07-16,2021,7,16,Friday,4,0,0,3,FuelGo Temeke,-6.85,39.28,Petrol,2768.0,475,1.12,3,28,July
2021-07-17,2021,7,17,Saturday,5,1,0,3,FuelGo Temeke,-6.85,39.28,Petrol,2841.0,482,1.12,3,28,July
2021-07-18,2021,7,18,Sunday,6,1,0,3,FuelGo Temeke,-6.85,39.28,Petrol,2814.0,396,1.12,3,28,July
2021-07-19,2021,7,19,Monday,0,0,0,3,FuelGo Temeke,-6.85,39.28,Petrol,2604.0,741,1.12,3,29,July
2021-07-20,2021,7,20,Tuesday,1,0,1,3,FuelGo Temeke,-6.85,39.28,Petrol,2702.0,681,1.12,3,29,July
2021-07-21,2021,7,21,Wednesday,2,0,0,3,FuelGo Temeke,-6.85,39.28,Petrol,2632.0,647,1.12,3,29,July
2021-07-22,2021,7,22,Thursday,3,0,0,3,FuelGo Temeke,-6.85,39.28,Petrol,2896.0,604,1.12,3,29,July
2021-07-23,2021,7,23,Friday,4,0,0,3,FuelGo Temeke,-6.85,39.28,Petrol,2891.0,580,1.12,3,29,July
2021-07-24,2021,7,24,Saturday,5,1,0,3,FuelGo Temeke,-6.85,39.28,Petrol,2419.0,523,1.12,3,29,July
2021-07-25,2021,7,25,Sunday,6,1,0,3,FuelGo Temeke,-6.85,39.28,Petrol,2661.0,375,1.12,3,29,July
2021-07-26,2021,7,26,Monday,0,0,0,3,FuelGo Temeke,-6.85,39.28,Petrol,2883.0,550,1.12,3,30,July
2021-07-27,2021,7,27,Tuesday,1,0,0,3,FuelGo Temeke,-6.85,39.28,Petrol,2477.0,723,1.12,3,30,July
2021-07-28,2021,7,28,Wednesday,2,0,0,3,FuelGo Temeke,-6.85,39.28,Petrol,2531.0,675,1.12,3,30,July
2021-07-29,2021,7,29,Thursday,3,0,0,3,FuelGo Temeke,-6.85,39.28,Petrol,2537.0,585,1.12,3,30,July
2021-07-30,2021,7,30,Friday,4,0,0,3,FuelGo Temeke,-6.85,39.28,Petrol,2760.0,618,1.12,3,30,July
2021-07-31,2021,7,31,Saturday,5,1,0,3,FuelGo Temeke,-6.85,39.28,Petrol,2585.0,468,1.12,3,30,July
2021-08-01,2021,8,1,Sunday,6,1,0,3,FuelGo Temeke,-6.85,39.28,Petrol,2462.0,486,1.08,3,30,August
2021-08-02,2021,8,2,Monday,0,0,0,3,FuelGo Temeke,-6.85,39.28,Petrol,2678.0,485,1.08,3,31,August
2021-08-03,2021,8,3,Tuesday,1,0,0,3,FuelGo Temeke,-6.85,39.28,Petrol,2643.0,604,1.08,3,31,August
2021-08-04,2021,8,4,Wednesday,2,0,0,3,FuelGo Temeke,-6.85,39.28,Petrol,3042.0,527,1.08,3,31,August
