analytics/fuel_demand_dataset.csv
date,year,month,day,day_of_week,day_of_week_num,is_weekend,is_holiday,station_id,station_name,station_lat,station_lng,fuel_type,price_per_litre,demand_litres,seasonal_factor,quarter,week_of_year,month_name
2021-08-05,2021,8,5,Thursday,3,0,0,3,FuelGo Temeke,-6.85,39.28,Petrol,3071.0,514,1.08,3,31,August
2021-08-06,2021,8,6,Friday,4,0,0,3,FuelGo Temeke,-6.85,39.28,Petrol,2778.0,564,1.08,3,31,August
2021-08-07,2021,8,7,Saturday,5,1,0,3,FuelGo Temeke,-6.85,39.28,Petrol,2544.0,602,1.08,3,31,August
2021-08-08,2021,8,8,Sunday,6,1,1,3,FuelGo Temeke,-6.85,39.28,Petrol,2882.0,447,1.08,3,31,August
2021-08-09,2021,8,9,Monday,0,0,0,3,FuelGo Temeke,-6.85,39.28,Petrol,2455.0,761,1.08,3,32,August
2021-08-10,2021,8,10,Tuesday,1,0,0,3,FuelGo Temeke,-6.85,39.28,Petrol,2713.0,536,1.08,3,32,August
2021-08-11,2021,8,11,Wednesday,2,0,0,3,FuelGo Temeke,-6.85,39.28,Petrol,2720.0,494,1.08,3,32,August
2021-08-12,2021,8,12,Thursday,3,0,0,3,FuelGo Temeke,-6.85,39.28,Petrol,2653.0,493,1.08,3,32,August
2021-08-13,2021,8,13,Friday,4,0,0,3,FuelGo Temeke,-6.85,39.28,Petrol,2398.0,655,1.08,3,32,August
2021-01-01,2021,1,1,Friday,4,0,1,3,FuelGo Temeke,-6.85,39.28,Diesel,2351.0,642,1.15,1,53,January
2021-01-02,2021,1,2,Saturday,5,1,0,3,FuelGo Temeke,-6.85,39.28,Diesel,2105.0,669,1.15,1,53,January
2021-01-03,2021,1,3,Sunday,6,1,0,3,FuelGo Temeke,-6.85,39.28,Diesel,2471.0,354,1.15,1,53,January
2021-01-04,2021,1,4,Monday,0,0,0,3,FuelGo Temeke,-6.85,39.28,Diesel,2539.0,525,1.15,1,1,January
2021-01-05,2021,1,5,Tuesday,1,0,0,3,FuelGo Temeke,-6.85,39.28,Diesel,2405.0,606,1.15,1,1,January
2021-01-06,2021,1,6,Wednesday,2,0,0,3,FuelGo Temeke,-6.85,39.28,Diesel,2496.0,567,1.15,1,1,January
2021-01-07,2021,1,7,Thursday,3,0,0,3,FuelGo Temeke,-6.85,39.28,Diesel,2281.0,611,1.15,1,1,January
2021-01-08,2021,1,8,Friday,4,0,0,3,FuelGo Temeke,-6.85,39.28,Diesel,2102.0,621,1.15,1,1,January
2021-01-09,2021,1,9,Saturday,5,1,0,3,FuelGo Temeke,-6.85,39.28,Diesel,2350.0,552,1.15,1,1,January
2021-01-10,2021,1,10,Sunday,6,1,0,3,FuelGo Temeke,-6.85,39.28,Diesel,2314.0,448,1.15,1,1,January
2021-01-11,2021,1,11,Monday,0,0,0,3,FuelGo Temeke,-6.85,39.28,Diesel,2575.0,553,1.15,1,2,January
2021-01-12,2021,1,12,Tuesday,1,0,1,3,FuelGo Temeke,-6.85,39.28,Diesel,2383.0,725,1.15,1,2,January
2021-01-13,2021,1,13,Wednesday,2,0,0,3,FuelGo Temeke,-6.85,39.28,Diesel,2320.0,709,1.15,1,2,January
2021-01-14,2021,1,14,Thursday,3,0,0,3,FuelGo Temeke,-6.85,39.28,Diesel,2409.0,496,1.15,1,2,January
2021-01-15,2021,1,15,Friday,4,0,0,3,FuelGo Temeke,-6.85,39.28,Diesel,2639.0,380,1.15,1,2,January
2021-01-16,2021,1,16,Saturday,5,1,0,3,FuelGo Temeke,-6.85,39.28,Diesel,2550.0,427,1.15,1,2,January
2021-01-17,2021,1,17,Sunday,6,1,0,3,FuelGo Temeke,-6.85,39.28,Diesel,2463.0,363,1.15,1,2,January
2021-01-18,2021,1,18,Monday,0,0,0,3,FuelGo Temeke,-6.85,39.28,Diesel,2677.0,566,1.15,1,3,January
2021-01-19,2021,1,19,Tuesday,1,0,0,3,FuelGo Temeke,-6.85,39.28,Diesel,2317.0,491,1.15,1,3,January
2021-01-20,2021,1,20,Wednesday,2,0,0,3,FuelGo Temeke,-6.85,39.28,Diesel,2578.0,525,1.15,1,3,January
2021-01-21,2021,1,21,Thursday,3,0,0,3,FuelGo Temeke,-6.85,39.28,Diesel,2268.0,621,1.15,1,3,January
2021-01-22,2021,1,22,Friday,4,0,0,3,FuelGo Temeke,-6.85,39.28,Diesel,2152.0,623,1.15,1,3,January
2021-01-23,2021,1,23,Saturday,5,1,0,3,FuelGo Temeke,-6.85,39.28,Diesel,2396.0,492,1.15,1,3,January
2021-01-24,2021,1,24,Sunday,6,1,0,3,FuelGo Temeke,-6.85,39.28,Diesel,2154.0,513,1.15,1,3,January
2021-01-25,2021,1,25,Monday,0,0,0,3,FuelGo Temeke,-6.85,39.28,Diesel,2460.0,540,1.15,1,4,January
2021-01-26,2021,1,26,Tuesday,1,0,0,3,FuelGo Temeke,-6.85,39.28,Diesel,2616.0,538,1.15,1,4,January
2021-01-27,2021,1,27,Wednesday,2,0,0,3,FuelGo Temeke,-6.85,39.28,Diesel,2105.0,585,1.15,1,4,January
2021-01-28,2021,1,28,Thursday,3,0,0,3,FuelGo Temeke,-6.85,39.28,Diesel,2535.0,502,1.15,1,4,January
2021-01-29,2021,1,29,Friday,4,0,0,3,FuelGo Temeke,-6.85,39.28,Diesel,2558.0,452,1.15,1,4,January
2021-01-30,2021,1,30,Saturday,5,1,0,3,FuelGo Temeke,-6.85,39.28,Diesel,2491.0,437,1.15,1,4,January
2021-01-31,2021,1,31,Sunday,6,1,0,3,FuelGo Temeke,-6.85,39.28,Diesel,2203.0,425,1.15,1,4,January
2021-02-01,2021,2,1,Monday,0,0,0,3,FuelGo Temeke,-6.85,39.28,Diesel,2257.0,537,0.95,1,5,February
2021-02-02,2021,2,2,Tuesday,1,0,0,3,FuelGo Temeke,-6.85,39.28,Diesel,2335.0,437,0.95,1,5,February
2021-02-03,2021,2,3,Wednesday,2,0,0,3,FuelGo Temeke,-6.85,39.28,Diesel,2315.0,525,0.95,1,5,February
2021-02-04,2021,2,4,Thursday,3,0,0,3,FuelGo Temeke,-6.85,39.28,Diesel,2230.0,442,0.95,1,5,February
2021-02-05,2021,2,5,Friday,4,0,0,3,FuelGo Temeke,-6.85,39.28,Diesel,2407.0,464,0.95,1,5,February
2021-02-06,2021,2,6,Saturday,5,1,0,3,FuelGo Temeke,-6.85,39.28,Diesel,2268.0,380,0.95,1,5,February
2021-02-07,2021,2,7,Sunday,6,1,0,3,FuelGo Temeke,-6.85,39.28,Diesel,2277.0,375,0.95,1,5,February
2021-02-08,2021,2,8,Monday,0,0,0,3,FuelGo Temeke,-6.85,39.28,Diesel,2271.0,526,0.95,1,6,February
2021-02-09,2021,2,9,Tuesday,1,0,0,3,FuelGo Temeke,-6.85,39.28,Diesel,2374.0,413,0.95,1,6,February
2021-02-10,2021,2,10,Wednesday,2,0,0,3,FuelGo Temeke,-6.85,39.28,Diesel,2582.0,405,0.95,1,6,February
2021-02-11,2021,2,11,Thursday,3,0,0,3,FuelGo Temeke,-6.85,39.28,Diesel,2672.0,373,0.95,1,6,February
2021-02-12,2021,2,12,Friday,4,0,0,3,FuelGo Temeke,-6.85,39.28,Diesel,2239.0,460,0.95,1,6,February
2021-02-13,2021,2,13,Saturday,5,1,0,3,FuelGo Temeke,-6.85,39.28,Diesel,2653.0,386,0.95,1,6,February
2021-02-14,2021,2,14,Sunday,6,1,0,3,FuelGo Temeke,-6.85,39.28,Diesel,2054.0,362,0.95,1,6,February
2021-02-15,2021,2,15,Monday,0,0,0,3,FuelGo Temeke,-6.85,39.28,Diesel,2400.0,413,0.95,1,7,February
2021-02-16,2021,2,16,Tuesday,1,0,1,3,FuelGo Temeke,-6.85,39.28,Diesel,2468.0,488,0.95,1,7,February
2021-02-17,2021,2,17,Wednesday,2,0,0,3,FuelGo Temeke,-6.85,39.28,Diesel,2548.0,500,0.95,1,7,February
2021-02-18,2021,2,18,Thursday,3,0,0,3,FuelGo Temeke,-6.85,39.28,Diesel,2234.0,501,0.95,1,7,February
2021-02-19,2021,2,19,Friday,4,0,0,3,FuelGo Temeke,-6.85,39.28,Diesel,2720.0,417,0.95,1,7,February
2021-02-20,2021,2,20,Saturday,5,1,0,3,FuelGo Temeke,-6.85,39.28,Diesel,2256.0,382,0.95,1,7,February
2021-02-21,2021,2,21,Sunday,6,1,0,3,FuelGo Temeke,-6.85,39.28,Diesel,1997.0,370,0.95,1,7,February
2021-02-22,2021,2,22,Monday,0,0,0,3,FuelGo Temeke,-6.85,39.28,Diesel,2378.0,415,0.95,1,8,February
2021-02-23,2021,2,23,Tuesday,1,0,0,3,FuelGo Temeke,-6.85,39.28,Diesel,2166.0,443,0.95,1,8,February
2021-02-24,2021,2,24,Wednesday,2,0,0,3,FuelGo Temeke,-6.85,39.28,Diesel,2387.0,429,0.95,1,8,February
2021-02-25,2021,2,25,Thursday,3,0,0,3,FuelGo Temeke,-6.85,39.28,Diesel,2077.0,477,0.95,1,8,February
2021-02-26,2021,2,26,Friday,4,0,0,3,FuelGo Temeke,-6.85,39.28,Diesel,1989.0,514,0.95,1,8,February
2021-02-27,2021,2,27,Saturday,5,1,0,3,FuelGo Temeke,-6.85,39.28,Diesel,2531.0,381,0.95,1,8,February
2021-02-28,2021,2,28,Sunday,6,1,0,3,FuelGo Temeke,-6.85,39.28,Diesel,2058.0,404,0.95,1,8,February
2021-03-01,2021,3,1,Monday,0,0,0,3,FuelGo Temeke,-6.85,39.28,Diesel,2330.0,394,0.88,1,9,March
2021-03-02,2021,3,2,Tuesday,1,0,0,3,FuelGo Temeke,-6.85,39.28,Diesel,2431.0,441,0.88,1,9,March
2021-03-03,2021,3,3,Wednesday,2,0,0,3,FuelGo Temeke,-6.85,39.28,Diesel,2832.0,377,0.88,1,9,March
2021-03-04,2021,3,4,Thursday,3,0,0,3,FuelGo Temeke,-6.85,39.28,Diesel,2427.0,414,0.88,1,9,March
2021-03-05,2021,3,5,Friday,4,0,0,3,FuelGo Temeke,-6.85,39.28,Diesel,2246.0,484,0.88,1,9,March
2021-03-06,2021,3,6,Saturday,5,1,0,3,FuelGo Temeke,-6.85,39.28,Diesel,2126.0,427,0.88,1,9,March
2021-03-07,2021,3,7,Sunday,6,1,0,3,FuelGo Temeke,-6.85,39.28,Diesel,2465.0,263,0.88,1,9,March
2021-03-08,2021,3,8,Monday,0,0,0,3,FuelGo Temeke,-6.85,39.28,Diesel,2353.0,375,0.88,1,10,March
2021-03-09,2021,3,9,Tuesday,1,0,0,3,FuelGo Temeke,-6.85,39.28,Diesel,2552.0,440,0.88,1,10,March
2021-03-10,2021,3,10,Wednesday,2,0,0,3,FuelGo Temeke,-6.85,39.28,Diesel,2307.0,424,0.88,1,10,March
2021-03-11,2021,3,11,Thursday,3,0,0,3,FuelGo Temeke,-6.85,39.28,Diesel,2417.0,422,0.88,1,10,March
2021-03-12,2021,3,12,Friday,4,0,0,3,FuelGo Temeke,-6.85,39.28,Diesel,2559.0,378,0.88,1,10,March
2021-03-13,2021,3,13,Saturday,5,1,0,3,FuelGo Temeke,-6.85,39.28,Diesel,2270.0,314,0.88,1,10,March
2021-03-14,2021,3,14,Sunday,6,1,0,3,FuelGo Temeke,-6.85,39.28,Diesel,2267.0,360,0.88,1,10,March
2021-03-15,2021,3,15,Monday,0,0,0,3,FuelGo Temeke,-6.85,39.28,Diesel,2404.0,396,0.88,1,11,March
2021-03-16,2021,3,16,Tuesday,1,0,0,3,FuelGo Temeke,-6.85,39.28,Diesel,2293.0,472,0.88,1,11,March
2021-03-17,2021,3,17,Wednesday,2,0,0,3,FuelGo Temeke,-6.85,39.28,Diesel,2469.0,368,0.88,1,11,March
2021-03-18,2021,3,18,Thursday,3,0,0,3,FuelGo Temeke,-6.85,39.28,Diesel,2785.0,390,0.88,1,11,March
2021-03-19,2021,3,19,Friday,4,0,0,3,FuelGo Temeke,-6.85,39.28,Diesel,2490.0,439,0.88,1,11,March
2021-03-20,2021,3,20,Saturday,5,1,0,3,FuelGo Temeke,-6.85,39.28,Diesel,2576.0,328,0.88,1,11,March
2021-03-21,2021,3,21,Sunday,6,1,0,3,FuelGo Temeke,-6.85,39.28,Diesel,2584.0,307,0.88,1,11,March
2021-03-22,2021,3,22,Monday,0,0,0,3,FuelGo Temeke,-6.85,39.28,Diesel,2511.0,336,0.88,1,12,March
2021-03-23,2021,3,23,Tuesday,1,0,0,3,FuelGo Temeke,-6.85,39.28,Diesel,2379.0,384,0.88,1,12,March
2021-03-24,2021,3,24,Wednesday,2,0,0,3,FuelGo Temeke,-6.85,39.28,Diesel,2356.0,468,0.88,1,12,March
2021-03-25,2021,3,25,Thursday,3,0,0,3,FuelGo Temeke,-6.85,39.28,Diesel,2426.0,358,0.88,1,12,March
2021-03-26,2021,3,26,Friday,4,0,1,3,FuelGo Temeke,-6.85,39.28,Diesel,2530.0,507,0.88,1,12,March
2021-03-27,2021,3,27,Saturday,5,1,0,3,FuelGo Temeke,-6.85,39.28,Diesel,2319.0,470,0.88,1,12,March
2021-03-28,2021,3,28,Sunday,6,1,0,3,FuelGo Temeke,-6.85,39.28,Diesel,2371.0,296,0.88,1,12,March
2021-03-29,2021,3,29,Monday,0,0,0,3,FuelGo Temeke,-6.85,39.28,Diesel,2260.0,565,0.88,1,13,March
2021-03-30,2021,3,30,Tuesday,1,0,0,3,FuelGo Temeke,-6.85,39.28,Diesel,2260.0,384,0.88,1,13,March
2021-03-31,2021,3,31,Wednesday,2,0,0,3,FuelGo Temeke,-6.85,39.28,Diesel,2531.0,375,0.88,1,13,March
2021-04-01,2021,4,1,Thursday,3,0,0,3,FuelGo Temeke,-6.85,39.28,Diesel,2509.0,396,0.85,2,13,April
2021-04-02,2021,4,2,Friday,4,0,0,3,FuelGo Temeke,-6.85,39.28,Diesel,2494.0,383,0.85,2,13,April
2021-04-03,2021,4,3,Saturday,5,1,0,3,FuelGo Temeke,-6.85,39.28,Diesel,2073.0,356,0.85,2,13,April
2021-04-04,2021,4,4,Sunday,6,1,0,3,FuelGo Temeke,-6.85,39.28,Diesel,2571.0,217,0.85,2,13,April
2021-04-05,2021,4,5,Monday,0,0,0,3,FuelGo Temeke,-6.85,39.28,Diesel,2504.0,368,0.85,2,14,April
2021-04-06,2021,4,6,Tuesday,1,0,0,3,FuelGo Temeke,-6.85,39.28,Diesel,2469.0,467,0.85,2,14,April
2021-04-07,2021,4,7,Wednesday,2,0,1,3,FuelGo Temeke,-6.85,39.28,Diesel,2135.0,560,0.85,2,14,April
2021-04-08,2021,4,8,Thursday,3,0,0,3,FuelGo Temeke,-6.85,39.28,Diesel,2421.0,434,0.85,2,14,April
2021-04-09,2021,4,9,Friday,4,0,0,3,FuelGo Temeke,-6.85,39.28,Diesel,2693.0,334,0.85,2,14,April
2021-04-10,2021,4,10,Saturday,5,1,0,3,FuelGo Temeke,-6.85,39.28,Diesel,2299.0,340,0.85,2,14,April
2021-04-11,2021,4,11,Sunday,6,1,0,3,FuelGo Temeke,-6.85,39.28,Diesel,2075.0,344,0.85,2,14,April
2021-04-12,2021,4,12,Monday,0,0,0,3,FuelGo Temeke,-6.85,39.28,Diesel,2554.0,421,0.85,2,15,April
2021-04-13,2021,4,13,Tuesday,1,0,0,3,FuelGo Temeke,-6.85,39.28,Diesel,2185.0,475,0.85,2,15,April
2021-04-14,2021,4,14,Wednesday,2,0,0,3,FuelGo Temeke,-6.85,39.28,Diesel,2276.0,481,0.85,2,15,April
2021-04-15,2021,4,15,Thursday,3,0,0,3,FuelGo Temeke,-6.85,39.28,Diesel,2640.0,400,0.85,2,15,April
2021-04-16,2021,4,16,Friday,4,0,0,3,FuelGo Temeke,-6.85,39.28,Diesel,2459.0,393,0.85,2,15,April
2021-04-17,2021,4,17,Saturday,5,1,0,3,FuelGo Temeke,-6.85,39.28,Diesel,2375.0,346,0.85,2,15,April
2021-04-18,2021,4,18,Sunday,6,1,0,3,FuelGo Temeke,-6.85,39.28,Diesel,2610.0,278,0.85,2,15,April
2021-04-19,2021,4,19,Monday,0,0,0,3,FuelGo Temeke,-6.85,39.28,Diesel,2529.0,415,0.85,2,16,April
2021-04-20,2021,4,20,Tuesday,1,0,0,3,FuelGo Temeke,-6.85,39.28,Diesel,2763.0,365,0.85,2,16,April
2021-04-21,2021,4,21,Wednesday,2,0,0,3,FuelGo Temeke,-6.85,39.28,Diesel,2403.0,372,0.85,2,16,April
2021-04-22,2021,4,22,Thursday,3,0,0,3,FuelGo Temeke,-6.85,39.28,Diesel,2514.0,335,0.85,2,16,April
2021-04-23,2021,4,23,Friday,4,0,0,3,FuelGo Temeke,-6.85,39.28,Diesel,2295.0,432,0.85,2,16,April
2021-04-24,2021,4,24,Saturday,5,1,0,3,FuelGo Temeke,-6.85,39.28,Diesel,2436.0,276,0.85,2,16,April
2021-04-25,2021,4,25,Sunday,6,1,0,3,FuelGo Temeke,-6.85,39.28,Diesel,2541.0,273,0.85,2,16,April
2021-04-26,2021,4,26,Monday,0,0,1,3,FuelGo Temeke,-6.85,39.28,Diesel,2428.0,547,0.85,2,17,April
2021-04-27,2021,4,27,Tuesday,1,0,0,3,FuelGo Temeke,-6.85,39.28,Diesel,2636.0,406,0.85,2,17,April
2021-04-28,2021,4,28,Wednesday,2,0,0,3,FuelGo Temeke,-6.85,39.28,Diesel,2335.0,421,0.85,2,17,April
2021-04-29,2021,4,29,Thursday,3,0,0,3,FuelGo Temeke,-6.85,39.28,Diesel,2432.0,342,0.85,2,17,April
2021-04-30,2021,4,30,Friday,4,0,0,3,FuelGo Temeke,-6.85,39.28,Diesel,2743.0,371,0.85,2,17,April
2021-05-01,2021,5,1,Saturday,5,1,1,3,FuelGo Temeke,-6.85,39.28,Diesel,2574.0,470,0.9,2,17,May
2021-05-02,2021,5,2,Sunday,6,1,0,3,FuelGo Temeke,-6.85,39.28,Diesel,2495.0,336,0.9,2,17,May
2021-05-03,2021,5,3,Monday,0,0,0,3,FuelGo Temeke,-6.85,39.28,Diesel,2800.0,320,0.9,2,18,May
2021-05-04,2021,5,4,Tuesday,1,0,0,3,FuelGo Temeke,-6.85,39.28,Diesel,2240.0,473,0.9,2,18,May
2021-05-05,2021,5,5,Wednesday,2,0,0,3,FuelGo Temeke,-6.85,39.28,Diesel,2500.0,413,0.9,2,18,May
2021-05-06,2021,5,6,Thursday,3,0,0,3,FuelGo Temeke,-6.85,39.28,Diesel,2557.0,413,0.9,2,18,May
2021-05-07,2021,5,7,Friday,4,0,0,3,FuelGo Temeke,-6.85,39.28,Diesel,2434.0,451,0.9,2,18,May
2021-05-08,2021,5,8,Saturday,5,1,0,3,FuelGo Temeke,-6.85,39.28,Diesel,2108.0,401,0.9,2,18,May
2021-05-09,2021,5,9,Sunday,6,1,0,3,FuelGo Temeke,-6.85,39.28,Diesel,2538.0,250,0.9,2,18,May
2021-05-10,2021,5,10,Monday,0,0,0,3,FuelGo Temeke,-6.85,39.28,Diesel,2504.0,378,0.9,2,19,May
2021-05-11,2021,5,11,Tuesday,1,0,0,3,FuelGo Temeke,-6.85,39.28,Diesel,2398.0,414,0.9,2,19,May
2021-05-12,2021,5,12,Wednesday,2,0,0,3,FuelGo Temeke,-6.85,39.28,Diesel,2485.0,523,0.9,2,19,May
2021-05-13,2021,5,13,Thursday,3,0,1,3,FuelGo Temeke,-6.85,39.28,Diesel,2736.0,468,0.9,2,19,May
2021-05-14,2021,5,14,Friday,4,0,0,3,FuelGo Temeke,-6.85,39.28,Diesel,2478.0,449,0.9,2,19,May
2021-05-15,2021,5,15,Saturday,5,1,0,3,FuelGo Temeke,-6.85,39.28,Diesel,2330.0,436,0.9,2,19,May
2021-05-16,2021,5,16,Sunday,6,1,0,3,FuelGo Temeke,-6.85,39.28,Diesel,2237.0,331,0.9,2,19,May
2021-05-17,2021,5,17,Monday,0,0,0,3,FuelGo Temeke,-6.85,39.28,Diesel,2228.0,376,0.9,2,20,May
2021-05-18,2021,5,18,Tuesday,1,0,0,3,FuelGo Temeke,-6.85,39.28,Diesel,2539.0,348,0.9,2,20,May
2021-05-19,2021,5,19,Wednesday,2,0,0,3,FuelGo Temeke,-6.85,39.28,Diesel,2335.0,430,0.9,2,20,May
2021-05-20,2021,5,20,Thursday,3,0,0,3,FuelGo Temeke,-6.85,39.28,Diesel,2428.0,383,0.9,2,20,May
2021-05-21,2021,5,21,Friday,4,0,0,3,FuelGo Temeke,-6.85,39.28,Diesel,2558.0,473,0.9,2,20,May
2021-05-22,2021,5,22,Saturday,5,1,0,3,FuelGo Temeke,-6.85,39.28,Diesel,2318.0,336,0.9,2,20,May
2021-05-23,2021,5,23,Sunday,6,1,0,3,FuelGo Temeke,-6.85,39.28,Diesel,2544.0,355,0.9,2,20,May
2021-05-24,2021,5,24,Monday,0,0,0,3,FuelGo Temeke,-6.85,39.28,Diesel,2505.0,506,0.9,2,21,May
2021-05-25,2021,5,25,Tuesday,1,0,1,3,FuelGo Temeke,-6.85,39.28,Diesel,2718.0,505,0.9,2,21,May
2021-05-26,2021,5,26,Wednesday,2,0,0,3,FuelGo Temeke,-6.85,39.28,Diesel,2317.0,541,0.9,2,21,May
2021-05-27,2021,5,27,Thursday,3,0,0,3,FuelGo Temeke,-6.85,39.28,Diesel,2633.0,367,0.9,2,21,May
2021-05-28,2021,5,28,Friday,4,0,0,3,FuelGo Temeke,-6.85,39.28,Diesel,2430.0,462,0.9,2,21,May
2021-05-29,2021,5,29,Saturday,5,1,0,3,FuelGo Temeke,-6.85,39.28,Diesel,2552.0,330,0.9,2,21,May
2021-05-30,2021,5,30,Sunday,6,1,0,3,FuelGo Temeke,-6.85,39.28,Diesel,2749.0,211,0.9,2,21,May
2021-05-31,2021,5,31,Monday,0,0,0,3,FuelGo Temeke,-6.85,39.28,Diesel,2321.0,465,0.9,2,22,May
2021-06-01,2021,6,1,Tuesday,1,0,0,3,FuelGo Temeke,-6.85,39.28,Diesel,2421.0,460,1.05,2,22,June
2021-06-02,2021,6,2,Wednesday,2,0,0,3,FuelGo Temeke,-6.85,39.28,Diesel,2889.0,445,1.05,2,22,June
2021-06-03,2021,6,3,Thursday,3,0,0,3,FuelGo Temeke,-6.85,39.28,Diesel,2465.0,497,1.05,2,22,June
2021-06-04,2021,6,4,Friday,4,0,0,3,FuelGo Temeke,-6.85,39.28,Diesel,2425.0,393,1.05,2,22,June
2021-06-05,2021,6,5,Saturday,5,1,0,3,FuelGo Temeke,-6.85,39.28,Diesel,2661.0,321,1.05,2,22,June
2021-06-06,2021,6,6,Sunday,6,1,0,3,FuelGo Temeke,-6.85,39.28,Diesel,2254.0,396,1.05,2,22,June
2021-06-07,2021,6,7,Monday,0,0,0,3,FuelGo Temeke,-6.85,39.28,Diesel,2546.0,467,1.05,2,23,June
2021-06-08,2021,6,8,Tuesday,1,0,0,3,FuelGo Temeke,-6.85,39.28,Diesel,2491.0,465,1.05,2,23,June
2021-06-09,2021,6,9,Wednesday,2,0,0,3,FuelGo Temeke,-6.85,39.28,Diesel,2786.0,366,1.05,2,23,June
2021-06-10,2021,6,10,Thursday,3,0,0,3,FuelGo Temeke,-6.85,39.28,Diesel,2471.0,518,1.05,2,23,June
2021-06-11,2021,6,11,Friday,4,0,0,3,FuelGo Temeke,-6.85,39.28,Diesel,2620.0,437,1.05,2,23,June
2021-06-12,2021,6,12,Saturday,5,1,0,3,FuelGo Temeke,-6.85,39.28,Diesel,2646.0,371,1.05,2,23,June
2021-06-13,2021,6,13,Sunday,6,1,0,3,FuelGo Temeke,-6.85,39.28,Diesel,2631.0,365,1.05,2,23,June
2021-06-14,2021,6,14,Monday,0,0,0,3,FuelGo Temeke,-6.85,39.28,Diesel,2615.0,546,1.05,2,24,June
2021-06-15,2021,6,15,Tuesday,1,0,0,3,FuelGo Temeke,-6.85,39.28,Diesel,2539.0,630,1.05,2,24,June
2021-06-16,2021,6,16,Wednesday,2,0,0,3,FuelGo Temeke,-6.85,39.28,Diesel,2202.0,502,1.05,2,24,June
2021-06-17,2021,6,17,Thursday,3,0,0,3,FuelGo Temeke,-6.85,39.28,Diesel,2468.0,509,1.05,2,24,June
2021-06-18,2021,6,18,Friday,4,0,0,3,FuelGo Temeke,-6.85,39.28,Diesel,1920.0,641,1.05,2,24,June
2021-06-19,2021,6,19,Saturday,5,1,0,3,FuelGo Temeke,-6.85,39.28,Diesel,2372.0,522,1.05,2,24,June
2021-06-20,2021,6,20,Sunday,6,1,0,3,FuelGo Temeke,-6.85,39.28,Diesel,2595.0,384,1.05,2,24,June
2021-06-21,2021,6,21,Monday,0,0,0,3,FuelGo Temeke,-6.85,39.28,Diesel,2534.0,505,1.05,2,25,June
2021-06-22,2021,6,22,Tuesday,1,0,0,3,FuelGo Temeke,-6.85,39.28,Diesel,2503.0,510,1.05,2,25,June
2021-06-23,2021,6,23,Wednesday,2,0,0,3,FuelGo Temeke,-6.85,39.28,Diesel,2439.0,443,1.05,2,25,June
