analytics/fuel_demand_dataset.csv
date,year,month,day,day_of_week,day_of_week_num,is_weekend,is_holiday,station_id,station_name,station_lat,station_lng,fuel_type,price_per_litre,demand_litres,seasonal_factor,quarter,week_of_year,month_name
2021-06-24,2021,6,24,Thursday,3,0,0,3,FuelGo Temeke,-6.85,39.28,Diesel,2352.0,434,1.05,2,25,June
2021-06-25,2021,6,25,Friday,4,0,0,3,FuelGo Temeke,-6.85,39.28,Diesel,2376.0,538,1.05,2,25,June
2021-06-26,2021,6,26,Saturday,5,1,0,3,FuelGo Temeke,-6.85,39.28,Diesel,2501.0,432,1.05,2,25,June
2021-06-27,2021,6,27,Sunday,6,1,0,3,FuelGo Temeke,-6.85,39.28,Diesel,2034.0,500,1.05,2,25,June
2021-06-28,2021,6,28,Monday,0,0,0,3,FuelGo Temeke,-6.85,39.28,Diesel,2583.0,497,1.05,2,26,June
2021-06-29,2021,6,29,Tuesday,1,0,0,3,FuelGo Temeke,-6.85,39.28,Diesel,2556.0,450,1.05,2,26,June
2021-06-30,2021,6,30,Wednesday,2,0,0,3,FuelGo Temeke,-6.85,39.28,Diesel,2558.0,422,1.05,2,26,June
2021-07-01,2021,7,1,Thursday,3,0,0,3,FuelGo Temeke,-6.85,39.28,Diesel,2695.0,447,1.12,3,26,July
2021-07-02,2021,7,2,Friday,4,0,0,3,FuelGo Temeke,-6.85,39.28,Diesel,2362.0,508,1.12,3,26,July
2021-07-03,2021,7,3,Saturday,5,1,0,3,FuelGo Temeke,-6.85,39.28,Diesel,2331.0,434,1.12,3,26,July
2021-07-04,2021,7,4,Sunday,6,1,0,3,FuelGo Temeke,-6.85,39.28,Diesel,2435.0,388,1.12,3,26,July
2021-07-05,2021,7,5,Monday,0,0,0,3,FuelGo Temeke,-6.85,39.28,Diesel,2449.0,571,1.12,3,27,July
2021-07-06,2021,7,6,Tuesday,1,0,0,3,FuelGo Temeke,-6.85,39.28,Diesel,2093.0,720,1.12,3,27,July
2021-07-07,2021,7,7,Wednesday,2,0,1,3,FuelGo Temeke,-6.85,39.28,Diesel,2751.0,572,1.12,3,27,July
2021-07-08,2021,7,8,Thursday,3,0,0,3,FuelGo Temeke,-6.85,39.28,Diesel,2354.0,621,1.12,3,27,July
2021-07-09,2021,7,9,Friday,4,0,0,3,FuelGo Temeke,-6.85,39.28,Diesel,2431.0,545,1.12,3,27,July
2021-07-10,2021,7,10,Saturday,5,1,0,3,FuelGo Temeke,-6.85,39.28,Diesel,2020.0,521,1.12,3,27,July
2021-07-11,2021,7,11,Sunday,6,1,0,3,FuelGo Temeke,-6.85,39.28,Diesel,2252.0,410,1.12,3,27,July
2021-07-12,2021,7,12,Monday,0,0,0,3,FuelGo Temeke,-6.85,39.28,Diesel,2516.0,514,1.12,3,28,July
2021-07-13,2021,7,13,Tuesday,1,0,0,3,FuelGo Temeke,-6.85,39.28,Diesel,2759.0,398,1.12,3,28,July
2021-07-14,2021,7,14,Wednesday,2,0,0,3,FuelGo Temeke,-6.85,39.28,Diesel,2627.0,440,1.12,3,28,July
2021-07-15,2021,7,15,Thursday,3,0,0,3,FuelGo Temeke,-6.85,39.28,Diesel,2393.0,524,1.12,3,28,July
2021-07-16,2021,7,16,Friday,4,0,0,3,FuelGo Temeke,-6.85,39.28,Diesel,2419.0,549,1.12,3,28,July
2021-07-17,2021,7,17,Saturday,5,1,0,3,FuelGo Temeke,-6.85,39.28,Diesel,2665.0,415,1.12,3,28,July
2021-07-18,2021,7,18,Sunday,6,1,0,3,FuelGo Temeke,-6.85,39.28,Diesel,2490.0,365,1.12,3,28,July
2021-07-19,2021,7,19,Monday,0,0,0,3,FuelGo Temeke,-6.85,39.28,Diesel,2380.0,658,1.12,3,29,July
2021-07-20,2021,7,20,Tuesday,1,0,1,3,FuelGo Temeke,-6.85,39.28,Diesel,2387.0,755,1.12,3,29,July
2021-07-21,2021,7,21,Wednesday,2,0,0,3,FuelGo Temeke,-6.85,39.28,Diesel,2527.0,541,1.12,3,29,July
2021-07-22,2021,7,22,Thursday,3,0,0,3,FuelGo Temeke,-6.85,39.28,Diesel,2227.0,567,1.12,3,29,July
2021-07-23,2021,7,23,Friday,4,0,0,3,FuelGo Temeke,-6.85,39.28,Diesel,2550.0,494,1.12,3,29,July
2021-07-24,2021,7,24,Saturday,5,1,0,3,FuelGo Temeke,-6.85,39.28,Diesel,2376.0,449,1.12,3,29,July
2021-07-25,2021,7,25,Sunday,6,1,0,3,FuelGo Temeke,-6.85,39.28,Diesel,2428.0,337,1.12,3,29,July
2021-07-26,2021,7,26,Monday,0,0,0,3,FuelGo Temeke,-6.85,39.28,Diesel,2446.0,462,1.12,3,30,July
2021-07-27,2021,7,27,Tuesday,1,0,0,3,FuelGo Temeke,-6.85,39.28,Diesel,2449.0,438,1.12,3,30,July
2021-07-28,2021,7,28,Wednesday,2,0,0,3,FuelGo Temeke,-6.85,39.28,Diesel,2468.0,613,1.12,3,30,July
2021-07-29,2021,7,29,Thursday,3,0,0,3,FuelGo Temeke,-6.85,39.28,Diesel,2616.0,500,1.12,3,30,July
2021-07-30,2021,7,30,Friday,4,0,0,3,FuelGo Temeke,-6.85,39.28,Diesel,2432.0,528,1.12,3,30,July
2021-07-31,2021,7,31,Saturday,5,1,0,3,FuelGo Temeke,-6.85,39.28,Diesel,2756.0,417,1.12,3,30,July
2021-08-01,2021,8,1,Sunday,6,1,0,3,FuelGo Temeke,-6.85,39.28,Diesel,2175.0,401,1.08,3,30,August
2021-08-02,2021,8,2,Monday,0,0,0,3,FuelGo Temeke,-6.85,39.28,Diesel,2787.0,374,1.08,3,31,August
2021-08-03,2021,8,3,Tuesday,1,0,0,3,FuelGo Temeke,-6.85,39.28,Diesel,2843.0,438,1.08,3,31,August
2021-08-04,2021,8,4,Wednesday,2,0,0,3,FuelGo Temeke,-6.85,39.28,Diesel,2697.0,475,1.08,3,31,August
2021-08-05,2021,8,5,Thursday,3,0,0,3,FuelGo Temeke,-6.85,39.28,Diesel,2647.0,471,1.08,3,31,August
2021-08-06,2021,8,6,Friday,4,0,0,3,FuelGo Temeke,-6.85,39.28,Diesel,2545.0,508,1.08,3,31,August
2021-08-07,2021,8,7,Saturday,5,1,0,3,FuelGo Temeke,-6.85,39.28,Diesel,2930.0,452,1.08,3,31,August
2021-08-08,2021,8,8,Sunday,6,1,1,3,FuelGo Temeke,-6.85,39.28,Diesel,2476.0,428,1.08,3,31,August
2021-08-09,2021,8,9,Monday,0,0,0,3,FuelGo Temeke,-6.85,39.28,Diesel,2672.0,499,1.08,3,32,August
2021-08-10,2021,8,10,Tuesday,1,0,0,3,FuelGo Temeke,-6.85,39.28,Diesel,2486.0,518,1.08,3,32,August
2021-08-11,2021,8,11,Wednesday,2,0,0,3,FuelGo Temeke,-6.85,39.28,Diesel,2965.0,360,1.08,3,32,August
2021-08-12,2021,8,12,Thursday,3,0,0,3,FuelGo Temeke,-6.85,39.28,Diesel,2595.0,479,1.08,3,32,August
2021-08-13,2021,8,13,Friday,4,0,0,3,FuelGo Temeke,-6.85,39.28,Diesel,2749.0,503,1.08,3,32,August
2021-01-01,2021,1,1,Friday,4,0,1,3,FuelGo Temeke,-6.85,39.28,Kerosene,2105.0,286,1.15,1,53,January
2021-01-02,2021,1,2,Saturday,5,1,0,3,FuelGo Temeke,-6.85,39.28,Kerosene,1992.0,250,1.15,1,53,January
2021-01-03,2021,1,3,Sunday,6,1,0,3,FuelGo Temeke,-6.85,39.28,Kerosene,2209.0,133,1.15,1,53,January
2021-01-04,2021,1,4,Monday,0,0,0,3,FuelGo Temeke,-6.85,39.28,Kerosene,2059.0,215,1.15,1,1,January
2021-01-05,2021,1,5,Tuesday,1,0,0,3,FuelGo Temeke,-6.85,39.28,Kerosene,1861.0,274,1.15,1,1,January
2021-01-06,2021,1,6,Wednesday,2,0,0,3,FuelGo Temeke,-6.85,39.28,Kerosene,1946.0,244,1.15,1,1,January
2021-01-07,2021,1,7,Thursday,3,0,0,3,FuelGo Temeke,-6.85,39.28,Kerosene,2060.0,213,1.15,1,1,January
2021-01-08,2021,1,8,Friday,4,0,0,3,FuelGo Temeke,-6.85,39.28,Kerosene,1984.0,212,1.15,1,1,January
2021-01-09,2021,1,9,Saturday,5,1,0,3,FuelGo Temeke,-6.85,39.28,Kerosene,2009.0,228,1.15,1,1,January
2021-01-10,2021,1,10,Sunday,6,1,0,3,FuelGo Temeke,-6.85,39.28,Kerosene,2070.0,161,1.15,1,1,January
2021-01-11,2021,1,11,Monday,0,0,0,3,FuelGo Temeke,-6.85,39.28,Kerosene,1896.0,288,1.15,1,2,January
2021-01-12,2021,1,12,Tuesday,1,0,1,3,FuelGo Temeke,-6.85,39.28,Kerosene,2021.0,310,1.15,1,2,January
2021-01-13,2021,1,13,Wednesday,2,0,0,3,FuelGo Temeke,-6.85,39.28,Kerosene,1982.0,207,1.15,1,2,January
2021-01-14,2021,1,14,Thursday,3,0,0,3,FuelGo Temeke,-6.85,39.28,Kerosene,1909.0,256,1.15,1,2,January
2021-01-15,2021,1,15,Friday,4,0,0,3,FuelGo Temeke,-6.85,39.28,Kerosene,1888.0,253,1.15,1,2,January
2021-01-16,2021,1,16,Saturday,5,1,0,3,FuelGo Temeke,-6.85,39.28,Kerosene,1862.0,187,1.15,1,2,January
2021-01-17,2021,1,17,Sunday,6,1,0,3,FuelGo Temeke,-6.85,39.28,Kerosene,1912.0,186,1.15,1,2,January
2021-01-18,2021,1,18,Monday,0,0,0,3,FuelGo Temeke,-6.85,39.28,Kerosene,1946.0,175,1.15,1,3,January
2021-01-19,2021,1,19,Tuesday,1,0,0,3,FuelGo Temeke,-6.85,39.28,Kerosene,1924.0,269,1.15,1,3,January
2021-01-20,2021,1,20,Wednesday,2,0,0,3,FuelGo Temeke,-6.85,39.28,Kerosene,1946.0,222,1.15,1,3,January
2021-01-21,2021,1,21,Thursday,3,0,0,3,FuelGo Temeke,-6.85,39.28,Kerosene,1953.0,229,1.15,1,3,January
2021-01-22,2021,1,22,Friday,4,0,0,3,FuelGo Temeke,-6.85,39.28,Kerosene,2161.0,247,1.15,1,3,January
2021-01-23,2021,1,23,Saturday,5,1,0,3,FuelGo Temeke,-6.85,39.28,Kerosene,2003.0,198,1.15,1,3,January
2021-01-24,2021,1,24,Sunday,6,1,0,3,FuelGo Temeke,-6.85,39.28,Kerosene,2028.0,148,1.15,1,3,January
2021-01-25,2021,1,25,Monday,0,0,0,3,FuelGo Temeke,-6.85,39.28,Kerosene,1817.0,219,1.15,1,4,January
2021-01-26,2021,1,26,Tuesday,1,0,0,3,FuelGo Temeke,-6.85,39.28,Kerosene,2020.0,243,1.15,1,4,January
2021-01-27,2021,1,27,Wednesday,2,0,0,3,FuelGo Temeke,-6.85,39.28,Kerosene,2024.0,213,1.15,1,4,January
2021-01-28,2021,1,28,Thursday,3,0,0,3,FuelGo Temeke,-6.85,39.28,Kerosene,2045.0,229,1.15,1,4,January
2021-01-29,2021,1,29,Friday,4,0,0,3,FuelGo Temeke,-6.85,39.28,Kerosene,1862.0,230,1.15,1,4,January
2021-01-30,2021,1,30,Saturday,5,1,0,3,FuelGo Temeke,-6.85,39.28,Kerosene,1970.0,182,1.15,1,4,January
2021-01-31,2021,1,31,Sunday,6,1,0,3,FuelGo Temeke,-6.85,39.28,Kerosene,2286.0,160,1.15,1,4,January
2021-02-01,2021,2,1,Monday,0,0,0,3,FuelGo Temeke,-6.85,39.28,Kerosene,1991.0,179,0.95,1,5,February
2021-02-02,2021,2,2,Tuesday,1,0,0,3,FuelGo Temeke,-6.85,39.28,Kerosene,1937.0,200,0.95,1,5,February
2021-02-03,2021,2,3,Wednesday,2,0,0,3,FuelGo Temeke,-6.85,39.28,Kerosene,2149.0,199,0.95,1,5,February
2021-02-04,2021,2,4,Thursday,3,0,0,3,FuelGo Temeke,-6.85,39.28,Kerosene,1961.0,212,0.95,1,5,February
2021-02-05,2021,2,5,Friday,4,0,0,3,FuelGo Temeke,-6.85,39.28,Kerosene,2101.0,195,0.95,1,5,February
2021-02-06,2021,2,6,Saturday,5,1,0,3,FuelGo Temeke,-6.85,39.28,Kerosene,2079.0,156,0.95,1,5,February
2021-02-07,2021,2,7,Sunday,6,1,0,3,FuelGo Temeke,-6.85,39.28,Kerosene,2127.0,141,0.95,1,5,February
2021-02-08,2021,2,8,Monday,0,0,0,3,FuelGo Temeke,-6.85,39.28,Kerosene,1984.0,164,0.95,1,6,February
2021-02-09,2021,2,9,Tuesday,1,0,0,3,FuelGo Temeke,-6.85,39.28,Kerosene,2341.0,195,0.95,1,6,February
2021-02-10,2021,2,10,Wednesday,2,0,0,3,FuelGo Temeke,-6.85,39.28,Kerosene,2111.0,193,0.95,1,6,February
2021-02-11,2021,2,11,Thursday,3,0,0,3,FuelGo Temeke,-6.85,39.28,Kerosene,1918.0,190,0.95,1,6,February
2021-02-12,2021,2,12,Friday,4,0,0,3,FuelGo Temeke,-6.85,39.28,Kerosene,2102.0,180,0.95,1,6,February
2021-02-13,2021,2,13,Saturday,5,1,0,3,FuelGo Temeke,-6.85,39.28,Kerosene,2008.0,150,0.95,1,6,February
2021-02-14,2021,2,14,Sunday,6,1,0,3,FuelGo Temeke,-6.85,39.28,Kerosene,2050.0,150,0.95,1,6,February
2021-02-15,2021,2,15,Monday,0,0,0,3,FuelGo Temeke,-6.85,39.28,Kerosene,1919.0,212,0.95,1,7,February
2021-02-16,2021,2,16,Tuesday,1,0,1,3,FuelGo Temeke,-6.85,39.28,Kerosene,2080.0,214,0.95,1,7,February
2021-02-17,2021,2,17,Wednesday,2,0,0,3,FuelGo Temeke,-6.85,39.28,Kerosene,1854.0,272,0.95,1,7,February
2021-02-18,2021,2,18,Thursday,3,0,0,3,FuelGo Temeke,-6.85,39.28,Kerosene,1668.0,249,0.95,1,7,February
2021-02-19,2021,2,19,Friday,4,0,0,3,FuelGo Temeke,-6.85,39.28,Kerosene,2191.0,198,0.95,1,7,February
2021-02-20,2021,2,20,Saturday,5,1,0,3,FuelGo Temeke,-6.85,39.28,Kerosene,2103.0,196,0.95,1,7,February
2021-02-21,2021,2,21,Sunday,6,1,0,3,FuelGo Temeke,-6.85,39.28,Kerosene,1983.0,158,0.95,1,7,February
2021-02-22,2021,2,22,Monday,0,0,0,3,FuelGo Temeke,-6.85,39.28,Kerosene,2054.0,204,0.95,1,8,February
2021-02-23,2021,2,23,Tuesday,1,0,0,3,FuelGo Temeke,-6.85,39.28,Kerosene,2041.0,192,0.95,1,8,February
2021-02-24,2021,2,24,Wednesday,2,0,0,3,FuelGo Temeke,-6.85,39.28,Kerosene,2294.0,162,0.95,1,8,February
2021-02-25,2021,2,25,Thursday,3,0,0,3,FuelGo Temeke,-6.85,39.28,Kerosene,1879.0,193,0.95,1,8,February
2021-02-26,2021,2,26,Friday,4,0,0,3,FuelGo Temeke,-6.85,39.28,Kerosene,1800.0,213,0.95,1,8,February
2021-02-27,2021,2,27,Saturday,5,1,0,3,FuelGo Temeke,-6.85,39.28,Kerosene,1948.0,191,0.95,1,8,February
2021-02-28,2021,2,28,Sunday,6,1,0,3,FuelGo Temeke,-6.85,39.28,Kerosene,1983.0,175,0.95,1,8,February
2021-03-01,2021,3,1,Monday,0,0,0,3,FuelGo Temeke,-6.85,39.28,Kerosene,2363.0,171,0.88,1,9,March
2021-03-02,2021,3,2,Tuesday,1,0,0,3,FuelGo Temeke,-6.85,39.28,Kerosene,1797.0,213,0.88,1,9,March
2021-03-03,2021,3,3,Wednesday,2,0,0,3,FuelGo Temeke,-6.85,39.28,Kerosene,1888.0,194,0.88,1,9,March
2021-03-04,2021,3,4,Thursday,3,0,0,3,FuelGo Temeke,-6.85,39.28,Kerosene,2107.0,212,0.88,1,9,March
2021-03-05,2021,3,5,Friday,4,0,0,3,FuelGo Temeke,-6.85,39.28,Kerosene,2000.0,179,0.88,1,9,March
2021-03-06,2021,3,6,Saturday,5,1,0,3,FuelGo Temeke,-6.85,39.28,Kerosene,2137.0,161,0.88,1,9,March
2021-03-07,2021,3,7,Sunday,6,1,0,3,FuelGo Temeke,-6.85,39.28,Kerosene,2095.0,128,0.88,1,9,March
2021-03-08,2021,3,8,Monday,0,0,0,3,FuelGo Temeke,-6.85,39.28,Kerosene,2087.0,161,0.88,1,10,March
2021-03-09,2021,3,9,Tuesday,1,0,0,3,FuelGo Temeke,-6.85,39.28,Kerosene,2100.0,194,0.88,1,10,March
2021-03-10,2021,3,10,Wednesday,2,0,0,3,FuelGo Temeke,-6.85,39.28,Kerosene,2084.0,163,0.88,1,10,March
2021-03-11,2021,3,11,Thursday,3,0,0,3,FuelGo Temeke,-6.85,39.28,Kerosene,1922.0,197,0.88,1,10,March
2021-03-12,2021,3,12,Friday,4,0,0,3,FuelGo Temeke,-6.85,39.28,Kerosene,1957.0,183,0.88,1,10,March
2021-03-13,2021,3,13,Saturday,5,1,0,3,FuelGo Temeke,-6.85,39.28,Kerosene,1979.0,155,0.88,1,10,March
2021-03-14,2021,3,14,Sunday,6,1,0,3,FuelGo Temeke,-6.85,39.28,Kerosene,2060.0,156,0.88,1,10,March
2021-03-15,2021,3,15,Monday,0,0,0,3,FuelGo Temeke,-6.85,39.28,Kerosene,1973.0,183,0.88,1,11,March
2021-03-16,2021,3,16,Tuesday,1,0,0,3,FuelGo Temeke,-6.85,39.28,Kerosene,1995.0,201,0.88,1,11,March
2021-03-17,2021,3,17,Wednesday,2,0,0,3,FuelGo Temeke,-6.85,39.28,Kerosene,1909.0,183,0.88,1,11,March
2021-03-18,2021,3,18,Thursday,3,0,0,3,FuelGo Temeke,-6.85,39.28,Kerosene,1879.0,227,0.88,1,11,March
2021-03-19,2021,3,19,Friday,4,0,0,3,FuelGo Temeke,-6.85,39.28,Kerosene,2140.0,173,0.88,1,11,March
2021-03-20,2021,3,20,Saturday,5,1,0,3,FuelGo Temeke,-6.85,39.28,Kerosene,1827.0,172,0.88,1,11,March
2021-03-21,2021,3,21,Sunday,6,1,0,3,FuelGo Temeke,-6.85,39.28,Kerosene,2143.0,129,0.88,1,11,March
2021-03-22,2021,3,22,Monday,0,0,0,3,FuelGo Temeke,-6.85,39.28,Kerosene,2010.0,206,0.88,1,12,March
2021-03-23,2021,3,23,Tuesday,1,0,0,3,FuelGo Temeke,-6.85,39.28,Kerosene,2009.0,180,0.88,1,12,March
2021-03-24,2021,3,24,Wednesday,2,0,0,3,FuelGo Temeke,-6.85,39.28,Kerosene,1839.0,179,0.88,1,12,March
2021-03-25,2021,3,25,Thursday,3,0,0,3,FuelGo Temeke,-6.85,39.28,Kerosene,2045.0,194,0.88,1,12,March
2021-03-26,2021,3,26,Friday,4,0,1,3,FuelGo Temeke,-6.85,39.28,Kerosene,2379.0,202,0.88,1,12,March
2021-03-27,2021,3,27,Saturday,5,1,0,3,FuelGo Temeke,-6.85,39.28,Kerosene,1842.0,135,0.88,1,12,March
2021-03-28,2021,3,28,Sunday,6,1,0,3,FuelGo Temeke,-6.85,39.28,Kerosene,2008.0,147,0.88,1,12,March
2021-03-29,2021,3,29,Monday,0,0,0,3,FuelGo Temeke,-6.85,39.28,Kerosene,2026.0,185,0.88,1,13,March
2021-03-30,2021,3,30,Tuesday,1,0,0,3,FuelGo Temeke,-6.85,39.28,Kerosene,2058.0,188,0.88,1,13,March
2021-03-31,2021,3,31,Wednesday,2,0,0,3,FuelGo Temeke,-6.85,39.28,Kerosene,2067.0,180,0.88,1,13,March
2021-04-01,2021,4,1,Thursday,3,0,0,3,FuelGo Temeke,-6.85,39.28,Kerosene,2148.0,169,0.85,2,13,April
2021-04-02,2021,4,2,Friday,4,0,0,3,FuelGo Temeke,-6.85,39.28,Kerosene,2221.0,188,0.85,2,13,April
2021-04-03,2021,4,3,Saturday,5,1,0,3,FuelGo Temeke,-6.85,39.28,Kerosene,2128.0,171,0.85,2,13,April
2021-04-04,2021,4,4,Sunday,6,1,0,3,FuelGo Temeke,-6.85,39.28,Kerosene,1976.0,146,0.85,2,13,April
2021-04-05,2021,4,5,Monday,0,0,0,3,FuelGo Temeke,-6.85,39.28,Kerosene,2153.0,171,0.85,2,14,April
2021-04-06,2021,4,6,Tuesday,1,0,0,3,FuelGo Temeke,-6.85,39.28,Kerosene,2006.0,200,0.85,2,14,April
2021-04-07,2021,4,7,Wednesday,2,0,1,3,FuelGo Temeke,-6.85,39.28,Kerosene,2289.0,213,0.85,2,14,April
2021-04-08,2021,4,8,Thursday,3,0,0,3,FuelGo Temeke,-6.85,39.28,Kerosene,1936.0,207,0.85,2,14,April
2021-04-09,2021,4,9,Friday,4,0,0,3,FuelGo Temeke,-6.85,39.28,Kerosene,1999.0,192,0.85,2,14,April
2021-04-10,2021,4,10,Saturday,5,1,0,3,FuelGo Temeke,-6.85,39.28,Kerosene,2059.0,172,0.85,2,14,April
2021-04-11,2021,4,11,Sunday,6,1,0,3,FuelGo Temeke,-6.85,39.28,Kerosene,2111.0,138,0.85,2,14,April
2021-04-12,2021,4,12,Monday,0,0,0,3,FuelGo Temeke,-6.85,39.28,Kerosene,1973.0,165,0.85,2,15,April
2021-04-13,2021,4,13,Tuesday,1,0,0,3,FuelGo Temeke,-6.85,39.28,Kerosene,2004.0,164,0.85,2,15,April
2021-04-14,2021,4,14,Wednesday,2,0,0,3,FuelGo Temeke,-6.85,39.28,Kerosene,2089.0,202,0.85,2,15,April
2021-04-15,2021,4,15,Thursday,3,0,0,3,FuelGo Temeke,-6.85,39.28,Kerosene,2203.0,185,0.85,2,15,April
2021-04-16,2021,4,16,Friday,4,0,0,3,FuelGo Temeke,-6.85,39.28,Kerosene,2083.0,141,0.85,2,15,April
2021-04-17,2021,4,17,Saturday,5,1,0,3,FuelGo Temeke,-6.85,39.28,Kerosene,1986.0,138,0.85,2,15,April
2021-04-18,2021,4,18,Sunday,6,1,0,3,FuelGo Temeke,-6.85,39.28,Kerosene,2187.0,144,0.85,2,15,April
2021-04-19,2021,4,19,Monday,0,0,0,3,FuelGo Temeke,-6.85,39.28,Kerosene,2058.0,159,0.85,2,16,April
2021-04-20,2021,4,20,Tuesday,1,0,0,3,FuelGo Temeke,-6.85,39.28,Kerosene,1999.0,201,0.85,2,16,April
2021-04-21,2021,4,21,Wednesday,2,0,0,3,FuelGo Temeke,-6.85,39.28,Kerosene,2030.0,171,0.85,2,16,April
2021-04-22,2021,4,22,Thursday,3,0,0,3,FuelGo Temeke,-6.85,39.28,Kerosene,2117.0,176,0.85,2,16,April
2021-04-23,2021,4,23,Friday,4,0,0,3,FuelGo Temeke,-6.85,39.28,Kerosene,2034.0,154,0.85,2,16,April
2021-04-24,2021,4,24,Saturday,5,1,0,3,FuelGo Temeke,-6.85,39.28,Kerosene,2124.0,147,0.85,2,16,April
2021-04-25,2021,4,25,Sunday,6,1,0,3,FuelGo Temeke,-6.85,39.28,Kerosene,1967.0,140,0.85,2,16,April
2021-04-26,2021,4,26,Monday,0,0,1,3,FuelGo Temeke,-6.85,39.28,Kerosene,1951.0,234,0.85,2,17,April
2021-04-27,2021,4,27,Tuesday,1,0,0,3,FuelGo Temeke,-6.85,39.28,Kerosene,2078.0,208,0.85,2,17,April
2021-04-28,2021,4,28,Wednesday,2,0,0,3,FuelGo Temeke,-6.85,39.28,Kerosene,2064.0,166,0.85,2,17,April
2021-04-29,2021,4,29,Thursday,3,0,0,3,FuelGo Temeke,-6.85,39.28,Kerosene,1981.0,151,0.85,2,17,April
2021-04-30,2021,4,30,Friday,4,0,0,3,FuelGo Temeke,-6.85,39.28,Kerosene,2063.0,214,0.85,2,17,April
2021-05-01,2021,5,1,Saturday,5,1,1,3,FuelGo Temeke,-6.85,39.28,Kerosene,2016.0,205,0.9,2,17,May
2021-05-02,2021,5,2,Sunday,6,1,0,3,FuelGo Temeke,-6.85,39.28,Kerosene,2181.0,173,0.9,2,17,May
2021-05-03,2021,5,3,Monday,0,0,0,3,FuelGo Temeke,-6.85,39.28,Kerosene,2033.0,189,0.9,2,18,May
2021-05-04,2021,5,4,Tuesday,1,0,0,3,FuelGo Temeke,-6.85,39.28,Kerosene,2037.0,235,0.9,2,18,May
2021-05-05,2021,5,5,Wednesday,2,0,0,3,FuelGo Temeke,-6.85,39.28,Kerosene,1990.0,140,0.9,2,18,May
2021-05-06,2021,5,6,Thursday,3,0,0,3,FuelGo Temeke,-6.85,39.28,Kerosene,2167.0,184,0.9,2,18,May
2021-05-07,2021,5,7,Friday,4,0,0,3,FuelGo Temeke,-6.85,39.28,Kerosene,1951.0,208,0.9,2,18,May
2021-05-08,2021,5,8,Saturday,5,1,0,3,FuelGo Temeke,-6.85,39.28,Kerosene,1990.0,168,0.9,2,18,May
2021-05-09,2021,5,9,Sunday,6,1,0,3,FuelGo Temeke,-6.85,39.28,Kerosene,2034.0,121,0.9,2,18,May
