analytics/fuel_demand_dataset.csv
date,year,month,day,day_of_week,day_of_week_num,is_weekend,is_holiday,station_id,station_name,station_lat,station_lng,fuel_type,price_per_litre,demand_litres,seasonal_factor,quarter,week_of_year,month_name
2021-05-10,2021,5,10,Monday,0,0,0,3,FuelGo Temeke,-6.85,39.28,Kerosene,2309.0,172,0.9,2,19,May
2021-05-11,2021,5,11,Tuesday,1,0,0,3,FuelGo Temeke,-6.85,39.28,Kerosene,1998.0,152,0.9,2,19,May
2021-05-12,2021,5,12,Wednesday,2,0,0,3,FuelGo Temeke,-6.85,39.28,Kerosene,2025.0,233,0.9,2,19,May
2021-05-13,2021,5,13,Thursday,3,0,1,3,FuelGo Temeke,-6.85,39.28,Kerosene,2203.0,214,0.9,2,19,May
2021-05-14,2021,5,14,Friday,4,0,0,3,FuelGo Temeke,-6.85,39.28,Kerosene,2219.0,165,0.9,2,19,May
2021-05-15,2021,5,15,Saturday,5,1,0,3,FuelGo Temeke,-6.85,39.28,Kerosene,2094.0,135,0.9,2,19,May
2021-05-16,2021,5,16,Sunday,6,1,0,3,FuelGo Temeke,-6.85,39.28,Kerosene,1937.0,135,0.9,2,19,May
2021-05-17,2021,5,17,Monday,0,0,0,3,FuelGo Temeke,-6.85,39.28,Kerosene,2146.0,172,0.9,2,20,May
2021-05-18,2021,5,18,Tuesday,1,0,0,3,FuelGo Temeke,-6.85,39.28,Kerosene,1877.0,230,0.9,2,20,May
2021-05-19,2021,5,19,Wednesday,2,0,0,3,FuelGo Temeke,-6.85,39.28,Kerosene,2067.0,216,0.9,2,20,May
2021-05-20,2021,5,20,Thursday,3,0,0,3,FuelGo Temeke,-6.85,39.28,Kerosene,2039.0,183,0.9,2,20,May
2021-05-21,2021,5,21,Friday,4,0,0,3,FuelGo Temeke,-6.85,39.28,Kerosene,2177.0,233,0.9,2,20,May
2021-05-22,2021,5,22,Saturday,5,1,0,3,FuelGo Temeke,-6.85,39.28,Kerosene,1999.0,178,0.9,2,20,May
2021-05-23,2021,5,23,Sunday,6,1,0,3,FuelGo Temeke,-6.85,39.28,Kerosene,2102.0,126,0.9,2,20,May
2021-05-24,2021,5,24,Monday,0,0,0,3,FuelGo Temeke,-6.85,39.28,Kerosene,2085.0,228,0.9,2,21,May
2021-05-25,2021,5,25,Tuesday,1,0,1,3,FuelGo Temeke,-6.85,39.28,Kerosene,2051.0,215,0.9,2,21,May
2021-05-26,2021,5,26,Wednesday,2,0,0,3,FuelGo Temeke,-6.85,39.28,Kerosene,1982.0,224,0.9,2,21,May
2021-05-27,2021,5,27,Thursday,3,0,0,3,FuelGo Temeke,-6.85,39.28,Kerosene,2032.0,183,0.9,2,21,May
2021-05-28,2021,5,28,Friday,4,0,0,3,FuelGo Temeke,-6.85,39.28,Kerosene,1934.0,219,0.9,2,21,May
2021-05-29,2021,5,29,Saturday,5,1,0,3,FuelGo Temeke,-6.85,39.28,Kerosene,2199.0,164,0.9,2,21,May
2021-05-30,2021,5,30,Sunday,6,1,0,3,FuelGo Temeke,-6.85,39.28,Kerosene,1947.0,160,0.9,2,21,May
2021-05-31,2021,5,31,Monday,0,0,0,3,FuelGo Temeke,-6.85,39.28,Kerosene,2041.0,171,0.9,2,22,May
2021-06-01,2021,6,1,Tuesday,1,0,0,3,FuelGo Temeke,-6.85,39.28,Kerosene,2043.0,226,1.05,2,22,June
2021-06-02,2021,6,2,Wednesday,2,0,0,3,FuelGo Temeke,-6.85,39.28,Kerosene,2043.0,246,1.05,2,22,June
2021-06-03,2021,6,3,Thursday,3,0,0,3,FuelGo Temeke,-6.85,39.28,Kerosene,2095.0,198,1.05,2,22,June
2021-06-04,2021,6,4,Friday,4,0,0,3,FuelGo Temeke,-6.85,39.28,Kerosene,2050.0,216,1.05,2,22,June
2021-06-05,2021,6,5,Saturday,5,1,0,3,FuelGo Temeke,-6.85,39.28,Kerosene,2049.0,208,1.05,2,22,June
2021-06-06,2021,6,6,Sunday,6,1,0,3,FuelGo Temeke,-6.85,39.28,Kerosene,1950.0,178,1.05,2,22,June
2021-06-07,2021,6,7,Monday,0,0,0,3,FuelGo Temeke,-6.85,39.28,Kerosene,2024.0,244,1.05,2,23,June
2021-06-08,2021,6,8,Tuesday,1,0,0,3,FuelGo Temeke,-6.85,39.28,Kerosene,1996.0,217,1.05,2,23,June
2021-06-09,2021,6,9,Wednesday,2,0,0,3,FuelGo Temeke,-6.85,39.28,Kerosene,2127.0,182,1.05,2,23,June
2021-06-10,2021,6,10,Thursday,3,0,0,3,FuelGo Temeke,-6.85,39.28,Kerosene,2159.0,176,1.05,2,23,June
2021-06-11,2021,6,11,Friday,4,0,0,3,FuelGo Temeke,-6.85,39.28,Kerosene,2109.0,208,1.05,2,23,June
2021-06-12,2021,6,12,Saturday,5,1,0,3,FuelGo Temeke,-6.85,39.28,Kerosene,1948.0,191,1.05,2,23,June
2021-06-13,2021,6,13,Sunday,6,1,0,3,FuelGo Temeke,-6.85,39.28,Kerosene,1895.0,178,1.05,2,23,June
2021-06-14,2021,6,14,Monday,0,0,0,3,FuelGo Temeke,-6.85,39.28,Kerosene,2218.0,210,1.05,2,24,June
2021-06-15,2021,6,15,Tuesday,1,0,0,3,FuelGo Temeke,-6.85,39.28,Kerosene,2233.0,193,1.05,2,24,June
2021-06-16,2021,6,16,Wednesday,2,0,0,3,FuelGo Temeke,-6.85,39.28,Kerosene,2209.0,182,1.05,2,24,June
2021-06-17,2021,6,17,Thursday,3,0,0,3,FuelGo Temeke,-6.85,39.28,Kerosene,1936.0,231,1.05,2,24,June
2021-06-18,2021,6,18,Friday,4,0,0,3,FuelGo Temeke,-6.85,39.28,Kerosene,1949.0,270,1.05,2,24,June
2021-06-19,2021,6,19,Saturday,5,1,0,3,FuelGo Temeke,-6.85,39.28,Kerosene,2078.0,183,1.05,2,24,June
2021-06-20,2021,6,20,Sunday,6,1,0,3,FuelGo Temeke,-6.85,39.28,Kerosene,2163.0,179,1.05,2,24,June
2021-06-21,2021,6,21,Monday,0,0,0,3,FuelGo Temeke,-6.85,39.28,Kerosene,2148.0,205,1.05,2,25,June
2021-06-22,2021,6,22,Tuesday,1,0,0,3,FuelGo Temeke,-6.85,39.28,Kerosene,1904.0,250,1.05,2,25,June
2021-06-23,2021,6,23,Wednesday,2,0,0,3,FuelGo Temeke,-6.85,39.28,Kerosene,2143.0,208,1.05,2,25,June
2021-06-24,2021,6,24,Thursday,3,0,0,3,FuelGo Temeke,-6.85,39.28,Kerosene,2366.0,210,1.05,2,25,June
2021-06-25,2021,6,25,Friday,4,0,0,3,FuelGo Temeke,-6.85,39.28,Kerosene,1961.0,218,1.05,2,25,June
2021-06-26,2021,6,26,Saturday,5,1,0,3,FuelGo Temeke,-6.85,39.28,Kerosene,1750.0,192,1.05,2,25,June
2021-06-27,2021,6,27,Sunday,6,1,0,3,FuelGo Temeke,-6.85,39.28,Kerosene,2224.0,152,1.05,2,25,June
2021-06-28,2021,6,28,Monday,0,0,0,3,FuelGo Temeke,-6.85,39.28,Kerosene,2105.0,197,1.05,2,26,June
2021-06-29,2021,6,29,Tuesday,1,0,0,3,FuelGo Temeke,-6.85,39.28,Kerosene,1893.0,233,1.05,2,26,June
2021-06-30,2021,6,30,Wednesday,2,0,0,3,FuelGo Temeke,-6.85,39.28,Kerosene,2142.0,224,1.05,2,26,June
2021-07-01,2021,7,1,Thursday,3,0,0,3,FuelGo Temeke,-6.85,39.28,Kerosene,2317.0,199,1.12,3,26,July
2021-07-02,2021,7,2,Friday,4,0,0,3,FuelGo Temeke,-6.85,39.28,Kerosene,2216.0,230,1.12,3,26,July
2021-07-03,2021,7,3,Saturday,5,1,0,3,FuelGo Temeke,-6.85,39.28,Kerosene,1825.0,207,1.12,3,26,July
2021-07-04,2021,7,4,Sunday,6,1,0,3,FuelGo Temeke,-6.85,39.28,Kerosene,2100.0,187,1.12,3,26,July
2021-07-05,2021,7,5,Monday,0,0,0,3,FuelGo Temeke,-6.85,39.28,Kerosene,2262.0,211,1.12,3,27,July
2021-07-06,2021,7,6,Tuesday,1,0,0,3,FuelGo Temeke,-6.85,39.28,Kerosene,2147.0,234,1.12,3,27,July
2021-07-07,2021,7,7,Wednesday,2,0,1,3,FuelGo Temeke,-6.85,39.28,Kerosene,2366.0,270,1.12,3,27,July
2021-07-08,2021,7,8,Thursday,3,0,0,3,FuelGo Temeke,-6.85,39.28,Kerosene,2129.0,236,1.12,3,27,July
2021-07-09,2021,7,9,Friday,4,0,0,3,FuelGo Temeke,-6.85,39.28,Kerosene,2127.0,179,1.12,3,27,July
2021-07-10,2021,7,10,Saturday,5,1,0,3,FuelGo Temeke,-6.85,39.28,Kerosene,2042.0,249,1.12,3,27,July
2021-07-11,2021,7,11,Sunday,6,1,0,3,FuelGo Temeke,-6.85,39.28,Kerosene,1972.0,186,1.12,3,27,July
2021-07-12,2021,7,12,Monday,0,0,0,3,FuelGo Temeke,-6.85,39.28,Kerosene,2133.0,249,1.12,3,28,July
2021-07-13,2021,7,13,Tuesday,1,0,0,3,FuelGo Temeke,-6.85,39.28,Kerosene,1913.0,248,1.12,3,28,July
2021-07-14,2021,7,14,Wednesday,2,0,0,3,FuelGo Temeke,-6.85,39.28,Kerosene,2103.0,221,1.12,3,28,July
2021-07-15,2021,7,15,Thursday,3,0,0,3,FuelGo Temeke,-6.85,39.28,Kerosene,2353.0,182,1.12,3,28,July
2021-07-16,2021,7,16,Friday,4,0,0,3,FuelGo Temeke,-6.85,39.28,Kerosene,2152.0,227,1.12,3,28,July
2021-07-17,2021,7,17,Saturday,5,1,0,3,FuelGo Temeke,-6.85,39.28,Kerosene,2038.0,213,1.12,3,28,July
2021-07-18,2021,7,18,Sunday,6,1,0,3,FuelGo Temeke,-6.85,39.28,Kerosene,1906.0,183,1.12,3,28,July
2021-07-19,2021,7,19,Monday,0,0,0,3,FuelGo Temeke,-6.85,39.28,Kerosene,1946.0,232,1.12,3,29,July
2021-07-20,2021,7,20,Tuesday,1,0,1,3,FuelGo Temeke,-6.85,39.28,Kerosene,2342.0,245,1.12,3,29,July
2021-07-21,2021,7,21,Wednesday,2,0,0,3,FuelGo Temeke,-6.85,39.28,Kerosene,2278.0,210,1.12,3,29,July
2021-07-22,2021,7,22,Thursday,3,0,0,3,FuelGo Temeke,-6.85,39.28,Kerosene,2279.0,161,1.12,3,29,July
2021-07-23,2021,7,23,Friday,4,0,0,3,FuelGo Temeke,-6.85,39.28,Kerosene,2083.0,214,1.12,3,29,July
2021-07-24,2021,7,24,Saturday,5,1,0,3,FuelGo Temeke,-6.85,39.28,Kerosene,2130.0,183,1.12,3,29,July
2021-07-25,2021,7,25,Sunday,6,1,0,3,FuelGo Temeke,-6.85,39.28,Kerosene,1952.0,179,1.12,3,29,July
2021-07-26,2021,7,26,Monday,0,0,0,3,FuelGo Temeke,-6.85,39.28,Kerosene,2159.0,238,1.12,3,30,July
2021-07-27,2021,7,27,Tuesday,1,0,0,3,FuelGo Temeke,-6.85,39.28,Kerosene,1999.0,269,1.12,3,30,July
2021-07-28,2021,7,28,Wednesday,2,0,0,3,FuelGo Temeke,-6.85,39.28,Kerosene,2034.0,219,1.12,3,30,July
2021-07-29,2021,7,29,Thursday,3,0,0,3,FuelGo Temeke,-6.85,39.28,Kerosene,2130.0,247,1.12,3,30,July
2021-07-30,2021,7,30,Friday,4,0,0,3,FuelGo Temeke,-6.85,39.28,Kerosene,2122.0,191,1.12,3,30,July
2021-07-31,2021,7,31,Saturday,5,1,0,3,FuelGo Temeke,-6.85,39.28,Kerosene,2217.0,174,1.12,3,30,July
2021-08-01,2021,8,1,Sunday,6,1,0,3,FuelGo Temeke,-6.85,39.28,Kerosene,2245.0,152,1.08,3,30,August
2021-08-02,2021,8,2,Monday,0,0,0,3,FuelGo Temeke,-6.85,39.28,Kerosene,2128.0,198,1.08,3,31,August
2021-08-03,2021,8,3,Tuesday,1,0,0,3,FuelGo Temeke,-6.85,39.28,Kerosene,2187.0,195,1.08,3,31,August
2021-08-04,2021,8,4,Wednesday,2,0,0,3,FuelGo Temeke,-6.85,39.28,Kerosene,1929.0,239,1.08,3,31,August
2021-08-05,2021,8,5,Thursday,3,0,0,3,FuelGo Temeke,-6.85,39.28,Kerosene,2136.0,218,1.08,3,31,August
2021-08-06,2021,8,6,Friday,4,0,0,3,FuelGo Temeke,-6.85,39.28,Kerosene,2018.0,260,1.08,3,31,August
2021-08-07,2021,8,7,Saturday,5,1,0,3,FuelGo Temeke,-6.85,39.28,Kerosene,2165.0,199,1.08,3,31,August
2021-08-08,2021,8,8,Sunday,6,1,1,3,FuelGo Temeke,-6.85,39.28,Kerosene,2306.0,186,1.08,3,31,August
2021-08-09,2021,8,9,Monday,0,0,0,3,FuelGo Temeke,-6.85,39.28,Kerosene,2033.0,283,1.08,3,32,August
2021-08-10,2021,8,10,Tuesday,1,0,0,3,FuelGo Temeke,-6.85,39.28,Kerosene,2227.0,179,1.08,3,32,August
2021-08-11,2021,8,11,Wednesday,2,0,0,3,FuelGo Temeke,-6.85,39.28,Kerosene,2062.0,223,1.08,3,32,August
2021-08-12,2021,8,12,Thursday,3,0,0,3,FuelGo Temeke,-6.85,39.28,Kerosene,2158.0,223,1.08,3,32,August
2021-08-13,2021,8,13,Friday,4,0,0,3,FuelGo Temeke,-6.85,39.28,Kerosene,2064.0,240,1.08,3,32,August
2021-01-01,2021,1,1,Friday,4,0,1,4,FuelGo Ubungo,-6.77,39.23,Petrol,2818.0,736,1.15,1,53,January
2021-01-02,2021,1,2,Saturday,5,1,0,4,FuelGo Ubungo,-6.77,39.23,Petrol,2479.0,641,1.15,1,53,January
2021-01-03,2021,1,3,Sunday,6,1,0,4,FuelGo Ubungo,-6.77,39.23,Petrol,2425.0,442,1.15,1,53,January
2021-01-04,2021,1,4,Monday,0,0,0,4,FuelGo Ubungo,-6.77,39.23,Petrol,2301.0,639,1.15,1,1,January
2021-01-05,2021,1,5,Tuesday,1,0,0,4,FuelGo Ubungo,-6.77,39.23,Petrol,2624.0,539,1.15,1,1,January
2021-01-06,2021,1,6,Wednesday,2,0,0,4,FuelGo Ubungo,-6.77,39.23,Petrol,2459.0,565,1.15,1,1,January
2021-01-07,2021,1,7,Thursday,3,0,0,4,FuelGo Ubungo,-6.77,39.23,Petrol,2611.0,521,1.15,1,1,January
2021-01-08,2021,1,8,Friday,4,0,0,4,FuelGo Ubungo,-6.77,39.23,Petrol,2357.0,559,1.15,1,1,January
2021-01-09,2021,1,9,Saturday,5,1,0,4,FuelGo Ubungo,-6.77,39.23,Petrol,2518.0,543,1.15,1,1,January
2021-01-10,2021,1,10,Sunday,6,1,0,4,FuelGo Ubungo,-6.77,39.23,Petrol,2166.0,538,1.15,1,1,January
2021-01-11,2021,1,11,Monday,0,0,0,4,FuelGo Ubungo,-6.77,39.23,Petrol,2388.0,678,1.15,1,2,January
2021-01-12,2021,1,12,Tuesday,1,0,1,4,FuelGo Ubungo,-6.77,39.23,Petrol,2510.0,678,1.15,1,2,January
2021-01-13,2021,1,13,Wednesday,2,0,0,4,FuelGo Ubungo,-6.77,39.23,Petrol,2571.0,731,1.15,1,2,January
2021-01-14,2021,1,14,Thursday,3,0,0,4,FuelGo Ubungo,-6.77,39.23,Petrol,2162.0,714,1.15,1,2,January
2021-01-15,2021,1,15,Friday,4,0,0,4,FuelGo Ubungo,-6.77,39.23,Petrol,2089.0,709,1.15,1,2,January
2021-01-16,2021,1,16,Saturday,5,1,0,4,FuelGo Ubungo,-6.77,39.23,Petrol,2624.0,442,1.15,1,2,January
2021-01-17,2021,1,17,Sunday,6,1,0,4,FuelGo Ubungo,-6.77,39.23,Petrol,2000.0,459,1.15,1,2,January
2021-01-18,2021,1,18,Monday,0,0,0,4,FuelGo Ubungo,-6.77,39.23,Petrol,2564.0,506,1.15,1,3,January
2021-01-19,2021,1,19,Tuesday,1,0,0,4,FuelGo Ubungo,-6.77,39.23,Petrol,2779.0,594,1.15,1,3,January
2021-01-20,2021,1,20,Wednesday,2,0,0,4,FuelGo Ubungo,-6.77,39.23,Petrol,2573.0,581,1.15,1,3,January
2021-01-21,2021,1,21,Thursday,3,0,0,4,FuelGo Ubungo,-6.77,39.23,Petrol,2608.0,509,1.15,1,3,January
2021-01-22,2021,1,22,Friday,4,0,0,4,FuelGo Ubungo,-6.77,39.23,Petrol,2537.0,491,1.15,1,3,January
2021-01-23,2021,1,23,Saturday,5,1,0,4,FuelGo Ubungo,-6.77,39.23,Petrol,2345.0,492,1.15,1,3,January
2021-01-24,2021,1,24,Sunday,6,1,0,4,FuelGo Ubungo,-6.77,39.23,Petrol,2377.0,420,1.15,1,3,January
2021-01-25,2021,1,25,Monday,0,0,0,4,FuelGo Ubungo,-6.77,39.23,Petrol,2683.0,546,1.15,1,4,January
2021-01-26,2021,1,26,Tuesday,1,0,0,4,FuelGo Ubungo,-6.77,39.23,Petrol,2128.0,706,1.15,1,4,January
2021-01-27,2021,1,27,Wednesday,2,0,0,4,FuelGo Ubungo,-6.77,39.23,Petrol,2253.0,565,1.15,1,4,January
2021-01-28,2021,1,28,Thursday,3,0,0,4,FuelGo Ubungo,-6.77,39.23,Petrol,2265.0,723,1.15,1,4,January
2021-01-29,2021,1,29,Friday,4,0,0,4,FuelGo Ubungo,-6.77,39.23,Petrol,2597.0,604,1.15,1,4,January
2021-01-30,2021,1,30,Saturday,5,1,0,4,FuelGo Ubungo,-6.77,39.23,Petrol,2156.0,540,1.15,1,4,January
2021-01-31,2021,1,31,Sunday,6,1,0,4,FuelGo Ubungo,-6.77,39.23,Petrol,2636.0,400,1.15,1,4,January
2021-02-01,2021,2,1,Monday,0,0,0,4,FuelGo Ubungo,-6.77,39.23,Petrol,2318.0,565,0.95,1,5,February
2021-02-02,2021,2,2,Tuesday,1,0,0,4,FuelGo Ubungo,-6.77,39.23,Petrol,2472.0,525,0.95,1,5,February
2021-02-03,2021,2,3,Wednesday,2,0,0,4,FuelGo Ubungo,-6.77,39.23,Petrol,2442.0,382,0.95,1,5,February
2021-02-04,2021,2,4,Thursday,3,0,0,4,FuelGo Ubungo,-6.77,39.23,Petrol,2406.0,502,0.95,1,5,February
2021-02-05,2021,2,5,Friday,4,0,0,4,FuelGo Ubungo,-6.77,39.23,Petrol,2245.0,591,0.95,1,5,February
2021-02-06,2021,2,6,Saturday,5,1,0,4,FuelGo Ubungo,-6.77,39.23,Petrol,2290.0,475,0.95,1,5,February
2021-02-07,2021,2,7,Sunday,6,1,0,4,FuelGo Ubungo,-6.77,39.23,Petrol,2596.0,344,0.95,1,5,February
2021-02-08,2021,2,8,Monday,0,0,0,4,FuelGo Ubungo,-6.77,39.23,Petrol,2501.0,428,0.95,1,6,February
2021-02-09,2021,2,9,Tuesday,1,0,0,4,FuelGo Ubungo,-6.77,39.23,Petrol,2721.0,452,0.95,1,6,February
2021-02-10,2021,2,10,Wednesday,2,0,0,4,FuelGo Ubungo,-6.77,39.23,Petrol,2334.0,524,0.95,1,6,February
2021-02-11,2021,2,11,Thursday,3,0,0,4,FuelGo Ubungo,-6.77,39.23,Petrol,2721.0,440,0.95,1,6,February
2021-02-12,2021,2,12,Friday,4,0,0,4,FuelGo Ubungo,-6.77,39.23,Petrol,2826.0,425,0.95,1,6,February
2021-02-13,2021,2,13,Saturday,5,1,0,4,FuelGo Ubungo,-6.77,39.23,Petrol,2418.0,469,0.95,1,6,February
2021-02-14,2021,2,14,Sunday,6,1,0,4,FuelGo Ubungo,-6.77,39.23,Petrol,2669.0,391,0.95,1,6,February
2021-02-15,2021,2,15,Monday,0,0,0,4,FuelGo Ubungo,-6.77,39.23,Petrol,2600.0,418,0.95,1,7,February
2021-02-16,2021,2,16,Tuesday,1,0,1,4,FuelGo Ubungo,-6.77,39.23,Petrol,2468.0,686,0.95,1,7,February
2021-02-17,2021,2,17,Wednesday,2,0,0,4,FuelGo Ubungo,-6.77,39.23,Petrol,2331.0,516,0.95,1,7,February
2021-02-18,2021,2,18,Thursday,3,0,0,4,FuelGo Ubungo,-6.77,39.23,Petrol,2492.0,475,0.95,1,7,February
2021-02-19,2021,2,19,Friday,4,0,0,4,FuelGo Ubungo,-6.77,39.23,Petrol,2716.0,480,0.95,1,7,February
2021-02-20,2021,2,20,Saturday,5,1,0,4,FuelGo Ubungo,-6.77,39.23,Petrol,2522.0,417,0.95,1,7,February
2021-02-21,2021,2,21,Sunday,6,1,0,4,FuelGo Ubungo,-6.77,39.23,Petrol,2688.0,372,0.95,1,7,February
2021-02-22,2021,2,22,Monday,0,0,0,4,FuelGo Ubungo,-6.77,39.23,Petrol,2792.0,436,0.95,1,8,February
2021-02-23,2021,2,23,Tuesday,1,0,0,4,FuelGo Ubungo,-6.77,39.23,Petrol,2765.0,418,0.95,1,8,February
2021-02-24,2021,2,24,Wednesday,2,0,0,4,FuelGo Ubungo,-6.77,39.23,Petrol,3039.0,397,0.95,1,8,February
2021-02-25,2021,2,25,Thursday,3,0,0,4,FuelGo Ubungo,-6.77,39.23,Petrol,2990.0,418,0.95,1,8,February
2021-02-26,2021,2,26,Friday,4,0,0,4,FuelGo Ubungo,-6.77,39.23,Petrol,2305.0,571,0.95,1,8,February
2021-02-27,2021,2,27,Saturday,5,1,0,4,FuelGo Ubungo,-6.77,39.23,Petrol,2248.0,469,0.95,1,8,February
2021-02-28,2021,2,28,Sunday,6,1,0,4,FuelGo Ubungo,-6.77,39.23,Petrol,2453.0,348,0.95,1,8,February
2021-03-01,2021,3,1,Monday,0,0,0,4,FuelGo Ubungo,-6.77,39.23,Petrol,2642.0,390,0.88,1,9,March
2021-03-02,2021,3,2,Tuesday,1,0,0,4,FuelGo Ubungo,-6.77,39.23,Petrol,2614.0,422,0.88,1,9,March
2021-03-03,2021,3,3,Wednesday,2,0,0,4,FuelGo Ubungo,-6.77,39.23,Petrol,2500.0,429,0.88,1,9,March
2021-03-04,2021,3,4,Thursday,3,0,0,4,FuelGo Ubungo,-6.77,39.23,Petrol,2840.0,391,0.88,1,9,March
2021-03-05,2021,3,5,Friday,4,0,0,4,FuelGo Ubungo,-6.77,39.23,Petrol,2511.0,467,0.88,1,9,March
2021-03-06,2021,3,6,Saturday,5,1,0,4,FuelGo Ubungo,-6.77,39.23,Petrol,2706.0,379,0.88,1,9,March
2021-03-07,2021,3,7,Sunday,6,1,0,4,FuelGo Ubungo,-6.77,39.23,Petrol,2480.0,330,0.88,1,9,March
2021-03-08,2021,3,8,Monday,0,0,0,4,FuelGo Ubungo,-6.77,39.23,Petrol,2629.0,370,0.88,1,10,March
2021-03-09,2021,3,9,Tuesday,1,0,0,4,FuelGo Ubungo,-6.77,39.23,Petrol,2312.0,511,0.88,1,10,March
2021-03-10,2021,3,10,Wednesday,2,0,0,4,FuelGo Ubungo,-6.77,39.23,Petrol,2485.0,459,0.88,1,10,March
2021-03-11,2021,3,11,Thursday,3,0,0,4,FuelGo Ubungo,-6.77,39.23,Petrol,2298.0,492,0.88,1,10,March
2021-03-12,2021,3,12,Friday,4,0,0,4,FuelGo Ubungo,-6.77,39.23,Petrol,2367.0,468,0.88,1,10,March
2021-03-13,2021,3,13,Saturday,5,1,0,4,FuelGo Ubungo,-6.77,39.23,Petrol,2423.0,407,0.88,1,10,March
2021-03-14,2021,3,14,Sunday,6,1,0,4,FuelGo Ubungo,-6.77,39.23,Petrol,2315.0,360,0.88,1,10,March
2021-03-15,2021,3,15,Monday,0,0,0,4,FuelGo Ubungo,-6.77,39.23,Petrol,2727.0,443,0.88,1,11,March
2021-03-16,2021,3,16,Tuesday,1,0,0,4,FuelGo Ubungo,-6.77,39.23,Petrol,2507.0,359,0.88,1,11,March
2021-03-17,2021,3,17,Wednesday,2,0,0,4,FuelGo Ubungo,-6.77,39.23,Petrol,2621.0,439,0.88,1,11,March
2021-03-18,2021,3,18,Thursday,3,0,0,4,FuelGo Ubungo,-6.77,39.23,Petrol,2828.0,373,0.88,1,11,March
2021-03-19,2021,3,19,Friday,4,0,0,4,FuelGo Ubungo,-6.77,39.23,Petrol,2357.0,513,0.88,1,11,March
2021-03-20,2021,3,20,Saturday,5,1,0,4,FuelGo Ubungo,-6.77,39.23,Petrol,2785.0,370,0.88,1,11,March
2021-03-21,2021,3,21,Sunday,6,1,0,4,FuelGo Ubungo,-6.77,39.23,Petrol,2689.0,280,0.88,1,11,March
2021-03-22,2021,3,22,Monday,0,0,0,4,FuelGo Ubungo,-6.77,39.23,Petrol,2526.0,463,0.88,1,12,March
2021-03-23,2021,3,23,Tuesday,1,0,0,4,FuelGo Ubungo,-6.77,39.23,Petrol,2390.0,464,0.88,1,12,March
2021-03-24,2021,3,24,Wednesday,2,0,0,4,FuelGo Ubungo,-6.77,39.23,Petrol,2327.0,476,0.88,1,12,March
2021-03-25,2021,3,25,Thursday,3,0,0,4,FuelGo Ubungo,-6.77,39.23,Petrol,2221.0,543,0.88,1,12,March
2021-03-26,2021,3,26,Friday,4,0,1,4,FuelGo Ubungo,-6.77,39.23,Petrol,2405.0,694,0.88,1,12,March
