analytics/fuel_demand_dataset.csv
date,year,month,day,day_of_week,day_of_week_num,is_weekend,is_holiday,station_id,station_name,station_lat,station_lng,fuel_type,price_per_litre,demand_litres,seasonal_factor,quarter,week_of_year,month_name
2021-03-27,2021,3,27,Saturday,5,1,0,4,FuelGo Ubungo,-6.77,39.23,Petrol,2546.0,370,0.88,1,12,March
2021-03-28,2021,3,28,Sunday,6,1,0,4,FuelGo Ubungo,-6.77,39.23,Petrol,2465.0,370,0.88,1,12,March
2021-03-29,2021,3,29,Monday,0,0,0,4,FuelGo Ubungo,-6.77,39.23,Petrol,2000.0,709,0.88,1,13,March
2021-03-30,2021,3,30,Tuesday,1,0,0,4,FuelGo Ubungo,-6.77,39.23,Petrol,2818.0,393,0.88,1,13,March
2021-03-31,2021,3,31,Wednesday,2,0,0,4,FuelGo Ubungo,-6.77,39.23,Petrol,2590.0,326,0.88,1,13,March
2021-04-01,2021,4,1,Thursday,3,0,0,4,FuelGo Ubungo,-6.77,39.23,Petrol,2723.0,386,0.85,2,13,April
2021-04-02,2021,4,2,Friday,4,0,0,4,FuelGo Ubungo,-6.77,39.23,Petrol,2445.0,472,0.85,2,13,April
2021-04-03,2021,4,3,Saturday,5,1,0,4,FuelGo Ubungo,-6.77,39.23,Petrol,2338.0,406,0.85,2,13,April
2021-04-04,2021,4,4,Sunday,6,1,0,4,FuelGo Ubungo,-6.77,39.23,Petrol,2497.0,346,0.85,2,13,April
2021-04-05,2021,4,5,Monday,0,0,0,4,FuelGo Ubungo,-6.77,39.23,Petrol,2781.0,348,0.85,2,14,April
2021-04-06,2021,4,6,Tuesday,1,0,0,4,FuelGo Ubungo,-6.77,39.23,Petrol,2489.0,439,0.85,2,14,April
2021-04-07,2021,4,7,Wednesday,2,0,1,4,FuelGo Ubungo,-6.77,39.23,Petrol,2819.0,486,0.85,2,14,April
2021-04-08,2021,4,8,Thursday,3,0,0,4,FuelGo Ubungo,-6.77,39.23,Petrol,2642.0,451,0.85,2,14,April
2021-04-09,2021,4,9,Friday,4,0,0,4,FuelGo Ubungo,-6.77,39.23,Petrol,2573.0,461,0.85,2,14,April
2021-04-10,2021,4,10,Saturday,5,1,0,4,FuelGo Ubungo,-6.77,39.23,Petrol,2264.0,406,0.85,2,14,April
2021-04-11,2021,4,11,Sunday,6,1,0,4,FuelGo Ubungo,-6.77,39.23,Petrol,2579.0,288,0.85,2,14,April
2021-04-12,2021,4,12,Monday,0,0,0,4,FuelGo Ubungo,-6.77,39.23,Petrol,2343.0,399,0.85,2,15,April
2021-04-13,2021,4,13,Tuesday,1,0,0,4,FuelGo Ubungo,-6.77,39.23,Petrol,2466.0,429,0.85,2,15,April
2021-04-14,2021,4,14,Wednesday,2,0,0,4,FuelGo Ubungo,-6.77,39.23,Petrol,2541.0,459,0.85,2,15,April
2021-04-15,2021,4,15,Thursday,3,0,0,4,FuelGo Ubungo,-6.77,39.23,Petrol,2650.0,438,0.85,2,15,April
2021-04-16,2021,4,16,Friday,4,0,0,4,FuelGo Ubungo,-6.77,39.23,Petrol,2610.0,388,0.85,2,15,April
2021-04-17,2021,4,17,Saturday,5,1,0,4,FuelGo Ubungo,-6.77,39.23,Petrol,2302.0,357,0.85,2,15,April
2021-04-18,2021,4,18,Sunday,6,1,0,4,FuelGo Ubungo,-6.77,39.23,Petrol,2444.0,412,0.85,2,15,April
2021-04-19,2021,4,19,Monday,0,0,0,4,FuelGo Ubungo,-6.77,39.23,Petrol,2738.0,341,0.85,2,16,April
2021-04-20,2021,4,20,Tuesday,1,0,0,4,FuelGo Ubungo,-6.77,39.23,Petrol,2576.0,422,0.85,2,16,April
2021-04-21,2021,4,21,Wednesday,2,0,0,4,FuelGo Ubungo,-6.77,39.23,Petrol,2577.0,419,0.85,2,16,April
2021-04-22,2021,4,22,Thursday,3,0,0,4,FuelGo Ubungo,-6.77,39.23,Petrol,2397.0,383,0.85,2,16,April
2021-04-23,2021,4,23,Friday,4,0,0,4,FuelGo Ubungo,-6.77,39.23,Petrol,2593.0,475,0.85,2,16,April
2021-04-24,2021,4,24,Saturday,5,1,0,4,FuelGo Ubungo,-6.77,39.23,Petrol,2484.0,406,0.85,2,16,April
2021-04-25,2021,4,25,Sunday,6,1,0,4,FuelGo Ubungo,-6.77,39.23,Petrol,2768.0,322,0.85,2,16,April
2021-04-26,2021,4,26,Monday,0,0,1,4,FuelGo Ubungo,-6.77,39.23,Petrol,2668.0,446,0.85,2,17,April
2021-04-27,2021,4,27,Tuesday,1,0,0,4,FuelGo Ubungo,-6.77,39.23,Petrol,2602.0,431,0.85,2,17,April
2021-04-28,2021,4,28,Wednesday,2,0,0,4,FuelGo Ubungo,-6.77,39.23,Petrol,2447.0,477,0.85,2,17,April
2021-04-29,2021,4,29,Thursday,3,0,0,4,FuelGo Ubungo,-6.77,39.23,Petrol,2650.0,446,0.85,2,17,April
2021-04-30,2021,4,30,Friday,4,0,0,4,FuelGo Ubungo,-6.77,39.23,Petrol,2624.0,443,0.85,2,17,April
2021-05-01,2021,5,1,Saturday,5,1,1,4,FuelGo Ubungo,-6.77,39.23,Petrol,2442.0,524,0.9,2,17,May
2021-05-02,2021,5,2,Sunday,6,1,0,4,FuelGo Ubungo,-6.77,39.23,Petrol,2494.0,380,0.9,2,17,May
2021-05-03,2021,5,3,Monday,0,0,0,4,FuelGo Ubungo,-6.77,39.23,Petrol,2651.0,470,0.9,2,18,May
2021-05-04,2021,5,4,Tuesday,1,0,0,4,FuelGo Ubungo,-6.77,39.23,Petrol,2633.0,463,0.9,2,18,May
2021-05-05,2021,5,5,Wednesday,2,0,0,4,FuelGo Ubungo,-6.77,39.23,Petrol,2562.0,393,0.9,2,18,May
2021-05-06,2021,5,6,Thursday,3,0,0,4,FuelGo Ubungo,-6.77,39.23,Petrol,2538.0,478,0.9,2,18,May
2021-05-07,2021,5,7,Friday,4,0,0,4,FuelGo Ubungo,-6.77,39.23,Petrol,2594.0,540,0.9,2,18,May
2021-05-08,2021,5,8,Saturday,5,1,0,4,FuelGo Ubungo,-6.77,39.23,Petrol,2653.0,322,0.9,2,18,May
2021-05-09,2021,5,9,Sunday,6,1,0,4,FuelGo Ubungo,-6.77,39.23,Petrol,2459.0,385,0.9,2,18,May
2021-05-10,2021,5,10,Monday,0,0,0,4,FuelGo Ubungo,-6.77,39.23,Petrol,2663.0,501,0.9,2,19,May
2021-05-11,2021,5,11,Tuesday,1,0,0,4,FuelGo Ubungo,-6.77,39.23,Petrol,2679.0,375,0.9,2,19,May
2021-05-12,2021,5,12,Wednesday,2,0,0,4,FuelGo Ubungo,-6.77,39.23,Petrol,2495.0,496,0.9,2,19,May
2021-05-13,2021,5,13,Thursday,3,0,1,4,FuelGo Ubungo,-6.77,39.23,Petrol,2487.0,521,0.9,2,19,May
2021-05-14,2021,5,14,Friday,4,0,0,4,FuelGo Ubungo,-6.77,39.23,Petrol,2524.0,627,0.9,2,19,May
2021-05-15,2021,5,15,Saturday,5,1,0,4,FuelGo Ubungo,-6.77,39.23,Petrol,2398.0,376,0.9,2,19,May
2021-05-16,2021,5,16,Sunday,6,1,0,4,FuelGo Ubungo,-6.77,39.23,Petrol,2316.0,375,0.9,2,19,May
2021-05-17,2021,5,17,Monday,0,0,0,4,FuelGo Ubungo,-6.77,39.23,Petrol,2614.0,465,0.9,2,20,May
2021-05-18,2021,5,18,Tuesday,1,0,0,4,FuelGo Ubungo,-6.77,39.23,Petrol,2413.0,519,0.9,2,20,May
2021-05-19,2021,5,19,Wednesday,2,0,0,4,FuelGo Ubungo,-6.77,39.23,Petrol,2657.0,415,0.9,2,20,May
2021-05-20,2021,5,20,Thursday,3,0,0,4,FuelGo Ubungo,-6.77,39.23,Petrol,3219.0,339,0.9,2,20,May
2021-05-21,2021,5,21,Friday,4,0,0,4,FuelGo Ubungo,-6.77,39.23,Petrol,2706.0,385,0.9,2,20,May
2021-05-22,2021,5,22,Saturday,5,1,0,4,FuelGo Ubungo,-6.77,39.23,Petrol,2731.0,371,0.9,2,20,May
2021-05-23,2021,5,23,Sunday,6,1,0,4,FuelGo Ubungo,-6.77,39.23,Petrol,2501.0,347,0.9,2,20,May
2021-05-24,2021,5,24,Monday,0,0,0,4,FuelGo Ubungo,-6.77,39.23,Petrol,2465.0,592,0.9,2,21,May
2021-05-25,2021,5,25,Tuesday,1,0,1,4,FuelGo Ubungo,-6.77,39.23,Petrol,2584.0,604,0.9,2,21,May
2021-05-26,2021,5,26,Wednesday,2,0,0,4,FuelGo Ubungo,-6.77,39.23,Petrol,2542.0,453,0.9,2,21,May
2021-05-27,2021,5,27,Thursday,3,0,0,4,FuelGo Ubungo,-6.77,39.23,Petrol,2403.0,500,0.9,2,21,May
2021-05-28,2021,5,28,Friday,4,0,0,4,FuelGo Ubungo,-6.77,39.23,Petrol,3143.0,329,0.9,2,21,May
2021-05-29,2021,5,29,Saturday,5,1,0,4,FuelGo Ubungo,-6.77,39.23,Petrol,2663.0,435,0.9,2,21,May
2021-05-30,2021,5,30,Sunday,6,1,0,4,FuelGo Ubungo,-6.77,39.23,Petrol,2314.0,361,0.9,2,21,May
2021-05-31,2021,5,31,Monday,0,0,0,4,FuelGo Ubungo,-6.77,39.23,Petrol,2500.0,468,0.9,2,22,May
2021-06-01,2021,6,1,Tuesday,1,0,0,4,FuelGo Ubungo,-6.77,39.23,Petrol,2308.0,590,1.05,2,22,June
2021-06-02,2021,6,2,Wednesday,2,0,0,4,FuelGo Ubungo,-6.77,39.23,Petrol,2431.0,563,1.05,2,22,June
2021-06-03,2021,6,3,Thursday,3,0,0,4,FuelGo Ubungo,-6.77,39.23,Petrol,2591.0,538,1.05,2,22,June
2021-06-04,2021,6,4,Friday,4,0,0,4,FuelGo Ubungo,-6.77,39.23,Petrol,2654.0,423,1.05,2,22,June
2021-06-05,2021,6,5,Saturday,5,1,0,4,FuelGo Ubungo,-6.77,39.23,Petrol,2887.0,404,1.05,2,22,June
2021-06-06,2021,6,6,Sunday,6,1,0,4,FuelGo Ubungo,-6.77,39.23,Petrol,2565.0,353,1.05,2,22,June
2021-06-07,2021,6,7,Monday,0,0,0,4,FuelGo Ubungo,-6.77,39.23,Petrol,2486.0,584,1.05,2,23,June
2021-06-08,2021,6,8,Tuesday,1,0,0,4,FuelGo Ubungo,-6.77,39.23,Petrol,2868.0,389,1.05,2,23,June
2021-06-09,2021,6,9,Wednesday,2,0,0,4,FuelGo Ubungo,-6.77,39.23,Petrol,2997.0,404,1.05,2,23,June
2021-06-10,2021,6,10,Thursday,3,0,0,4,FuelGo Ubungo,-6.77,39.23,Petrol,2735.0,529,1.05,2,23,June
2021-06-11,2021,6,11,Friday,4,0,0,4,FuelGo Ubungo,-6.77,39.23,Petrol,2676.0,534,1.05,2,23,June
2021-06-12,2021,6,12,Saturday,5,1,0,4,FuelGo Ubungo,-6.77,39.23,Petrol,2615.0,463,1.05,2,23,June
2021-06-13,2021,6,13,Sunday,6,1,0,4,FuelGo Ubungo,-6.77,39.23,Petrol,2584.0,379,1.05,2,23,June
2021-06-14,2021,6,14,Monday,0,0,0,4,FuelGo Ubungo,-6.77,39.23,Petrol,2833.0,462,1.05,2,24,June
2021-06-15,2021,6,15,Tuesday,1,0,0,4,FuelGo Ubungo,-6.77,39.23,Petrol,2633.0,518,1.05,2,24,June
2021-06-16,2021,6,16,Wednesday,2,0,0,4,FuelGo Ubungo,-6.77,39.23,Petrol,2361.0,591,1.05,2,24,June
2021-06-17,2021,6,17,Thursday,3,0,0,4,FuelGo Ubungo,-6.77,39.23,Petrol,2813.0,464,1.05,2,24,June
2021-06-18,2021,6,18,Friday,4,0,0,4,FuelGo Ubungo,-6.77,39.23,Petrol,2783.0,492,1.05,2,24,June
2021-06-19,2021,6,19,Saturday,5,1,0,4,FuelGo Ubungo,-6.77,39.23,Petrol,2649.0,442,1.05,2,24,June
2021-06-20,2021,6,20,Sunday,6,1,0,4,FuelGo Ubungo,-6.77,39.23,Petrol,2673.0,337,1.05,2,24,June
2021-06-21,2021,6,21,Monday,0,0,0,4,FuelGo Ubungo,-6.77,39.23,Petrol,2567.0,491,1.05,2,25,June
2021-06-22,2021,6,22,Tuesday,1,0,0,4,FuelGo Ubungo,-6.77,39.23,Petrol,2663.0,571,1.05,2,25,June
2021-06-23,2021,6,23,Wednesday,2,0,0,4,FuelGo Ubungo,-6.77,39.23,Petrol,2568.0,522,1.05,2,25,June
2021-06-24,2021,6,24,Thursday,3,0,0,4,FuelGo Ubungo,-6.77,39.23,Petrol,2743.0,490,1.05,2,25,June
2021-06-25,2021,6,25,Friday,4,0,0,4,FuelGo Ubungo,-6.77,39.23,Petrol,2328.0,634,1.05,2,25,June
2021-06-26,2021,6,26,Saturday,5,1,0,4,FuelGo Ubungo,-6.77,39.23,Petrol,2485.0,465,1.05,2,25,June
2021-06-27,2021,6,27,Sunday,6,1,0,4,FuelGo Ubungo,-6.77,39.23,Petrol,2442.0,379,1.05,2,25,June
2021-06-28,2021,6,28,Monday,0,0,0,4,FuelGo Ubungo,-6.77,39.23,Petrol,2604.0,562,1.05,2,26,June
2021-06-29,2021,6,29,Tuesday,1,0,0,4,FuelGo Ubungo,-6.77,39.23,Petrol,2349.0,568,1.05,2,26,June
2021-06-30,2021,6,30,Wednesday,2,0,0,4,FuelGo Ubungo,-6.77,39.23,Petrol,2402.0,616,1.05,2,26,June
2021-07-01,2021,7,1,Thursday,3,0,0,4,FuelGo Ubungo,-6.77,39.23,Petrol,2661.0,651,1.12,3,26,July
2021-07-02,2021,7,2,Friday,4,0,0,4,FuelGo Ubungo,-6.77,39.23,Petrol,2698.0,560,1.12,3,26,July
2021-07-03,2021,7,3,Saturday,5,1,0,4,FuelGo Ubungo,-6.77,39.23,Petrol,2677.0,468,1.12,3,26,July
2021-07-04,2021,7,4,Sunday,6,1,0,4,FuelGo Ubungo,-6.77,39.23,Petrol,2608.0,369,1.12,3,26,July
2021-07-05,2021,7,5,Monday,0,0,0,4,FuelGo Ubungo,-6.77,39.23,Petrol,3011.0,422,1.12,3,27,July
2021-07-06,2021,7,6,Tuesday,1,0,0,4,FuelGo Ubungo,-6.77,39.23,Petrol,2774.0,565,1.12,3,27,July
2021-07-07,2021,7,7,Wednesday,2,0,1,4,FuelGo Ubungo,-6.77,39.23,Petrol,2896.0,643,1.12,3,27,July
2021-07-08,2021,7,8,Thursday,3,0,0,4,FuelGo Ubungo,-6.77,39.23,Petrol,2659.0,541,1.12,3,27,July
2021-07-09,2021,7,9,Friday,4,0,0,4,FuelGo Ubungo,-6.77,39.23,Petrol,2993.0,549,1.12,3,27,July
2021-07-10,2021,7,10,Saturday,5,1,0,4,FuelGo Ubungo,-6.77,39.23,Petrol,2527.0,501,1.12,3,27,July
2021-07-11,2021,7,11,Sunday,6,1,0,4,FuelGo Ubungo,-6.77,39.23,Petrol,2611.0,395,1.12,3,27,July
2021-07-12,2021,7,12,Monday,0,0,0,4,FuelGo Ubungo,-6.77,39.23,Petrol,2491.0,581,1.12,3,28,July
2021-07-13,2021,7,13,Tuesday,1,0,0,4,FuelGo Ubungo,-6.77,39.23,Petrol,2952.0,499,1.12,3,28,July
2021-07-14,2021,7,14,Wednesday,2,0,0,4,FuelGo Ubungo,-6.77,39.23,Petrol,2346.0,675,1.12,3,28,July
2021-07-15,2021,7,15,Thursday,3,0,0,4,FuelGo Ubungo,-6.77,39.23,Petrol,2690.0,509,1.12,3,28,July
2021-07-16,2021,7,16,Friday,4,0,0,4,FuelGo Ubungo,-6.77,39.23,Petrol,2698.0,577,1.12,3,28,July
2021-07-17,2021,7,17,Saturday,5,1,0,4,FuelGo Ubungo,-6.77,39.23,Petrol,2584.0,474,1.12,3,28,July
2021-07-18,2021,7,18,Sunday,6,1,0,4,FuelGo Ubungo,-6.77,39.23,Petrol,2474.0,441,1.12,3,28,July
2021-07-19,2021,7,19,Monday,0,0,0,4,FuelGo Ubungo,-6.77,39.23,Petrol,2725.0,533,1.12,3,29,July
2021-07-20,2021,7,20,Tuesday,1,0,1,4,FuelGo Ubungo,-6.77,39.23,Petrol,2818.0,596,1.12,3,29,July
2021-07-21,2021,7,21,Wednesday,2,0,0,4,FuelGo Ubungo,-6.77,39.23,Petrol,2447.0,698,1.12,3,29,July
2021-07-22,2021,7,22,Thursday,3,0,0,4,FuelGo Ubungo,-6.77,39.23,Petrol,2716.0,577,1.12,3,29,July
2021-07-23,2021,7,23,Friday,4,0,0,4,FuelGo Ubungo,-6.77,39.23,Petrol,2560.0,637,1.12,3,29,July
2021-07-24,2021,7,24,Saturday,5,1,0,4,FuelGo Ubungo,-6.77,39.23,Petrol,2378.0,525,1.12,3,29,July
2021-07-25,2021,7,25,Sunday,6,1,0,4,FuelGo Ubungo,-6.77,39.23,Petrol,2348.0,496,1.12,3,29,July
2021-07-26,2021,7,26,Monday,0,0,0,4,FuelGo Ubungo,-6.77,39.23,Petrol,2751.0,422,1.12,3,30,July
2021-07-27,2021,7,27,Tuesday,1,0,0,4,FuelGo Ubungo,-6.77,39.23,Petrol,2478.0,597,1.12,3,30,July
2021-07-28,2021,7,28,Wednesday,2,0,0,4,FuelGo Ubungo,-6.77,39.23,Petrol,2996.0,432,1.12,3,30,July
2021-07-29,2021,7,29,Thursday,3,0,0,4,FuelGo Ubungo,-6.77,39.23,Petrol,2279.0,567,1.12,3,30,July
2021-07-30,2021,7,30,Friday,4,0,0,4,FuelGo Ubungo,-6.77,39.23,Petrol,2535.0,565,1.12,3,30,July
2021-07-31,2021,7,31,Saturday,5,1,0,4,FuelGo Ubungo,-6.77,39.23,Petrol,2473.0,474,1.12,3,30,July
2021-08-01,2021,8,1,Sunday,6,1,0,4,FuelGo Ubungo,-6.77,39.23,Petrol,2288.0,446,1.08,3,30,August
2021-08-02,2021,8,2,Monday,0,0,0,4,FuelGo Ubungo,-6.77,39.23,Petrol,2914.0,480,1.08,3,31,August
2021-08-03,2021,8,3,Tuesday,1,0,0,4,FuelGo Ubungo,-6.77,39.23,Petrol,2756.0,460,1.08,3,31,August
2021-08-04,2021,8,4,Wednesday,2,0,0,4,FuelGo Ubungo,-6.77,39.23,Petrol,2743.0,512,1.08,3,31,August
2021-08-05,2021,8,5,Thursday,3,0,0,4,FuelGo Ubungo,-6.77,39.23,Petrol,2739.0,542,1.08,3,31,August
2021-08-06,2021,8,6,Friday,4,0,0,4,FuelGo Ubungo,-6.77,39.23,Petrol,2801.0,465,1.08,3,31,August
2021-08-07,2021,8,7,Saturday,5,1,0,4,FuelGo Ubungo,-6.77,39.23,Petrol,2754.0,480,1.08,3,31,August
2021-08-08,2021,8,8,Sunday,6,1,1,4,FuelGo Ubungo,-6.77,39.23,Petrol,2524.0,490,1.08,3,31,August
2021-08-09,2021,8,9,Monday,0,0,0,4,FuelGo Ubungo,-6.77,39.23,Petrol,2660.0,542,1.08,3,32,August
2021-08-10,2021,8,10,Tuesday,1,0,0,4,FuelGo Ubungo,-6.77,39.23,Petrol,2729.0,444,1.08,3,32,August
2021-08-11,2021,8,11,Wednesday,2,0,0,4,FuelGo Ubungo,-6.77,39.23,Petrol,2672.0,576,1.08,3,32,August
2021-08-12,2021,8,12,Thursday,3,0,0,4,FuelGo Ubungo,-6.77,39.23,Petrol,2736.0,354,1.08,3,32,August
2021-08-13,2021,8,13,Friday,4,0,0,4,FuelGo Ubungo,-6.77,39.23,Petrol,2841.0,434,1.08,3,32,August
2021-01-01,2021,1,1,Friday,4,0,1,4,FuelGo Ubungo,-6.77,39.23,Diesel,2495.0,515,1.15,1,53,January
2021-01-02,2021,1,2,Saturday,5,1,0,4,FuelGo Ubungo,-6.77,39.23,Diesel,2305.0,514,1.15,1,53,January
2021-01-03,2021,1,3,Sunday,6,1,0,4,FuelGo Ubungo,-6.77,39.23,Diesel,2409.0,341,1.15,1,53,January
2021-01-04,2021,1,4,Monday,0,0,0,4,FuelGo Ubungo,-6.77,39.23,Diesel,2400.0,590,1.15,1,1,January
2021-01-05,2021,1,5,Tuesday,1,0,0,4,FuelGo Ubungo,-6.77,39.23,Diesel,2412.0,537,1.15,1,1,January
2021-01-06,2021,1,6,Wednesday,2,0,0,4,FuelGo Ubungo,-6.77,39.23,Diesel,2255.0,576,1.15,1,1,January
2021-01-07,2021,1,7,Thursday,3,0,0,4,FuelGo Ubungo,-6.77,39.23,Diesel,2447.0,475,1.15,1,1,January
2021-01-08,2021,1,8,Friday,4,0,0,4,FuelGo Ubungo,-6.77,39.23,Diesel,2517.0,471,1.15,1,1,January
2021-01-09,2021,1,9,Saturday,5,1,0,4,FuelGo Ubungo,-6.77,39.23,Diesel,2484.0,420,1.15,1,1,January
2021-01-10,2021,1,10,Sunday,6,1,0,4,FuelGo Ubungo,-6.77,39.23,Diesel,2400.0,349,1.15,1,1,January
2021-01-11,2021,1,11,Monday,0,0,0,4,FuelGo Ubungo,-6.77,39.23,Diesel,2159.0,587,1.15,1,2,January
2021-01-12,2021,1,12,Tuesday,1,0,1,4,FuelGo Ubungo,-6.77,39.23,Diesel,2132.0,702,1.15,1,2,January
2021-01-13,2021,1,13,Wednesday,2,0,0,4,FuelGo Ubungo,-6.77,39.23,Diesel,2716.0,508,1.15,1,2,January
2021-01-14,2021,1,14,Thursday,3,0,0,4,FuelGo Ubungo,-6.77,39.23,Diesel,2231.0,533,1.15,1,2,January
2021-01-15,2021,1,15,Friday,4,0,0,4,FuelGo Ubungo,-6.77,39.23,Diesel,2351.0,606,1.15,1,2,January
2021-01-16,2021,1,16,Saturday,5,1,0,4,FuelGo Ubungo,-6.77,39.23,Diesel,2345.0,362,1.15,1,2,January
2021-01-17,2021,1,17,Sunday,6,1,0,4,FuelGo Ubungo,-6.77,39.23,Diesel,2644.0,321,1.15,1,2,January
2021-01-18,2021,1,18,Monday,0,0,0,4,FuelGo Ubungo,-6.77,39.23,Diesel,2608.0,448,1.15,1,3,January
2021-01-19,2021,1,19,Tuesday,1,0,0,4,FuelGo Ubungo,-6.77,39.23,Diesel,2275.0,455,1.15,1,3,January
2021-01-20,2021,1,20,Wednesday,2,0,0,4,FuelGo Ubungo,-6.77,39.23,Diesel,2523.0,487,1.15,1,3,January
2021-01-21,2021,1,21,Thursday,3,0,0,4,FuelGo Ubungo,-6.77,39.23,Diesel,2128.0,504,1.15,1,3,January
2021-01-22,2021,1,22,Friday,4,0,0,4,FuelGo Ubungo,-6.77,39.23,Diesel,2544.0,516,1.15,1,3,January
2021-01-23,2021,1,23,Saturday,5,1,0,4,FuelGo Ubungo,-6.77,39.23,Diesel,2177.0,434,1.15,1,3,January
2021-01-24,2021,1,24,Sunday,6,1,0,4,FuelGo Ubungo,-6.77,39.23,Diesel,2245.0,373,1.15,1,3,January
2021-01-25,2021,1,25,Monday,0,0,0,4,FuelGo Ubungo,-6.77,39.23,Diesel,2627.0,429,1.15,1,4,January
2021-01-26,2021,1,26,Tuesday,1,0,0,4,FuelGo Ubungo,-6.77,39.23,Diesel,2172.0,558,1.15,1,4,January
2021-01-27,2021,1,27,Wednesday,2,0,0,4,FuelGo Ubungo,-6.77,39.23,Diesel,2430.0,437,1.15,1,4,January
2021-01-28,2021,1,28,Thursday,3,0,0,4,FuelGo Ubungo,-6.77,39.23,Diesel,2489.0,462,1.15,1,4,January
2021-01-29,2021,1,29,Friday,4,0,0,4,FuelGo Ubungo,-6.77,39.23,Diesel,2410.0,493,1.15,1,4,January
2021-01-30,2021,1,30,Saturday,5,1,0,4,FuelGo Ubungo,-6.77,39.23,Diesel,2631.0,403,1.15,1,4,January
2021-01-31,2021,1,31,Sunday,6,1,0,4,FuelGo Ubungo,-6.77,39.23,Diesel,2587.0,348,1.15,1,4,January
2021-02-01,2021,2,1,Monday,0,0,0,4,FuelGo Ubungo,-6.77,39.23,Diesel,2161.0,403,0.95,1,5,February
2021-02-02,2021,2,2,Tuesday,1,0,0,4,FuelGo Ubungo,-6.77,39.23,Diesel,2379.0,376,0.95,1,5,February
2021-02-03,2021,2,3,Wednesday,2,0,0,4,FuelGo Ubungo,-6.77,39.23,Diesel,2578.0,453,0.95,1,5,February
2021-02-04,2021,2,4,Thursday,3,0,0,4,FuelGo Ubungo,-6.77,39.23,Diesel,2731.0,319,0.95,1,5,February
2021-02-05,2021,2,5,Friday,4,0,0,4,FuelGo Ubungo,-6.77,39.23,Diesel,2751.0,394,0.95,1,5,February
2021-02-06,2021,2,6,Saturday,5,1,0,4,FuelGo Ubungo,-6.77,39.23,Diesel,2435.0,327,0.95,1,5,February
2021-02-07,2021,2,7,Sunday,6,1,0,4,FuelGo Ubungo,-6.77,39.23,Diesel,2206.0,300,0.95,1,5,February
2021-02-08,2021,2,8,Monday,0,0,0,4,FuelGo Ubungo,-6.77,39.23,Diesel,2317.0,405,0.95,1,6,February
2021-02-09,2021,2,9,Tuesday,1,0,0,4,FuelGo Ubungo,-6.77,39.23,Diesel,2184.0,457,0.95,1,6,February
2021-02-10,2021,2,10,Wednesday,2,0,0,4,FuelGo Ubungo,-6.77,39.23,Diesel,2189.0,479,0.95,1,6,February
2021-02-11,2021,2,11,Thursday,3,0,0,4,FuelGo Ubungo,-6.77,39.23,Diesel,2176.0,505,0.95,1,6,February
2021-02-12,2021,2,12,Friday,4,0,0,4,FuelGo Ubungo,-6.77,39.23,Diesel,2110.0,418,0.95,1,6,February
2021-02-13,2021,2,13,Saturday,5,1,0,4,FuelGo Ubungo,-6.77,39.23,Diesel,2490.0,293,0.95,1,6,February
