analytics/fuel_demand_dataset.csv
date,year,month,day,day_of_week,day_of_week_num,is_weekend,is_holiday,station_id,station_name,station_lat,station_lng,fuel_type,price_per_litre,demand_litres,seasonal_factor,quarter,week_of_year,month_name
2021-02-14,2021,2,14,Sunday,6,1,0,4,FuelGo Ubungo,-6.77,39.23,Diesel,2695.0,217,0.95,1,6,February
2021-02-15,2021,2,15,Monday,0,0,0,4,FuelGo Ubungo,-6.77,39.23,Diesel,2233.0,455,0.95,1,7,February
2021-02-16,2021,2,16,Tuesday,1,0,1,4,FuelGo Ubungo,-6.77,39.23,Diesel,2598.0,404,0.95,1,7,February
2021-02-17,2021,2,17,Wednesday,2,0,0,4,FuelGo Ubungo,-6.77,39.23,Diesel,2207.0,474,0.95,1,7,February
2021-02-18,2021,2,18,Thursday,3,0,0,4,FuelGo Ubungo,-6.77,39.23,Diesel,2782.0,308,0.95,1,7,February
2021-02-19,2021,2,19,Friday,4,0,0,4,FuelGo Ubungo,-6.77,39.23,Diesel,2203.0,457,0.95,1,7,February
2021-02-20,2021,2,20,Saturday,5,1,0,4,FuelGo Ubungo,-6.77,39.23,Diesel,2437.0,378,0.95,1,7,February
2021-02-21,2021,2,21,Sunday,6,1,0,4,FuelGo Ubungo,-6.77,39.23,Diesel,2404.0,291,0.95,1,7,February
2021-02-22,2021,2,22,Monday,0,0,0,4,FuelGo Ubungo,-6.77,39.23,Diesel,2372.0,444,0.95,1,8,February
2021-02-23,2021,2,23,Tuesday,1,0,0,4,FuelGo Ubungo,-6.77,39.23,Diesel,2609.0,478,0.95,1,8,February
2021-02-24,2021,2,24,Wednesday,2,0,0,4,FuelGo Ubungo,-6.77,39.23,Diesel,2117.0,403,0.95,1,8,February
2021-02-25,2021,2,25,Thursday,3,0,0,4,FuelGo Ubungo,-6.77,39.23,Diesel,2496.0,373,0.95,1,8,February
2021-02-26,2021,2,26,Friday,4,0,0,4,FuelGo Ubungo,-6.77,39.23,Diesel,2077.0,501,0.95,1,8,February
2021-02-27,2021,2,27,Saturday,5,1,0,4,FuelGo Ubungo,-6.77,39.23,Diesel,2405.0,370,0.95,1,8,February
2021-02-28,2021,2,28,Sunday,6,1,0,4,FuelGo Ubungo,-6.77,39.23,Diesel,2263.0,349,0.95,1,8,February
2021-03-01,2021,3,1,Monday,0,0,0,4,FuelGo Ubungo,-6.77,39.23,Diesel,2550.0,330,0.88,1,9,March
2021-03-02,2021,3,2,Tuesday,1,0,0,4,FuelGo Ubungo,-6.77,39.23,Diesel,2102.0,431,0.88,1,9,March
2021-03-03,2021,3,3,Wednesday,2,0,0,4,FuelGo Ubungo,-6.77,39.23,Diesel,2161.0,428,0.88,1,9,March
2021-03-04,2021,3,4,Thursday,3,0,0,4,FuelGo Ubungo,-6.77,39.23,Diesel,2567.0,305,0.88,1,9,March
2021-03-05,2021,3,5,Friday,4,0,0,4,FuelGo Ubungo,-6.77,39.23,Diesel,2679.0,269,0.88,1,9,March
2021-03-06,2021,3,6,Saturday,5,1,0,4,FuelGo Ubungo,-6.77,39.23,Diesel,2513.0,311,0.88,1,9,March
2021-03-07,2021,3,7,Sunday,6,1,0,4,FuelGo Ubungo,-6.77,39.23,Diesel,2542.0,237,0.88,1,9,March
2021-03-08,2021,3,8,Monday,0,0,0,4,FuelGo Ubungo,-6.77,39.23,Diesel,2593.0,383,0.88,1,10,March
2021-03-09,2021,3,9,Tuesday,1,0,0,4,FuelGo Ubungo,-6.77,39.23,Diesel,2329.0,374,0.88,1,10,March
2021-03-10,2021,3,10,Wednesday,2,0,0,4,FuelGo Ubungo,-6.77,39.23,Diesel,2511.0,406,0.88,1,10,March
2021-03-11,2021,3,11,Thursday,3,0,0,4,FuelGo Ubungo,-6.77,39.23,Diesel,2207.0,453,0.88,1,10,March
2021-03-12,2021,3,12,Friday,4,0,0,4,FuelGo Ubungo,-6.77,39.23,Diesel,2425.0,387,0.88,1,10,March
2021-03-13,2021,3,13,Saturday,5,1,0,4,FuelGo Ubungo,-6.77,39.23,Diesel,2203.0,277,0.88,1,10,March
2021-03-14,2021,3,14,Sunday,6,1,0,4,FuelGo Ubungo,-6.77,39.23,Diesel,2608.0,297,0.88,1,10,March
2021-03-15,2021,3,15,Monday,0,0,0,4,FuelGo Ubungo,-6.77,39.23,Diesel,2671.0,298,0.88,1,11,March
2021-03-16,2021,3,16,Tuesday,1,0,0,4,FuelGo Ubungo,-6.77,39.23,Diesel,2437.0,332,0.88,1,11,March
2021-03-17,2021,3,17,Wednesday,2,0,0,4,FuelGo Ubungo,-6.77,39.23,Diesel,2619.0,282,0.88,1,11,March
2021-03-18,2021,3,18,Thursday,3,0,0,4,FuelGo Ubungo,-6.77,39.23,Diesel,2328.0,386,0.88,1,11,March
2021-03-19,2021,3,19,Friday,4,0,0,4,FuelGo Ubungo,-6.77,39.23,Diesel,2328.0,432,0.88,1,11,March
2021-03-20,2021,3,20,Saturday,5,1,0,4,FuelGo Ubungo,-6.77,39.23,Diesel,2766.0,268,0.88,1,11,March
2021-03-21,2021,3,21,Sunday,6,1,0,4,FuelGo Ubungo,-6.77,39.23,Diesel,2634.0,241,0.88,1,11,March
2021-03-22,2021,3,22,Monday,0,0,0,4,FuelGo Ubungo,-6.77,39.23,Diesel,2493.0,370,0.88,1,12,March
2021-03-23,2021,3,23,Tuesday,1,0,0,4,FuelGo Ubungo,-6.77,39.23,Diesel,2551.0,427,0.88,1,12,March
2021-03-24,2021,3,24,Wednesday,2,0,0,4,FuelGo Ubungo,-6.77,39.23,Diesel,2261.0,394,0.88,1,12,March
2021-03-25,2021,3,25,Thursday,3,0,0,4,FuelGo Ubungo,-6.77,39.23,Diesel,2543.0,409,0.88,1,12,March
2021-03-26,2021,3,26,Friday,4,0,1,4,FuelGo Ubungo,-6.77,39.23,Diesel,2605.0,358,0.88,1,12,March
2021-03-27,2021,3,27,Saturday,5,1,0,4,FuelGo Ubungo,-6.77,39.23,Diesel,2171.0,434,0.88,1,12,March
2021-03-28,2021,3,28,Sunday,6,1,0,4,FuelGo Ubungo,-6.77,39.23,Diesel,2433.0,256,0.88,1,12,March
2021-03-29,2021,3,29,Monday,0,0,0,4,FuelGo Ubungo,-6.77,39.23,Diesel,2825.0,289,0.88,1,13,March
2021-03-30,2021,3,30,Tuesday,1,0,0,4,FuelGo Ubungo,-6.77,39.23,Diesel,2268.0,366,0.88,1,13,March
2021-03-31,2021,3,31,Wednesday,2,0,0,4,FuelGo Ubungo,-6.77,39.23,Diesel,2116.0,467,0.88,1,13,March
2021-04-01,2021,4,1,Thursday,3,0,0,4,FuelGo Ubungo,-6.77,39.23,Diesel,2926.0,252,0.85,2,13,April
2021-04-02,2021,4,2,Friday,4,0,0,4,FuelGo Ubungo,-6.77,39.23,Diesel,2664.0,355,0.85,2,13,April
2021-04-03,2021,4,3,Saturday,5,1,0,4,FuelGo Ubungo,-6.77,39.23,Diesel,2524.0,313,0.85,2,13,April
2021-04-04,2021,4,4,Sunday,6,1,0,4,FuelGo Ubungo,-6.77,39.23,Diesel,2849.0,264,0.85,2,13,April
2021-04-05,2021,4,5,Monday,0,0,0,4,FuelGo Ubungo,-6.77,39.23,Diesel,2312.0,384,0.85,2,14,April
2021-04-06,2021,4,6,Tuesday,1,0,0,4,FuelGo Ubungo,-6.77,39.23,Diesel,2320.0,408,0.85,2,14,April
2021-04-07,2021,4,7,Wednesday,2,0,1,4,FuelGo Ubungo,-6.77,39.23,Diesel,2566.0,455,0.85,2,14,April
2021-04-08,2021,4,8,Thursday,3,0,0,4,FuelGo Ubungo,-6.77,39.23,Diesel,2132.0,442,0.85,2,14,April
2021-04-09,2021,4,9,Friday,4,0,0,4,FuelGo Ubungo,-6.77,39.23,Diesel,2933.0,327,0.85,2,14,April
2021-04-10,2021,4,10,Saturday,5,1,0,4,FuelGo Ubungo,-6.77,39.23,Diesel,2328.0,330,0.85,2,14,April
2021-04-11,2021,4,11,Sunday,6,1,0,4,FuelGo Ubungo,-6.77,39.23,Diesel,2687.0,221,0.85,2,14,April
2021-04-12,2021,4,12,Monday,0,0,0,4,FuelGo Ubungo,-6.77,39.23,Diesel,2554.0,388,0.85,2,15,April
2021-04-13,2021,4,13,Tuesday,1,0,0,4,FuelGo Ubungo,-6.77,39.23,Diesel,2536.0,290,0.85,2,15,April
2021-04-14,2021,4,14,Wednesday,2,0,0,4,FuelGo Ubungo,-6.77,39.23,Diesel,2285.0,295,0.85,2,15,April
2021-04-15,2021,4,15,Thursday,3,0,0,4,FuelGo Ubungo,-6.77,39.23,Diesel,2224.0,350,0.85,2,15,April
2021-04-16,2021,4,16,Friday,4,0,0,4,FuelGo Ubungo,-6.77,39.23,Diesel,2237.0,345,0.85,2,15,April
2021-04-17,2021,4,17,Saturday,5,1,0,4,FuelGo Ubungo,-6.77,39.23,Diesel,2604.0,227,0.85,2,15,April
2021-04-18,2021,4,18,Sunday,6,1,0,4,FuelGo Ubungo,-6.77,39.23,Diesel,2373.0,235,0.85,2,15,April
2021-04-19,2021,4,19,Monday,0,0,0,4,FuelGo Ubungo,-6.77,39.23,Diesel,2626.0,324,0.85,2,16,April
2021-04-20,2021,4,20,Tuesday,1,0,0,4,FuelGo Ubungo,-6.77,39.23,Diesel,2766.0,302,0.85,2,16,April
2021-04-21,2021,4,21,Wednesday,2,0,0,4,FuelGo Ubungo,-6.77,39.23,Diesel,2325.0,414,0.85,2,16,April
2021-04-22,2021,4,22,Thursday,3,0,0,4,FuelGo Ubungo,-6.77,39.23,Diesel,2560.0,329,0.85,2,16,April
2021-04-23,2021,4,23,Friday,4,0,0,4,FuelGo Ubungo,-6.77,39.23,Diesel,2162.0,455,0.85,2,16,April
2021-04-24,2021,4,24,Saturday,5,1,0,4,FuelGo Ubungo,-6.77,39.23,Diesel,2476.0,262,0.85,2,16,April
2021-04-25,2021,4,25,Sunday,6,1,0,4,FuelGo Ubungo,-6.77,39.23,Diesel,2464.0,316,0.85,2,16,April
2021-04-26,2021,4,26,Monday,0,0,1,4,FuelGo Ubungo,-6.77,39.23,Diesel,2385.0,419,0.85,2,17,April
2021-04-27,2021,4,27,Tuesday,1,0,0,4,FuelGo Ubungo,-6.77,39.23,Diesel,2430.0,397,0.85,2,17,April
2021-04-28,2021,4,28,Wednesday,2,0,0,4,FuelGo Ubungo,-6.77,39.23,Diesel,2497.0,351,0.85,2,17,April
2021-04-29,2021,4,29,Thursday,3,0,0,4,FuelGo Ubungo,-6.77,39.23,Diesel,2572.0,340,0.85,2,17,April
2021-04-30,2021,4,30,Friday,4,0,0,4,FuelGo Ubungo,-6.77,39.23,Diesel,2328.0,468,0.85,2,17,April
2021-05-01,2021,5,1,Saturday,5,1,1,4,FuelGo Ubungo,-6.77,39.23,Diesel,2676.0,370,0.9,2,17,May
2021-05-02,2021,5,2,Sunday,6,1,0,4,FuelGo Ubungo,-6.77,39.23,Diesel,2379.0,412,0.9,2,17,May
2021-05-03,2021,5,3,Monday,0,0,0,4,FuelGo Ubungo,-6.77,39.23,Diesel,2454.0,423,0.9,2,18,May
2021-05-04,2021,5,4,Tuesday,1,0,0,4,FuelGo Ubungo,-6.77,39.23,Diesel,2210.0,370,0.9,2,18,May
2021-05-05,2021,5,5,Wednesday,2,0,0,4,FuelGo Ubungo,-6.77,39.23,Diesel,2431.0,431,0.9,2,18,May
2021-05-06,2021,5,6,Thursday,3,0,0,4,FuelGo Ubungo,-6.77,39.23,Diesel,2824.0,335,0.9,2,18,May
2021-05-07,2021,5,7,Friday,4,0,0,4,FuelGo Ubungo,-6.77,39.23,Diesel,2409.0,398,0.9,2,18,May
2021-05-08,2021,5,8,Saturday,5,1,0,4,FuelGo Ubungo,-6.77,39.23,Diesel,2703.0,264,0.9,2,18,May
2021-05-09,2021,5,9,Sunday,6,1,0,4,FuelGo Ubungo,-6.77,39.23,Diesel,2431.0,292,0.9,2,18,May
2021-05-10,2021,5,10,Monday,0,0,0,4,FuelGo Ubungo,-6.77,39.23,Diesel,2592.0,376,0.9,2,19,May
2021-05-11,2021,5,11,Tuesday,1,0,0,4,FuelGo Ubungo,-6.77,39.23,Diesel,2801.0,352,0.9,2,19,May
2021-05-12,2021,5,12,Wednesday,2,0,0,4,FuelGo Ubungo,-6.77,39.23,Diesel,2139.0,596,0.9,2,19,May
2021-05-13,2021,5,13,Thursday,3,0,1,4,FuelGo Ubungo,-6.77,39.23,Diesel,2398.0,404,0.9,2,19,May
2021-05-14,2021,5,14,Friday,4,0,0,4,FuelGo Ubungo,-6.77,39.23,Diesel,2728.0,384,0.9,2,19,May
2021-05-15,2021,5,15,Saturday,5,1,0,4,FuelGo Ubungo,-6.77,39.23,Diesel,2521.0,323,0.9,2,19,May
2021-05-16,2021,5,16,Sunday,6,1,0,4,FuelGo Ubungo,-6.77,39.23,Diesel,2679.0,251,0.9,2,19,May
2021-05-17,2021,5,17,Monday,0,0,0,4,FuelGo Ubungo,-6.77,39.23,Diesel,2553.0,337,0.9,2,20,May
2021-05-18,2021,5,18,Tuesday,1,0,0,4,FuelGo Ubungo,-6.77,39.23,Diesel,2432.0,339,0.9,2,20,May
2021-05-19,2021,5,19,Wednesday,2,0,0,4,FuelGo Ubungo,-6.77,39.23,Diesel,2694.0,403,0.9,2,20,May
2021-05-20,2021,5,20,Thursday,3,0,0,4,FuelGo Ubungo,-6.77,39.23,Diesel,2593.0,282,0.9,2,20,May
2021-05-21,2021,5,21,Friday,4,0,0,4,FuelGo Ubungo,-6.77,39.23,Diesel,2376.0,451,0.9,2,20,May
2021-05-22,2021,5,22,Saturday,5,1,0,4,FuelGo Ubungo,-6.77,39.23,Diesel,2644.0,340,0.9,2,20,May
2021-05-23,2021,5,23,Sunday,6,1,0,4,FuelGo Ubungo,-6.77,39.23,Diesel,2379.0,282,0.9,2,20,May
2021-05-24,2021,5,24,Monday,0,0,0,4,FuelGo Ubungo,-6.77,39.23,Diesel,2437.0,411,0.9,2,21,May
2021-05-25,2021,5,25,Tuesday,1,0,1,4,FuelGo Ubungo,-6.77,39.23,Diesel,2392.0,460,0.9,2,21,May
2021-05-26,2021,5,26,Wednesday,2,0,0,4,FuelGo Ubungo,-6.77,39.23,Diesel,2382.0,381,0.9,2,21,May
2021-05-27,2021,5,27,Thursday,3,0,0,4,FuelGo Ubungo,-6.77,39.23,Diesel,2385.0,399,0.9,2,21,May
2021-05-28,2021,5,28,Friday,4,0,0,4,FuelGo Ubungo,-6.77,39.23,Diesel,2550.0,364,0.9,2,21,May
2021-05-29,2021,5,29,Saturday,5,1,0,4,FuelGo Ubungo,-6.77,39.23,Diesel,2632.0,324,0.9,2,21,May
2021-05-30,2021,5,30,Sunday,6,1,0,4,FuelGo Ubungo,-6.77,39.23,Diesel,2315.0,320,0.9,2,21,May
2021-05-31,2021,5,31,Monday,0,0,0,4,FuelGo Ubungo,-6.77,39.23,Diesel,2214.0,378,0.9,2,22,May
2021-06-01,2021,6,1,Tuesday,1,0,0,4,FuelGo Ubungo,-6.77,39.23,Diesel,2717.0,410,1.05,2,22,June
2021-06-02,2021,6,2,Wednesday,2,0,0,4,FuelGo Ubungo,-6.77,39.23,Diesel,2729.0,403,1.05,2,22,June
2021-06-03,2021,6,3,Thursday,3,0,0,4,FuelGo Ubungo,-6.77,39.23,Diesel,2572.0,523,1.05,2,22,June
2021-06-04,2021,6,4,Friday,4,0,0,4,FuelGo Ubungo,-6.77,39.23,Diesel,2610.0,446,1.05,2,22,June
2021-06-05,2021,6,5,Saturday,5,1,0,4,FuelGo Ubungo,-6.77,39.23,Diesel,2842.0,296,1.05,2,22,June
2021-06-06,2021,6,6,Sunday,6,1,0,4,FuelGo Ubungo,-6.77,39.23,Diesel,2646.0,279,1.05,2,22,June
2021-06-07,2021,6,7,Monday,0,0,0,4,FuelGo Ubungo,-6.77,39.23,Diesel,2411.0,415,1.05,2,23,June
2021-06-08,2021,6,8,Tuesday,1,0,0,4,FuelGo Ubungo,-6.77,39.23,Diesel,2645.0,386,1.05,2,23,June
2021-06-09,2021,6,9,Wednesday,2,0,0,4,FuelGo Ubungo,-6.77,39.23,Diesel,2647.0,411,1.05,2,23,June
2021-06-10,2021,6,10,Thursday,3,0,0,4,FuelGo Ubungo,-6.77,39.23,Diesel,2396.0,416,1.05,2,23,June
2021-06-11,2021,6,11,Friday,4,0,0,4,FuelGo Ubungo,-6.77,39.23,Diesel,2355.0,530,1.05,2,23,June
2021-06-12,2021,6,12,Saturday,5,1,0,4,FuelGo Ubungo,-6.77,39.23,Diesel,2213.0,414,1.05,2,23,June
2021-06-13,2021,6,13,Sunday,6,1,0,4,FuelGo Ubungo,-6.77,39.23,Diesel,2724.0,311,1.05,2,23,June
2021-06-14,2021,6,14,Monday,0,0,0,4,FuelGo Ubungo,-6.77,39.23,Diesel,2620.0,429,1.05,2,24,June
2021-06-15,2021,6,15,Tuesday,1,0,0,4,FuelGo Ubungo,-6.77,39.23,Diesel,2377.0,546,1.05,2,24,June
2021-06-16,2021,6,16,Wednesday,2,0,0,4,FuelGo Ubungo,-6.77,39.23,Diesel,2582.0,445,1.05,2,24,June
2021-06-17,2021,6,17,Thursday,3,0,0,4,FuelGo Ubungo,-6.77,39.23,Diesel,2217.0,450,1.05,2,24,June
2021-06-18,2021,6,18,Friday,4,0,0,4,FuelGo Ubungo,-6.77,39.23,Diesel,2343.0,493,1.05,2,24,June
2021-06-19,2021,6,19,Saturday,5,1,0,4,FuelGo Ubungo,-6.77,39.23,Diesel,2610.0,325,1.05,2,24,June
2021-06-20,2021,6,20,Sunday,6,1,0,4,FuelGo Ubungo,-6.77,39.23,Diesel,2566.0,318,1.05,2,24,June
2021-06-21,2021,6,21,Monday,0,0,0,4,FuelGo Ubungo,-6.77,39.23,Diesel,2523.0,443,1.05,2,25,June
2021-06-22,2021,6,22,Tuesday,1,0,0,4,FuelGo Ubungo,-6.77,39.23,Diesel,2507.0,453,1.05,2,25,June
2021-06-23,2021,6,23,Wednesday,2,0,0,4,FuelGo Ubungo,-6.77,39.23,Diesel,2579.0,430,1.05,2,25,June
2021-06-24,2021,6,24,Thursday,3,0,0,4,FuelGo Ubungo,-6.77,39.23,Diesel,2530.0,447,1.05,2,25,June
2021-06-25,2021,6,25,Friday,4,0,0,4,FuelGo Ubungo,-6.77,39.23,Diesel,2614.0,423,1.05,2,25,June
2021-06-26,2021,6,26,Saturday,5,1,0,4,FuelGo Ubungo,-6.77,39.23,Diesel,2619.0,378,1.05,2,25,June
2021-06-27,2021,6,27,Sunday,6,1,0,4,FuelGo Ubungo,-6.77,39.23,Diesel,2792.0,278,1.05,2,25,June
2021-06-28,2021,6,28,Monday,0,0,0,4,FuelGo Ubungo,-6.77,39.23,Diesel,2452.0,473,1.05,2,26,June
2021-06-29,2021,6,29,Tuesday,1,0,0,4,FuelGo Ubungo,-6.77,39.23,Diesel,2734.0,465,1.05,2,26,June
2021-06-30,2021,6,30,Wednesday,2,0,0,4,FuelGo Ubungo,-6.77,39.23,Diesel,2356.0,414,1.05,2,26,June
2021-07-01,2021,7,1,Thursday,3,0,0,4,FuelGo Ubungo,-6.77,39.23,Diesel,2740.0,378,1.12,3,26,July
2021-07-02,2021,7,2,Friday,4,0,0,4,FuelGo Ubungo,-6.77,39.23,Diesel,2495.0,505,1.12,3,26,July
2021-07-03,2021,7,3,Saturday,5,1,0,4,FuelGo Ubungo,-6.77,39.23,Diesel,2415.0,382,1.12,3,26,July
2021-07-04,2021,7,4,Sunday,6,1,0,4,FuelGo Ubungo,-6.77,39.23,Diesel,2569.0,387,1.12,3,26,July
2021-07-05,2021,7,5,Monday,0,0,0,4,FuelGo Ubungo,-6.77,39.23,Diesel,2282.0,457,1.12,3,27,July
2021-07-06,2021,7,6,Tuesday,1,0,0,4,FuelGo Ubungo,-6.77,39.23,Diesel,2496.0,542,1.12,3,27,July
2021-07-07,2021,7,7,Wednesday,2,0,1,4,FuelGo Ubungo,-6.77,39.23,Diesel,2228.0,655,1.12,3,27,July
2021-07-08,2021,7,8,Thursday,3,0,0,4,FuelGo Ubungo,-6.77,39.23,Diesel,2604.0,528,1.12,3,27,July
2021-07-09,2021,7,9,Friday,4,0,0,4,FuelGo Ubungo,-6.77,39.23,Diesel,2354.0,566,1.12,3,27,July
2021-07-10,2021,7,10,Saturday,5,1,0,4,FuelGo Ubungo,-6.77,39.23,Diesel,2752.0,338,1.12,3,27,July
2021-07-11,2021,7,11,Sunday,6,1,0,4,FuelGo Ubungo,-6.77,39.23,Diesel,2340.0,334,1.12,3,27,July
2021-07-12,2021,7,12,Monday,0,0,0,4,FuelGo Ubungo,-6.77,39.23,Diesel,2235.0,493,1.12,3,28,July
2021-07-13,2021,7,13,Tuesday,1,0,0,4,FuelGo Ubungo,-6.77,39.23,Diesel,2586.0,443,1.12,3,28,July
2021-07-14,2021,7,14,Wednesday,2,0,0,4,FuelGo Ubungo,-6.77,39.23,Diesel,2770.0,441,1.12,3,28,July
2021-07-15,2021,7,15,Thursday,3,0,0,4,FuelGo Ubungo,-6.77,39.23,Diesel,2531.0,452,1.12,3,28,July
2021-07-16,2021,7,16,Friday,4,0,0,4,FuelGo Ubungo,-6.77,39.23,Diesel,2361.0,608,1.12,3,28,July
2021-07-17,2021,7,17,Saturday,5,1,0,4,FuelGo Ubungo,-6.77,39.23,Diesel,2470.0,411,1.12,3,28,July
2021-07-18,2021,7,18,Sunday,6,1,0,4,FuelGo Ubungo,-6.77,39.23,Diesel,2417.0,355,1.12,3,28,July
2021-07-19,2021,7,19,Monday,0,0,0,4,FuelGo Ubungo,-6.77,39.23,Diesel,2584.0,573,1.12,3,29,July
2021-07-20,2021,7,20,Tuesday,1,0,1,4,FuelGo Ubungo,-6.77,39.23,Diesel,2583.0,428,1.12,3,29,July
2021-07-21,2021,7,21,Wednesday,2,0,0,4,FuelGo Ubungo,-6.77,39.23,Diesel,2245.0,597,1.12,3,29,July
2021-07-22,2021,7,22,Thursday,3,0,0,4,FuelGo Ubungo,-6.77,39.23,Diesel,2734.0,412,1.12,3,29,July
2021-07-23,2021,7,23,Friday,4,0,0,4,FuelGo Ubungo,-6.77,39.23,Diesel,2515.0,403,1.12,3,29,July
2021-07-24,2021,7,24,Saturday,5,1,0,4,FuelGo Ubungo,-6.77,39.23,Diesel,2388.0,451,1.12,3,29,July
2021-07-25,2021,7,25,Sunday,6,1,0,4,FuelGo Ubungo,-6.77,39.23,Diesel,2607.0,322,1.12,3,29,July
2021-07-26,2021,7,26,Monday,0,0,0,4,FuelGo Ubungo,-6.77,39.23,Diesel,2626.0,420,1.12,3,30,July
2021-07-27,2021,7,27,Tuesday,1,0,0,4,FuelGo Ubungo,-6.77,39.23,Diesel,2610.0,455,1.12,3,30,July
2021-07-28,2021,7,28,Wednesday,2,0,0,4,FuelGo Ubungo,-6.77,39.23,Diesel,2686.0,377,1.12,3,30,July
2021-07-29,2021,7,29,Thursday,3,0,0,4,FuelGo Ubungo,-6.77,39.23,Diesel,2740.0,376,1.12,3,30,July
2021-07-30,2021,7,30,Friday,4,0,0,4,FuelGo Ubungo,-6.77,39.23,Diesel,2763.0,429,1.12,3,30,July
2021-07-31,2021,7,31,Saturday,5,1,0,4,FuelGo Ubungo,-6.77,39.23,Diesel,2434.0,390,1.12,3,30,July
2021-08-01,2021,8,1,Sunday,6,1,0,4,FuelGo Ubungo,-6.77,39.23,Diesel,2321.0,361,1.08,3,30,August
2021-08-02,2021,8,2,Monday,0,0,0,4,FuelGo Ubungo,-6.77,39.23,Diesel,2579.0,377,1.08,3,31,August
2021-08-03,2021,8,3,Tuesday,1,0,0,4,FuelGo Ubungo,-6.77,39.23,Diesel,2328.0,672,1.08,3,31,August
2021-08-04,2021,8,4,Wednesday,2,0,0,4,FuelGo Ubungo,-6.77,39.23,Diesel,2869.0,390,1.08,3,31,August
2021-08-05,2021,8,5,Thursday,3,0,0,4,FuelGo Ubungo,-6.77,39.23,Diesel,2387.0,474,1.08,3,31,August
2021-08-06,2021,8,6,Friday,4,0,0,4,FuelGo Ubungo,-6.77,39.23,Diesel,2461.0,499,1.08,3,31,August
2021-08-07,2021,8,7,Saturday,5,1,0,4,FuelGo Ubungo,-6.77,39.23,Diesel,2162.0,430,1.08,3,31,August
2021-08-08,2021,8,8,Sunday,6,1,1,4,FuelGo Ubungo,-6.77,39.23,Diesel,2483.0,562,1.08,3,31,August
2021-08-09,2021,8,9,Monday,0,0,0,4,FuelGo Ubungo,-6.77,39.23,Diesel,2699.0,410,1.08,3,32,August
2021-08-10,2021,8,10,Tuesday,1,0,0,4,FuelGo Ubungo,-6.77,39.23,Diesel,2486.0,484,1.08,3,32,August
2021-08-11,2021,8,11,Wednesday,2,0,0,4,FuelGo Ubungo,-6.77,39.23,Diesel,2848.0,390,1.08,3,32,August
2021-08-12,2021,8,12,Thursday,3,0,0,4,FuelGo Ubungo,-6.77,39.23,Diesel,2920.0,400,1.08,3,32,August
2021-08-13,2021,8,13,Friday,4,0,0,4,FuelGo Ubungo,-6.77,39.23,Diesel,2612.0,402,1.08,3,32,August
2021-01-01,2021,1,1,Friday,4,0,1,4,FuelGo Ubungo,-6.77,39.23,Kerosene,2115.0,263,1.15,1,53,January
2021-01-02,2021,1,2,Saturday,5,1,0,4,FuelGo Ubungo,-6.77,39.23,Kerosene,1948.0,217,1.15,1,53,January
2021-01-03,2021,1,3,Sunday,6,1,0,4,FuelGo Ubungo,-6.77,39.23,Kerosene,1910.0,165,1.15,1,53,January
