analytics/fuel_demand_dataset.csv
date,year,month,day,day_of_week,day_of_week_num,is_weekend,is_holiday,station_id,station_name,station_lat,station_lng,fuel_type,price_per_litre,demand_litres,seasonal_factor,quarter,week_of_year,month_name
2021-01-04,2021,1,4,Monday,0,0,0,4,FuelGo Ubungo,-6.77,39.23,Kerosene,2098.0,185,1.15,1,1,January
2021-01-05,2021,1,5,Tuesday,1,0,0,4,FuelGo Ubungo,-6.77,39.23,Kerosene,1968.0,242,1.15,1,1,January
2021-01-06,2021,1,6,Wednesday,2,0,0,4,FuelGo Ubungo,-6.77,39.23,Kerosene,2110.0,215,1.15,1,1,January
2021-01-07,2021,1,7,Thursday,3,0,0,4,FuelGo Ubungo,-6.77,39.23,Kerosene,1881.0,265,1.15,1,1,January
2021-01-08,2021,1,8,Friday,4,0,0,4,FuelGo Ubungo,-6.77,39.23,Kerosene,2024.0,211,1.15,1,1,January
2021-01-09,2021,1,9,Saturday,5,1,0,4,FuelGo Ubungo,-6.77,39.23,Kerosene,2048.0,195,1.15,1,1,January
2021-01-10,2021,1,10,Sunday,6,1,0,4,FuelGo Ubungo,-6.77,39.23,Kerosene,2007.0,167,1.15,1,1,January
2021-01-11,2021,1,11,Monday,0,0,0,4,FuelGo Ubungo,-6.77,39.23,Kerosene,2181.0,203,1.15,1,2,January
2021-01-12,2021,1,12,Tuesday,1,0,1,4,FuelGo Ubungo,-6.77,39.23,Kerosene,1903.0,285,1.15,1,2,January
2021-01-13,2021,1,13,Wednesday,2,0,0,4,FuelGo Ubungo,-6.77,39.23,Kerosene,1970.0,253,1.15,1,2,January
2021-01-14,2021,1,14,Thursday,3,0,0,4,FuelGo Ubungo,-6.77,39.23,Kerosene,2056.0,219,1.15,1,2,January
2021-01-15,2021,1,15,Friday,4,0,0,4,FuelGo Ubungo,-6.77,39.23,Kerosene,2131.0,202,1.15,1,2,January
2021-01-16,2021,1,16,Saturday,5,1,0,4,FuelGo Ubungo,-6.77,39.23,Kerosene,2044.0,187,1.15,1,2,January
2021-01-17,2021,1,17,Sunday,6,1,0,4,FuelGo Ubungo,-6.77,39.23,Kerosene,1833.0,165,1.15,1,2,January
2021-01-18,2021,1,18,Monday,0,0,0,4,FuelGo Ubungo,-6.77,39.23,Kerosene,1916.0,195,1.15,1,3,January
2021-01-19,2021,1,19,Tuesday,1,0,0,4,FuelGo Ubungo,-6.77,39.23,Kerosene,2209.0,204,1.15,1,3,January
2021-01-20,2021,1,20,Wednesday,2,0,0,4,FuelGo Ubungo,-6.77,39.23,Kerosene,1898.0,228,1.15,1,3,January
2021-01-21,2021,1,21,Thursday,3,0,0,4,FuelGo Ubungo,-6.77,39.23,Kerosene,2219.0,190,1.15,1,3,January
2021-01-22,2021,1,22,Friday,4,0,0,4,FuelGo Ubungo,-6.77,39.23,Kerosene,2102.0,235,1.15,1,3,January
2021-01-23,2021,1,23,Saturday,5,1,0,4,FuelGo Ubungo,-6.77,39.23,Kerosene,1781.0,164,1.15,1,3,January
2021-01-24,2021,1,24,Sunday,6,1,0,4,FuelGo Ubungo,-6.77,39.23,Kerosene,2185.0,117,1.15,1,3,January
2021-01-25,2021,1,25,Monday,0,0,0,4,FuelGo Ubungo,-6.77,39.23,Kerosene,2018.0,198,1.15,1,4,January
2021-01-26,2021,1,26,Tuesday,1,0,0,4,FuelGo Ubungo,-6.77,39.23,Kerosene,2083.0,213,1.15,1,4,January
2021-01-27,2021,1,27,Wednesday,2,0,0,4,FuelGo Ubungo,-6.77,39.23,Kerosene,2077.0,218,1.15,1,4,January
2021-01-28,2021,1,28,Thursday,3,0,0,4,FuelGo Ubungo,-6.77,39.23,Kerosene,2006.0,212,1.15,1,4,January
2021-01-29,2021,1,29,Friday,4,0,0,4,FuelGo Ubungo,-6.77,39.23,Kerosene,1853.0,277,1.15,1,4,January
2021-01-30,2021,1,30,Saturday,5,1,0,4,FuelGo Ubungo,-6.77,39.23,Kerosene,1881.0,174,1.15,1,4,January
2021-01-31,2021,1,31,Sunday,6,1,0,4,FuelGo Ubungo,-6.77,39.23,Kerosene,1923.0,153,1.15,1,4,January
2021-02-01,2021,2,1,Monday,0,0,0,4,FuelGo Ubungo,-6.77,39.23,Kerosene,2006.0,174,0.95,1,5,February
2021-02-02,2021,2,2,Tuesday,1,0,0,4,FuelGo Ubungo,-6.77,39.23,Kerosene,2212.0,153,0.95,1,5,February
2021-02-03,2021,2,3,Wednesday,2,0,0,4,FuelGo Ubungo,-6.77,39.23,Kerosene,2376.0,129,0.95,1,5,February
2021-02-04,2021,2,4,Thursday,3,0,0,4,FuelGo Ubungo,-6.77,39.23,Kerosene,1954.0,160,0.95,1,5,February
2021-02-05,2021,2,5,Friday,4,0,0,4,FuelGo Ubungo,-6.77,39.23,Kerosene,1919.0,198,0.95,1,5,February
2021-02-06,2021,2,6,Saturday,5,1,0,4,FuelGo Ubungo,-6.77,39.23,Kerosene,2043.0,188,0.95,1,5,February
2021-02-07,2021,2,7,Sunday,6,1,0,4,FuelGo Ubungo,-6.77,39.23,Kerosene,2083.0,156,0.95,1,5,February
2021-02-08,2021,2,8,Monday,0,0,0,4,FuelGo Ubungo,-6.77,39.23,Kerosene,2317.0,152,0.95,1,6,February
2021-02-09,2021,2,9,Tuesday,1,0,0,4,FuelGo Ubungo,-6.77,39.23,Kerosene,2218.0,180,0.95,1,6,February
2021-02-10,2021,2,10,Wednesday,2,0,0,4,FuelGo Ubungo,-6.77,39.23,Kerosene,2160.0,182,0.95,1,6,February
2021-02-11,2021,2,11,Thursday,3,0,0,4,FuelGo Ubungo,-6.77,39.23,Kerosene,1814.0,214,0.95,1,6,February
2021-02-12,2021,2,12,Friday,4,0,0,4,FuelGo Ubungo,-6.77,39.23,Kerosene,2019.0,213,0.95,1,6,February
2021-02-13,2021,2,13,Saturday,5,1,0,4,FuelGo Ubungo,-6.77,39.23,Kerosene,1950.0,148,0.95,1,6,February
2021-02-14,2021,2,14,Sunday,6,1,0,4,FuelGo Ubungo,-6.77,39.23,Kerosene,2057.0,142,0.95,1,6,February
2021-02-15,2021,2,15,Monday,0,0,0,4,FuelGo Ubungo,-6.77,39.23,Kerosene,2180.0,228,0.95,1,7,February
2021-02-16,2021,2,16,Tuesday,1,0,1,4,FuelGo Ubungo,-6.77,39.23,Kerosene,2019.0,219,0.95,1,7,February
2021-02-17,2021,2,17,Wednesday,2,0,0,4,FuelGo Ubungo,-6.77,39.23,Kerosene,1967.0,221,0.95,1,7,February
2021-02-18,2021,2,18,Thursday,3,0,0,4,FuelGo Ubungo,-6.77,39.23,Kerosene,1974.0,211,0.95,1,7,February
2021-02-19,2021,2,19,Friday,4,0,0,4,FuelGo Ubungo,-6.77,39.23,Kerosene,2015.0,195,0.95,1,7,February
2021-02-20,2021,2,20,Saturday,5,1,0,4,FuelGo Ubungo,-6.77,39.23,Kerosene,2498.0,104,0.95,1,7,February
2021-02-21,2021,2,21,Sunday,6,1,0,4,FuelGo Ubungo,-6.77,39.23,Kerosene,1992.0,140,0.95,1,7,February
2021-02-22,2021,2,22,Monday,0,0,0,4,FuelGo Ubungo,-6.77,39.23,Kerosene,2107.0,175,0.95,1,8,February
2021-02-23,2021,2,23,Tuesday,1,0,0,4,FuelGo Ubungo,-6.77,39.23,Kerosene,1914.0,191,0.95,1,8,February
2021-02-24,2021,2,24,Wednesday,2,0,0,4,FuelGo Ubungo,-6.77,39.23,Kerosene,2045.0,203,0.95,1,8,February
2021-02-25,2021,2,25,Thursday,3,0,0,4,FuelGo Ubungo,-6.77,39.23,Kerosene,2038.0,188,0.95,1,8,February
2021-02-26,2021,2,26,Friday,4,0,0,4,FuelGo Ubungo,-6.77,39.23,Kerosene,2245.0,184,0.95,1,8,February
2021-02-27,2021,2,27,Saturday,5,1,0,4,FuelGo Ubungo,-6.77,39.23,Kerosene,2005.0,153,0.95,1,8,February
2021-02-28,2021,2,28,Sunday,6,1,0,4,FuelGo Ubungo,-6.77,39.23,Kerosene,2126.0,114,0.95,1,8,February
2021-03-01,2021,3,1,Monday,0,0,0,4,FuelGo Ubungo,-6.77,39.23,Kerosene,2058.0,127,0.88,1,9,March
2021-03-02,2021,3,2,Tuesday,1,0,0,4,FuelGo Ubungo,-6.77,39.23,Kerosene,2021.0,173,0.88,1,9,March
2021-03-03,2021,3,3,Wednesday,2,0,0,4,FuelGo Ubungo,-6.77,39.23,Kerosene,1971.0,156,0.88,1,9,March
2021-03-04,2021,3,4,Thursday,3,0,0,4,FuelGo Ubungo,-6.77,39.23,Kerosene,2155.0,165,0.88,1,9,March
2021-03-05,2021,3,5,Friday,4,0,0,4,FuelGo Ubungo,-6.77,39.23,Kerosene,2085.0,163,0.88,1,9,March
2021-03-06,2021,3,6,Saturday,5,1,0,4,FuelGo Ubungo,-6.77,39.23,Kerosene,1958.0,140,0.88,1,9,March
2021-03-07,2021,3,7,Sunday,6,1,0,4,FuelGo Ubungo,-6.77,39.23,Kerosene,2099.0,115,0.88,1,9,March
2021-03-08,2021,3,8,Monday,0,0,0,4,FuelGo Ubungo,-6.77,39.23,Kerosene,2033.0,153,0.88,1,10,March
2021-03-09,2021,3,9,Tuesday,1,0,0,4,FuelGo Ubungo,-6.77,39.23,Kerosene,2016.0,158,0.88,1,10,March
2021-03-10,2021,3,10,Wednesday,2,0,0,4,FuelGo Ubungo,-6.77,39.23,Kerosene,2182.0,191,0.88,1,10,March
2021-03-11,2021,3,11,Thursday,3,0,0,4,FuelGo Ubungo,-6.77,39.23,Kerosene,2098.0,157,0.88,1,10,March
2021-03-12,2021,3,12,Friday,4,0,0,4,FuelGo Ubungo,-6.77,39.23,Kerosene,2068.0,196,0.88,1,10,March
2021-03-13,2021,3,13,Saturday,5,1,0,4,FuelGo Ubungo,-6.77,39.23,Kerosene,1921.0,153,0.88,1,10,March
2021-03-14,2021,3,14,Sunday,6,1,0,4,FuelGo Ubungo,-6.77,39.23,Kerosene,2184.0,118,0.88,1,10,March
2021-03-15,2021,3,15,Monday,0,0,0,4,FuelGo Ubungo,-6.77,39.23,Kerosene,1919.0,171,0.88,1,11,March
2021-03-16,2021,3,16,Tuesday,1,0,0,4,FuelGo Ubungo,-6.77,39.23,Kerosene,2077.0,173,0.88,1,11,March
2021-03-17,2021,3,17,Wednesday,2,0,0,4,FuelGo Ubungo,-6.77,39.23,Kerosene,2127.0,158,0.88,1,11,March
2021-03-18,2021,3,18,Thursday,3,0,0,4,FuelGo Ubungo,-6.77,39.23,Kerosene,2090.0,153,0.88,1,11,March
2021-03-19,2021,3,19,Friday,4,0,0,4,FuelGo Ubungo,-6.77,39.23,Kerosene,1732.0,177,0.88,1,11,March
2021-03-20,2021,3,20,Saturday,5,1,0,4,FuelGo Ubungo,-6.77,39.23,Kerosene,2147.0,130,0.88,1,11,March
2021-03-21,2021,3,21,Sunday,6,1,0,4,FuelGo Ubungo,-6.77,39.23,Kerosene,2175.0,110,0.88,1,11,March
2021-03-22,2021,3,22,Monday,0,0,0,4,FuelGo Ubungo,-6.77,39.23,Kerosene,1855.0,187,0.88,1,12,March
2021-03-23,2021,3,23,Tuesday,1,0,0,4,FuelGo Ubungo,-6.77,39.23,Kerosene,2045.0,174,0.88,1,12,March
2021-03-24,2021,3,24,Wednesday,2,0,0,4,FuelGo Ubungo,-6.77,39.23,Kerosene,1838.0,185,0.88,1,12,March
2021-03-25,2021,3,25,Thursday,3,0,0,4,FuelGo Ubungo,-6.77,39.23,Kerosene,2103.0,186,0.88,1,12,March
2021-03-26,2021,3,26,Friday,4,0,1,4,FuelGo Ubungo,-6.77,39.23,Kerosene,1892.0,218,0.88,1,12,March
2021-03-27,2021,3,27,Saturday,5,1,0,4,FuelGo Ubungo,-6.77,39.23,Kerosene,1963.0,183,0.88,1,12,March
2021-03-28,2021,3,28,Sunday,6,1,0,4,FuelGo Ubungo,-6.77,39.23,Kerosene,2034.0,107,0.88,1,12,March
2021-03-29,2021,3,29,Monday,0,0,0,4,FuelGo Ubungo,-6.77,39.23,Kerosene,1968.0,183,0.88,1,13,March
2021-03-30,2021,3,30,Tuesday,1,0,0,4,FuelGo Ubungo,-6.77,39.23,Kerosene,2082.0,164,0.88,1,13,March
2021-03-31,2021,3,31,Wednesday,2,0,0,4,FuelGo Ubungo,-6.77,39.23,Kerosene,2017.0,180,0.88,1,13,March
2021-04-01,2021,4,1,Thursday,3,0,0,4,FuelGo Ubungo,-6.77,39.23,Kerosene,1909.0,170,0.85,2,13,April
2021-04-02,2021,4,2,Friday,4,0,0,4,FuelGo Ubungo,-6.77,39.23,Kerosene,1999.0,167,0.85,2,13,April
2021-04-03,2021,4,3,Saturday,5,1,0,4,FuelGo Ubungo,-6.77,39.23,Kerosene,2219.0,107,0.85,2,13,April
2021-04-04,2021,4,4,Sunday,6,1,0,4,FuelGo Ubungo,-6.77,39.23,Kerosene,2131.0,113,0.85,2,13,April
2021-04-05,2021,4,5,Monday,0,0,0,4,FuelGo Ubungo,-6.77,39.23,Kerosene,2115.0,176,0.85,2,14,April
2021-04-06,2021,4,6,Tuesday,1,0,0,4,FuelGo Ubungo,-6.77,39.23,Kerosene,2133.0,195,0.85,2,14,April
2021-04-07,2021,4,7,Wednesday,2,0,1,4,FuelGo Ubungo,-6.77,39.23,Kerosene,1904.0,229,0.85,2,14,April
2021-04-08,2021,4,8,Thursday,3,0,0,4,FuelGo Ubungo,-6.77,39.23,Kerosene,2023.0,201,0.85,2,14,April
2021-04-09,2021,4,9,Friday,4,0,0,4,FuelGo Ubungo,-6.77,39.23,Kerosene,1866.0,162,0.85,2,14,April
2021-04-10,2021,4,10,Saturday,5,1,0,4,FuelGo Ubungo,-6.77,39.23,Kerosene,2096.0,139,0.85,2,14,April
2021-04-11,2021,4,11,Sunday,6,1,0,4,FuelGo Ubungo,-6.77,39.23,Kerosene,2190.0,116,0.85,2,14,April
2021-04-12,2021,4,12,Monday,0,0,0,4,FuelGo Ubungo,-6.77,39.23,Kerosene,2007.0,161,0.85,2,15,April
2021-04-13,2021,4,13,Tuesday,1,0,0,4,FuelGo Ubungo,-6.77,39.23,Kerosene,2019.0,169,0.85,2,15,April
2021-04-14,2021,4,14,Wednesday,2,0,0,4,FuelGo Ubungo,-6.77,39.23,Kerosene,2130.0,176,0.85,2,15,April
2021-04-15,2021,4,15,Thursday,3,0,0,4,FuelGo Ubungo,-6.77,39.23,Kerosene,1994.0,156,0.85,2,15,April
2021-04-16,2021,4,16,Friday,4,0,0,4,FuelGo Ubungo,-6.77,39.23,Kerosene,2135.0,149,0.85,2,15,April
2021-04-17,2021,4,17,Saturday,5,1,0,4,FuelGo Ubungo,-6.77,39.23,Kerosene,2153.0,122,0.85,2,15,April
2021-04-18,2021,4,18,Sunday,6,1,0,4,FuelGo Ubungo,-6.77,39.23,Kerosene,2053.0,121,0.85,2,15,April
2021-04-19,2021,4,19,Monday,0,0,0,4,FuelGo Ubungo,-6.77,39.23,Kerosene,1935.0,154,0.85,2,16,April
2021-04-20,2021,4,20,Tuesday,1,0,0,4,FuelGo Ubungo,-6.77,39.23,Kerosene,1906.0,142,0.85,2,16,April
2021-04-21,2021,4,21,Wednesday,2,0,0,4,FuelGo Ubungo,-6.77,39.23,Kerosene,2097.0,154,0.85,2,16,April
2021-04-22,2021,4,22,Thursday,3,0,0,4,FuelGo Ubungo,-6.77,39.23,Kerosene,2094.0,168,0.85,2,16,April
2021-04-23,2021,4,23,Friday,4,0,0,4,FuelGo Ubungo,-6.77,39.23,Kerosene,2142.0,122,0.85,2,16,April
2021-04-24,2021,4,24,Saturday,5,1,0,4,FuelGo Ubungo,-6.77,39.23,Kerosene,1916.0,149,0.85,2,16,April
2021-04-25,2021,4,25,Sunday,6,1,0,4,FuelGo Ubungo,-6.77,39.23,Kerosene,2208.0,132,0.85,2,16,April
2021-04-26,2021,4,26,Monday,0,0,1,4,FuelGo Ubungo,-6.77,39.23,Kerosene,2049.0,220,0.85,2,17,April
2021-04-27,2021,4,27,Tuesday,1,0,0,4,FuelGo Ubungo,-6.77,39.23,Kerosene,2058.0,173,0.85,2,17,April
2021-04-28,2021,4,28,Wednesday,2,0,0,4,FuelGo Ubungo,-6.77,39.23,Kerosene,2062.0,156,0.85,2,17,April
2021-04-29,2021,4,29,Thursday,3,0,0,4,FuelGo Ubungo,-6.77,39.23,Kerosene,1998.0,159,0.85,2,17,April
2021-04-30,2021,4,30,Friday,4,0,0,4,FuelGo Ubungo,-6.77,39.23,Kerosene,2098.0,213,0.85,2,17,April
2021-05-01,2021,5,1,Saturday,5,1,1,4,FuelGo Ubungo,-6.77,39.23,Kerosene,2045.0,200,0.9,2,17,May
2021-05-02,2021,5,2,Sunday,6,1,0,4,FuelGo Ubungo,-6.77,39.23,Kerosene,1873.0,178,0.9,2,17,May
2021-05-03,2021,5,3,Monday,0,0,0,4,FuelGo Ubungo,-6.77,39.23,Kerosene,1965.0,181,0.9,2,18,May
2021-05-04,2021,5,4,Tuesday,1,0,0,4,FuelGo Ubungo,-6.77,39.23,Kerosene,2054.0,169,0.9,2,18,May
2021-05-05,2021,5,5,Wednesday,2,0,0,4,FuelGo Ubungo,-6.77,39.23,Kerosene,1928.0,169,0.9,2,18,May
2021-05-06,2021,5,6,Thursday,3,0,0,4,FuelGo Ubungo,-6.77,39.23,Kerosene,2189.0,182,0.9,2,18,May
2021-05-07,2021,5,7,Friday,4,0,0,4,FuelGo Ubungo,-6.77,39.23,Kerosene,2070.0,157,0.9,2,18,May
2021-05-08,2021,5,8,Saturday,5,1,0,4,FuelGo Ubungo,-6.77,39.23,Kerosene,2100.0,154,0.9,2,18,May
2021-05-09,2021,5,9,Sunday,6,1,0,4,FuelGo Ubungo,-6.77,39.23,Kerosene,2090.0,118,0.9,2,18,May
2021-05-10,2021,5,10,Monday,0,0,0,4,FuelGo Ubungo,-6.77,39.23,Kerosene,1931.0,188,0.9,2,19,May
2021-05-11,2021,5,11,Tuesday,1,0,0,4,FuelGo Ubungo,-6.77,39.23,Kerosene,1952.0,186,0.9,2,19,May
2021-05-12,2021,5,12,Wednesday,2,0,0,4,FuelGo Ubungo,-6.77,39.23,Kerosene,1944.0,198,0.9,2,19,May
2021-05-13,2021,5,13,Thursday,3,0,1,4,FuelGo Ubungo,-6.77,39.23,Kerosene,2107.0,176,0.9,2,19,May
2021-05-14,2021,5,14,Friday,4,0,0,4,FuelGo Ubungo,-6.77,39.23,Kerosene,2190.0,149,0.9,2,19,May
2021-05-15,2021,5,15,Saturday,5,1,0,4,FuelGo Ubungo,-6.77,39.23,Kerosene,2092.0,139,0.9,2,19,May
2021-05-16,2021,5,16,Sunday,6,1,0,4,FuelGo Ubungo,-6.77,39.23,Kerosene,2121.0,128,0.9,2,19,May
2021-05-17,2021,5,17,Monday,0,0,0,4,FuelGo Ubungo,-6.77,39.23,Kerosene,2109.0,173,0.9,2,20,May
2021-05-18,2021,5,18,Tuesday,1,0,0,4,FuelGo Ubungo,-6.77,39.23,Kerosene,2197.0,154,0.9,2,20,May
2021-05-19,2021,5,19,Wednesday,2,0,0,4,FuelGo Ubungo,-6.77,39.23,Kerosene,1977.0,174,0.9,2,20,May
2021-05-20,2021,5,20,Thursday,3,0,0,4,FuelGo Ubungo,-6.77,39.23,Kerosene,1976.0,186,0.9,2,20,May
2021-05-21,2021,5,21,Friday,4,0,0,4,FuelGo Ubungo,-6.77,39.23,Kerosene,2034.0,178,0.9,2,20,May
2021-05-22,2021,5,22,Saturday,5,1,0,4,FuelGo Ubungo,-6.77,39.23,Kerosene,2018.0,151,0.9,2,20,May
2021-05-23,2021,5,23,Sunday,6,1,0,4,FuelGo Ubungo,-6.77,39.23,Kerosene,1793.0,134,0.9,2,20,May
2021-05-24,2021,5,24,Monday,0,0,0,4,FuelGo Ubungo,-6.77,39.23,Kerosene,2047.0,197,0.9,2,21,May
2021-05-25,2021,5,25,Tuesday,1,0,1,4,FuelGo Ubungo,-6.77,39.23,Kerosene,2349.0,210,0.9,2,21,May
2021-05-26,2021,5,26,Wednesday,2,0,0,4,FuelGo Ubungo,-6.77,39.23,Kerosene,2242.0,163,0.9,2,21,May
2021-05-27,2021,5,27,Thursday,3,0,0,4,FuelGo Ubungo,-6.77,39.23,Kerosene,2159.0,174,0.9,2,21,May
2021-05-28,2021,5,28,Friday,4,0,0,4,FuelGo Ubungo,-6.77,39.23,Kerosene,2133.0,158,0.9,2,21,May
2021-05-29,2021,5,29,Saturday,5,1,0,4,FuelGo Ubungo,-6.77,39.23,Kerosene,2214.0,162,0.9,2,21,May
2021-05-30,2021,5,30,Sunday,6,1,0,4,FuelGo Ubungo,-6.77,39.23,Kerosene,2243.0,136,0.9,2,21,May
2021-05-31,2021,5,31,Monday,0,0,0,4,FuelGo Ubungo,-6.77,39.23,Kerosene,2033.0,150,0.9,2,22,May
2021-06-01,2021,6,1,Tuesday,1,0,0,4,FuelGo Ubungo,-6.77,39.23,Kerosene,2054.0,231,1.05,2,22,June
2021-06-02,2021,6,2,Wednesday,2,0,0,4,FuelGo Ubungo,-6.77,39.23,Kerosene,2016.0,176,1.05,2,22,June
2021-06-03,2021,6,3,Thursday,3,0,0,4,FuelGo Ubungo,-6.77,39.23,Kerosene,2188.0,200,1.05,2,22,June
2021-06-04,2021,6,4,Friday,4,0,0,4,FuelGo Ubungo,-6.77,39.23,Kerosene,2038.0,202,1.05,2,22,June
2021-06-05,2021,6,5,Saturday,5,1,0,4,FuelGo Ubungo,-6.77,39.23,Kerosene,1831.0,188,1.05,2,22,June
2021-06-06,2021,6,6,Sunday,6,1,0,4,FuelGo Ubungo,-6.77,39.23,Kerosene,2149.0,128,1.05,2,22,June
2021-06-07,2021,6,7,Monday,0,0,0,4,FuelGo Ubungo,-6.77,39.23,Kerosene,2062.0,211,1.05,2,23,June
2021-06-08,2021,6,8,Tuesday,1,0,0,4,FuelGo Ubungo,-6.77,39.23,Kerosene,2121.0,188,1.05,2,23,June
2021-06-09,2021,6,9,Wednesday,2,0,0,4,FuelGo Ubungo,-6.77,39.23,Kerosene,2153.0,181,1.05,2,23,June
2021-06-10,2021,6,10,Thursday,3,0,0,4,FuelGo Ubungo,-6.77,39.23,Kerosene,2038.0,223,1.05,2,23,June
2021-06-11,2021,6,11,Friday,4,0,0,4,FuelGo Ubungo,-6.77,39.23,Kerosene,2322.0,162,1.05,2,23,June
2021-06-12,2021,6,12,Saturday,5,1,0,4,FuelGo Ubungo,-6.77,39.23,Kerosene,2093.0,175,1.05,2,23,June
2021-06-13,2021,6,13,Sunday,6,1,0,4,FuelGo Ubungo,-6.77,39.23,Kerosene,2116.0,149,1.05,2,23,June
2021-06-14,2021,6,14,Monday,0,0,0,4,FuelGo Ubungo,-6.77,39.23,Kerosene,2087.0,143,1.05,2,24,June
2021-06-15,2021,6,15,Tuesday,1,0,0,4,FuelGo Ubungo,-6.77,39.23,Kerosene,2195.0,172,1.05,2,24,June
2021-06-16,2021,6,16,Wednesday,2,0,0,4,FuelGo Ubungo,-6.77,39.23,Kerosene,2200.0,182,1.05,2,24,June
2021-06-17,2021,6,17,Thursday,3,0,0,4,FuelGo Ubungo,-6.77,39.23,Kerosene,2146.0,180,1.05,2,24,June
2021-06-18,2021,6,18,Friday,4,0,0,4,FuelGo Ubungo,-6.77,39.23,Kerosene,2150.0,213,1.05,2,24,June
2021-06-19,2021,6,19,Saturday,5,1,0,4,FuelGo Ubungo,-6.77,39.23,Kerosene,2053.0,181,1.05,2,24,June
2021-06-20,2021,6,20,Sunday,6,1,0,4,FuelGo Ubungo,-6.77,39.23,Kerosene,2427.0,129,1.05,2,24,June
2021-06-21,2021,6,21,Monday,0,0,0,4,FuelGo Ubungo,-6.77,39.23,Kerosene,2006.0,181,1.05,2,25,June
2021-06-22,2021,6,22,Tuesday,1,0,0,4,FuelGo Ubungo,-6.77,39.23,Kerosene,2103.0,207,1.05,2,25,June
2021-06-23,2021,6,23,Wednesday,2,0,0,4,FuelGo Ubungo,-6.77,39.23,Kerosene,2034.0,183,1.05,2,25,June
2021-06-24,2021,6,24,Thursday,3,0,0,4,FuelGo Ubungo,-6.77,39.23,Kerosene,1960.0,193,1.05,2,25,June
2021-06-25,2021,6,25,Friday,4,0,0,4,FuelGo Ubungo,-6.77,39.23,Kerosene,2175.0,197,1.05,2,25,June
2021-06-26,2021,6,26,Saturday,5,1,0,4,FuelGo Ubungo,-6.77,39.23,Kerosene,1896.0,195,1.05,2,25,June
2021-06-27,2021,6,27,Sunday,6,1,0,4,FuelGo Ubungo,-6.77,39.23,Kerosene,2222.0,132,1.05,2,25,June
2021-06-28,2021,6,28,Monday,0,0,0,4,FuelGo Ubungo,-6.77,39.23,Kerosene,2009.0,202,1.05,2,26,June
2021-06-29,2021,6,29,Tuesday,1,0,0,4,FuelGo Ubungo,-6.77,39.23,Kerosene,2178.0,209,1.05,2,26,June
2021-06-30,2021,6,30,Wednesday,2,0,0,4,FuelGo Ubungo,-6.77,39.23,Kerosene,2177.0,180,1.05,2,26,June
2021-07-01,2021,7,1,Thursday,3,0,0,4,FuelGo Ubungo,-6.77,39.23,Kerosene,2252.0,202,1.12,3,26,July
2021-07-02,2021,7,2,Friday,4,0,0,4,FuelGo Ubungo,-6.77,39.23,Kerosene,2014.0,211,1.12,3,26,July
