analytics/fuel_demand_dataset.csv
date,year,month,day,day_of_week,day_of_week_num,is_weekend,is_holiday,station_id,station_name,station_lat,station_lng,fuel_type,price_per_litre,demand_litres,seasonal_factor,quarter,week_of_year,month_name
2021-07-03,2021,7,3,Saturday,5,1,0,4,FuelGo Ubungo,-6.77,39.23,Kerosene,2288.0,129,1.12,3,26,July
2021-07-04,2021,7,4,Sunday,6,1,0,4,FuelGo Ubungo,-6.77,39.23,Kerosene,2119.0,139,1.12,3,26,July
2021-07-05,2021,7,5,Monday,0,0,0,4,FuelGo Ubungo,-6.77,39.23,Kerosene,2161.0,179,1.12,3,27,July
2021-07-06,2021,7,6,Tuesday,1,0,0,4,FuelGo Ubungo,-6.77,39.23,Kerosene,2110.0,213,1.12,3,27,July
2021-07-07,2021,7,7,Wednesday,2,0,1,4,FuelGo Ubungo,-6.77,39.23,Kerosene,2004.0,262,1.12,3,27,July
2021-07-08,2021,7,8,Thursday,3,0,0,4,FuelGo Ubungo,-6.77,39.23,Kerosene,2081.0,241,1.12,3,27,July
2021-07-09,2021,7,9,Friday,4,0,0,4,FuelGo Ubungo,-6.77,39.23,Kerosene,1967.0,238,1.12,3,27,July
2021-07-10,2021,7,10,Saturday,5,1,0,4,FuelGo Ubungo,-6.77,39.23,Kerosene,2283.0,188,1.12,3,27,July
2021-07-11,2021,7,11,Sunday,6,1,0,4,FuelGo Ubungo,-6.77,39.23,Kerosene,2014.0,175,1.12,3,27,July
2021-07-12,2021,7,12,Monday,0,0,0,4,FuelGo Ubungo,-6.77,39.23,Kerosene,2262.0,184,1.12,3,28,July
2021-07-13,2021,7,13,Tuesday,1,0,0,4,FuelGo Ubungo,-6.77,39.23,Kerosene,1924.0,254,1.12,3,28,July
2021-07-14,2021,7,14,Wednesday,2,0,0,4,FuelGo Ubungo,-6.77,39.23,Kerosene,2166.0,192,1.12,3,28,July
2021-07-15,2021,7,15,Thursday,3,0,0,4,FuelGo Ubungo,-6.77,39.23,Kerosene,2126.0,209,1.12,3,28,July
2021-07-16,2021,7,16,Friday,4,0,0,4,FuelGo Ubungo,-6.77,39.23,Kerosene,1971.0,226,1.12,3,28,July
2021-07-17,2021,7,17,Saturday,5,1,0,4,FuelGo Ubungo,-6.77,39.23,Kerosene,2097.0,205,1.12,3,28,July
2021-07-18,2021,7,18,Sunday,6,1,0,4,FuelGo Ubungo,-6.77,39.23,Kerosene,2105.0,151,1.12,3,28,July
2021-07-19,2021,7,19,Monday,0,0,0,4,FuelGo Ubungo,-6.77,39.23,Kerosene,2180.0,184,1.12,3,29,July
2021-07-20,2021,7,20,Tuesday,1,0,1,4,FuelGo Ubungo,-6.77,39.23,Kerosene,2241.0,249,1.12,3,29,July
2021-07-21,2021,7,21,Wednesday,2,0,0,4,FuelGo Ubungo,-6.77,39.23,Kerosene,2129.0,263,1.12,3,29,July
2021-07-22,2021,7,22,Thursday,3,0,0,4,FuelGo Ubungo,-6.77,39.23,Kerosene,2174.0,169,1.12,3,29,July
2021-07-23,2021,7,23,Friday,4,0,0,4,FuelGo Ubungo,-6.77,39.23,Kerosene,2333.0,213,1.12,3,29,July
2021-07-24,2021,7,24,Saturday,5,1,0,4,FuelGo Ubungo,-6.77,39.23,Kerosene,2056.0,180,1.12,3,29,July
2021-07-25,2021,7,25,Sunday,6,1,0,4,FuelGo Ubungo,-6.77,39.23,Kerosene,2092.0,154,1.12,3,29,July
2021-07-26,2021,7,26,Monday,0,0,0,4,FuelGo Ubungo,-6.77,39.23,Kerosene,2281.0,201,1.12,3,30,July
2021-07-27,2021,7,27,Tuesday,1,0,0,4,FuelGo Ubungo,-6.77,39.23,Kerosene,2344.0,193,1.12,3,30,July
2021-07-28,2021,7,28,Wednesday,2,0,0,4,FuelGo Ubungo,-6.77,39.23,Kerosene,2111.0,223,1.12,3,30,July
2021-07-29,2021,7,29,Thursday,3,0,0,4,FuelGo Ubungo,-6.77,39.23,Kerosene,2157.0,175,1.12,3,30,July
2021-07-30,2021,7,30,Friday,4,0,0,4,FuelGo Ubungo,-6.77,39.23,Kerosene,2118.0,196,1.12,3,30,July
2021-07-31,2021,7,31,Saturday,5,1,0,4,FuelGo Ubungo,-6.77,39.23,Kerosene,2152.0,171,1.12,3,30,July
2021-08-01,2021,8,1,Sunday,6,1,0,4,FuelGo Ubungo,-6.77,39.23,Kerosene,2102.0,129,1.08,3,30,August
2021-08-02,2021,8,2,Monday,0,0,0,4,FuelGo Ubungo,-6.77,39.23,Kerosene,2068.0,215,1.08,3,31,August
2021-08-03,2021,8,3,Tuesday,1,0,0,4,FuelGo Ubungo,-6.77,39.23,Kerosene,2043.0,190,1.08,3,31,August
2021-08-04,2021,8,4,Wednesday,2,0,0,4,FuelGo Ubungo,-6.77,39.23,Kerosene,2225.0,211,1.08,3,31,August
2021-08-05,2021,8,5,Thursday,3,0,0,4,FuelGo Ubungo,-6.77,39.23,Kerosene,2181.0,169,1.08,3,31,August
2021-08-06,2021,8,6,Friday,4,0,0,4,FuelGo Ubungo,-6.77,39.23,Kerosene,2003.0,213,1.08,3,31,August
2021-08-07,2021,8,7,Saturday,5,1,0,4,FuelGo Ubungo,-6.77,39.23,Kerosene,1913.0,208,1.08,3,31,August
2021-08-08,2021,8,8,Sunday,6,1,1,4,FuelGo Ubungo,-6.77,39.23,Kerosene,1953.0,201,1.08,3,31,August
2021-08-09,2021,8,9,Monday,0,0,0,4,FuelGo Ubungo,-6.77,39.23,Kerosene,2121.0,180,1.08,3,32,August
2021-08-10,2021,8,10,Tuesday,1,0,0,4,FuelGo Ubungo,-6.77,39.23,Kerosene,2118.0,211,1.08,3,32,August
2021-08-11,2021,8,11,Wednesday,2,0,0,4,FuelGo Ubungo,-6.77,39.23,Kerosene,2089.0,243,1.08,3,32,August
2021-08-12,2021,8,12,Thursday,3,0,0,4,FuelGo Ubungo,-6.77,39.23,Kerosene,2090.0,208,1.08,3,32,August
2021-08-13,2021,8,13,Friday,4,0,0,4,FuelGo Ubungo,-6.77,39.23,Kerosene,2347.0,170,1.08,3,32,August
2021-01-01,2021,1,1,Friday,4,0,1,5,FuelGo Ilala,-6.81,39.26,Petrol,2633.0,793,1.15,1,53,January
2021-01-02,2021,1,2,Saturday,5,1,0,5,FuelGo Ilala,-6.81,39.26,Petrol,2717.0,716,1.15,1,53,January
2021-01-03,2021,1,3,Sunday,6,1,0,5,FuelGo Ilala,-6.81,39.26,Petrol,2378.0,590,1.15,1,53,January
2021-01-04,2021,1,4,Monday,0,0,0,5,FuelGo Ilala,-6.81,39.26,Petrol,2880.0,629,1.15,1,1,January
2021-01-05,2021,1,5,Tuesday,1,0,0,5,FuelGo Ilala,-6.81,39.26,Petrol,2699.0,718,1.15,1,1,January
2021-01-06,2021,1,6,Wednesday,2,0,0,5,FuelGo Ilala,-6.81,39.26,Petrol,2556.0,727,1.15,1,1,January
2021-01-07,2021,1,7,Thursday,3,0,0,5,FuelGo Ilala,-6.81,39.26,Petrol,2599.0,701,1.15,1,1,January
2021-01-08,2021,1,8,Friday,4,0,0,5,FuelGo Ilala,-6.81,39.26,Petrol,2774.0,677,1.15,1,1,January
2021-01-09,2021,1,9,Saturday,5,1,0,5,FuelGo Ilala,-6.81,39.26,Petrol,2391.0,732,1.15,1,1,January
2021-01-10,2021,1,10,Sunday,6,1,0,5,FuelGo Ilala,-6.81,39.26,Petrol,2549.0,537,1.15,1,1,January
2021-01-11,2021,1,11,Monday,0,0,0,5,FuelGo Ilala,-6.81,39.26,Petrol,2623.0,682,1.15,1,2,January
2021-01-12,2021,1,12,Tuesday,1,0,1,5,FuelGo Ilala,-6.81,39.26,Petrol,2549.0,968,1.15,1,2,January
2021-01-13,2021,1,13,Wednesday,2,0,0,5,FuelGo Ilala,-6.81,39.26,Petrol,2419.0,1033,1.15,1,2,January
2021-01-14,2021,1,14,Thursday,3,0,0,5,FuelGo Ilala,-6.81,39.26,Petrol,2205.0,834,1.15,1,2,January
2021-01-15,2021,1,15,Friday,4,0,0,5,FuelGo Ilala,-6.81,39.26,Petrol,2465.0,836,1.15,1,2,January
2021-01-16,2021,1,16,Saturday,5,1,0,5,FuelGo Ilala,-6.81,39.26,Petrol,3107.0,429,1.15,1,2,January
2021-01-17,2021,1,17,Sunday,6,1,0,5,FuelGo Ilala,-6.81,39.26,Petrol,2760.0,513,1.15,1,2,January
2021-01-18,2021,1,18,Monday,0,0,0,5,FuelGo Ilala,-6.81,39.26,Petrol,2709.0,527,1.15,1,3,January
2021-01-19,2021,1,19,Tuesday,1,0,0,5,FuelGo Ilala,-6.81,39.26,Petrol,2681.0,754,1.15,1,3,January
2021-01-20,2021,1,20,Wednesday,2,0,0,5,FuelGo Ilala,-6.81,39.26,Petrol,2284.0,801,1.15,1,3,January
2021-01-21,2021,1,21,Thursday,3,0,0,5,FuelGo Ilala,-6.81,39.26,Petrol,2471.0,729,1.15,1,3,January
2021-01-22,2021,1,22,Friday,4,0,0,5,FuelGo Ilala,-6.81,39.26,Petrol,2223.0,812,1.15,1,3,January
2021-01-23,2021,1,23,Saturday,5,1,0,5,FuelGo Ilala,-6.81,39.26,Petrol,2671.0,589,1.15,1,3,January
2021-01-24,2021,1,24,Sunday,6,1,0,5,FuelGo Ilala,-6.81,39.26,Petrol,2548.0,552,1.15,1,3,January
2021-01-25,2021,1,25,Monday,0,0,0,5,FuelGo Ilala,-6.81,39.26,Petrol,2842.0,615,1.15,1,4,January
2021-01-26,2021,1,26,Tuesday,1,0,0,5,FuelGo Ilala,-6.81,39.26,Petrol,2755.0,639,1.15,1,4,January
2021-01-27,2021,1,27,Wednesday,2,0,0,5,FuelGo Ilala,-6.81,39.26,Petrol,2720.0,654,1.15,1,4,January
2021-01-28,2021,1,28,Thursday,3,0,0,5,FuelGo Ilala,-6.81,39.26,Petrol,2534.0,656,1.15,1,4,January
2021-01-29,2021,1,29,Friday,4,0,0,5,FuelGo Ilala,-6.81,39.26,Petrol,2435.0,762,1.15,1,4,January
2021-01-30,2021,1,30,Saturday,5,1,0,5,FuelGo Ilala,-6.81,39.26,Petrol,2349.0,619,1.15,1,4,January
2021-01-31,2021,1,31,Sunday,6,1,0,5,FuelGo Ilala,-6.81,39.26,Petrol,2622.0,475,1.15,1,4,January
2021-02-01,2021,2,1,Monday,0,0,0,5,FuelGo Ilala,-6.81,39.26,Petrol,2863.0,506,0.95,1,5,February
2021-02-02,2021,2,2,Tuesday,1,0,0,5,FuelGo Ilala,-6.81,39.26,Petrol,2737.0,618,0.95,1,5,February
2021-02-03,2021,2,3,Wednesday,2,0,0,5,FuelGo Ilala,-6.81,39.26,Petrol,2051.0,759,0.95,1,5,February
2021-02-04,2021,2,4,Thursday,3,0,0,5,FuelGo Ilala,-6.81,39.26,Petrol,2426.0,658,0.95,1,5,February
2021-02-05,2021,2,5,Friday,4,0,0,5,FuelGo Ilala,-6.81,39.26,Petrol,2710.0,645,0.95,1,5,February
2021-02-06,2021,2,6,Saturday,5,1,0,5,FuelGo Ilala,-6.81,39.26,Petrol,2217.0,548,0.95,1,5,February
2021-02-07,2021,2,7,Sunday,6,1,0,5,FuelGo Ilala,-6.81,39.26,Petrol,2637.0,411,0.95,1,5,February
2021-02-08,2021,2,8,Monday,0,0,0,5,FuelGo Ilala,-6.81,39.26,Petrol,2563.0,567,0.95,1,6,February
2021-02-09,2021,2,9,Tuesday,1,0,0,5,FuelGo Ilala,-6.81,39.26,Petrol,2252.0,844,0.95,1,6,February
2021-02-10,2021,2,10,Wednesday,2,0,0,5,FuelGo Ilala,-6.81,39.26,Petrol,2502.0,594,0.95,1,6,February
2021-02-11,2021,2,11,Thursday,3,0,0,5,FuelGo Ilala,-6.81,39.26,Petrol,2381.0,607,0.95,1,6,February
2021-02-12,2021,2,12,Friday,4,0,0,5,FuelGo Ilala,-6.81,39.26,Petrol,2325.0,622,0.95,1,6,February
2021-02-13,2021,2,13,Saturday,5,1,0,5,FuelGo Ilala,-6.81,39.26,Petrol,2683.0,457,0.95,1,6,February
2021-02-14,2021,2,14,Sunday,6,1,0,5,FuelGo Ilala,-6.81,39.26,Petrol,2403.0,430,0.95,1,6,February
2021-02-15,2021,2,15,Monday,0,0,0,5,FuelGo Ilala,-6.81,39.26,Petrol,2078.0,722,0.95,1,7,February
2021-02-16,2021,2,16,Tuesday,1,0,1,5,FuelGo Ilala,-6.81,39.26,Petrol,2540.0,743,0.95,1,7,February
2021-02-17,2021,2,17,Wednesday,2,0,0,5,FuelGo Ilala,-6.81,39.26,Petrol,2763.0,586,0.95,1,7,February
2021-02-18,2021,2,18,Thursday,3,0,0,5,FuelGo Ilala,-6.81,39.26,Petrol,2341.0,679,0.95,1,7,February
2021-02-19,2021,2,19,Friday,4,0,0,5,FuelGo Ilala,-6.81,39.26,Petrol,2496.0,588,0.95,1,7,February
2021-02-20,2021,2,20,Saturday,5,1,0,5,FuelGo Ilala,-6.81,39.26,Petrol,2507.0,504,0.95,1,7,February
2021-02-21,2021,2,21,Sunday,6,1,0,5,FuelGo Ilala,-6.81,39.26,Petrol,2373.0,520,0.95,1,7,February
2021-02-22,2021,2,22,Monday,0,0,0,5,FuelGo Ilala,-6.81,39.26,Petrol,2651.0,680,0.95,1,8,February
2021-02-23,2021,2,23,Tuesday,1,0,0,5,FuelGo Ilala,-6.81,39.26,Petrol,2644.0,603,0.95,1,8,February
2021-02-24,2021,2,24,Wednesday,2,0,0,5,FuelGo Ilala,-6.81,39.26,Petrol,2731.0,640,0.95,1,8,February
2021-02-25,2021,2,25,Thursday,3,0,0,5,FuelGo Ilala,-6.81,39.26,Petrol,2464.0,519,0.95,1,8,February
2021-02-26,2021,2,26,Friday,4,0,0,5,FuelGo Ilala,-6.81,39.26,Petrol,2091.0,754,0.95,1,8,February
2021-02-27,2021,2,27,Saturday,5,1,0,5,FuelGo Ilala,-6.81,39.26,Petrol,2449.0,576,0.95,1,8,February
2021-02-28,2021,2,28,Sunday,6,1,0,5,FuelGo Ilala,-6.81,39.26,Petrol,2740.0,487,0.95,1,8,February
2021-03-01,2021,3,1,Monday,0,0,0,5,FuelGo Ilala,-6.81,39.26,Petrol,2629.0,463,0.88,1,9,March
2021-03-02,2021,3,2,Tuesday,1,0,0,5,FuelGo Ilala,-6.81,39.26,Petrol,2629.0,569,0.88,1,9,March
2021-03-03,2021,3,3,Wednesday,2,0,0,5,FuelGo Ilala,-6.81,39.26,Petrol,2763.0,582,0.88,1,9,March
2021-03-04,2021,3,4,Thursday,3,0,0,5,FuelGo Ilala,-6.81,39.26,Petrol,2665.0,553,0.88,1,9,March
2021-03-05,2021,3,5,Friday,4,0,0,5,FuelGo Ilala,-6.81,39.26,Petrol,2691.0,557,0.88,1,9,March
2021-03-06,2021,3,6,Saturday,5,1,0,5,FuelGo Ilala,-6.81,39.26,Petrol,2622.0,536,0.88,1,9,March
2021-03-07,2021,3,7,Sunday,6,1,0,5,FuelGo Ilala,-6.81,39.26,Petrol,2529.0,392,0.88,1,9,March
2021-03-08,2021,3,8,Monday,0,0,0,5,FuelGo Ilala,-6.81,39.26,Petrol,2540.0,655,0.88,1,10,March
2021-03-09,2021,3,9,Tuesday,1,0,0,5,FuelGo Ilala,-6.81,39.26,Petrol,2513.0,583,0.88,1,10,March
2021-03-10,2021,3,10,Wednesday,2,0,0,5,FuelGo Ilala,-6.81,39.26,Petrol,2615.0,551,0.88,1,10,March
2021-03-11,2021,3,11,Thursday,3,0,0,5,FuelGo Ilala,-6.81,39.26,Petrol,2847.0,450,0.88,1,10,March
2021-03-12,2021,3,12,Friday,4,0,0,5,FuelGo Ilala,-6.81,39.26,Petrol,2599.0,539,0.88,1,10,March
2021-03-13,2021,3,13,Saturday,5,1,0,5,FuelGo Ilala,-6.81,39.26,Petrol,2470.0,499,0.88,1,10,March
2021-03-14,2021,3,14,Sunday,6,1,0,5,FuelGo Ilala,-6.81,39.26,Petrol,2503.0,410,0.88,1,10,March
2021-03-15,2021,3,15,Monday,0,0,0,5,FuelGo Ilala,-6.81,39.26,Petrol,2400.0,574,0.88,1,11,March
2021-03-16,2021,3,16,Tuesday,1,0,0,5,FuelGo Ilala,-6.81,39.26,Petrol,2408.0,655,0.88,1,11,March
2021-03-17,2021,3,17,Wednesday,2,0,0,5,FuelGo Ilala,-6.81,39.26,Petrol,2699.0,649,0.88,1,11,March
2021-03-18,2021,3,18,Thursday,3,0,0,5,FuelGo Ilala,-6.81,39.26,Petrol,2542.0,632,0.88,1,11,March
2021-03-19,2021,3,19,Friday,4,0,0,5,FuelGo Ilala,-6.81,39.26,Petrol,2667.0,469,0.88,1,11,March
2021-03-20,2021,3,20,Saturday,5,1,0,5,FuelGo Ilala,-6.81,39.26,Petrol,2181.0,633,0.88,1,11,March
2021-03-21,2021,3,21,Sunday,6,1,0,5,FuelGo Ilala,-6.81,39.26,Petrol,2221.0,493,0.88,1,11,March
2021-03-22,2021,3,22,Monday,0,0,0,5,FuelGo Ilala,-6.81,39.26,Petrol,2492.0,590,0.88,1,12,March
2021-03-23,2021,3,23,Tuesday,1,0,0,5,FuelGo Ilala,-6.81,39.26,Petrol,2487.0,604,0.88,1,12,March
2021-03-24,2021,3,24,Wednesday,2,0,0,5,FuelGo Ilala,-6.81,39.26,Petrol,2403.0,560,0.88,1,12,March
2021-03-25,2021,3,25,Thursday,3,0,0,5,FuelGo Ilala,-6.81,39.26,Petrol,2644.0,680,0.88,1,12,March
2021-03-26,2021,3,26,Friday,4,0,1,5,FuelGo Ilala,-6.81,39.26,Petrol,2429.0,767,0.88,1,12,March
2021-03-27,2021,3,27,Saturday,5,1,0,5,FuelGo Ilala,-6.81,39.26,Petrol,2393.0,563,0.88,1,12,March
2021-03-28,2021,3,28,Sunday,6,1,0,5,FuelGo Ilala,-6.81,39.26,Petrol,2850.0,365,0.88,1,12,March
2021-03-29,2021,3,29,Monday,0,0,0,5,FuelGo Ilala,-6.81,39.26,Petrol,2511.0,490,0.88,1,13,March
2021-03-30,2021,3,30,Tuesday,1,0,0,5,FuelGo Ilala,-6.81,39.26,Petrol,2799.0,584,0.88,1,13,March
2021-03-31,2021,3,31,Wednesday,2,0,0,5,FuelGo Ilala,-6.81,39.26,Petrol,2809.0,475,0.88,1,13,March
2021-04-01,2021,4,1,Thursday,3,0,0,5,FuelGo Ilala,-6.81,39.26,Petrol,2381.0,532,0.85,2,13,April
2021-04-02,2021,4,2,Friday,4,0,0,5,FuelGo Ilala,-6.81,39.26,Petrol,2284.0,555,0.85,2,13,April
2021-04-03,2021,4,3,Saturday,5,1,0,5,FuelGo Ilala,-6.81,39.26,Petrol,2742.0,342,0.85,2,13,April
2021-04-04,2021,4,4,Sunday,6,1,0,5,FuelGo Ilala,-6.81,39.26,Petrol,2258.0,508,0.85,2,13,April
2021-04-05,2021,4,5,Monday,0,0,0,5,FuelGo Ilala,-6.81,39.26,Petrol,2961.0,506,0.85,2,14,April
2021-04-06,2021,4,6,Tuesday,1,0,0,5,FuelGo Ilala,-6.81,39.26,Petrol,2472.0,509,0.85,2,14,April
2021-04-07,2021,4,7,Wednesday,2,0,1,5,FuelGo Ilala,-6.81,39.26,Petrol,2514.0,624,0.85,2,14,April
2021-04-08,2021,4,8,Thursday,3,0,0,5,FuelGo Ilala,-6.81,39.26,Petrol,2447.0,596,0.85,2,14,April
2021-04-09,2021,4,9,Friday,4,0,0,5,FuelGo Ilala,-6.81,39.26,Petrol,2566.0,497,0.85,2,14,April
2021-04-10,2021,4,10,Saturday,5,1,0,5,FuelGo Ilala,-6.81,39.26,Petrol,2594.0,496,0.85,2,14,April
2021-04-11,2021,4,11,Sunday,6,1,0,5,FuelGo Ilala,-6.81,39.26,Petrol,2161.0,503,0.85,2,14,April
2021-04-12,2021,4,12,Monday,0,0,0,5,FuelGo Ilala,-6.81,39.26,Petrol,2475.0,610,0.85,2,15,April
2021-04-13,2021,4,13,Tuesday,1,0,0,5,FuelGo Ilala,-6.81,39.26,Petrol,2297.0,648,0.85,2,15,April
2021-04-14,2021,4,14,Wednesday,2,0,0,5,FuelGo Ilala,-6.81,39.26,Petrol,2462.0,530,0.85,2,15,April
2021-04-15,2021,4,15,Thursday,3,0,0,5,FuelGo Ilala,-6.81,39.26,Petrol,2615.0,505,0.85,2,15,April
2021-04-16,2021,4,16,Friday,4,0,0,5,FuelGo Ilala,-6.81,39.26,Petrol,2421.0,608,0.85,2,15,April
2021-04-17,2021,4,17,Saturday,5,1,0,5,FuelGo Ilala,-6.81,39.26,Petrol,2695.0,420,0.85,2,15,April
2021-04-18,2021,4,18,Sunday,6,1,0,5,FuelGo Ilala,-6.81,39.26,Petrol,2671.0,401,0.85,2,15,April
2021-04-19,2021,4,19,Monday,0,0,0,5,FuelGo Ilala,-6.81,39.26,Petrol,2462.0,502,0.85,2,16,April
2021-04-20,2021,4,20,Tuesday,1,0,0,5,FuelGo Ilala,-6.81,39.26,Petrol,2258.0,617,0.85,2,16,April
2021-04-21,2021,4,21,Wednesday,2,0,0,5,FuelGo Ilala,-6.81,39.26,Petrol,2586.0,574,0.85,2,16,April
2021-04-22,2021,4,22,Thursday,3,0,0,5,FuelGo Ilala,-6.81,39.26,Petrol,2833.0,388,0.85,2,16,April
2021-04-23,2021,4,23,Friday,4,0,0,5,FuelGo Ilala,-6.81,39.26,Petrol,2861.0,503,0.85,2,16,April
2021-04-24,2021,4,24,Saturday,5,1,0,5,FuelGo Ilala,-6.81,39.26,Petrol,2325.0,514,0.85,2,16,April
2021-04-25,2021,4,25,Sunday,6,1,0,5,FuelGo Ilala,-6.81,39.26,Petrol,2654.0,446,0.85,2,16,April
2021-04-26,2021,4,26,Monday,0,0,1,5,FuelGo Ilala,-6.81,39.26,Petrol,2168.0,734,0.85,2,17,April
2021-04-27,2021,4,27,Tuesday,1,0,0,5,FuelGo Ilala,-6.81,39.26,Petrol,2497.0,668,0.85,2,17,April
2021-04-28,2021,4,28,Wednesday,2,0,0,5,FuelGo Ilala,-6.81,39.26,Petrol,2490.0,523,0.85,2,17,April
2021-04-29,2021,4,29,Thursday,3,0,0,5,FuelGo Ilala,-6.81,39.26,Petrol,2485.0,459,0.85,2,17,April
2021-04-30,2021,4,30,Friday,4,0,0,5,FuelGo Ilala,-6.81,39.26,Petrol,2609.0,647,0.85,2,17,April
2021-05-01,2021,5,1,Saturday,5,1,1,5,FuelGo Ilala,-6.81,39.26,Petrol,2711.0,557,0.9,2,17,May
2021-05-02,2021,5,2,Sunday,6,1,0,5,FuelGo Ilala,-6.81,39.26,Petrol,2562.0,481,0.9,2,17,May
2021-05-03,2021,5,3,Monday,0,0,0,5,FuelGo Ilala,-6.81,39.26,Petrol,2523.0,551,0.9,2,18,May
2021-05-04,2021,5,4,Tuesday,1,0,0,5,FuelGo Ilala,-6.81,39.26,Petrol,2691.0,599,0.9,2,18,May
2021-05-05,2021,5,5,Wednesday,2,0,0,5,FuelGo Ilala,-6.81,39.26,Petrol,2677.0,494,0.9,2,18,May
2021-05-06,2021,5,6,Thursday,3,0,0,5,FuelGo Ilala,-6.81,39.26,Petrol,2654.0,551,0.9,2,18,May
2021-05-07,2021,5,7,Friday,4,0,0,5,FuelGo Ilala,-6.81,39.26,Petrol,2777.0,617,0.9,2,18,May
2021-05-08,2021,5,8,Saturday,5,1,0,5,FuelGo Ilala,-6.81,39.26,Petrol,2421.0,595,0.9,2,18,May
2021-05-09,2021,5,9,Sunday,6,1,0,5,FuelGo Ilala,-6.81,39.26,Petrol,2757.0,362,0.9,2,18,May
2021-05-10,2021,5,10,Monday,0,0,0,5,FuelGo Ilala,-6.81,39.26,Petrol,2866.0,450,0.9,2,19,May
2021-05-11,2021,5,11,Tuesday,1,0,0,5,FuelGo Ilala,-6.81,39.26,Petrol,2520.0,623,0.9,2,19,May
2021-05-12,2021,5,12,Wednesday,2,0,0,5,FuelGo Ilala,-6.81,39.26,Petrol,2575.0,645,0.9,2,19,May
2021-05-13,2021,5,13,Thursday,3,0,1,5,FuelGo Ilala,-6.81,39.26,Petrol,2954.0,637,0.9,2,19,May
2021-05-14,2021,5,14,Friday,4,0,0,5,FuelGo Ilala,-6.81,39.26,Petrol,2644.0,632,0.9,2,19,May
2021-05-15,2021,5,15,Saturday,5,1,0,5,FuelGo Ilala,-6.81,39.26,Petrol,2772.0,433,0.9,2,19,May
2021-05-16,2021,5,16,Sunday,6,1,0,5,FuelGo Ilala,-6.81,39.26,Petrol,2521.0,423,0.9,2,19,May
2021-05-17,2021,5,17,Monday,0,0,0,5,FuelGo Ilala,-6.81,39.26,Petrol,2637.0,520,0.9,2,20,May
2021-05-18,2021,5,18,Tuesday,1,0,0,5,FuelGo Ilala,-6.81,39.26,Petrol,2355.0,539,0.9,2,20,May
2021-05-19,2021,5,19,Wednesday,2,0,0,5,FuelGo Ilala,-6.81,39.26,Petrol,2547.0,635,0.9,2,20,May
2021-05-20,2021,5,20,Thursday,3,0,0,5,FuelGo Ilala,-6.81,39.26,Petrol,2765.0,546,0.9,2,20,May
2021-05-21,2021,5,21,Friday,4,0,0,5,FuelGo Ilala,-6.81,39.26,Petrol,2311.0,537,0.9,2,20,May
2021-05-22,2021,5,22,Saturday,5,1,0,5,FuelGo Ilala,-6.81,39.26,Petrol,2535.0,447,0.9,2,20,May
