analytics/fuel_demand_dataset.csv
date,year,month,day,day_of_week,day_of_week_num,is_weekend,is_holiday,station_id,station_name,station_lat,station_lng,fuel_type,price_per_litre,demand_litres,seasonal_factor,quarter,week_of_year,month_name
2021-05-23,2021,5,23,Sunday,6,1,0,5,FuelGo Ilala,-6.81,39.26,Petrol,2626.0,449,0.9,2,20,May
2021-05-24,2021,5,24,Monday,0,0,0,5,FuelGo Ilala,-6.81,39.26,Petrol,3024.0,562,0.9,2,21,May
2021-05-25,2021,5,25,Tuesday,1,0,1,5,FuelGo Ilala,-6.81,39.26,Petrol,2690.0,746,0.9,2,21,May
2021-05-26,2021,5,26,Wednesday,2,0,0,5,FuelGo Ilala,-6.81,39.26,Petrol,2941.0,587,0.9,2,21,May
2021-05-27,2021,5,27,Thursday,3,0,0,5,FuelGo Ilala,-6.81,39.26,Petrol,2782.0,566,0.9,2,21,May
2021-05-28,2021,5,28,Friday,4,0,0,5,FuelGo Ilala,-6.81,39.26,Petrol,2660.0,519,0.9,2,21,May
2021-05-29,2021,5,29,Saturday,5,1,0,5,FuelGo Ilala,-6.81,39.26,Petrol,2598.0,454,0.9,2,21,May
2021-05-30,2021,5,30,Sunday,6,1,0,5,FuelGo Ilala,-6.81,39.26,Petrol,2363.0,457,0.9,2,21,May
2021-05-31,2021,5,31,Monday,0,0,0,5,FuelGo Ilala,-6.81,39.26,Petrol,2784.0,578,0.9,2,22,May
2021-06-01,2021,6,1,Tuesday,1,0,0,5,FuelGo Ilala,-6.81,39.26,Petrol,2701.0,701,1.05,2,22,June
2021-06-02,2021,6,2,Wednesday,2,0,0,5,FuelGo Ilala,-6.81,39.26,Petrol,2712.0,647,1.05,2,22,June
2021-06-03,2021,6,3,Thursday,3,0,0,5,FuelGo Ilala,-6.81,39.26,Petrol,2297.0,668,1.05,2,22,June
2021-06-04,2021,6,4,Friday,4,0,0,5,FuelGo Ilala,-6.81,39.26,Petrol,3227.0,505,1.05,2,22,June
2021-06-05,2021,6,5,Saturday,5,1,0,5,FuelGo Ilala,-6.81,39.26,Petrol,2907.0,447,1.05,2,22,June
2021-06-06,2021,6,6,Sunday,6,1,0,5,FuelGo Ilala,-6.81,39.26,Petrol,2636.0,485,1.05,2,22,June
2021-06-07,2021,6,7,Monday,0,0,0,5,FuelGo Ilala,-6.81,39.26,Petrol,2578.0,671,1.05,2,23,June
2021-06-08,2021,6,8,Tuesday,1,0,0,5,FuelGo Ilala,-6.81,39.26,Petrol,2819.0,579,1.05,2,23,June
2021-06-09,2021,6,9,Wednesday,2,0,0,5,FuelGo Ilala,-6.81,39.26,Petrol,2738.0,601,1.05,2,23,June
2021-06-10,2021,6,10,Thursday,3,0,0,5,FuelGo Ilala,-6.81,39.26,Petrol,2975.0,585,1.05,2,23,June
2021-06-11,2021,6,11,Friday,4,0,0,5,FuelGo Ilala,-6.81,39.26,Petrol,2505.0,678,1.05,2,23,June
2021-06-12,2021,6,12,Saturday,5,1,0,5,FuelGo Ilala,-6.81,39.26,Petrol,2717.0,647,1.05,2,23,June
2021-06-13,2021,6,13,Sunday,6,1,0,5,FuelGo Ilala,-6.81,39.26,Petrol,2172.0,647,1.05,2,23,June
2021-06-14,2021,6,14,Monday,0,0,0,5,FuelGo Ilala,-6.81,39.26,Petrol,2526.0,727,1.05,2,24,June
2021-06-15,2021,6,15,Tuesday,1,0,0,5,FuelGo Ilala,-6.81,39.26,Petrol,2685.0,686,1.05,2,24,June
2021-06-16,2021,6,16,Wednesday,2,0,0,5,FuelGo Ilala,-6.81,39.26,Petrol,2545.0,696,1.05,2,24,June
2021-06-17,2021,6,17,Thursday,3,0,0,5,FuelGo Ilala,-6.81,39.26,Petrol,2506.0,661,1.05,2,24,June
2021-06-18,2021,6,18,Friday,4,0,0,5,FuelGo Ilala,-6.81,39.26,Petrol,2442.0,632,1.05,2,24,June
2021-06-19,2021,6,19,Saturday,5,1,0,5,FuelGo Ilala,-6.81,39.26,Petrol,2374.0,658,1.05,2,24,June
2021-06-20,2021,6,20,Sunday,6,1,0,5,FuelGo Ilala,-6.81,39.26,Petrol,2955.0,490,1.05,2,24,June
2021-06-21,2021,6,21,Monday,0,0,0,5,FuelGo Ilala,-6.81,39.26,Petrol,2159.0,854,1.05,2,25,June
2021-06-22,2021,6,22,Tuesday,1,0,0,5,FuelGo Ilala,-6.81,39.26,Petrol,2502.0,525,1.05,2,25,June
2021-06-23,2021,6,23,Wednesday,2,0,0,5,FuelGo Ilala,-6.81,39.26,Petrol,2760.0,755,1.05,2,25,June
2021-06-24,2021,6,24,Thursday,3,0,0,5,FuelGo Ilala,-6.81,39.26,Petrol,2616.0,595,1.05,2,25,June
2021-06-25,2021,6,25,Friday,4,0,0,5,FuelGo Ilala,-6.81,39.26,Petrol,2720.0,678,1.05,2,25,June
2021-06-26,2021,6,26,Saturday,5,1,0,5,FuelGo Ilala,-6.81,39.26,Petrol,2594.0,638,1.05,2,25,June
2021-06-27,2021,6,27,Sunday,6,1,0,5,FuelGo Ilala,-6.81,39.26,Petrol,2493.0,513,1.05,2,25,June
2021-06-28,2021,6,28,Monday,0,0,0,5,FuelGo Ilala,-6.81,39.26,Petrol,2649.0,612,1.05,2,26,June
2021-06-29,2021,6,29,Tuesday,1,0,0,5,FuelGo Ilala,-6.81,39.26,Petrol,2938.0,544,1.05,2,26,June
2021-06-30,2021,6,30,Wednesday,2,0,0,5,FuelGo Ilala,-6.81,39.26,Petrol,2553.0,630,1.05,2,26,June
2021-07-01,2021,7,1,Thursday,3,0,0,5,FuelGo Ilala,-6.81,39.26,Petrol,2669.0,659,1.12,3,26,July
2021-07-02,2021,7,2,Friday,4,0,0,5,FuelGo Ilala,-6.81,39.26,Petrol,3046.0,569,1.12,3,26,July
2021-07-03,2021,7,3,Saturday,5,1,0,5,FuelGo Ilala,-6.81,39.26,Petrol,2949.0,568,1.12,3,26,July
2021-07-04,2021,7,4,Sunday,6,1,0,5,FuelGo Ilala,-6.81,39.26,Petrol,2469.0,539,1.12,3,26,July
2021-07-05,2021,7,5,Monday,0,0,0,5,FuelGo Ilala,-6.81,39.26,Petrol,2583.0,584,1.12,3,27,July
2021-07-06,2021,7,6,Tuesday,1,0,0,5,FuelGo Ilala,-6.81,39.26,Petrol,2822.0,802,1.12,3,27,July
2021-07-07,2021,7,7,Wednesday,2,0,1,5,FuelGo Ilala,-6.81,39.26,Petrol,2650.0,855,1.12,3,27,July
2021-07-08,2021,7,8,Thursday,3,0,0,5,FuelGo Ilala,-6.81,39.26,Petrol,2886.0,696,1.12,3,27,July
2021-07-09,2021,7,9,Friday,4,0,0,5,FuelGo Ilala,-6.81,39.26,Petrol,2710.0,687,1.12,3,27,July
2021-07-10,2021,7,10,Saturday,5,1,0,5,FuelGo Ilala,-6.81,39.26,Petrol,2718.0,599,1.12,3,27,July
2021-07-11,2021,7,11,Sunday,6,1,0,5,FuelGo Ilala,-6.81,39.26,Petrol,2901.0,404,1.12,3,27,July
2021-07-12,2021,7,12,Monday,0,0,0,5,FuelGo Ilala,-6.81,39.26,Petrol,2150.0,787,1.12,3,28,July
2021-07-13,2021,7,13,Tuesday,1,0,0,5,FuelGo Ilala,-6.81,39.26,Petrol,2671.0,617,1.12,3,28,July
2021-07-14,2021,7,14,Wednesday,2,0,0,5,FuelGo Ilala,-6.81,39.26,Petrol,2411.0,736,1.12,3,28,July
2021-07-15,2021,7,15,Thursday,3,0,0,5,FuelGo Ilala,-6.81,39.26,Petrol,2576.0,749,1.12,3,28,July
2021-07-16,2021,7,16,Friday,4,0,0,5,FuelGo Ilala,-6.81,39.26,Petrol,2515.0,831,1.12,3,28,July
2021-07-17,2021,7,17,Saturday,5,1,0,5,FuelGo Ilala,-6.81,39.26,Petrol,2802.0,465,1.12,3,28,July
2021-07-18,2021,7,18,Sunday,6,1,0,5,FuelGo Ilala,-6.81,39.26,Petrol,2517.0,577,1.12,3,28,July
2021-07-19,2021,7,19,Monday,0,0,0,5,FuelGo Ilala,-6.81,39.26,Petrol,2551.0,702,1.12,3,29,July
2021-07-20,2021,7,20,Tuesday,1,0,1,5,FuelGo Ilala,-6.81,39.26,Petrol,3017.0,633,1.12,3,29,July
2021-07-21,2021,7,21,Wednesday,2,0,0,5,FuelGo Ilala,-6.81,39.26,Petrol,2501.0,887,1.12,3,29,July
2021-07-22,2021,7,22,Thursday,3,0,0,5,FuelGo Ilala,-6.81,39.26,Petrol,2780.0,671,1.12,3,29,July
2021-07-23,2021,7,23,Friday,4,0,0,5,FuelGo Ilala,-6.81,39.26,Petrol,2695.0,615,1.12,3,29,July
2021-07-24,2021,7,24,Saturday,5,1,0,5,FuelGo Ilala,-6.81,39.26,Petrol,2708.0,584,1.12,3,29,July
2021-07-25,2021,7,25,Sunday,6,1,0,5,FuelGo Ilala,-6.81,39.26,Petrol,2649.0,436,1.12,3,29,July
2021-07-26,2021,7,26,Monday,0,0,0,5,FuelGo Ilala,-6.81,39.26,Petrol,2424.0,794,1.12,3,30,July
2021-07-27,2021,7,27,Tuesday,1,0,0,5,FuelGo Ilala,-6.81,39.26,Petrol,2586.0,652,1.12,3,30,July
2021-07-28,2021,7,28,Wednesday,2,0,0,5,FuelGo Ilala,-6.81,39.26,Petrol,2552.0,748,1.12,3,30,July
2021-07-29,2021,7,29,Thursday,3,0,0,5,FuelGo Ilala,-6.81,39.26,Petrol,2960.0,616,1.12,3,30,July
2021-07-30,2021,7,30,Friday,4,0,0,5,FuelGo Ilala,-6.81,39.26,Petrol,2237.0,876,1.12,3,30,July
2021-07-31,2021,7,31,Saturday,5,1,0,5,FuelGo Ilala,-6.81,39.26,Petrol,2625.0,551,1.12,3,30,July
2021-08-01,2021,8,1,Sunday,6,1,0,5,FuelGo Ilala,-6.81,39.26,Petrol,2693.0,426,1.08,3,30,August
2021-08-02,2021,8,2,Monday,0,0,0,5,FuelGo Ilala,-6.81,39.26,Petrol,2689.0,700,1.08,3,31,August
2021-08-03,2021,8,3,Tuesday,1,0,0,5,FuelGo Ilala,-6.81,39.26,Petrol,2799.0,619,1.08,3,31,August
2021-08-04,2021,8,4,Wednesday,2,0,0,5,FuelGo Ilala,-6.81,39.26,Petrol,2561.0,773,1.08,3,31,August
2021-08-05,2021,8,5,Thursday,3,0,0,5,FuelGo Ilala,-6.81,39.26,Petrol,2707.0,738,1.08,3,31,August
2021-08-06,2021,8,6,Friday,4,0,0,5,FuelGo Ilala,-6.81,39.26,Petrol,2789.0,736,1.08,3,31,August
2021-08-07,2021,8,7,Saturday,5,1,0,5,FuelGo Ilala,-6.81,39.26,Petrol,2670.0,712,1.08,3,31,August
2021-08-08,2021,8,8,Sunday,6,1,1,5,FuelGo Ilala,-6.81,39.26,Petrol,2329.0,613,1.08,3,31,August
2021-08-09,2021,8,9,Monday,0,0,0,5,FuelGo Ilala,-6.81,39.26,Petrol,2560.0,762,1.08,3,32,August
2021-08-10,2021,8,10,Tuesday,1,0,0,5,FuelGo Ilala,-6.81,39.26,Petrol,2786.0,645,1.08,3,32,August
2021-08-11,2021,8,11,Wednesday,2,0,0,5,FuelGo Ilala,-6.81,39.26,Petrol,2398.0,786,1.08,3,32,August
2021-08-12,2021,8,12,Thursday,3,0,0,5,FuelGo Ilala,-6.81,39.26,Petrol,2554.0,589,1.08,3,32,August
2021-08-13,2021,8,13,Friday,4,0,0,5,FuelGo Ilala,-6.81,39.26,Petrol,2985.0,711,1.08,3,32,August
2021-01-01,2021,1,1,Friday,4,0,1,5,FuelGo Ilala,-6.81,39.26,Diesel,2168.0,824,1.15,1,53,January
2021-01-02,2021,1,2,Saturday,5,1,0,5,FuelGo Ilala,-6.81,39.26,Diesel,2346.0,627,1.15,1,53,January
2021-01-03,2021,1,3,Sunday,6,1,0,5,FuelGo Ilala,-6.81,39.26,Diesel,2386.0,431,1.15,1,53,January
2021-01-04,2021,1,4,Monday,0,0,0,5,FuelGo Ilala,-6.81,39.26,Diesel,2692.0,498,1.15,1,1,January
2021-01-05,2021,1,5,Tuesday,1,0,0,5,FuelGo Ilala,-6.81,39.26,Diesel,2466.0,607,1.15,1,1,January
2021-01-06,2021,1,6,Wednesday,2,0,0,5,FuelGo Ilala,-6.81,39.26,Diesel,2297.0,570,1.15,1,1,January
2021-01-07,2021,1,7,Thursday,3,0,0,5,FuelGo Ilala,-6.81,39.26,Diesel,2419.0,631,1.15,1,1,January
2021-01-08,2021,1,8,Friday,4,0,0,5,FuelGo Ilala,-6.81,39.26,Diesel,2063.0,791,1.15,1,1,January
2021-01-09,2021,1,9,Saturday,5,1,0,5,FuelGo Ilala,-6.81,39.26,Diesel,2483.0,476,1.15,1,1,January
2021-01-10,2021,1,10,Sunday,6,1,0,5,FuelGo Ilala,-6.81,39.26,Diesel,2524.0,385,1.15,1,1,January
2021-01-11,2021,1,11,Monday,0,0,0,5,FuelGo Ilala,-6.81,39.26,Diesel,2411.0,842,1.15,1,2,January
2021-01-12,2021,1,12,Tuesday,1,0,1,5,FuelGo Ilala,-6.81,39.26,Diesel,2607.0,727,1.15,1,2,January
2021-01-13,2021,1,13,Wednesday,2,0,0,5,FuelGo Ilala,-6.81,39.26,Diesel,2414.0,757,1.15,1,2,January
2021-01-14,2021,1,14,Thursday,3,0,0,5,FuelGo Ilala,-6.81,39.26,Diesel,2403.0,601,1.15,1,2,January
2021-01-15,2021,1,15,Friday,4,0,0,5,FuelGo Ilala,-6.81,39.26,Diesel,2595.0,595,1.15,1,2,January
2021-01-16,2021,1,16,Saturday,5,1,0,5,FuelGo Ilala,-6.81,39.26,Diesel,2330.0,566,1.15,1,2,January
2021-01-17,2021,1,17,Sunday,6,1,0,5,FuelGo Ilala,-6.81,39.26,Diesel,2514.0,418,1.15,1,2,January
2021-01-18,2021,1,18,Monday,0,0,0,5,FuelGo Ilala,-6.81,39.26,Diesel,2404.0,626,1.15,1,3,January
2021-01-19,2021,1,19,Tuesday,1,0,0,5,FuelGo Ilala,-6.81,39.26,Diesel,2411.0,580,1.15,1,3,January
2021-01-20,2021,1,20,Wednesday,2,0,0,5,FuelGo Ilala,-6.81,39.26,Diesel,2612.0,633,1.15,1,3,January
2021-01-21,2021,1,21,Thursday,3,0,0,5,FuelGo Ilala,-6.81,39.26,Diesel,2463.0,562,1.15,1,3,January
2021-01-22,2021,1,22,Friday,4,0,0,5,FuelGo Ilala,-6.81,39.26,Diesel,2179.0,780,1.15,1,3,January
2021-01-23,2021,1,23,Saturday,5,1,0,5,FuelGo Ilala,-6.81,39.26,Diesel,2167.0,614,1.15,1,3,January
2021-01-24,2021,1,24,Sunday,6,1,0,5,FuelGo Ilala,-6.81,39.26,Diesel,2525.0,418,1.15,1,3,January
2021-01-25,2021,1,25,Monday,0,0,0,5,FuelGo Ilala,-6.81,39.26,Diesel,2487.0,676,1.15,1,4,January
2021-01-26,2021,1,26,Tuesday,1,0,0,5,FuelGo Ilala,-6.81,39.26,Diesel,2420.0,575,1.15,1,4,January
2021-01-27,2021,1,27,Wednesday,2,0,0,5,FuelGo Ilala,-6.81,39.26,Diesel,2276.0,653,1.15,1,4,January
2021-01-28,2021,1,28,Thursday,3,0,0,5,FuelGo Ilala,-6.81,39.26,Diesel,2191.0,641,1.15,1,4,January
2021-01-29,2021,1,29,Friday,4,0,0,5,FuelGo Ilala,-6.81,39.26,Diesel,2668.0,579,1.15,1,4,January
2021-01-30,2021,1,30,Saturday,5,1,0,5,FuelGo Ilala,-6.81,39.26,Diesel,2296.0,702,1.15,1,4,January
2021-01-31,2021,1,31,Sunday,6,1,0,5,FuelGo Ilala,-6.81,39.26,Diesel,2360.0,389,1.15,1,4,January
2021-02-01,2021,2,1,Monday,0,0,0,5,FuelGo Ilala,-6.81,39.26,Diesel,2183.0,516,0.95,1,5,February
2021-02-02,2021,2,2,Tuesday,1,0,0,5,FuelGo Ilala,-6.81,39.26,Diesel,2728.0,445,0.95,1,5,February
2021-02-03,2021,2,3,Wednesday,2,0,0,5,FuelGo Ilala,-6.81,39.26,Diesel,2384.0,478,0.95,1,5,February
2021-02-04,2021,2,4,Thursday,3,0,0,5,FuelGo Ilala,-6.81,39.26,Diesel,2237.0,558,0.95,1,5,February
2021-02-05,2021,2,5,Friday,4,0,0,5,FuelGo Ilala,-6.81,39.26,Diesel,2579.0,485,0.95,1,5,February
2021-02-06,2021,2,6,Saturday,5,1,0,5,FuelGo Ilala,-6.81,39.26,Diesel,2448.0,527,0.95,1,5,February
2021-02-07,2021,2,7,Sunday,6,1,0,5,FuelGo Ilala,-6.81,39.26,Diesel,2405.0,317,0.95,1,5,February
2021-02-08,2021,2,8,Monday,0,0,0,5,FuelGo Ilala,-6.81,39.26,Diesel,2438.0,501,0.95,1,6,February
2021-02-09,2021,2,9,Tuesday,1,0,0,5,FuelGo Ilala,-6.81,39.26,Diesel,2717.0,394,0.95,1,6,February
2021-02-10,2021,2,10,Wednesday,2,0,0,5,FuelGo Ilala,-6.81,39.26,Diesel,2363.0,458,0.95,1,6,February
2021-02-11,2021,2,11,Thursday,3,0,0,5,FuelGo Ilala,-6.81,39.26,Diesel,2355.0,466,0.95,1,6,February
2021-02-12,2021,2,12,Friday,4,0,0,5,FuelGo Ilala,-6.81,39.26,Diesel,2155.0,470,0.95,1,6,February
2021-02-13,2021,2,13,Saturday,5,1,0,5,FuelGo Ilala,-6.81,39.26,Diesel,2537.0,424,0.95,1,6,February
2021-02-14,2021,2,14,Sunday,6,1,0,5,FuelGo Ilala,-6.81,39.26,Diesel,2375.0,344,0.95,1,6,February
2021-02-15,2021,2,15,Monday,0,0,0,5,FuelGo Ilala,-6.81,39.26,Diesel,2670.0,456,0.95,1,7,February
2021-02-16,2021,2,16,Tuesday,1,0,1,5,FuelGo Ilala,-6.81,39.26,Diesel,2521.0,674,0.95,1,7,February
2021-02-17,2021,2,17,Wednesday,2,0,0,5,FuelGo Ilala,-6.81,39.26,Diesel,2493.0,682,0.95,1,7,February
2021-02-18,2021,2,18,Thursday,3,0,0,5,FuelGo Ilala,-6.81,39.26,Diesel,2326.0,522,0.95,1,7,February
2021-02-19,2021,2,19,Friday,4,0,0,5,FuelGo Ilala,-6.81,39.26,Diesel,2742.0,492,0.95,1,7,February
2021-02-20,2021,2,20,Saturday,5,1,0,5,FuelGo Ilala,-6.81,39.26,Diesel,2435.0,492,0.95,1,7,February
2021-02-21,2021,2,21,Sunday,6,1,0,5,FuelGo Ilala,-6.81,39.26,Diesel,2387.0,500,0.95,1,7,February
2021-02-22,2021,2,22,Monday,0,0,0,5,FuelGo Ilala,-6.81,39.26,Diesel,2214.0,478,0.95,1,8,February
2021-02-23,2021,2,23,Tuesday,1,0,0,5,FuelGo Ilala,-6.81,39.26,Diesel,2414.0,515,0.95,1,8,February
2021-02-24,2021,2,24,Wednesday,2,0,0,5,FuelGo Ilala,-6.81,39.26,Diesel,2521.0,495,0.95,1,8,February
2021-02-25,2021,2,25,Thursday,3,0,0,5,FuelGo Ilala,-6.81,39.26,Diesel,2396.0,552,0.95,1,8,February
2021-02-26,2021,2,26,Friday,4,0,0,5,FuelGo Ilala,-6.81,39.26,Diesel,2317.0,484,0.95,1,8,February
2021-02-27,2021,2,27,Saturday,5,1,0,5,FuelGo Ilala,-6.81,39.26,Diesel,2735.0,353,0.95,1,8,February
2021-02-28,2021,2,28,Sunday,6,1,0,5,FuelGo Ilala,-6.81,39.26,Diesel,2368.0,357,0.95,1,8,February
2021-03-01,2021,3,1,Monday,0,0,0,5,FuelGo Ilala,-6.81,39.26,Diesel,2327.0,416,0.88,1,9,March
2021-03-02,2021,3,2,Tuesday,1,0,0,5,FuelGo Ilala,-6.81,39.26,Diesel,2108.0,497,0.88,1,9,March
2021-03-03,2021,3,3,Wednesday,2,0,0,5,FuelGo Ilala,-6.81,39.26,Diesel,2518.0,501,0.88,1,9,March
2021-03-04,2021,3,4,Thursday,3,0,0,5,FuelGo Ilala,-6.81,39.26,Diesel,2580.0,440,0.88,1,9,March
2021-03-05,2021,3,5,Friday,4,0,0,5,FuelGo Ilala,-6.81,39.26,Diesel,2369.0,429,0.88,1,9,March
2021-03-06,2021,3,6,Saturday,5,1,0,5,FuelGo Ilala,-6.81,39.26,Diesel,2403.0,425,0.88,1,9,March
2021-03-07,2021,3,7,Sunday,6,1,0,5,FuelGo Ilala,-6.81,39.26,Diesel,2159.0,345,0.88,1,9,March
2021-03-08,2021,3,8,Monday,0,0,0,5,FuelGo Ilala,-6.81,39.26,Diesel,2361.0,556,0.88,1,10,March
2021-03-09,2021,3,9,Tuesday,1,0,0,5,FuelGo Ilala,-6.81,39.26,Diesel,2255.0,462,0.88,1,10,March
2021-03-10,2021,3,10,Wednesday,2,0,0,5,FuelGo Ilala,-6.81,39.26,Diesel,2490.0,376,0.88,1,10,March
2021-03-11,2021,3,11,Thursday,3,0,0,5,FuelGo Ilala,-6.81,39.26,Diesel,2153.0,624,0.88,1,10,March
2021-03-12,2021,3,12,Friday,4,0,0,5,FuelGo Ilala,-6.81,39.26,Diesel,2575.0,426,0.88,1,10,March
2021-03-13,2021,3,13,Saturday,5,1,0,5,FuelGo Ilala,-6.81,39.26,Diesel,2550.0,398,0.88,1,10,March
2021-03-14,2021,3,14,Sunday,6,1,0,5,FuelGo Ilala,-6.81,39.26,Diesel,2562.0,340,0.88,1,10,March
2021-03-15,2021,3,15,Monday,0,0,0,5,FuelGo Ilala,-6.81,39.26,Diesel,2480.0,413,0.88,1,11,March
2021-03-16,2021,3,16,Tuesday,1,0,0,5,FuelGo Ilala,-6.81,39.26,Diesel,2413.0,451,0.88,1,11,March
2021-03-17,2021,3,17,Wednesday,2,0,0,5,FuelGo Ilala,-6.81,39.26,Diesel,2428.0,530,0.88,1,11,March
2021-03-18,2021,3,18,Thursday,3,0,0,5,FuelGo Ilala,-6.81,39.26,Diesel,2736.0,477,0.88,1,11,March
2021-03-19,2021,3,19,Friday,4,0,0,5,FuelGo Ilala,-6.81,39.26,Diesel,2129.0,521,0.88,1,11,March
2021-03-20,2021,3,20,Saturday,5,1,0,5,FuelGo Ilala,-6.81,39.26,Diesel,2359.0,453,0.88,1,11,March
2021-03-21,2021,3,21,Sunday,6,1,0,5,FuelGo Ilala,-6.81,39.26,Diesel,2220.0,405,0.88,1,11,March
2021-03-22,2021,3,22,Monday,0,0,0,5,FuelGo Ilala,-6.81,39.26,Diesel,2886.0,407,0.88,1,12,March
2021-03-23,2021,3,23,Tuesday,1,0,0,5,FuelGo Ilala,-6.81,39.26,Diesel,2397.0,540,0.88,1,12,March
2021-03-24,2021,3,24,Wednesday,2,0,0,5,FuelGo Ilala,-6.81,39.26,Diesel,2414.0,500,0.88,1,12,March
2021-03-25,2021,3,25,Thursday,3,0,0,5,FuelGo Ilala,-6.81,39.26,Diesel,2643.0,465,0.88,1,12,March
2021-03-26,2021,3,26,Friday,4,0,1,5,FuelGo Ilala,-6.81,39.26,Diesel,2538.0,558,0.88,1,12,March
2021-03-27,2021,3,27,Saturday,5,1,0,5,FuelGo Ilala,-6.81,39.26,Diesel,2202.0,539,0.88,1,12,March
2021-03-28,2021,3,28,Sunday,6,1,0,5,FuelGo Ilala,-6.81,39.26,Diesel,2179.0,450,0.88,1,12,March
2021-03-29,2021,3,29,Monday,0,0,0,5,FuelGo Ilala,-6.81,39.26,Diesel,2618.0,386,0.88,1,13,March
2021-03-30,2021,3,30,Tuesday,1,0,0,5,FuelGo Ilala,-6.81,39.26,Diesel,2377.0,462,0.88,1,13,March
2021-03-31,2021,3,31,Wednesday,2,0,0,5,FuelGo Ilala,-6.81,39.26,Diesel,2204.0,548,0.88,1,13,March
2021-04-01,2021,4,1,Thursday,3,0,0,5,FuelGo Ilala,-6.81,39.26,Diesel,2360.0,426,0.85,2,13,April
2021-04-02,2021,4,2,Friday,4,0,0,5,FuelGo Ilala,-6.81,39.26,Diesel,2168.0,576,0.85,2,13,April
2021-04-03,2021,4,3,Saturday,5,1,0,5,FuelGo Ilala,-6.81,39.26,Diesel,2245.0,422,0.85,2,13,April
2021-04-04,2021,4,4,Sunday,6,1,0,5,FuelGo Ilala,-6.81,39.26,Diesel,2441.0,346,0.85,2,13,April
2021-04-05,2021,4,5,Monday,0,0,0,5,FuelGo Ilala,-6.81,39.26,Diesel,2392.0,450,0.85,2,14,April
2021-04-06,2021,4,6,Tuesday,1,0,0,5,FuelGo Ilala,-6.81,39.26,Diesel,2337.0,509,0.85,2,14,April
2021-04-07,2021,4,7,Wednesday,2,0,1,5,FuelGo Ilala,-6.81,39.26,Diesel,2485.0,602,0.85,2,14,April
2021-04-08,2021,4,8,Thursday,3,0,0,5,FuelGo Ilala,-6.81,39.26,Diesel,2331.0,464,0.85,2,14,April
2021-04-09,2021,4,9,Friday,4,0,0,5,FuelGo Ilala,-6.81,39.26,Diesel,2316.0,430,0.85,2,14,April
2021-04-10,2021,4,10,Saturday,5,1,0,5,FuelGo Ilala,-6.81,39.26,Diesel,2533.0,384,0.85,2,14,April
2021-04-11,2021,4,11,Sunday,6,1,0,5,FuelGo Ilala,-6.81,39.26,Diesel,2212.0,305,0.85,2,14,April
2021-04-12,2021,4,12,Monday,0,0,0,5,FuelGo Ilala,-6.81,39.26,Diesel,1932.0,627,0.85,2,15,April
