analytics/fuel_demand_dataset.csv
date,year,month,day,day_of_week,day_of_week_num,is_weekend,is_holiday,station_id,station_name,station_lat,station_lng,fuel_type,price_per_litre,demand_litres,seasonal_factor,quarter,week_of_year,month_name
2021-04-13,2021,4,13,Tuesday,1,0,0,5,FuelGo Ilala,-6.81,39.26,Diesel,2105.0,577,0.85,2,15,April
2021-04-14,2021,4,14,Wednesday,2,0,0,5,FuelGo Ilala,-6.81,39.26,Diesel,2306.0,567,0.85,2,15,April
2021-04-15,2021,4,15,Thursday,3,0,0,5,FuelGo Ilala,-6.81,39.26,Diesel,1920.0,590,0.85,2,15,April
2021-04-16,2021,4,16,Friday,4,0,0,5,FuelGo Ilala,-6.81,39.26,Diesel,2172.0,506,0.85,2,15,April
2021-04-17,2021,4,17,Saturday,5,1,0,5,FuelGo Ilala,-6.81,39.26,Diesel,2564.0,396,0.85,2,15,April
2021-04-18,2021,4,18,Sunday,6,1,0,5,FuelGo Ilala,-6.81,39.26,Diesel,2419.0,337,0.85,2,15,April
2021-04-19,2021,4,19,Monday,0,0,0,5,FuelGo Ilala,-6.81,39.26,Diesel,2515.0,456,0.85,2,16,April
2021-04-20,2021,4,20,Tuesday,1,0,0,5,FuelGo Ilala,-6.81,39.26,Diesel,2559.0,462,0.85,2,16,April
2021-04-21,2021,4,21,Wednesday,2,0,0,5,FuelGo Ilala,-6.81,39.26,Diesel,2220.0,447,0.85,2,16,April
2021-04-22,2021,4,22,Thursday,3,0,0,5,FuelGo Ilala,-6.81,39.26,Diesel,2403.0,484,0.85,2,16,April
2021-04-23,2021,4,23,Friday,4,0,0,5,FuelGo Ilala,-6.81,39.26,Diesel,2297.0,539,0.85,2,16,April
2021-04-24,2021,4,24,Saturday,5,1,0,5,FuelGo Ilala,-6.81,39.26,Diesel,2179.0,392,0.85,2,16,April
2021-04-25,2021,4,25,Sunday,6,1,0,5,FuelGo Ilala,-6.81,39.26,Diesel,2699.0,354,0.85,2,16,April
2021-04-26,2021,4,26,Monday,0,0,1,5,FuelGo Ilala,-6.81,39.26,Diesel,2353.0,580,0.85,2,17,April
2021-04-27,2021,4,27,Tuesday,1,0,0,5,FuelGo Ilala,-6.81,39.26,Diesel,2804.0,421,0.85,2,17,April
2021-04-28,2021,4,28,Wednesday,2,0,0,5,FuelGo Ilala,-6.81,39.26,Diesel,2292.0,435,0.85,2,17,April
2021-04-29,2021,4,29,Thursday,3,0,0,5,FuelGo Ilala,-6.81,39.26,Diesel,2614.0,466,0.85,2,17,April
2021-04-30,2021,4,30,Friday,4,0,0,5,FuelGo Ilala,-6.81,39.26,Diesel,2912.0,466,0.85,2,17,April
2021-05-01,2021,5,1,Saturday,5,1,1,5,FuelGo Ilala,-6.81,39.26,Diesel,2662.0,455,0.9,2,17,May
2021-05-02,2021,5,2,Sunday,6,1,0,5,FuelGo Ilala,-6.81,39.26,Diesel,2430.0,358,0.9,2,17,May
2021-05-03,2021,5,3,Monday,0,0,0,5,FuelGo Ilala,-6.81,39.26,Diesel,2729.0,416,0.9,2,18,May
2021-05-04,2021,5,4,Tuesday,1,0,0,5,FuelGo Ilala,-6.81,39.26,Diesel,2776.0,346,0.9,2,18,May
2021-05-05,2021,5,5,Wednesday,2,0,0,5,FuelGo Ilala,-6.81,39.26,Diesel,2307.0,510,0.9,2,18,May
2021-05-06,2021,5,6,Thursday,3,0,0,5,FuelGo Ilala,-6.81,39.26,Diesel,2417.0,470,0.9,2,18,May
2021-05-07,2021,5,7,Friday,4,0,0,5,FuelGo Ilala,-6.81,39.26,Diesel,2521.0,572,0.9,2,18,May
2021-05-08,2021,5,8,Saturday,5,1,0,5,FuelGo Ilala,-6.81,39.26,Diesel,2846.0,440,0.9,2,18,May
2021-05-09,2021,5,9,Sunday,6,1,0,5,FuelGo Ilala,-6.81,39.26,Diesel,2340.0,407,0.9,2,18,May
2021-05-10,2021,5,10,Monday,0,0,0,5,FuelGo Ilala,-6.81,39.26,Diesel,2437.0,414,0.9,2,19,May
2021-05-11,2021,5,11,Tuesday,1,0,0,5,FuelGo Ilala,-6.81,39.26,Diesel,2563.0,480,0.9,2,19,May
2021-05-12,2021,5,12,Wednesday,2,0,0,5,FuelGo Ilala,-6.81,39.26,Diesel,2546.0,490,0.9,2,19,May
2021-05-13,2021,5,13,Thursday,3,0,1,5,FuelGo Ilala,-6.81,39.26,Diesel,2406.0,561,0.9,2,19,May
2021-05-14,2021,5,14,Friday,4,0,0,5,FuelGo Ilala,-6.81,39.26,Diesel,1980.0,785,0.9,2,19,May
2021-05-15,2021,5,15,Saturday,5,1,0,5,FuelGo Ilala,-6.81,39.26,Diesel,2437.0,410,0.9,2,19,May
2021-05-16,2021,5,16,Sunday,6,1,0,5,FuelGo Ilala,-6.81,39.26,Diesel,2718.0,315,0.9,2,19,May
2021-05-17,2021,5,17,Monday,0,0,0,5,FuelGo Ilala,-6.81,39.26,Diesel,2595.0,422,0.9,2,20,May
2021-05-18,2021,5,18,Tuesday,1,0,0,5,FuelGo Ilala,-6.81,39.26,Diesel,2575.0,557,0.9,2,20,May
2021-05-19,2021,5,19,Wednesday,2,0,0,5,FuelGo Ilala,-6.81,39.26,Diesel,2774.0,406,0.9,2,20,May
2021-05-20,2021,5,20,Thursday,3,0,0,5,FuelGo Ilala,-6.81,39.26,Diesel,2276.0,634,0.9,2,20,May
2021-05-21,2021,5,21,Friday,4,0,0,5,FuelGo Ilala,-6.81,39.26,Diesel,2644.0,395,0.9,2,20,May
2021-05-22,2021,5,22,Saturday,5,1,0,5,FuelGo Ilala,-6.81,39.26,Diesel,2462.0,441,0.9,2,20,May
2021-05-23,2021,5,23,Sunday,6,1,0,5,FuelGo Ilala,-6.81,39.26,Diesel,2360.0,390,0.9,2,20,May
2021-05-24,2021,5,24,Monday,0,0,0,5,FuelGo Ilala,-6.81,39.26,Diesel,2740.0,451,0.9,2,21,May
2021-05-25,2021,5,25,Tuesday,1,0,1,5,FuelGo Ilala,-6.81,39.26,Diesel,2453.0,505,0.9,2,21,May
2021-05-26,2021,5,26,Wednesday,2,0,0,5,FuelGo Ilala,-6.81,39.26,Diesel,2364.0,491,0.9,2,21,May
2021-05-27,2021,5,27,Thursday,3,0,0,5,FuelGo Ilala,-6.81,39.26,Diesel,2565.0,533,0.9,2,21,May
2021-05-28,2021,5,28,Friday,4,0,0,5,FuelGo Ilala,-6.81,39.26,Diesel,2377.0,467,0.9,2,21,May
2021-05-29,2021,5,29,Saturday,5,1,0,5,FuelGo Ilala,-6.81,39.26,Diesel,2125.0,499,0.9,2,21,May
2021-05-30,2021,5,30,Sunday,6,1,0,5,FuelGo Ilala,-6.81,39.26,Diesel,2631.0,372,0.9,2,21,May
2021-05-31,2021,5,31,Monday,0,0,0,5,FuelGo Ilala,-6.81,39.26,Diesel,2552.0,483,0.9,2,22,May
2021-06-01,2021,6,1,Tuesday,1,0,0,5,FuelGo Ilala,-6.81,39.26,Diesel,2300.0,636,1.05,2,22,June
2021-06-02,2021,6,2,Wednesday,2,0,0,5,FuelGo Ilala,-6.81,39.26,Diesel,2520.0,586,1.05,2,22,June
2021-06-03,2021,6,3,Thursday,3,0,0,5,FuelGo Ilala,-6.81,39.26,Diesel,2373.0,642,1.05,2,22,June
2021-06-04,2021,6,4,Friday,4,0,0,5,FuelGo Ilala,-6.81,39.26,Diesel,2583.0,542,1.05,2,22,June
2021-06-05,2021,6,5,Saturday,5,1,0,5,FuelGo Ilala,-6.81,39.26,Diesel,2686.0,449,1.05,2,22,June
2021-06-06,2021,6,6,Sunday,6,1,0,5,FuelGo Ilala,-6.81,39.26,Diesel,2213.0,462,1.05,2,22,June
2021-06-07,2021,6,7,Monday,0,0,0,5,FuelGo Ilala,-6.81,39.26,Diesel,2763.0,520,1.05,2,23,June
2021-06-08,2021,6,8,Tuesday,1,0,0,5,FuelGo Ilala,-6.81,39.26,Diesel,2289.0,553,1.05,2,23,June
2021-06-09,2021,6,9,Wednesday,2,0,0,5,FuelGo Ilala,-6.81,39.26,Diesel,2483.0,560,1.05,2,23,June
2021-06-10,2021,6,10,Thursday,3,0,0,5,FuelGo Ilala,-6.81,39.26,Diesel,2469.0,545,1.05,2,23,June
2021-06-11,2021,6,11,Friday,4,0,0,5,FuelGo Ilala,-6.81,39.26,Diesel,2295.0,569,1.05,2,23,June
2021-06-12,2021,6,12,Saturday,5,1,0,5,FuelGo Ilala,-6.81,39.26,Diesel,2411.0,502,1.05,2,23,June
2021-06-13,2021,6,13,Sunday,6,1,0,5,FuelGo Ilala,-6.81,39.26,Diesel,2469.0,383,1.05,2,23,June
2021-06-14,2021,6,14,Monday,0,0,0,5,FuelGo Ilala,-6.81,39.26,Diesel,2673.0,566,1.05,2,24,June
2021-06-15,2021,6,15,Tuesday,1,0,0,5,FuelGo Ilala,-6.81,39.26,Diesel,2361.0,564,1.05,2,24,June
2021-06-16,2021,6,16,Wednesday,2,0,0,5,FuelGo Ilala,-6.81,39.26,Diesel,2408.0,559,1.05,2,24,June
2021-06-17,2021,6,17,Thursday,3,0,0,5,FuelGo Ilala,-6.81,39.26,Diesel,2622.0,449,1.05,2,24,June
2021-06-18,2021,6,18,Friday,4,0,0,5,FuelGo Ilala,-6.81,39.26,Diesel,2383.0,466,1.05,2,24,June
2021-06-19,2021,6,19,Saturday,5,1,0,5,FuelGo Ilala,-6.81,39.26,Diesel,2375.0,472,1.05,2,24,June
2021-06-20,2021,6,20,Sunday,6,1,0,5,FuelGo Ilala,-6.81,39.26,Diesel,2582.0,421,1.05,2,24,June
2021-06-21,2021,6,21,Monday,0,0,0,5,FuelGo Ilala,-6.81,39.26,Diesel,2500.0,583,1.05,2,25,June
2021-06-22,2021,6,22,Tuesday,1,0,0,5,FuelGo Ilala,-6.81,39.26,Diesel,2396.0,515,1.05,2,25,June
2021-06-23,2021,6,23,Wednesday,2,0,0,5,FuelGo Ilala,-6.81,39.26,Diesel,2916.0,399,1.05,2,25,June
2021-06-24,2021,6,24,Thursday,3,0,0,5,FuelGo Ilala,-6.81,39.26,Diesel,2613.0,580,1.05,2,25,June
2021-06-25,2021,6,25,Friday,4,0,0,5,FuelGo Ilala,-6.81,39.26,Diesel,2464.0,526,1.05,2,25,June
2021-06-26,2021,6,26,Saturday,5,1,0,5,FuelGo Ilala,-6.81,39.26,Diesel,2656.0,456,1.05,2,25,June
2021-06-27,2021,6,27,Sunday,6,1,0,5,FuelGo Ilala,-6.81,39.26,Diesel,2323.0,395,1.05,2,25,June
2021-06-28,2021,6,28,Monday,0,0,0,5,FuelGo Ilala,-6.81,39.26,Diesel,2432.0,500,1.05,2,26,June
2021-06-29,2021,6,29,Tuesday,1,0,0,5,FuelGo Ilala,-6.81,39.26,Diesel,2519.0,573,1.05,2,26,June
2021-06-30,2021,6,30,Wednesday,2,0,0,5,FuelGo Ilala,-6.81,39.26,Diesel,2623.0,487,1.05,2,26,June
2021-07-01,2021,7,1,Thursday,3,0,0,5,FuelGo Ilala,-6.81,39.26,Diesel,2267.0,572,1.12,3,26,July
2021-07-02,2021,7,2,Friday,4,0,0,5,FuelGo Ilala,-6.81,39.26,Diesel,2502.0,590,1.12,3,26,July
2021-07-03,2021,7,3,Saturday,5,1,0,5,FuelGo Ilala,-6.81,39.26,Diesel,2194.0,560,1.12,3,26,July
2021-07-04,2021,7,4,Sunday,6,1,0,5,FuelGo Ilala,-6.81,39.26,Diesel,2464.0,444,1.12,3,26,July
2021-07-05,2021,7,5,Monday,0,0,0,5,FuelGo Ilala,-6.81,39.26,Diesel,2649.0,585,1.12,3,27,July
2021-07-06,2021,7,6,Tuesday,1,0,0,5,FuelGo Ilala,-6.81,39.26,Diesel,2480.0,658,1.12,3,27,July
2021-07-07,2021,7,7,Wednesday,2,0,1,5,FuelGo Ilala,-6.81,39.26,Diesel,2088.0,1114,1.12,3,27,July
2021-07-08,2021,7,8,Thursday,3,0,0,5,FuelGo Ilala,-6.81,39.26,Diesel,2571.0,506,1.12,3,27,July
2021-07-09,2021,7,9,Friday,4,0,0,5,FuelGo Ilala,-6.81,39.26,Diesel,2403.0,707,1.12,3,27,July
2021-07-10,2021,7,10,Saturday,5,1,0,5,FuelGo Ilala,-6.81,39.26,Diesel,2304.0,430,1.12,3,27,July
2021-07-11,2021,7,11,Sunday,6,1,0,5,FuelGo Ilala,-6.81,39.26,Diesel,2424.0,406,1.12,3,27,July
2021-07-12,2021,7,12,Monday,0,0,0,5,FuelGo Ilala,-6.81,39.26,Diesel,2308.0,708,1.12,3,28,July
2021-07-13,2021,7,13,Tuesday,1,0,0,5,FuelGo Ilala,-6.81,39.26,Diesel,2460.0,669,1.12,3,28,July
2021-07-14,2021,7,14,Wednesday,2,0,0,5,FuelGo Ilala,-6.81,39.26,Diesel,2639.0,559,1.12,3,28,July
2021-07-15,2021,7,15,Thursday,3,0,0,5,FuelGo Ilala,-6.81,39.26,Diesel,2374.0,608,1.12,3,28,July
2021-07-16,2021,7,16,Friday,4,0,0,5,FuelGo Ilala,-6.81,39.26,Diesel,2368.0,624,1.12,3,28,July
2021-07-17,2021,7,17,Saturday,5,1,0,5,FuelGo Ilala,-6.81,39.26,Diesel,2758.0,465,1.12,3,28,July
2021-07-18,2021,7,18,Sunday,6,1,0,5,FuelGo Ilala,-6.81,39.26,Diesel,2448.0,393,1.12,3,28,July
2021-07-19,2021,7,19,Monday,0,0,0,5,FuelGo Ilala,-6.81,39.26,Diesel,2540.0,617,1.12,3,29,July
2021-07-20,2021,7,20,Tuesday,1,0,1,5,FuelGo Ilala,-6.81,39.26,Diesel,2663.0,877,1.12,3,29,July
2021-07-21,2021,7,21,Wednesday,2,0,0,5,FuelGo Ilala,-6.81,39.26,Diesel,2305.0,653,1.12,3,29,July
2021-07-22,2021,7,22,Thursday,3,0,0,5,FuelGo Ilala,-6.81,39.26,Diesel,2360.0,629,1.12,3,29,July
2021-07-23,2021,7,23,Friday,4,0,0,5,FuelGo Ilala,-6.81,39.26,Diesel,2364.0,596,1.12,3,29,July
2021-07-24,2021,7,24,Saturday,5,1,0,5,FuelGo Ilala,-6.81,39.26,Diesel,2379.0,532,1.12,3,29,July
2021-07-25,2021,7,25,Sunday,6,1,0,5,FuelGo Ilala,-6.81,39.26,Diesel,2700.0,437,1.12,3,29,July
2021-07-26,2021,7,26,Monday,0,0,0,5,FuelGo Ilala,-6.81,39.26,Diesel,2299.0,709,1.12,3,30,July
2021-07-27,2021,7,27,Tuesday,1,0,0,5,FuelGo Ilala,-6.81,39.26,Diesel,2390.0,602,1.12,3,30,July
2021-07-28,2021,7,28,Wednesday,2,0,0,5,FuelGo Ilala,-6.81,39.26,Diesel,2715.0,584,1.12,3,30,July
2021-07-29,2021,7,29,Thursday,3,0,0,5,FuelGo Ilala,-6.81,39.26,Diesel,2415.0,614,1.12,3,30,July
2021-07-30,2021,7,30,Friday,4,0,0,5,FuelGo Ilala,-6.81,39.26,Diesel,2613.0,630,1.12,3,30,July
2021-07-31,2021,7,31,Saturday,5,1,0,5,FuelGo Ilala,-6.81,39.26,Diesel,2437.0,544,1.12,3,30,July
2021-08-01,2021,8,1,Sunday,6,1,0,5,FuelGo Ilala,-6.81,39.26,Diesel,2581.0,396,1.08,3,30,August
2021-08-02,2021,8,2,Monday,0,0,0,5,FuelGo Ilala,-6.81,39.26,Diesel,2488.0,699,1.08,3,31,August
2021-08-03,2021,8,3,Tuesday,1,0,0,5,FuelGo Ilala,-6.81,39.26,Diesel,2499.0,604,1.08,3,31,August
2021-08-04,2021,8,4,Wednesday,2,0,0,5,FuelGo Ilala,-6.81,39.26,Diesel,2710.0,593,1.08,3,31,August
2021-08-05,2021,8,5,Thursday,3,0,0,5,FuelGo Ilala,-6.81,39.26,Diesel,2640.0,570,1.08,3,31,August
2021-08-06,2021,8,6,Friday,4,0,0,5,FuelGo Ilala,-6.81,39.26,Diesel,2695.0,474,1.08,3,31,August
2021-08-07,2021,8,7,Saturday,5,1,0,5,FuelGo Ilala,-6.81,39.26,Diesel,2317.0,579,1.08,3,31,August
2021-08-08,2021,8,8,Sunday,6,1,1,5,FuelGo Ilala,-6.81,39.26,Diesel,2617.0,512,1.08,3,31,August
2021-08-09,2021,8,9,Monday,0,0,0,5,FuelGo Ilala,-6.81,39.26,Diesel,2245.0,674,1.08,3,32,August
2021-08-10,2021,8,10,Tuesday,1,0,0,5,FuelGo Ilala,-6.81,39.26,Diesel,2606.0,663,1.08,3,32,August
2021-08-11,2021,8,11,Wednesday,2,0,0,5,FuelGo Ilala,-6.81,39.26,Diesel,2576.0,564,1.08,3,32,August
2021-08-12,2021,8,12,Thursday,3,0,0,5,FuelGo Ilala,-6.81,39.26,Diesel,2400.0,640,1.08,3,32,August
2021-08-13,2021,8,13,Friday,4,0,0,5,FuelGo Ilala,-6.81,39.26,Diesel,2738.0,593,1.08,3,32,August
2021-01-01,2021,1,1,Friday,4,0,1,5,FuelGo Ilala,-6.81,39.26,Kerosene,2014.0,386,1.15,1,53,January
2021-01-02,2021,1,2,Saturday,5,1,0,5,FuelGo Ilala,-6.81,39.26,Kerosene,2147.0,251,1.15,1,53,January
2021-01-03,2021,1,3,Sunday,6,1,0,5,FuelGo Ilala,-6.81,39.26,Kerosene,2174.0,188,1.15,1,53,January
2021-01-04,2021,1,4,Monday,0,0,0,5,FuelGo Ilala,-6.81,39.26,Kerosene,1917.0,287,1.15,1,1,January
2021-01-05,2021,1,5,Tuesday,1,0,0,5,FuelGo Ilala,-6.81,39.26,Kerosene,1973.0,349,1.15,1,1,January
2021-01-06,2021,1,6,Wednesday,2,0,0,5,FuelGo Ilala,-6.81,39.26,Kerosene,1773.0,294,1.15,1,1,January
2021-01-07,2021,1,7,Thursday,3,0,0,5,FuelGo Ilala,-6.81,39.26,Kerosene,1784.0,303,1.15,1,1,January
2021-01-08,2021,1,8,Friday,4,0,0,5,FuelGo Ilala,-6.81,39.26,Kerosene,1977.0,263,1.15,1,1,January
2021-01-09,2021,1,9,Saturday,5,1,0,5,FuelGo Ilala,-6.81,39.26,Kerosene,2022.0,237,1.15,1,1,January
2021-01-10,2021,1,10,Sunday,6,1,0,5,FuelGo Ilala,-6.81,39.26,Kerosene,1942.0,213,1.15,1,1,January
2021-01-11,2021,1,11,Monday,0,0,0,5,FuelGo Ilala,-6.81,39.26,Kerosene,1810.0,356,1.15,1,2,January
2021-01-12,2021,1,12,Tuesday,1,0,1,5,FuelGo Ilala,-6.81,39.26,Kerosene,2150.0,318,1.15,1,2,January
2021-01-13,2021,1,13,Wednesday,2,0,0,5,FuelGo Ilala,-6.81,39.26,Kerosene,1817.0,314,1.15,1,2,January
2021-01-14,2021,1,14,Thursday,3,0,0,5,FuelGo Ilala,-6.81,39.26,Kerosene,1999.0,291,1.15,1,2,January
2021-01-15,2021,1,15,Friday,4,0,0,5,FuelGo Ilala,-6.81,39.26,Kerosene,1893.0,297,1.15,1,2,January
2021-01-16,2021,1,16,Saturday,5,1,0,5,FuelGo Ilala,-6.81,39.26,Kerosene,2090.0,213,1.15,1,2,January
2021-01-17,2021,1,17,Sunday,6,1,0,5,FuelGo Ilala,-6.81,39.26,Kerosene,1913.0,203,1.15,1,2,January
2021-01-18,2021,1,18,Monday,0,0,0,5,FuelGo Ilala,-6.81,39.26,Kerosene,1753.0,287,1.15,1,3,January
2021-01-19,2021,1,19,Tuesday,1,0,0,5,FuelGo Ilala,-6.81,39.26,Kerosene,2073.0,252,1.15,1,3,January
2021-01-20,2021,1,20,Wednesday,2,0,0,5,FuelGo Ilala,-6.81,39.26,Kerosene,1880.0,259,1.15,1,3,January
2021-01-21,2021,1,21,Thursday,3,0,0,5,FuelGo Ilala,-6.81,39.26,Kerosene,1970.0,258,1.15,1,3,January
2021-01-22,2021,1,22,Friday,4,0,0,5,FuelGo Ilala,-6.81,39.26,Kerosene,1953.0,298,1.15,1,3,January
2021-01-23,2021,1,23,Saturday,5,1,0,5,FuelGo Ilala,-6.81,39.26,Kerosene,1906.0,241,1.15,1,3,January
2021-01-24,2021,1,24,Sunday,6,1,0,5,FuelGo Ilala,-6.81,39.26,Kerosene,1967.0,200,1.15,1,3,January
2021-01-25,2021,1,25,Monday,0,0,0,5,FuelGo Ilala,-6.81,39.26,Kerosene,1809.0,322,1.15,1,4,January
2021-01-26,2021,1,26,Tuesday,1,0,0,5,FuelGo Ilala,-6.81,39.26,Kerosene,2012.0,318,1.15,1,4,January
2021-01-27,2021,1,27,Wednesday,2,0,0,5,FuelGo Ilala,-6.81,39.26,Kerosene,2041.0,301,1.15,1,4,January
2021-01-28,2021,1,28,Thursday,3,0,0,5,FuelGo Ilala,-6.81,39.26,Kerosene,2110.0,255,1.15,1,4,January
2021-01-29,2021,1,29,Friday,4,0,0,5,FuelGo Ilala,-6.81,39.26,Kerosene,2027.0,232,1.15,1,4,January
2021-01-30,2021,1,30,Saturday,5,1,0,5,FuelGo Ilala,-6.81,39.26,Kerosene,2061.0,201,1.15,1,4,January
2021-01-31,2021,1,31,Sunday,6,1,0,5,FuelGo Ilala,-6.81,39.26,Kerosene,1873.0,237,1.15,1,4,January
2021-02-01,2021,2,1,Monday,0,0,0,5,FuelGo Ilala,-6.81,39.26,Kerosene,2098.0,243,0.95,1,5,February
2021-02-02,2021,2,2,Tuesday,1,0,0,5,FuelGo Ilala,-6.81,39.26,Kerosene,2050.0,208,0.95,1,5,February
2021-02-03,2021,2,3,Wednesday,2,0,0,5,FuelGo Ilala,-6.81,39.26,Kerosene,1949.0,263,0.95,1,5,February
2021-02-04,2021,2,4,Thursday,3,0,0,5,FuelGo Ilala,-6.81,39.26,Kerosene,1886.0,270,0.95,1,5,February
2021-02-05,2021,2,5,Friday,4,0,0,5,FuelGo Ilala,-6.81,39.26,Kerosene,1763.0,290,0.95,1,5,February
2021-02-06,2021,2,6,Saturday,5,1,0,5,FuelGo Ilala,-6.81,39.26,Kerosene,1894.0,208,0.95,1,5,February
2021-02-07,2021,2,7,Sunday,6,1,0,5,FuelGo Ilala,-6.81,39.26,Kerosene,2176.0,144,0.95,1,5,February
2021-02-08,2021,2,8,Monday,0,0,0,5,FuelGo Ilala,-6.81,39.26,Kerosene,1986.0,222,0.95,1,6,February
2021-02-09,2021,2,9,Tuesday,1,0,0,5,FuelGo Ilala,-6.81,39.26,Kerosene,2167.0,195,0.95,1,6,February
2021-02-10,2021,2,10,Wednesday,2,0,0,5,FuelGo Ilala,-6.81,39.26,Kerosene,2182.0,224,0.95,1,6,February
2021-02-11,2021,2,11,Thursday,3,0,0,5,FuelGo Ilala,-6.81,39.26,Kerosene,1932.0,250,0.95,1,6,February
2021-02-12,2021,2,12,Friday,4,0,0,5,FuelGo Ilala,-6.81,39.26,Kerosene,2033.0,224,0.95,1,6,February
2021-02-13,2021,2,13,Saturday,5,1,0,5,FuelGo Ilala,-6.81,39.26,Kerosene,1955.0,170,0.95,1,6,February
2021-02-14,2021,2,14,Sunday,6,1,0,5,FuelGo Ilala,-6.81,39.26,Kerosene,1821.0,174,0.95,1,6,February
2021-02-15,2021,2,15,Monday,0,0,0,5,FuelGo Ilala,-6.81,39.26,Kerosene,2017.0,226,0.95,1,7,February
2021-02-16,2021,2,16,Tuesday,1,0,1,5,FuelGo Ilala,-6.81,39.26,Kerosene,1661.0,399,0.95,1,7,February
2021-02-17,2021,2,17,Wednesday,2,0,0,5,FuelGo Ilala,-6.81,39.26,Kerosene,2156.0,271,0.95,1,7,February
2021-02-18,2021,2,18,Thursday,3,0,0,5,FuelGo Ilala,-6.81,39.26,Kerosene,2254.0,226,0.95,1,7,February
2021-02-19,2021,2,19,Friday,4,0,0,5,FuelGo Ilala,-6.81,39.26,Kerosene,1901.0,255,0.95,1,7,February
2021-02-20,2021,2,20,Saturday,5,1,0,5,FuelGo Ilala,-6.81,39.26,Kerosene,2206.0,181,0.95,1,7,February
2021-02-21,2021,2,21,Sunday,6,1,0,5,FuelGo Ilala,-6.81,39.26,Kerosene,1908.0,190,0.95,1,7,February
2021-02-22,2021,2,22,Monday,0,0,0,5,FuelGo Ilala,-6.81,39.26,Kerosene,2226.0,202,0.95,1,8,February
2021-02-23,2021,2,23,Tuesday,1,0,0,5,FuelGo Ilala,-6.81,39.26,Kerosene,2036.0,239,0.95,1,8,February
2021-02-24,2021,2,24,Wednesday,2,0,0,5,FuelGo Ilala,-6.81,39.26,Kerosene,2177.0,233,0.95,1,8,February
2021-02-25,2021,2,25,Thursday,3,0,0,5,FuelGo Ilala,-6.81,39.26,Kerosene,1810.0,233,0.95,1,8,February
2021-02-26,2021,2,26,Friday,4,0,0,5,FuelGo Ilala,-6.81,39.26,Kerosene,2020.0,222,0.95,1,8,February
2021-02-27,2021,2,27,Saturday,5,1,0,5,FuelGo Ilala,-6.81,39.26,Kerosene,2059.0,179,0.95,1,8,February
2021-02-28,2021,2,28,Sunday,6,1,0,5,FuelGo Ilala,-6.81,39.26,Kerosene,2098.0,181,0.95,1,8,February
2021-03-01,2021,3,1,Monday,0,0,0,5,FuelGo Ilala,-6.81,39.26,Kerosene,2126.0,198,0.88,1,9,March
2021-03-02,2021,3,2,Tuesday,1,0,0,5,FuelGo Ilala,-6.81,39.26,Kerosene,1956.0,252,0.88,1,9,March
