analytics/fuel_demand_dataset.csv
date,year,month,day,day_of_week,day_of_week_num,is_weekend,is_holiday,station_id,station_name,station_lat,station_lng,fuel_type,price_per_litre,demand_litres,seasonal_factor,quarter,week_of_year,month_name
2021-03-03,2021,3,3,Wednesday,2,0,0,5,FuelGo Ilala,-6.81,39.26,Kerosene,2272.0,200,0.88,1,9,March
2021-03-04,2021,3,4,Thursday,3,0,0,5,FuelGo Ilala,-6.81,39.26,Kerosene,2094.0,211,0.88,1,9,March
2021-03-05,2021,3,5,Friday,4,0,0,5,FuelGo Ilala,-6.81,39.26,Kerosene,1896.0,220,0.88,1,9,March
2021-03-06,2021,3,6,Saturday,5,1,0,5,FuelGo Ilala,-6.81,39.26,Kerosene,1886.0,204,0.88,1,9,March
2021-03-07,2021,3,7,Sunday,6,1,0,5,FuelGo Ilala,-6.81,39.26,Kerosene,1783.0,210,0.88,1,9,March
2021-03-08,2021,3,8,Monday,0,0,0,5,FuelGo Ilala,-6.81,39.26,Kerosene,2055.0,197,0.88,1,10,March
2021-03-09,2021,3,9,Tuesday,1,0,0,5,FuelGo Ilala,-6.81,39.26,Kerosene,1932.0,214,0.88,1,10,March
2021-03-10,2021,3,10,Wednesday,2,0,0,5,FuelGo Ilala,-6.81,39.26,Kerosene,2152.0,217,0.88,1,10,March
2021-03-11,2021,3,11,Thursday,3,0,0,5,FuelGo Ilala,-6.81,39.26,Kerosene,2183.0,192,0.88,1,10,March
2021-03-12,2021,3,12,Friday,4,0,0,5,FuelGo Ilala,-6.81,39.26,Kerosene,1981.0,250,0.88,1,10,March
2021-03-13,2021,3,13,Saturday,5,1,0,5,FuelGo Ilala,-6.81,39.26,Kerosene,1946.0,207,0.88,1,10,March
2021-03-14,2021,3,14,Sunday,6,1,0,5,FuelGo Ilala,-6.81,39.26,Kerosene,2190.0,140,0.88,1,10,March
2021-03-15,2021,3,15,Monday,0,0,0,5,FuelGo Ilala,-6.81,39.26,Kerosene,2022.0,174,0.88,1,11,March
2021-03-16,2021,3,16,Tuesday,1,0,0,5,FuelGo Ilala,-6.81,39.26,Kerosene,2086.0,207,0.88,1,11,March
2021-03-17,2021,3,17,Wednesday,2,0,0,5,FuelGo Ilala,-6.81,39.26,Kerosene,2123.0,212,0.88,1,11,March
2021-03-18,2021,3,18,Thursday,3,0,0,5,FuelGo Ilala,-6.81,39.26,Kerosene,1948.0,193,0.88,1,11,March
2021-03-19,2021,3,19,Friday,4,0,0,5,FuelGo Ilala,-6.81,39.26,Kerosene,2094.0,179,0.88,1,11,March
2021-03-20,2021,3,20,Saturday,5,1,0,5,FuelGo Ilala,-6.81,39.26,Kerosene,1993.0,162,0.88,1,11,March
2021-03-21,2021,3,21,Sunday,6,1,0,5,FuelGo Ilala,-6.81,39.26,Kerosene,2149.0,138,0.88,1,11,March
2021-03-22,2021,3,22,Monday,0,0,0,5,FuelGo Ilala,-6.81,39.26,Kerosene,1994.0,228,0.88,1,12,March
2021-03-23,2021,3,23,Tuesday,1,0,0,5,FuelGo Ilala,-6.81,39.26,Kerosene,1967.0,188,0.88,1,12,March
2021-03-24,2021,3,24,Wednesday,2,0,0,5,FuelGo Ilala,-6.81,39.26,Kerosene,2066.0,198,0.88,1,12,March
2021-03-25,2021,3,25,Thursday,3,0,0,5,FuelGo Ilala,-6.81,39.26,Kerosene,2028.0,196,0.88,1,12,March
2021-03-26,2021,3,26,Friday,4,0,1,5,FuelGo Ilala,-6.81,39.26,Kerosene,1985.0,314,0.88,1,12,March
2021-03-27,2021,3,27,Saturday,5,1,0,5,FuelGo Ilala,-6.81,39.26,Kerosene,1954.0,215,0.88,1,12,March
2021-03-28,2021,3,28,Sunday,6,1,0,5,FuelGo Ilala,-6.81,39.26,Kerosene,2032.0,162,0.88,1,12,March
2021-03-29,2021,3,29,Monday,0,0,0,5,FuelGo Ilala,-6.81,39.26,Kerosene,1920.0,210,0.88,1,13,March
2021-03-30,2021,3,30,Tuesday,1,0,0,5,FuelGo Ilala,-6.81,39.26,Kerosene,1963.0,222,0.88,1,13,March
2021-03-31,2021,3,31,Wednesday,2,0,0,5,FuelGo Ilala,-6.81,39.26,Kerosene,1958.0,222,0.88,1,13,March
2021-04-01,2021,4,1,Thursday,3,0,0,5,FuelGo Ilala,-6.81,39.26,Kerosene,2039.0,201,0.85,2,13,April
2021-04-02,2021,4,2,Friday,4,0,0,5,FuelGo Ilala,-6.81,39.26,Kerosene,1901.0,211,0.85,2,13,April
2021-04-03,2021,4,3,Saturday,5,1,0,5,FuelGo Ilala,-6.81,39.26,Kerosene,2028.0,176,0.85,2,13,April
2021-04-04,2021,4,4,Sunday,6,1,0,5,FuelGo Ilala,-6.81,39.26,Kerosene,2125.0,135,0.85,2,13,April
2021-04-05,2021,4,5,Monday,0,0,0,5,FuelGo Ilala,-6.81,39.26,Kerosene,2033.0,192,0.85,2,14,April
2021-04-06,2021,4,6,Tuesday,1,0,0,5,FuelGo Ilala,-6.81,39.26,Kerosene,1953.0,246,0.85,2,14,April
2021-04-07,2021,4,7,Wednesday,2,0,1,5,FuelGo Ilala,-6.81,39.26,Kerosene,1833.0,268,0.85,2,14,April
2021-04-08,2021,4,8,Thursday,3,0,0,5,FuelGo Ilala,-6.81,39.26,Kerosene,1897.0,236,0.85,2,14,April
2021-04-09,2021,4,9,Friday,4,0,0,5,FuelGo Ilala,-6.81,39.26,Kerosene,1847.0,212,0.85,2,14,April
2021-04-10,2021,4,10,Saturday,5,1,0,5,FuelGo Ilala,-6.81,39.26,Kerosene,1924.0,157,0.85,2,14,April
2021-04-11,2021,4,11,Sunday,6,1,0,5,FuelGo Ilala,-6.81,39.26,Kerosene,2031.0,174,0.85,2,14,April
2021-04-12,2021,4,12,Monday,0,0,0,5,FuelGo Ilala,-6.81,39.26,Kerosene,2248.0,193,0.85,2,15,April
2021-04-13,2021,4,13,Tuesday,1,0,0,5,FuelGo Ilala,-6.81,39.26,Kerosene,2238.0,208,0.85,2,15,April
2021-04-14,2021,4,14,Wednesday,2,0,0,5,FuelGo Ilala,-6.81,39.26,Kerosene,2240.0,196,0.85,2,15,April
2021-04-15,2021,4,15,Thursday,3,0,0,5,FuelGo Ilala,-6.81,39.26,Kerosene,2100.0,183,0.85,2,15,April
2021-04-16,2021,4,16,Friday,4,0,0,5,FuelGo Ilala,-6.81,39.26,Kerosene,2266.0,209,0.85,2,15,April
2021-04-17,2021,4,17,Saturday,5,1,0,5,FuelGo Ilala,-6.81,39.26,Kerosene,1805.0,200,0.85,2,15,April
2021-04-18,2021,4,18,Sunday,6,1,0,5,FuelGo Ilala,-6.81,39.26,Kerosene,1986.0,167,0.85,2,15,April
2021-04-19,2021,4,19,Monday,0,0,0,5,FuelGo Ilala,-6.81,39.26,Kerosene,2292.0,173,0.85,2,16,April
2021-04-20,2021,4,20,Tuesday,1,0,0,5,FuelGo Ilala,-6.81,39.26,Kerosene,2231.0,200,0.85,2,16,April
2021-04-21,2021,4,21,Wednesday,2,0,0,5,FuelGo Ilala,-6.81,39.26,Kerosene,1901.0,216,0.85,2,16,April
2021-04-22,2021,4,22,Thursday,3,0,0,5,FuelGo Ilala,-6.81,39.26,Kerosene,2038.0,188,0.85,2,16,April
2021-04-23,2021,4,23,Friday,4,0,0,5,FuelGo Ilala,-6.81,39.26,Kerosene,2138.0,215,0.85,2,16,April
2021-04-24,2021,4,24,Saturday,5,1,0,5,FuelGo Ilala,-6.81,39.26,Kerosene,2094.0,166,0.85,2,16,April
2021-04-25,2021,4,25,Sunday,6,1,0,5,FuelGo Ilala,-6.81,39.26,Kerosene,1925.0,177,0.85,2,16,April
2021-04-26,2021,4,26,Monday,0,0,1,5,FuelGo Ilala,-6.81,39.26,Kerosene,1931.0,223,0.85,2,17,April
2021-04-27,2021,4,27,Tuesday,1,0,0,5,FuelGo Ilala,-6.81,39.26,Kerosene,2141.0,204,0.85,2,17,April
2021-04-28,2021,4,28,Wednesday,2,0,0,5,FuelGo Ilala,-6.81,39.26,Kerosene,1991.0,188,0.85,2,17,April
2021-04-29,2021,4,29,Thursday,3,0,0,5,FuelGo Ilala,-6.81,39.26,Kerosene,2172.0,183,0.85,2,17,April
2021-04-30,2021,4,30,Friday,4,0,0,5,FuelGo Ilala,-6.81,39.26,Kerosene,1964.0,251,0.85,2,17,April
2021-05-01,2021,5,1,Saturday,5,1,1,5,FuelGo Ilala,-6.81,39.26,Kerosene,2167.0,251,0.9,2,17,May
2021-05-02,2021,5,2,Sunday,6,1,0,5,FuelGo Ilala,-6.81,39.26,Kerosene,2045.0,204,0.9,2,17,May
2021-05-03,2021,5,3,Monday,0,0,0,5,FuelGo Ilala,-6.81,39.26,Kerosene,2004.0,168,0.9,2,18,May
2021-05-04,2021,5,4,Tuesday,1,0,0,5,FuelGo Ilala,-6.81,39.26,Kerosene,1901.0,236,0.9,2,18,May
2021-05-05,2021,5,5,Wednesday,2,0,0,5,FuelGo Ilala,-6.81,39.26,Kerosene,2300.0,210,0.9,2,18,May
2021-05-06,2021,5,6,Thursday,3,0,0,5,FuelGo Ilala,-6.81,39.26,Kerosene,2061.0,232,0.9,2,18,May
2021-05-07,2021,5,7,Friday,4,0,0,5,FuelGo Ilala,-6.81,39.26,Kerosene,1955.0,247,0.9,2,18,May
2021-05-08,2021,5,8,Saturday,5,1,0,5,FuelGo Ilala,-6.81,39.26,Kerosene,2194.0,186,0.9,2,18,May
2021-05-09,2021,5,9,Sunday,6,1,0,5,FuelGo Ilala,-6.81,39.26,Kerosene,1947.0,165,0.9,2,18,May
2021-05-10,2021,5,10,Monday,0,0,0,5,FuelGo Ilala,-6.81,39.26,Kerosene,1933.0,224,0.9,2,19,May
2021-05-11,2021,5,11,Tuesday,1,0,0,5,FuelGo Ilala,-6.81,39.26,Kerosene,2065.0,224,0.9,2,19,May
2021-05-12,2021,5,12,Wednesday,2,0,0,5,FuelGo Ilala,-6.81,39.26,Kerosene,2346.0,214,0.9,2,19,May
2021-05-13,2021,5,13,Thursday,3,0,1,5,FuelGo Ilala,-6.81,39.26,Kerosene,2120.0,237,0.9,2,19,May
2021-05-14,2021,5,14,Friday,4,0,0,5,FuelGo Ilala,-6.81,39.26,Kerosene,2010.0,228,0.9,2,19,May
2021-05-15,2021,5,15,Saturday,5,1,0,5,FuelGo Ilala,-6.81,39.26,Kerosene,1973.0,188,0.9,2,19,May
2021-05-16,2021,5,16,Sunday,6,1,0,5,FuelGo Ilala,-6.81,39.26,Kerosene,2137.0,157,0.9,2,19,May
2021-05-17,2021,5,17,Monday,0,0,0,5,FuelGo Ilala,-6.81,39.26,Kerosene,1956.0,228,0.9,2,20,May
2021-05-18,2021,5,18,Tuesday,1,0,0,5,FuelGo Ilala,-6.81,39.26,Kerosene,2075.0,229,0.9,2,20,May
2021-05-19,2021,5,19,Wednesday,2,0,0,5,FuelGo Ilala,-6.81,39.26,Kerosene,2241.0,202,0.9,2,20,May
2021-05-20,2021,5,20,Thursday,3,0,0,5,FuelGo Ilala,-6.81,39.26,Kerosene,2042.0,228,0.9,2,20,May
2021-05-21,2021,5,21,Friday,4,0,0,5,FuelGo Ilala,-6.81,39.26,Kerosene,2171.0,174,0.9,2,20,May
2021-05-22,2021,5,22,Saturday,5,1,0,5,FuelGo Ilala,-6.81,39.26,Kerosene,2008.0,183,0.9,2,20,May
2021-05-23,2021,5,23,Sunday,6,1,0,5,FuelGo Ilala,-6.81,39.26,Kerosene,2024.0,163,0.9,2,20,May
2021-05-24,2021,5,24,Monday,0,0,0,5,FuelGo Ilala,-6.81,39.26,Kerosene,2036.0,273,0.9,2,21,May
2021-05-25,2021,5,25,Tuesday,1,0,1,5,FuelGo Ilala,-6.81,39.26,Kerosene,2073.0,262,0.9,2,21,May
2021-05-26,2021,5,26,Wednesday,2,0,0,5,FuelGo Ilala,-6.81,39.26,Kerosene,2057.0,271,0.9,2,21,May
2021-05-27,2021,5,27,Thursday,3,0,0,5,FuelGo Ilala,-6.81,39.26,Kerosene,2189.0,254,0.9,2,21,May
2021-05-28,2021,5,28,Friday,4,0,0,5,FuelGo Ilala,-6.81,39.26,Kerosene,2200.0,264,0.9,2,21,May
2021-05-29,2021,5,29,Saturday,5,1,0,5,FuelGo Ilala,-6.81,39.26,Kerosene,2164.0,194,0.9,2,21,May
2021-05-30,2021,5,30,Sunday,6,1,0,5,FuelGo Ilala,-6.81,39.26,Kerosene,2019.0,141,0.9,2,21,May
2021-05-31,2021,5,31,Monday,0,0,0,5,FuelGo Ilala,-6.81,39.26,Kerosene,2065.0,208,0.9,2,22,May
2021-06-01,2021,6,1,Tuesday,1,0,0,5,FuelGo Ilala,-6.81,39.26,Kerosene,2325.0,242,1.05,2,22,June
2021-06-02,2021,6,2,Wednesday,2,0,0,5,FuelGo Ilala,-6.81,39.26,Kerosene,2002.0,250,1.05,2,22,June
2021-06-03,2021,6,3,Thursday,3,0,0,5,FuelGo Ilala,-6.81,39.26,Kerosene,2076.0,258,1.05,2,22,June
2021-06-04,2021,6,4,Friday,4,0,0,5,FuelGo Ilala,-6.81,39.26,Kerosene,2012.0,229,1.05,2,22,June
2021-06-05,2021,6,5,Saturday,5,1,0,5,FuelGo Ilala,-6.81,39.26,Kerosene,2170.0,218,1.05,2,22,June
2021-06-06,2021,6,6,Sunday,6,1,0,5,FuelGo Ilala,-6.81,39.26,Kerosene,2036.0,172,1.05,2,22,June
2021-06-07,2021,6,7,Monday,0,0,0,5,FuelGo Ilala,-6.81,39.26,Kerosene,1825.0,289,1.05,2,23,June
2021-06-08,2021,6,8,Tuesday,1,0,0,5,FuelGo Ilala,-6.81,39.26,Kerosene,2232.0,241,1.05,2,23,June
2021-06-09,2021,6,9,Wednesday,2,0,0,5,FuelGo Ilala,-6.81,39.26,Kerosene,2071.0,233,1.05,2,23,June
2021-06-10,2021,6,10,Thursday,3,0,0,5,FuelGo Ilala,-6.81,39.26,Kerosene,2141.0,247,1.05,2,23,June
2021-06-11,2021,6,11,Friday,4,0,0,5,FuelGo Ilala,-6.81,39.26,Kerosene,2033.0,243,1.05,2,23,June
2021-06-12,2021,6,12,Saturday,5,1,0,5,FuelGo Ilala,-6.81,39.26,Kerosene,2180.0,195,1.05,2,23,June
2021-06-13,2021,6,13,Sunday,6,1,0,5,FuelGo Ilala,-6.81,39.26,Kerosene,2054.0,198,1.05,2,23,June
2021-06-14,2021,6,14,Monday,0,0,0,5,FuelGo Ilala,-6.81,39.26,Kerosene,2196.0,215,1.05,2,24,June
2021-06-15,2021,6,15,Tuesday,1,0,0,5,FuelGo Ilala,-6.81,39.26,Kerosene,2051.0,226,1.05,2,24,June
2021-06-16,2021,6,16,Wednesday,2,0,0,5,FuelGo Ilala,-6.81,39.26,Kerosene,2183.0,258,1.05,2,24,June
2021-06-17,2021,6,17,Thursday,3,0,0,5,FuelGo Ilala,-6.81,39.26,Kerosene,2081.0,243,1.05,2,24,June
2021-06-18,2021,6,18,Friday,4,0,0,5,FuelGo Ilala,-6.81,39.26,Kerosene,2125.0,258,1.05,2,24,June
2021-06-19,2021,6,19,Saturday,5,1,0,5,FuelGo Ilala,-6.81,39.26,Kerosene,2199.0,195,1.05,2,24,June
2021-06-20,2021,6,20,Sunday,6,1,0,5,FuelGo Ilala,-6.81,39.26,Kerosene,2288.0,182,1.05,2,24,June
2021-06-21,2021,6,21,Monday,0,0,0,5,FuelGo Ilala,-6.81,39.26,Kerosene,2021.0,189,1.05,2,25,June
2021-06-22,2021,6,22,Tuesday,1,0,0,5,FuelGo Ilala,-6.81,39.26,Kerosene,2030.0,231,1.05,2,25,June
2021-06-23,2021,6,23,Wednesday,2,0,0,5,FuelGo Ilala,-6.81,39.26,Kerosene,2146.0,230,1.05,2,25,June
2021-06-24,2021,6,24,Thursday,3,0,0,5,FuelGo Ilala,-6.81,39.26,Kerosene,2106.0,267,1.05,2,25,June
2021-06-25,2021,6,25,Friday,4,0,0,5,FuelGo Ilala,-6.81,39.26,Kerosene,2058.0,207,1.05,2,25,June
2021-06-26,2021,6,26,Saturday,5,1,0,5,FuelGo Ilala,-6.81,39.26,Kerosene,2244.0,178,1.05,2,25,June
2021-06-27,2021,6,27,Sunday,6,1,0,5,FuelGo Ilala,-6.81,39.26,Kerosene,1889.0,238,1.05,2,25,June
2021-06-28,2021,6,28,Monday,0,0,0,5,FuelGo Ilala,-6.81,39.26,Kerosene,2013.0,272,1.05,2,26,June
2021-06-29,2021,6,29,Tuesday,1,0,0,5,FuelGo Ilala,-6.81,39.26,Kerosene,2189.0,218,1.05,2,26,June
2021-06-30,2021,6,30,Wednesday,2,0,0,5,FuelGo Ilala,-6.81,39.26,Kerosene,2051.0,231,1.05,2,26,June
2021-07-01,2021,7,1,Thursday,3,0,0,5,FuelGo Ilala,-6.81,39.26,Kerosene,2020.0,310,1.12,3,26,July
2021-07-02,2021,7,2,Friday,4,0,0,5,FuelGo Ilala,-6.81,39.26,Kerosene,2146.0,264,1.12,3,26,July
2021-07-03,2021,7,3,Saturday,5,1,0,5,FuelGo Ilala,-6.81,39.26,Kerosene,2088.0,200,1.12,3,26,July
2021-07-04,2021,7,4,Sunday,6,1,0,5,FuelGo Ilala,-6.81,39.26,Kerosene,2054.0,172,1.12,3,26,July
2021-07-05,2021,7,5,Monday,0,0,0,5,FuelGo Ilala,-6.81,39.26,Kerosene,1996.0,224,1.12,3,27,July
2021-07-06,2021,7,6,Tuesday,1,0,0,5,FuelGo Ilala,-6.81,39.26,Kerosene,2277.0,283,1.12,3,27,July
2021-07-07,2021,7,7,Wednesday,2,0,1,5,FuelGo Ilala,-6.81,39.26,Kerosene,2348.0,331,1.12,3,27,July
2021-07-08,2021,7,8,Thursday,3,0,0,5,FuelGo Ilala,-6.81,39.26,Kerosene,2161.0,286,1.12,3,27,July
2021-07-09,2021,7,9,Friday,4,0,0,5,FuelGo Ilala,-6.81,39.26,Kerosene,1897.0,273,1.12,3,27,July
2021-07-10,2021,7,10,Saturday,5,1,0,5,FuelGo Ilala,-6.81,39.26,Kerosene,2097.0,212,1.12,3,27,July
2021-07-11,2021,7,11,Sunday,6,1,0,5,FuelGo Ilala,-6.81,39.26,Kerosene,1977.0,192,1.12,3,27,July
2021-07-12,2021,7,12,Monday,0,0,0,5,FuelGo Ilala,-6.81,39.26,Kerosene,1977.0,313,1.12,3,28,July
2021-07-13,2021,7,13,Tuesday,1,0,0,5,FuelGo Ilala,-6.81,39.26,Kerosene,2254.0,240,1.12,3,28,July
2021-07-14,2021,7,14,Wednesday,2,0,0,5,FuelGo Ilala,-6.81,39.26,Kerosene,1948.0,292,1.12,3,28,July
2021-07-15,2021,7,15,Thursday,3,0,0,5,FuelGo Ilala,-6.81,39.26,Kerosene,2031.0,274,1.12,3,28,July
2021-07-16,2021,7,16,Friday,4,0,0,5,FuelGo Ilala,-6.81,39.26,Kerosene,1998.0,290,1.12,3,28,July
2021-07-17,2021,7,17,Saturday,5,1,0,5,FuelGo Ilala,-6.81,39.26,Kerosene,1859.0,267,1.12,3,28,July
2021-07-18,2021,7,18,Sunday,6,1,0,5,FuelGo Ilala,-6.81,39.26,Kerosene,2139.0,197,1.12,3,28,July
2021-07-19,2021,7,19,Monday,0,0,0,5,FuelGo Ilala,-6.81,39.26,Kerosene,2093.0,324,1.12,3,29,July
2021-07-20,2021,7,20,Tuesday,1,0,1,5,FuelGo Ilala,-6.81,39.26,Kerosene,2174.0,340,1.12,3,29,July
2021-07-21,2021,7,21,Wednesday,2,0,0,5,FuelGo Ilala,-6.81,39.26,Kerosene,2060.0,292,1.12,3,29,July
2021-07-22,2021,7,22,Thursday,3,0,0,5,FuelGo Ilala,-6.81,39.26,Kerosene,2064.0,248,1.12,3,29,July
2021-07-23,2021,7,23,Friday,4,0,0,5,FuelGo Ilala,-6.81,39.26,Kerosene,2087.0,266,1.12,3,29,July
2021-07-24,2021,7,24,Saturday,5,1,0,5,FuelGo Ilala,-6.81,39.26,Kerosene,1972.0,251,1.12,3,29,July
2021-07-25,2021,7,25,Sunday,6,1,0,5,FuelGo Ilala,-6.81,39.26,Kerosene,2032.0,208,1.12,3,29,July
2021-07-26,2021,7,26,Monday,0,0,0,5,FuelGo Ilala,-6.81,39.26,Kerosene,2211.0,226,1.12,3,30,July
2021-07-27,2021,7,27,Tuesday,1,0,0,5,FuelGo Ilala,-6.81,39.26,Kerosene,2068.0,255,1.12,3,30,July
2021-07-28,2021,7,28,Wednesday,2,0,0,5,FuelGo Ilala,-6.81,39.26,Kerosene,2087.0,215,1.12,3,30,July
2021-07-29,2021,7,29,Thursday,3,0,0,5,FuelGo Ilala,-6.81,39.26,Kerosene,1806.0,298,1.12,3,30,July
2021-07-30,2021,7,30,Friday,4,0,0,5,FuelGo Ilala,-6.81,39.26,Kerosene,2096.0,243,1.12,3,30,July
2021-07-31,2021,7,31,Saturday,5,1,0,5,FuelGo Ilala,-6.81,39.26,Kerosene,2076.0,246,1.12,3,30,July
2021-08-01,2021,8,1,Sunday,6,1,0,5,FuelGo Ilala,-6.81,39.26,Kerosene,1826.0,173,1.08,3,30,August
2021-08-02,2021,8,2,Monday,0,0,0,5,FuelGo Ilala,-6.81,39.26,Kerosene,2077.0,264,1.08,3,31,August
2021-08-03,2021,8,3,Tuesday,1,0,0,5,FuelGo Ilala,-6.81,39.26,Kerosene,2059.0,255,1.08,3,31,August
2021-08-04,2021,8,4,Wednesday,2,0,0,5,FuelGo Ilala,-6.81,39.26,Kerosene,1973.0,246,1.08,3,31,August
2021-08-05,2021,8,5,Thursday,3,0,0,5,FuelGo Ilala,-6.81,39.26,Kerosene,2213.0,230,1.08,3,31,August
2021-08-06,2021,8,6,Friday,4,0,0,5,FuelGo Ilala,-6.81,39.26,Kerosene,2271.0,231,1.08,3,31,August
2021-08-07,2021,8,7,Saturday,5,1,0,5,FuelGo Ilala,-6.81,39.26,Kerosene,2263.0,203,1.08,3,31,August
2021-08-08,2021,8,8,Sunday,6,1,1,5,FuelGo Ilala,-6.81,39.26,Kerosene,2083.0,228,1.08,3,31,August
2021-08-09,2021,8,9,Monday,0,0,0,5,FuelGo Ilala,-6.81,39.26,Kerosene,2075.0,306,1.08,3,32,August
2021-08-10,2021,8,10,Tuesday,1,0,0,5,FuelGo Ilala,-6.81,39.26,Kerosene,2142.0,238,1.08,3,32,August
2021-08-11,2021,8,11,Wednesday,2,0,0,5,FuelGo Ilala,-6.81,39.26,Kerosene,1967.0,228,1.08,3,32,August
2021-08-12,2021,8,12,Thursday,3,0,0,5,FuelGo Ilala,-6.81,39.26,Kerosene,2159.0,266,1.08,3,32,August
2021-08-13,2021,8,13,Friday,4,0,0,5,FuelGo Ilala,-6.81,39.26,Kerosene,2144.0,268,1.08,3,32,August
2021-01-01,2021,1,1,Friday,4,0,1,6,FuelGo Sinza,-6.76,39.22,Petrol,2510.0,708,1.15,1,53,January
2021-01-02,2021,1,2,Saturday,5,1,0,6,FuelGo Sinza,-6.76,39.22,Petrol,2519.0,500,1.15,1,53,January
2021-01-03,2021,1,3,Sunday,6,1,0,6,FuelGo Sinza,-6.76,39.22,Petrol,2399.0,402,1.15,1,53,January
2021-01-04,2021,1,4,Monday,0,0,0,6,FuelGo Sinza,-6.76,39.22,Petrol,2682.0,500,1.15,1,1,January
2021-01-05,2021,1,5,Tuesday,1,0,0,6,FuelGo Sinza,-6.76,39.22,Petrol,2639.0,467,1.15,1,1,January
2021-01-06,2021,1,6,Wednesday,2,0,0,6,FuelGo Sinza,-6.76,39.22,Petrol,2499.0,412,1.15,1,1,January
2021-01-07,2021,1,7,Thursday,3,0,0,6,FuelGo Sinza,-6.76,39.22,Petrol,2804.0,438,1.15,1,1,January
2021-01-08,2021,1,8,Friday,4,0,0,6,FuelGo Sinza,-6.76,39.22,Petrol,2683.0,569,1.15,1,1,January
2021-01-09,2021,1,9,Saturday,5,1,0,6,FuelGo Sinza,-6.76,39.22,Petrol,2298.0,470,1.15,1,1,January
2021-01-10,2021,1,10,Sunday,6,1,0,6,FuelGo Sinza,-6.76,39.22,Petrol,2350.0,420,1.15,1,1,January
2021-01-11,2021,1,11,Monday,0,0,0,6,FuelGo Sinza,-6.76,39.22,Petrol,2411.0,554,1.15,1,2,January
2021-01-12,2021,1,12,Tuesday,1,0,1,6,FuelGo Sinza,-6.76,39.22,Petrol,2783.0,679,1.15,1,2,January
2021-01-13,2021,1,13,Wednesday,2,0,0,6,FuelGo Sinza,-6.76,39.22,Petrol,2607.0,600,1.15,1,2,January
2021-01-14,2021,1,14,Thursday,3,0,0,6,FuelGo Sinza,-6.76,39.22,Petrol,2975.0,378,1.15,1,2,January
2021-01-15,2021,1,15,Friday,4,0,0,6,FuelGo Sinza,-6.76,39.22,Petrol,2288.0,577,1.15,1,2,January
2021-01-16,2021,1,16,Saturday,5,1,0,6,FuelGo Sinza,-6.76,39.22,Petrol,2550.0,439,1.15,1,2,January
2021-01-17,2021,1,17,Sunday,6,1,0,6,FuelGo Sinza,-6.76,39.22,Petrol,2282.0,382,1.15,1,2,January
2021-01-18,2021,1,18,Monday,0,0,0,6,FuelGo Sinza,-6.76,39.22,Petrol,2844.0,489,1.15,1,3,January
2021-01-19,2021,1,19,Tuesday,1,0,0,6,FuelGo Sinza,-6.76,39.22,Petrol,2512.0,524,1.15,1,3,January
