analytics/fuel_demand_dataset.csv
date,year,month,day,day_of_week,day_of_week_num,is_weekend,is_holiday,station_id,station_name,station_lat,station_lng,fuel_type,price_per_litre,demand_litres,seasonal_factor,quarter,week_of_year,month_name
2021-01-20,2021,1,20,Wednesday,2,0,0,6,FuelGo Sinza,-6.76,39.22,Petrol,2548.0,580,1.15,1,3,January
2021-01-21,2021,1,21,Thursday,3,0,0,6,FuelGo Sinza,-6.76,39.22,Petrol,2904.0,454,1.15,1,3,January
2021-01-22,2021,1,22,Friday,4,0,0,6,FuelGo Sinza,-6.76,39.22,Petrol,2316.0,614,1.15,1,3,January
2021-01-23,2021,1,23,Saturday,5,1,0,6,FuelGo Sinza,-6.76,39.22,Petrol,2446.0,470,1.15,1,3,January
2021-01-24,2021,1,24,Sunday,6,1,0,6,FuelGo Sinza,-6.76,39.22,Petrol,2720.0,381,1.15,1,3,January
2021-01-25,2021,1,25,Monday,0,0,0,6,FuelGo Sinza,-6.76,39.22,Petrol,2292.0,565,1.15,1,4,January
2021-01-26,2021,1,26,Tuesday,1,0,0,6,FuelGo Sinza,-6.76,39.22,Petrol,2851.0,498,1.15,1,4,January
2021-01-27,2021,1,27,Wednesday,2,0,0,6,FuelGo Sinza,-6.76,39.22,Petrol,2619.0,476,1.15,1,4,January
2021-01-28,2021,1,28,Thursday,3,0,0,6,FuelGo Sinza,-6.76,39.22,Petrol,2280.0,543,1.15,1,4,January
2021-01-29,2021,1,29,Friday,4,0,0,6,FuelGo Sinza,-6.76,39.22,Petrol,2782.0,478,1.15,1,4,January
2021-01-30,2021,1,30,Saturday,5,1,0,6,FuelGo Sinza,-6.76,39.22,Petrol,2563.0,453,1.15,1,4,January
2021-01-31,2021,1,31,Sunday,6,1,0,6,FuelGo Sinza,-6.76,39.22,Petrol,2426.0,396,1.15,1,4,January
2021-02-01,2021,2,1,Monday,0,0,0,6,FuelGo Sinza,-6.76,39.22,Petrol,2582.0,396,0.95,1,5,February
2021-02-02,2021,2,2,Tuesday,1,0,0,6,FuelGo Sinza,-6.76,39.22,Petrol,2480.0,401,0.95,1,5,February
2021-02-03,2021,2,3,Wednesday,2,0,0,6,FuelGo Sinza,-6.76,39.22,Petrol,2106.0,508,0.95,1,5,February
2021-02-04,2021,2,4,Thursday,3,0,0,6,FuelGo Sinza,-6.76,39.22,Petrol,2537.0,350,0.95,1,5,February
2021-02-05,2021,2,5,Friday,4,0,0,6,FuelGo Sinza,-6.76,39.22,Petrol,2973.0,426,0.95,1,5,February
2021-02-06,2021,2,6,Saturday,5,1,0,6,FuelGo Sinza,-6.76,39.22,Petrol,2270.0,397,0.95,1,5,February
2021-02-07,2021,2,7,Sunday,6,1,0,6,FuelGo Sinza,-6.76,39.22,Petrol,2403.0,350,0.95,1,5,February
2021-02-08,2021,2,8,Monday,0,0,0,6,FuelGo Sinza,-6.76,39.22,Petrol,2564.0,464,0.95,1,6,February
2021-02-09,2021,2,9,Tuesday,1,0,0,6,FuelGo Sinza,-6.76,39.22,Petrol,2461.0,545,0.95,1,6,February
2021-02-10,2021,2,10,Wednesday,2,0,0,6,FuelGo Sinza,-6.76,39.22,Petrol,2527.0,417,0.95,1,6,February
2021-02-11,2021,2,11,Thursday,3,0,0,6,FuelGo Sinza,-6.76,39.22,Petrol,2169.0,403,0.95,1,6,February
2021-02-12,2021,2,12,Friday,4,0,0,6,FuelGo Sinza,-6.76,39.22,Petrol,2579.0,508,0.95,1,6,February
2021-02-13,2021,2,13,Saturday,5,1,0,6,FuelGo Sinza,-6.76,39.22,Petrol,2597.0,321,0.95,1,6,February
2021-02-14,2021,2,14,Sunday,6,1,0,6,FuelGo Sinza,-6.76,39.22,Petrol,2661.0,307,0.95,1,6,February
2021-02-15,2021,2,15,Monday,0,0,0,6,FuelGo Sinza,-6.76,39.22,Petrol,2471.0,557,0.95,1,7,February
2021-02-16,2021,2,16,Tuesday,1,0,1,6,FuelGo Sinza,-6.76,39.22,Petrol,2646.0,488,0.95,1,7,February
2021-02-17,2021,2,17,Wednesday,2,0,0,6,FuelGo Sinza,-6.76,39.22,Petrol,2201.0,606,0.95,1,7,February
2021-02-18,2021,2,18,Thursday,3,0,0,6,FuelGo Sinza,-6.76,39.22,Petrol,2620.0,445,0.95,1,7,February
2021-02-19,2021,2,19,Friday,4,0,0,6,FuelGo Sinza,-6.76,39.22,Petrol,2879.0,359,0.95,1,7,February
2021-02-20,2021,2,20,Saturday,5,1,0,6,FuelGo Sinza,-6.76,39.22,Petrol,2896.0,293,0.95,1,7,February
2021-02-21,2021,2,21,Sunday,6,1,0,6,FuelGo Sinza,-6.76,39.22,Petrol,2521.0,355,0.95,1,7,February
2021-02-22,2021,2,22,Monday,0,0,0,6,FuelGo Sinza,-6.76,39.22,Petrol,2299.0,453,0.95,1,8,February
2021-02-23,2021,2,23,Tuesday,1,0,0,6,FuelGo Sinza,-6.76,39.22,Petrol,2857.0,348,0.95,1,8,February
2021-02-24,2021,2,24,Wednesday,2,0,0,6,FuelGo Sinza,-6.76,39.22,Petrol,2686.0,383,0.95,1,8,February
2021-02-25,2021,2,25,Thursday,3,0,0,6,FuelGo Sinza,-6.76,39.22,Petrol,2385.0,492,0.95,1,8,February
2021-02-26,2021,2,26,Friday,4,0,0,6,FuelGo Sinza,-6.76,39.22,Petrol,2879.0,380,0.95,1,8,February
2021-02-27,2021,2,27,Saturday,5,1,0,6,FuelGo Sinza,-6.76,39.22,Petrol,2213.0,431,0.95,1,8,February
2021-02-28,2021,2,28,Sunday,6,1,0,6,FuelGo Sinza,-6.76,39.22,Petrol,2701.0,265,0.95,1,8,February
2021-03-01,2021,3,1,Monday,0,0,0,6,FuelGo Sinza,-6.76,39.22,Petrol,2501.0,405,0.88,1,9,March
2021-03-02,2021,3,2,Tuesday,1,0,0,6,FuelGo Sinza,-6.76,39.22,Petrol,2260.0,455,0.88,1,9,March
2021-03-03,2021,3,3,Wednesday,2,0,0,6,FuelGo Sinza,-6.76,39.22,Petrol,2480.0,411,0.88,1,9,March
2021-03-04,2021,3,4,Thursday,3,0,0,6,FuelGo Sinza,-6.76,39.22,Petrol,2451.0,482,0.88,1,9,March
2021-03-05,2021,3,5,Friday,4,0,0,6,FuelGo Sinza,-6.76,39.22,Petrol,2454.0,393,0.88,1,9,March
2021-03-06,2021,3,6,Saturday,5,1,0,6,FuelGo Sinza,-6.76,39.22,Petrol,2253.0,399,0.88,1,9,March
2021-03-07,2021,3,7,Sunday,6,1,0,6,FuelGo Sinza,-6.76,39.22,Petrol,2554.0,269,0.88,1,9,March
2021-03-08,2021,3,8,Monday,0,0,0,6,FuelGo Sinza,-6.76,39.22,Petrol,2515.0,317,0.88,1,10,March
2021-03-09,2021,3,9,Tuesday,1,0,0,6,FuelGo Sinza,-6.76,39.22,Petrol,2483.0,436,0.88,1,10,March
2021-03-10,2021,3,10,Wednesday,2,0,0,6,FuelGo Sinza,-6.76,39.22,Petrol,2883.0,347,0.88,1,10,March
2021-03-11,2021,3,11,Thursday,3,0,0,6,FuelGo Sinza,-6.76,39.22,Petrol,2703.0,362,0.88,1,10,March
2021-03-12,2021,3,12,Friday,4,0,0,6,FuelGo Sinza,-6.76,39.22,Petrol,2241.0,412,0.88,1,10,March
2021-03-13,2021,3,13,Saturday,5,1,0,6,FuelGo Sinza,-6.76,39.22,Petrol,3079.0,308,0.88,1,10,March
2021-03-14,2021,3,14,Sunday,6,1,0,6,FuelGo Sinza,-6.76,39.22,Petrol,2858.0,267,0.88,1,10,March
2021-03-15,2021,3,15,Monday,0,0,0,6,FuelGo Sinza,-6.76,39.22,Petrol,2629.0,391,0.88,1,11,March
2021-03-16,2021,3,16,Tuesday,1,0,0,6,FuelGo Sinza,-6.76,39.22,Petrol,2733.0,355,0.88,1,11,March
2021-03-17,2021,3,17,Wednesday,2,0,0,6,FuelGo Sinza,-6.76,39.22,Petrol,2705.0,290,0.88,1,11,March
2021-03-18,2021,3,18,Thursday,3,0,0,6,FuelGo Sinza,-6.76,39.22,Petrol,2485.0,403,0.88,1,11,March
2021-03-19,2021,3,19,Friday,4,0,0,6,FuelGo Sinza,-6.76,39.22,Petrol,2751.0,383,0.88,1,11,March
2021-03-20,2021,3,20,Saturday,5,1,0,6,FuelGo Sinza,-6.76,39.22,Petrol,2807.0,278,0.88,1,11,March
2021-03-21,2021,3,21,Sunday,6,1,0,6,FuelGo Sinza,-6.76,39.22,Petrol,2687.0,291,0.88,1,11,March
2021-03-22,2021,3,22,Monday,0,0,0,6,FuelGo Sinza,-6.76,39.22,Petrol,2359.0,425,0.88,1,12,March
2021-03-23,2021,3,23,Tuesday,1,0,0,6,FuelGo Sinza,-6.76,39.22,Petrol,2561.0,368,0.88,1,12,March
2021-03-24,2021,3,24,Wednesday,2,0,0,6,FuelGo Sinza,-6.76,39.22,Petrol,2553.0,380,0.88,1,12,March
2021-03-25,2021,3,25,Thursday,3,0,0,6,FuelGo Sinza,-6.76,39.22,Petrol,2399.0,406,0.88,1,12,March
2021-03-26,2021,3,26,Friday,4,0,1,6,FuelGo Sinza,-6.76,39.22,Petrol,2558.0,533,0.88,1,12,March
2021-03-27,2021,3,27,Saturday,5,1,0,6,FuelGo Sinza,-6.76,39.22,Petrol,2310.0,403,0.88,1,12,March
2021-03-28,2021,3,28,Sunday,6,1,0,6,FuelGo Sinza,-6.76,39.22,Petrol,2489.0,279,0.88,1,12,March
2021-03-29,2021,3,29,Monday,0,0,0,6,FuelGo Sinza,-6.76,39.22,Petrol,2369.0,394,0.88,1,13,March
2021-03-30,2021,3,30,Tuesday,1,0,0,6,FuelGo Sinza,-6.76,39.22,Petrol,2099.0,555,0.88,1,13,March
2021-03-31,2021,3,31,Wednesday,2,0,0,6,FuelGo Sinza,-6.76,39.22,Petrol,2740.0,347,0.88,1,13,March
2021-04-01,2021,4,1,Thursday,3,0,0,6,FuelGo Sinza,-6.76,39.22,Petrol,2513.0,442,0.85,2,13,April
2021-04-02,2021,4,2,Friday,4,0,0,6,FuelGo Sinza,-6.76,39.22,Petrol,2386.0,392,0.85,2,13,April
2021-04-03,2021,4,3,Saturday,5,1,0,6,FuelGo Sinza,-6.76,39.22,Petrol,2344.0,433,0.85,2,13,April
2021-04-04,2021,4,4,Sunday,6,1,0,6,FuelGo Sinza,-6.76,39.22,Petrol,2834.0,282,0.85,2,13,April
2021-04-05,2021,4,5,Monday,0,0,0,6,FuelGo Sinza,-6.76,39.22,Petrol,2352.0,356,0.85,2,14,April
2021-04-06,2021,4,6,Tuesday,1,0,0,6,FuelGo Sinza,-6.76,39.22,Petrol,2314.0,435,0.85,2,14,April
2021-04-07,2021,4,7,Wednesday,2,0,1,6,FuelGo Sinza,-6.76,39.22,Petrol,2419.0,535,0.85,2,14,April
2021-04-08,2021,4,8,Thursday,3,0,0,6,FuelGo Sinza,-6.76,39.22,Petrol,3019.0,337,0.85,2,14,April
2021-04-09,2021,4,9,Friday,4,0,0,6,FuelGo Sinza,-6.76,39.22,Petrol,2529.0,475,0.85,2,14,April
2021-04-10,2021,4,10,Saturday,5,1,0,6,FuelGo Sinza,-6.76,39.22,Petrol,2360.0,317,0.85,2,14,April
2021-04-11,2021,4,11,Sunday,6,1,0,6,FuelGo Sinza,-6.76,39.22,Petrol,2348.0,292,0.85,2,14,April
2021-04-12,2021,4,12,Monday,0,0,0,6,FuelGo Sinza,-6.76,39.22,Petrol,2830.0,384,0.85,2,15,April
2021-04-13,2021,4,13,Tuesday,1,0,0,6,FuelGo Sinza,-6.76,39.22,Petrol,2569.0,377,0.85,2,15,April
2021-04-14,2021,4,14,Wednesday,2,0,0,6,FuelGo Sinza,-6.76,39.22,Petrol,2720.0,424,0.85,2,15,April
2021-04-15,2021,4,15,Thursday,3,0,0,6,FuelGo Sinza,-6.76,39.22,Petrol,2549.0,354,0.85,2,15,April
2021-04-16,2021,4,16,Friday,4,0,0,6,FuelGo Sinza,-6.76,39.22,Petrol,3016.0,364,0.85,2,15,April
2021-04-17,2021,4,17,Saturday,5,1,0,6,FuelGo Sinza,-6.76,39.22,Petrol,2446.0,327,0.85,2,15,April
2021-04-18,2021,4,18,Sunday,6,1,0,6,FuelGo Sinza,-6.76,39.22,Petrol,2651.0,293,0.85,2,15,April
2021-04-19,2021,4,19,Monday,0,0,0,6,FuelGo Sinza,-6.76,39.22,Petrol,2532.0,341,0.85,2,16,April
2021-04-20,2021,4,20,Tuesday,1,0,0,6,FuelGo Sinza,-6.76,39.22,Petrol,2193.0,414,0.85,2,16,April
2021-04-21,2021,4,21,Wednesday,2,0,0,6,FuelGo Sinza,-6.76,39.22,Petrol,2730.0,392,0.85,2,16,April
2021-04-22,2021,4,22,Thursday,3,0,0,6,FuelGo Sinza,-6.76,39.22,Petrol,2472.0,426,0.85,2,16,April
2021-04-23,2021,4,23,Friday,4,0,0,6,FuelGo Sinza,-6.76,39.22,Petrol,2888.0,344,0.85,2,16,April
2021-04-24,2021,4,24,Saturday,5,1,0,6,FuelGo Sinza,-6.76,39.22,Petrol,2693.0,289,0.85,2,16,April
2021-04-25,2021,4,25,Sunday,6,1,0,6,FuelGo Sinza,-6.76,39.22,Petrol,2521.0,324,0.85,2,16,April
2021-04-26,2021,4,26,Monday,0,0,1,6,FuelGo Sinza,-6.76,39.22,Petrol,2530.0,546,0.85,2,17,April
2021-04-27,2021,4,27,Tuesday,1,0,0,6,FuelGo Sinza,-6.76,39.22,Petrol,2643.0,393,0.85,2,17,April
2021-04-28,2021,4,28,Wednesday,2,0,0,6,FuelGo Sinza,-6.76,39.22,Petrol,2539.0,395,0.85,2,17,April
2021-04-29,2021,4,29,Thursday,3,0,0,6,FuelGo Sinza,-6.76,39.22,Petrol,2645.0,387,0.85,2,17,April
2021-04-30,2021,4,30,Friday,4,0,0,6,FuelGo Sinza,-6.76,39.22,Petrol,2512.0,438,0.85,2,17,April
2021-05-01,2021,5,1,Saturday,5,1,1,6,FuelGo Sinza,-6.76,39.22,Petrol,2826.0,384,0.9,2,17,May
2021-05-02,2021,5,2,Sunday,6,1,0,6,FuelGo Sinza,-6.76,39.22,Petrol,2852.0,314,0.9,2,17,May
2021-05-03,2021,5,3,Monday,0,0,0,6,FuelGo Sinza,-6.76,39.22,Petrol,2533.0,392,0.9,2,18,May
2021-05-04,2021,5,4,Tuesday,1,0,0,6,FuelGo Sinza,-6.76,39.22,Petrol,2391.0,488,0.9,2,18,May
2021-05-05,2021,5,5,Wednesday,2,0,0,6,FuelGo Sinza,-6.76,39.22,Petrol,2353.0,458,0.9,2,18,May
2021-05-06,2021,5,6,Thursday,3,0,0,6,FuelGo Sinza,-6.76,39.22,Petrol,2976.0,369,0.9,2,18,May
2021-05-07,2021,5,7,Friday,4,0,0,6,FuelGo Sinza,-6.76,39.22,Petrol,2636.0,372,0.9,2,18,May
2021-05-08,2021,5,8,Saturday,5,1,0,6,FuelGo Sinza,-6.76,39.22,Petrol,2589.0,328,0.9,2,18,May
2021-05-09,2021,5,9,Sunday,6,1,0,6,FuelGo Sinza,-6.76,39.22,Petrol,2373.0,325,0.9,2,18,May
2021-05-10,2021,5,10,Monday,0,0,0,6,FuelGo Sinza,-6.76,39.22,Petrol,2202.0,496,0.9,2,19,May
2021-05-11,2021,5,11,Tuesday,1,0,0,6,FuelGo Sinza,-6.76,39.22,Petrol,2482.0,436,0.9,2,19,May
2021-05-12,2021,5,12,Wednesday,2,0,0,6,FuelGo Sinza,-6.76,39.22,Petrol,2271.0,464,0.9,2,19,May
2021-05-13,2021,5,13,Thursday,3,0,1,6,FuelGo Sinza,-6.76,39.22,Petrol,2836.0,387,0.9,2,19,May
2021-05-14,2021,5,14,Friday,4,0,0,6,FuelGo Sinza,-6.76,39.22,Petrol,2607.0,367,0.9,2,19,May
2021-05-15,2021,5,15,Saturday,5,1,0,6,FuelGo Sinza,-6.76,39.22,Petrol,2859.0,346,0.9,2,19,May
2021-05-16,2021,5,16,Sunday,6,1,0,6,FuelGo Sinza,-6.76,39.22,Petrol,2503.0,276,0.9,2,19,May
2021-05-17,2021,5,17,Monday,0,0,0,6,FuelGo Sinza,-6.76,39.22,Petrol,2699.0,422,0.9,2,20,May
2021-05-18,2021,5,18,Tuesday,1,0,0,6,FuelGo Sinza,-6.76,39.22,Petrol,2500.0,436,0.9,2,20,May
2021-05-19,2021,5,19,Wednesday,2,0,0,6,FuelGo Sinza,-6.76,39.22,Petrol,2965.0,336,0.9,2,20,May
2021-05-20,2021,5,20,Thursday,3,0,0,6,FuelGo Sinza,-6.76,39.22,Petrol,2748.0,441,0.9,2,20,May
2021-05-21,2021,5,21,Friday,4,0,0,6,FuelGo Sinza,-6.76,39.22,Petrol,2702.0,450,0.9,2,20,May
2021-05-22,2021,5,22,Saturday,5,1,0,6,FuelGo Sinza,-6.76,39.22,Petrol,2577.0,330,0.9,2,20,May
2021-05-23,2021,5,23,Sunday,6,1,0,6,FuelGo Sinza,-6.76,39.22,Petrol,2470.0,288,0.9,2,20,May
2021-05-24,2021,5,24,Monday,0,0,0,6,FuelGo Sinza,-6.76,39.22,Petrol,2037.0,545,0.9,2,21,May
2021-05-25,2021,5,25,Tuesday,1,0,1,6,FuelGo Sinza,-6.76,39.22,Petrol,2788.0,407,0.9,2,21,May
2021-05-26,2021,5,26,Wednesday,2,0,0,6,FuelGo Sinza,-6.76,39.22,Petrol,2576.0,523,0.9,2,21,May
2021-05-27,2021,5,27,Thursday,3,0,0,6,FuelGo Sinza,-6.76,39.22,Petrol,2172.0,517,0.9,2,21,May
2021-05-28,2021,5,28,Friday,4,0,0,6,FuelGo Sinza,-6.76,39.22,Petrol,2597.0,409,0.9,2,21,May
2021-05-29,2021,5,29,Saturday,5,1,0,6,FuelGo Sinza,-6.76,39.22,Petrol,2842.0,345,0.9,2,21,May
2021-05-30,2021,5,30,Sunday,6,1,0,6,FuelGo Sinza,-6.76,39.22,Petrol,2686.0,286,0.9,2,21,May
2021-05-31,2021,5,31,Monday,0,0,0,6,FuelGo Sinza,-6.76,39.22,Petrol,2316.0,414,0.9,2,22,May
2021-06-01,2021,6,1,Tuesday,1,0,0,6,FuelGo Sinza,-6.76,39.22,Petrol,2891.0,495,1.05,2,22,June
2021-06-02,2021,6,2,Wednesday,2,0,0,6,FuelGo Sinza,-6.76,39.22,Petrol,2381.0,550,1.05,2,22,June
2021-06-03,2021,6,3,Thursday,3,0,0,6,FuelGo Sinza,-6.76,39.22,Petrol,2466.0,567,1.05,2,22,June
2021-06-04,2021,6,4,Friday,4,0,0,6,FuelGo Sinza,-6.76,39.22,Petrol,2628.0,486,1.05,2,22,June
2021-06-05,2021,6,5,Saturday,5,1,0,6,FuelGo Sinza,-6.76,39.22,Petrol,2582.0,413,1.05,2,22,June
2021-06-06,2021,6,6,Sunday,6,1,0,6,FuelGo Sinza,-6.76,39.22,Petrol,2587.0,311,1.05,2,22,June
2021-06-07,2021,6,7,Monday,0,0,0,6,FuelGo Sinza,-6.76,39.22,Petrol,2798.0,525,1.05,2,23,June
2021-06-08,2021,6,8,Tuesday,1,0,0,6,FuelGo Sinza,-6.76,39.22,Petrol,2491.0,416,1.05,2,23,June
2021-06-09,2021,6,9,Wednesday,2,0,0,6,FuelGo Sinza,-6.76,39.22,Petrol,2895.0,434,1.05,2,23,June
2021-06-10,2021,6,10,Thursday,3,0,0,6,FuelGo Sinza,-6.76,39.22,Petrol,3123.0,397,1.05,2,23,June
2021-06-11,2021,6,11,Friday,4,0,0,6,FuelGo Sinza,-6.76,39.22,Petrol,2550.0,514,1.05,2,23,June
2021-06-12,2021,6,12,Saturday,5,1,0,6,FuelGo Sinza,-6.76,39.22,Petrol,2624.0,381,1.05,2,23,June
2021-06-13,2021,6,13,Sunday,6,1,0,6,FuelGo Sinza,-6.76,39.22,Petrol,2592.0,363,1.05,2,23,June
2021-06-14,2021,6,14,Monday,0,0,0,6,FuelGo Sinza,-6.76,39.22,Petrol,2611.0,451,1.05,2,24,June
2021-06-15,2021,6,15,Tuesday,1,0,0,6,FuelGo Sinza,-6.76,39.22,Petrol,2941.0,408,1.05,2,24,June
2021-06-16,2021,6,16,Wednesday,2,0,0,6,FuelGo Sinza,-6.76,39.22,Petrol,2711.0,449,1.05,2,24,June
2021-06-17,2021,6,17,Thursday,3,0,0,6,FuelGo Sinza,-6.76,39.22,Petrol,2819.0,410,1.05,2,24,June
2021-06-18,2021,6,18,Friday,4,0,0,6,FuelGo Sinza,-6.76,39.22,Petrol,2635.0,484,1.05,2,24,June
2021-06-19,2021,6,19,Saturday,5,1,0,6,FuelGo Sinza,-6.76,39.22,Petrol,2355.0,496,1.05,2,24,June
2021-06-20,2021,6,20,Sunday,6,1,0,6,FuelGo Sinza,-6.76,39.22,Petrol,2628.0,359,1.05,2,24,June
2021-06-21,2021,6,21,Monday,0,0,0,6,FuelGo Sinza,-6.76,39.22,Petrol,2675.0,392,1.05,2,25,June
2021-06-22,2021,6,22,Tuesday,1,0,0,6,FuelGo Sinza,-6.76,39.22,Petrol,2625.0,482,1.05,2,25,June
2021-06-23,2021,6,23,Wednesday,2,0,0,6,FuelGo Sinza,-6.76,39.22,Petrol,2976.0,481,1.05,2,25,June
2021-06-24,2021,6,24,Thursday,3,0,0,6,FuelGo Sinza,-6.76,39.22,Petrol,2766.0,401,1.05,2,25,June
2021-06-25,2021,6,25,Friday,4,0,0,6,FuelGo Sinza,-6.76,39.22,Petrol,2701.0,547,1.05,2,25,June
2021-06-26,2021,6,26,Saturday,5,1,0,6,FuelGo Sinza,-6.76,39.22,Petrol,2824.0,346,1.05,2,25,June
2021-06-27,2021,6,27,Sunday,6,1,0,6,FuelGo Sinza,-6.76,39.22,Petrol,2651.0,325,1.05,2,25,June
2021-06-28,2021,6,28,Monday,0,0,0,6,FuelGo Sinza,-6.76,39.22,Petrol,2820.0,416,1.05,2,26,June
2021-06-29,2021,6,29,Tuesday,1,0,0,6,FuelGo Sinza,-6.76,39.22,Petrol,2640.0,472,1.05,2,26,June
2021-06-30,2021,6,30,Wednesday,2,0,0,6,FuelGo Sinza,-6.76,39.22,Petrol,2500.0,458,1.05,2,26,June
2021-07-01,2021,7,1,Thursday,3,0,0,6,FuelGo Sinza,-6.76,39.22,Petrol,2886.0,446,1.12,3,26,July
2021-07-02,2021,7,2,Friday,4,0,0,6,FuelGo Sinza,-6.76,39.22,Petrol,2905.0,379,1.12,3,26,July
2021-07-03,2021,7,3,Saturday,5,1,0,6,FuelGo Sinza,-6.76,39.22,Petrol,2655.0,361,1.12,3,26,July
2021-07-04,2021,7,4,Sunday,6,1,0,6,FuelGo Sinza,-6.76,39.22,Petrol,2656.0,382,1.12,3,26,July
2021-07-05,2021,7,5,Monday,0,0,0,6,FuelGo Sinza,-6.76,39.22,Petrol,2371.0,558,1.12,3,27,July
2021-07-06,2021,7,6,Tuesday,1,0,0,6,FuelGo Sinza,-6.76,39.22,Petrol,2574.0,563,1.12,3,27,July
2021-07-07,2021,7,7,Wednesday,2,0,1,6,FuelGo Sinza,-6.76,39.22,Petrol,2364.0,698,1.12,3,27,July
2021-07-08,2021,7,8,Thursday,3,0,0,6,FuelGo Sinza,-6.76,39.22,Petrol,2190.0,613,1.12,3,27,July
2021-07-09,2021,7,9,Friday,4,0,0,6,FuelGo Sinza,-6.76,39.22,Petrol,2548.0,572,1.12,3,27,July
2021-07-10,2021,7,10,Saturday,5,1,0,6,FuelGo Sinza,-6.76,39.22,Petrol,2725.0,447,1.12,3,27,July
2021-07-11,2021,7,11,Sunday,6,1,0,6,FuelGo Sinza,-6.76,39.22,Petrol,2725.0,443,1.12,3,27,July
2021-07-12,2021,7,12,Monday,0,0,0,6,FuelGo Sinza,-6.76,39.22,Petrol,2756.0,477,1.12,3,28,July
2021-07-13,2021,7,13,Tuesday,1,0,0,6,FuelGo Sinza,-6.76,39.22,Petrol,2497.0,542,1.12,3,28,July
2021-07-14,2021,7,14,Wednesday,2,0,0,6,FuelGo Sinza,-6.76,39.22,Petrol,2577.0,399,1.12,3,28,July
2021-07-15,2021,7,15,Thursday,3,0,0,6,FuelGo Sinza,-6.76,39.22,Petrol,2492.0,508,1.12,3,28,July
2021-07-16,2021,7,16,Friday,4,0,0,6,FuelGo Sinza,-6.76,39.22,Petrol,2218.0,585,1.12,3,28,July
2021-07-17,2021,7,17,Saturday,5,1,0,6,FuelGo Sinza,-6.76,39.22,Petrol,2645.0,417,1.12,3,28,July
2021-07-18,2021,7,18,Sunday,6,1,0,6,FuelGo Sinza,-6.76,39.22,Petrol,2730.0,397,1.12,3,28,July
2021-07-19,2021,7,19,Monday,0,0,0,6,FuelGo Sinza,-6.76,39.22,Petrol,2845.0,556,1.12,3,29,July
2021-07-20,2021,7,20,Tuesday,1,0,1,6,FuelGo Sinza,-6.76,39.22,Petrol,2794.0,578,1.12,3,29,July
2021-07-21,2021,7,21,Wednesday,2,0,0,6,FuelGo Sinza,-6.76,39.22,Petrol,2677.0,613,1.12,3,29,July
2021-07-22,2021,7,22,Thursday,3,0,0,6,FuelGo Sinza,-6.76,39.22,Petrol,2519.0,608,1.12,3,29,July
2021-07-23,2021,7,23,Friday,4,0,0,6,FuelGo Sinza,-6.76,39.22,Petrol,2727.0,609,1.12,3,29,July
2021-07-24,2021,7,24,Saturday,5,1,0,6,FuelGo Sinza,-6.76,39.22,Petrol,2384.0,442,1.12,3,29,July
