analytics/fuel_demand_dataset.csv
date,year,month,day,day_of_week,day_of_week_num,is_weekend,is_holiday,station_id,station_name,station_lat,station_lng,fuel_type,price_per_litre,demand_litres,seasonal_factor,quarter,week_of_year,month_name
2021-07-25,2021,7,25,Sunday,6,1,0,6,FuelGo Sinza,-6.76,39.22,Petrol,2669.0,411,1.12,3,29,July
2021-07-26,2021,7,26,Monday,0,0,0,6,FuelGo Sinza,-6.76,39.22,Petrol,2154.0,486,1.12,3,30,July
2021-07-27,2021,7,27,Tuesday,1,0,0,6,FuelGo Sinza,-6.76,39.22,Petrol,2814.0,513,1.12,3,30,July
2021-07-28,2021,7,28,Wednesday,2,0,0,6,FuelGo Sinza,-6.76,39.22,Petrol,2868.0,483,1.12,3,30,July
2021-07-29,2021,7,29,Thursday,3,0,0,6,FuelGo Sinza,-6.76,39.22,Petrol,2727.0,451,1.12,3,30,July
2021-07-30,2021,7,30,Friday,4,0,0,6,FuelGo Sinza,-6.76,39.22,Petrol,2462.0,585,1.12,3,30,July
2021-07-31,2021,7,31,Saturday,5,1,0,6,FuelGo Sinza,-6.76,39.22,Petrol,2633.0,487,1.12,3,30,July
2021-08-01,2021,8,1,Sunday,6,1,0,6,FuelGo Sinza,-6.76,39.22,Petrol,2669.0,312,1.08,3,30,August
2021-08-02,2021,8,2,Monday,0,0,0,6,FuelGo Sinza,-6.76,39.22,Petrol,2294.0,580,1.08,3,31,August
2021-08-03,2021,8,3,Tuesday,1,0,0,6,FuelGo Sinza,-6.76,39.22,Petrol,2531.0,421,1.08,3,31,August
2021-08-04,2021,8,4,Wednesday,2,0,0,6,FuelGo Sinza,-6.76,39.22,Petrol,2643.0,390,1.08,3,31,August
2021-08-05,2021,8,5,Thursday,3,0,0,6,FuelGo Sinza,-6.76,39.22,Petrol,2634.0,563,1.08,3,31,August
2021-08-06,2021,8,6,Friday,4,0,0,6,FuelGo Sinza,-6.76,39.22,Petrol,2556.0,638,1.08,3,31,August
2021-08-07,2021,8,7,Saturday,5,1,0,6,FuelGo Sinza,-6.76,39.22,Petrol,2992.0,339,1.08,3,31,August
2021-08-08,2021,8,8,Sunday,6,1,1,6,FuelGo Sinza,-6.76,39.22,Petrol,2790.0,412,1.08,3,31,August
2021-08-09,2021,8,9,Monday,0,0,0,6,FuelGo Sinza,-6.76,39.22,Petrol,2818.0,522,1.08,3,32,August
2021-08-10,2021,8,10,Tuesday,1,0,0,6,FuelGo Sinza,-6.76,39.22,Petrol,3031.0,401,1.08,3,32,August
2021-08-11,2021,8,11,Wednesday,2,0,0,6,FuelGo Sinza,-6.76,39.22,Petrol,2626.0,471,1.08,3,32,August
2021-08-12,2021,8,12,Thursday,3,0,0,6,FuelGo Sinza,-6.76,39.22,Petrol,2508.0,517,1.08,3,32,August
2021-08-13,2021,8,13,Friday,4,0,0,6,FuelGo Sinza,-6.76,39.22,Petrol,2800.0,520,1.08,3,32,August
2021-01-01,2021,1,1,Friday,4,0,1,6,FuelGo Sinza,-6.76,39.22,Diesel,2295.0,557,1.15,1,53,January
2021-01-02,2021,1,2,Saturday,5,1,0,6,FuelGo Sinza,-6.76,39.22,Diesel,2313.0,397,1.15,1,53,January
2021-01-03,2021,1,3,Sunday,6,1,0,6,FuelGo Sinza,-6.76,39.22,Diesel,2282.0,384,1.15,1,53,January
2021-01-04,2021,1,4,Monday,0,0,0,6,FuelGo Sinza,-6.76,39.22,Diesel,2372.0,519,1.15,1,1,January
2021-01-05,2021,1,5,Tuesday,1,0,0,6,FuelGo Sinza,-6.76,39.22,Diesel,2532.0,366,1.15,1,1,January
2021-01-06,2021,1,6,Wednesday,2,0,0,6,FuelGo Sinza,-6.76,39.22,Diesel,2557.0,487,1.15,1,1,January
2021-01-07,2021,1,7,Thursday,3,0,0,6,FuelGo Sinza,-6.76,39.22,Diesel,2028.0,576,1.15,1,1,January
2021-01-08,2021,1,8,Friday,4,0,0,6,FuelGo Sinza,-6.76,39.22,Diesel,2624.0,353,1.15,1,1,January
2021-01-09,2021,1,9,Saturday,5,1,0,6,FuelGo Sinza,-6.76,39.22,Diesel,2350.0,430,1.15,1,1,January
2021-01-10,2021,1,10,Sunday,6,1,0,6,FuelGo Sinza,-6.76,39.22,Diesel,2060.0,321,1.15,1,1,January
2021-01-11,2021,1,11,Monday,0,0,0,6,FuelGo Sinza,-6.76,39.22,Diesel,2312.0,561,1.15,1,2,January
2021-01-12,2021,1,12,Tuesday,1,0,1,6,FuelGo Sinza,-6.76,39.22,Diesel,2553.0,475,1.15,1,2,January
2021-01-13,2021,1,13,Wednesday,2,0,0,6,FuelGo Sinza,-6.76,39.22,Diesel,2391.0,535,1.15,1,2,January
2021-01-14,2021,1,14,Thursday,3,0,0,6,FuelGo Sinza,-6.76,39.22,Diesel,2461.0,469,1.15,1,2,January
2021-01-15,2021,1,15,Friday,4,0,0,6,FuelGo Sinza,-6.76,39.22,Diesel,2498.0,505,1.15,1,2,January
2021-01-16,2021,1,16,Saturday,5,1,0,6,FuelGo Sinza,-6.76,39.22,Diesel,2356.0,429,1.15,1,2,January
2021-01-17,2021,1,17,Sunday,6,1,0,6,FuelGo Sinza,-6.76,39.22,Diesel,2227.0,297,1.15,1,2,January
2021-01-18,2021,1,18,Monday,0,0,0,6,FuelGo Sinza,-6.76,39.22,Diesel,2345.0,492,1.15,1,3,January
2021-01-19,2021,1,19,Tuesday,1,0,0,6,FuelGo Sinza,-6.76,39.22,Diesel,2454.0,455,1.15,1,3,January
2021-01-20,2021,1,20,Wednesday,2,0,0,6,FuelGo Sinza,-6.76,39.22,Diesel,2302.0,514,1.15,1,3,January
2021-01-21,2021,1,21,Thursday,3,0,0,6,FuelGo Sinza,-6.76,39.22,Diesel,2325.0,471,1.15,1,3,January
2021-01-22,2021,1,22,Friday,4,0,0,6,FuelGo Sinza,-6.76,39.22,Diesel,2358.0,514,1.15,1,3,January
2021-01-23,2021,1,23,Saturday,5,1,0,6,FuelGo Sinza,-6.76,39.22,Diesel,2344.0,450,1.15,1,3,January
2021-01-24,2021,1,24,Sunday,6,1,0,6,FuelGo Sinza,-6.76,39.22,Diesel,2358.0,350,1.15,1,3,January
2021-01-25,2021,1,25,Monday,0,0,0,6,FuelGo Sinza,-6.76,39.22,Diesel,2471.0,481,1.15,1,4,January
2021-01-26,2021,1,26,Tuesday,1,0,0,6,FuelGo Sinza,-6.76,39.22,Diesel,2169.0,479,1.15,1,4,January
2021-01-27,2021,1,27,Wednesday,2,0,0,6,FuelGo Sinza,-6.76,39.22,Diesel,2162.0,579,1.15,1,4,January
2021-01-28,2021,1,28,Thursday,3,0,0,6,FuelGo Sinza,-6.76,39.22,Diesel,2325.0,429,1.15,1,4,January
2021-01-29,2021,1,29,Friday,4,0,0,6,FuelGo Sinza,-6.76,39.22,Diesel,2334.0,434,1.15,1,4,January
2021-01-30,2021,1,30,Saturday,5,1,0,6,FuelGo Sinza,-6.76,39.22,Diesel,2287.0,408,1.15,1,4,January
2021-01-31,2021,1,31,Sunday,6,1,0,6,FuelGo Sinza,-6.76,39.22,Diesel,2412.0,301,1.15,1,4,January
2021-02-01,2021,2,1,Monday,0,0,0,6,FuelGo Sinza,-6.76,39.22,Diesel,2821.0,323,0.95,1,5,February
2021-02-02,2021,2,2,Tuesday,1,0,0,6,FuelGo Sinza,-6.76,39.22,Diesel,2412.0,410,0.95,1,5,February
2021-02-03,2021,2,3,Wednesday,2,0,0,6,FuelGo Sinza,-6.76,39.22,Diesel,2286.0,391,0.95,1,5,February
2021-02-04,2021,2,4,Thursday,3,0,0,6,FuelGo Sinza,-6.76,39.22,Diesel,2439.0,306,0.95,1,5,February
2021-02-05,2021,2,5,Friday,4,0,0,6,FuelGo Sinza,-6.76,39.22,Diesel,2644.0,396,0.95,1,5,February
2021-02-06,2021,2,6,Saturday,5,1,0,6,FuelGo Sinza,-6.76,39.22,Diesel,2535.0,343,0.95,1,5,February
2021-02-07,2021,2,7,Sunday,6,1,0,6,FuelGo Sinza,-6.76,39.22,Diesel,2381.0,304,0.95,1,5,February
2021-02-08,2021,2,8,Monday,0,0,0,6,FuelGo Sinza,-6.76,39.22,Diesel,2166.0,330,0.95,1,6,February
2021-02-09,2021,2,9,Tuesday,1,0,0,6,FuelGo Sinza,-6.76,39.22,Diesel,2380.0,419,0.95,1,6,February
2021-02-10,2021,2,10,Wednesday,2,0,0,6,FuelGo Sinza,-6.76,39.22,Diesel,2225.0,424,0.95,1,6,February
2021-02-11,2021,2,11,Thursday,3,0,0,6,FuelGo Sinza,-6.76,39.22,Diesel,2357.0,400,0.95,1,6,February
2021-02-12,2021,2,12,Friday,4,0,0,6,FuelGo Sinza,-6.76,39.22,Diesel,2375.0,360,0.95,1,6,February
2021-02-13,2021,2,13,Saturday,5,1,0,6,FuelGo Sinza,-6.76,39.22,Diesel,2447.0,328,0.95,1,6,February
2021-02-14,2021,2,14,Sunday,6,1,0,6,FuelGo Sinza,-6.76,39.22,Diesel,2462.0,232,0.95,1,6,February
2021-02-15,2021,2,15,Monday,0,0,0,6,FuelGo Sinza,-6.76,39.22,Diesel,2483.0,409,0.95,1,7,February
2021-02-16,2021,2,16,Tuesday,1,0,1,6,FuelGo Sinza,-6.76,39.22,Diesel,2473.0,435,0.95,1,7,February
2021-02-17,2021,2,17,Wednesday,2,0,0,6,FuelGo Sinza,-6.76,39.22,Diesel,2342.0,403,0.95,1,7,February
2021-02-18,2021,2,18,Thursday,3,0,0,6,FuelGo Sinza,-6.76,39.22,Diesel,2440.0,308,0.95,1,7,February
2021-02-19,2021,2,19,Friday,4,0,0,6,FuelGo Sinza,-6.76,39.22,Diesel,2657.0,315,0.95,1,7,February
2021-02-20,2021,2,20,Saturday,5,1,0,6,FuelGo Sinza,-6.76,39.22,Diesel,2371.0,294,0.95,1,7,February
2021-02-21,2021,2,21,Sunday,6,1,0,6,FuelGo Sinza,-6.76,39.22,Diesel,2437.0,271,0.95,1,7,February
2021-02-22,2021,2,22,Monday,0,0,0,6,FuelGo Sinza,-6.76,39.22,Diesel,2253.0,386,0.95,1,8,February
2021-02-23,2021,2,23,Tuesday,1,0,0,6,FuelGo Sinza,-6.76,39.22,Diesel,2641.0,343,0.95,1,8,February
2021-02-24,2021,2,24,Wednesday,2,0,0,6,FuelGo Sinza,-6.76,39.22,Diesel,2420.0,385,0.95,1,8,February
2021-02-25,2021,2,25,Thursday,3,0,0,6,FuelGo Sinza,-6.76,39.22,Diesel,2301.0,338,0.95,1,8,February
2021-02-26,2021,2,26,Friday,4,0,0,6,FuelGo Sinza,-6.76,39.22,Diesel,1976.0,527,0.95,1,8,February
2021-02-27,2021,2,27,Saturday,5,1,0,6,FuelGo Sinza,-6.76,39.22,Diesel,2481.0,297,0.95,1,8,February
2021-02-28,2021,2,28,Sunday,6,1,0,6,FuelGo Sinza,-6.76,39.22,Diesel,2399.0,300,0.95,1,8,February
2021-03-01,2021,3,1,Monday,0,0,0,6,FuelGo Sinza,-6.76,39.22,Diesel,2342.0,335,0.88,1,9,March
2021-03-02,2021,3,2,Tuesday,1,0,0,6,FuelGo Sinza,-6.76,39.22,Diesel,2429.0,337,0.88,1,9,March
2021-03-03,2021,3,3,Wednesday,2,0,0,6,FuelGo Sinza,-6.76,39.22,Diesel,2091.0,349,0.88,1,9,March
2021-03-04,2021,3,4,Thursday,3,0,0,6,FuelGo Sinza,-6.76,39.22,Diesel,2435.0,320,0.88,1,9,March
2021-03-05,2021,3,5,Friday,4,0,0,6,FuelGo Sinza,-6.76,39.22,Diesel,2417.0,336,0.88,1,9,March
2021-03-06,2021,3,6,Saturday,5,1,0,6,FuelGo Sinza,-6.76,39.22,Diesel,2654.0,298,0.88,1,9,March
2021-03-07,2021,3,7,Sunday,6,1,0,6,FuelGo Sinza,-6.76,39.22,Diesel,2621.0,227,0.88,1,9,March
2021-03-08,2021,3,8,Monday,0,0,0,6,FuelGo Sinza,-6.76,39.22,Diesel,2325.0,338,0.88,1,10,March
2021-03-09,2021,3,9,Tuesday,1,0,0,6,FuelGo Sinza,-6.76,39.22,Diesel,2621.0,330,0.88,1,10,March
2021-03-10,2021,3,10,Wednesday,2,0,0,6,FuelGo Sinza,-6.76,39.22,Diesel,2699.0,290,0.88,1,10,March
2021-03-11,2021,3,11,Thursday,3,0,0,6,FuelGo Sinza,-6.76,39.22,Diesel,2567.0,302,0.88,1,10,March
2021-03-12,2021,3,12,Friday,4,0,0,6,FuelGo Sinza,-6.76,39.22,Diesel,2573.0,362,0.88,1,10,March
2021-03-13,2021,3,13,Saturday,5,1,0,6,FuelGo Sinza,-6.76,39.22,Diesel,2382.0,264,0.88,1,10,March
2021-03-14,2021,3,14,Sunday,6,1,0,6,FuelGo Sinza,-6.76,39.22,Diesel,2425.0,261,0.88,1,10,March
2021-03-15,2021,3,15,Monday,0,0,0,6,FuelGo Sinza,-6.76,39.22,Diesel,2476.0,391,0.88,1,11,March
2021-03-16,2021,3,16,Tuesday,1,0,0,6,FuelGo Sinza,-6.76,39.22,Diesel,2452.0,350,0.88,1,11,March
2021-03-17,2021,3,17,Wednesday,2,0,0,6,FuelGo Sinza,-6.76,39.22,Diesel,2525.0,290,0.88,1,11,March
2021-03-18,2021,3,18,Thursday,3,0,0,6,FuelGo Sinza,-6.76,39.22,Diesel,2298.0,327,0.88,1,11,March
2021-03-19,2021,3,19,Friday,4,0,0,6,FuelGo Sinza,-6.76,39.22,Diesel,2626.0,295,0.88,1,11,March
2021-03-20,2021,3,20,Saturday,5,1,0,6,FuelGo Sinza,-6.76,39.22,Diesel,2437.0,257,0.88,1,11,March
2021-03-21,2021,3,21,Sunday,6,1,0,6,FuelGo Sinza,-6.76,39.22,Diesel,2454.0,250,0.88,1,11,March
2021-03-22,2021,3,22,Monday,0,0,0,6,FuelGo Sinza,-6.76,39.22,Diesel,2621.0,205,0.88,1,12,March
2021-03-23,2021,3,23,Tuesday,1,0,0,6,FuelGo Sinza,-6.76,39.22,Diesel,2380.0,318,0.88,1,12,March
2021-03-24,2021,3,24,Wednesday,2,0,0,6,FuelGo Sinza,-6.76,39.22,Diesel,2315.0,377,0.88,1,12,March
2021-03-25,2021,3,25,Thursday,3,0,0,6,FuelGo Sinza,-6.76,39.22,Diesel,2676.0,379,0.88,1,12,March
2021-03-26,2021,3,26,Friday,4,0,1,6,FuelGo Sinza,-6.76,39.22,Diesel,2247.0,479,0.88,1,12,March
2021-03-27,2021,3,27,Saturday,5,1,0,6,FuelGo Sinza,-6.76,39.22,Diesel,2316.0,341,0.88,1,12,March
2021-03-28,2021,3,28,Sunday,6,1,0,6,FuelGo Sinza,-6.76,39.22,Diesel,2499.0,240,0.88,1,12,March
2021-03-29,2021,3,29,Monday,0,0,0,6,FuelGo Sinza,-6.76,39.22,Diesel,2313.0,312,0.88,1,13,March
2021-03-30,2021,3,30,Tuesday,1,0,0,6,FuelGo Sinza,-6.76,39.22,Diesel,2553.0,317,0.88,1,13,March
2021-03-31,2021,3,31,Wednesday,2,0,0,6,FuelGo Sinza,-6.76,39.22,Diesel,2423.0,351,0.88,1,13,March
2021-04-01,2021,4,1,Thursday,3,0,0,6,FuelGo Sinza,-6.76,39.22,Diesel,2488.0,337,0.85,2,13,April
2021-04-02,2021,4,2,Friday,4,0,0,6,FuelGo Sinza,-6.76,39.22,Diesel,2155.0,382,0.85,2,13,April
2021-04-03,2021,4,3,Saturday,5,1,0,6,FuelGo Sinza,-6.76,39.22,Diesel,2547.0,277,0.85,2,13,April
2021-04-04,2021,4,4,Sunday,6,1,0,6,FuelGo Sinza,-6.76,39.22,Diesel,2740.0,219,0.85,2,13,April
2021-04-05,2021,4,5,Monday,0,0,0,6,FuelGo Sinza,-6.76,39.22,Diesel,2549.0,302,0.85,2,14,April
2021-04-06,2021,4,6,Tuesday,1,0,0,6,FuelGo Sinza,-6.76,39.22,Diesel,2524.0,326,0.85,2,14,April
2021-04-07,2021,4,7,Wednesday,2,0,1,6,FuelGo Sinza,-6.76,39.22,Diesel,2478.0,411,0.85,2,14,April
2021-04-08,2021,4,8,Thursday,3,0,0,6,FuelGo Sinza,-6.76,39.22,Diesel,2192.0,417,0.85,2,14,April
2021-04-09,2021,4,9,Friday,4,0,0,6,FuelGo Sinza,-6.76,39.22,Diesel,2274.0,371,0.85,2,14,April
2021-04-10,2021,4,10,Saturday,5,1,0,6,FuelGo Sinza,-6.76,39.22,Diesel,2515.0,263,0.85,2,14,April
2021-04-11,2021,4,11,Sunday,6,1,0,6,FuelGo Sinza,-6.76,39.22,Diesel,2280.0,259,0.85,2,14,April
2021-04-12,2021,4,12,Monday,0,0,0,6,FuelGo Sinza,-6.76,39.22,Diesel,2216.0,367,0.85,2,15,April
2021-04-13,2021,4,13,Tuesday,1,0,0,6,FuelGo Sinza,-6.76,39.22,Diesel,2566.0,312,0.85,2,15,April
2021-04-14,2021,4,14,Wednesday,2,0,0,6,FuelGo Sinza,-6.76,39.22,Diesel,2726.0,338,0.85,2,15,April
2021-04-15,2021,4,15,Thursday,3,0,0,6,FuelGo Sinza,-6.76,39.22,Diesel,2149.0,331,0.85,2,15,April
2021-04-16,2021,4,16,Friday,4,0,0,6,FuelGo Sinza,-6.76,39.22,Diesel,2522.0,316,0.85,2,15,April
2021-04-17,2021,4,17,Saturday,5,1,0,6,FuelGo Sinza,-6.76,39.22,Diesel,2374.0,287,0.85,2,15,April
2021-04-18,2021,4,18,Sunday,6,1,0,6,FuelGo Sinza,-6.76,39.22,Diesel,2297.0,273,0.85,2,15,April
2021-04-19,2021,4,19,Monday,0,0,0,6,FuelGo Sinza,-6.76,39.22,Diesel,2506.0,289,0.85,2,16,April
2021-04-20,2021,4,20,Tuesday,1,0,0,6,FuelGo Sinza,-6.76,39.22,Diesel,2204.0,371,0.85,2,16,April
2021-04-21,2021,4,21,Wednesday,2,0,0,6,FuelGo Sinza,-6.76,39.22,Diesel,2620.0,245,0.85,2,16,April
2021-04-22,2021,4,22,Thursday,3,0,0,6,FuelGo Sinza,-6.76,39.22,Diesel,2561.0,305,0.85,2,16,April
2021-04-23,2021,4,23,Friday,4,0,0,6,FuelGo Sinza,-6.76,39.22,Diesel,2538.0,352,0.85,2,16,April
2021-04-24,2021,4,24,Saturday,5,1,0,6,FuelGo Sinza,-6.76,39.22,Diesel,2569.0,304,0.85,2,16,April
2021-04-25,2021,4,25,Sunday,6,1,0,6,FuelGo Sinza,-6.76,39.22,Diesel,2326.0,273,0.85,2,16,April
2021-04-26,2021,4,26,Monday,0,0,1,6,FuelGo Sinza,-6.76,39.22,Diesel,2680.0,302,0.85,2,17,April
2021-04-27,2021,4,27,Tuesday,1,0,0,6,FuelGo Sinza,-6.76,39.22,Diesel,2375.0,378,0.85,2,17,April
2021-04-28,2021,4,28,Wednesday,2,0,0,6,FuelGo Sinza,-6.76,39.22,Diesel,2797.0,261,0.85,2,17,April
2021-04-29,2021,4,29,Thursday,3,0,0,6,FuelGo Sinza,-6.76,39.22,Diesel,2396.0,355,0.85,2,17,April
2021-04-30,2021,4,30,Friday,4,0,0,6,FuelGo Sinza,-6.76,39.22,Diesel,2774.0,268,0.85,2,17,April
2021-05-01,2021,5,1,Saturday,5,1,1,6,FuelGo Sinza,-6.76,39.22,Diesel,2362.0,356,0.9,2,17,May
2021-05-02,2021,5,2,Sunday,6,1,0,6,FuelGo Sinza,-6.76,39.22,Diesel,3140.0,193,0.9,2,17,May
2021-05-03,2021,5,3,Monday,0,0,0,6,FuelGo Sinza,-6.76,39.22,Diesel,2746.0,329,0.9,2,18,May
2021-05-04,2021,5,4,Tuesday,1,0,0,6,FuelGo Sinza,-6.76,39.22,Diesel,2367.0,377,0.9,2,18,May
2021-05-05,2021,5,5,Wednesday,2,0,0,6,FuelGo Sinza,-6.76,39.22,Diesel,2332.0,414,0.9,2,18,May
2021-05-06,2021,5,6,Thursday,3,0,0,6,FuelGo Sinza,-6.76,39.22,Diesel,2630.0,359,0.9,2,18,May
2021-05-07,2021,5,7,Friday,4,0,0,6,FuelGo Sinza,-6.76,39.22,Diesel,2494.0,354,0.9,2,18,May
2021-05-08,2021,5,8,Saturday,5,1,0,6,FuelGo Sinza,-6.76,39.22,Diesel,2545.0,251,0.9,2,18,May
2021-05-09,2021,5,9,Sunday,6,1,0,6,FuelGo Sinza,-6.76,39.22,Diesel,2657.0,223,0.9,2,18,May
2021-05-10,2021,5,10,Monday,0,0,0,6,FuelGo Sinza,-6.76,39.22,Diesel,2556.0,280,0.9,2,19,May
2021-05-11,2021,5,11,Tuesday,1,0,0,6,FuelGo Sinza,-6.76,39.22,Diesel,2462.0,352,0.9,2,19,May
2021-05-12,2021,5,12,Wednesday,2,0,0,6,FuelGo Sinza,-6.76,39.22,Diesel,2339.0,457,0.9,2,19,May
2021-05-13,2021,5,13,Thursday,3,0,1,6,FuelGo Sinza,-6.76,39.22,Diesel,2488.0,428,0.9,2,19,May
2021-05-14,2021,5,14,Friday,4,0,0,6,FuelGo Sinza,-6.76,39.22,Diesel,2449.0,441,0.9,2,19,May
2021-05-15,2021,5,15,Saturday,5,1,0,6,FuelGo Sinza,-6.76,39.22,Diesel,2511.0,267,0.9,2,19,May
2021-05-16,2021,5,16,Sunday,6,1,0,6,FuelGo Sinza,-6.76,39.22,Diesel,2610.0,215,0.9,2,19,May
2021-05-17,2021,5,17,Monday,0,0,0,6,FuelGo Sinza,-6.76,39.22,Diesel,2352.0,328,0.9,2,20,May
2021-05-18,2021,5,18,Tuesday,1,0,0,6,FuelGo Sinza,-6.76,39.22,Diesel,2478.0,357,0.9,2,20,May
2021-05-19,2021,5,19,Wednesday,2,0,0,6,FuelGo Sinza,-6.76,39.22,Diesel,2461.0,325,0.9,2,20,May
2021-05-20,2021,5,20,Thursday,3,0,0,6,FuelGo Sinza,-6.76,39.22,Diesel,2590.0,329,0.9,2,20,May
2021-05-21,2021,5,21,Friday,4,0,0,6,FuelGo Sinza,-6.76,39.22,Diesel,2295.0,418,0.9,2,20,May
2021-05-22,2021,5,22,Saturday,5,1,0,6,FuelGo Sinza,-6.76,39.22,Diesel,2614.0,282,0.9,2,20,May
2021-05-23,2021,5,23,Sunday,6,1,0,6,FuelGo Sinza,-6.76,39.22,Diesel,2508.0,270,0.9,2,20,May
2021-05-24,2021,5,24,Monday,0,0,0,6,FuelGo Sinza,-6.76,39.22,Diesel,2471.0,386,0.9,2,21,May
2021-05-25,2021,5,25,Tuesday,1,0,1,6,FuelGo Sinza,-6.76,39.22,Diesel,2400.0,429,0.9,2,21,May
2021-05-26,2021,5,26,Wednesday,2,0,0,6,FuelGo Sinza,-6.76,39.22,Diesel,2494.0,381,0.9,2,21,May
2021-05-27,2021,5,27,Thursday,3,0,0,6,FuelGo Sinza,-6.76,39.22,Diesel,2435.0,335,0.9,2,21,May
2021-05-28,2021,5,28,Friday,4,0,0,6,FuelGo Sinza,-6.76,39.22,Diesel,2772.0,332,0.9,2,21,May
2021-05-29,2021,5,29,Saturday,5,1,0,6,FuelGo Sinza,-6.76,39.22,Diesel,2741.0,249,0.9,2,21,May
2021-05-30,2021,5,30,Sunday,6,1,0,6,FuelGo Sinza,-6.76,39.22,Diesel,2428.0,229,0.9,2,21,May
2021-05-31,2021,5,31,Monday,0,0,0,6,FuelGo Sinza,-6.76,39.22,Diesel,2727.0,366,0.9,2,22,May
2021-06-01,2021,6,1,Tuesday,1,0,0,6,FuelGo Sinza,-6.76,39.22,Diesel,2609.0,340,1.05,2,22,June
2021-06-02,2021,6,2,Wednesday,2,0,0,6,FuelGo Sinza,-6.76,39.22,Diesel,2441.0,391,1.05,2,22,June
2021-06-03,2021,6,3,Thursday,3,0,0,6,FuelGo Sinza,-6.76,39.22,Diesel,2587.0,326,1.05,2,22,June
2021-06-04,2021,6,4,Friday,4,0,0,6,FuelGo Sinza,-6.76,39.22,Diesel,2510.0,403,1.05,2,22,June
2021-06-05,2021,6,5,Saturday,5,1,0,6,FuelGo Sinza,-6.76,39.22,Diesel,2567.0,373,1.05,2,22,June
2021-06-06,2021,6,6,Sunday,6,1,0,6,FuelGo Sinza,-6.76,39.22,Diesel,2217.0,334,1.05,2,22,June
2021-06-07,2021,6,7,Monday,0,0,0,6,FuelGo Sinza,-6.76,39.22,Diesel,2275.0,446,1.05,2,23,June
2021-06-08,2021,6,8,Tuesday,1,0,0,6,FuelGo Sinza,-6.76,39.22,Diesel,2365.0,342,1.05,2,23,June
2021-06-09,2021,6,9,Wednesday,2,0,0,6,FuelGo Sinza,-6.76,39.22,Diesel,2706.0,352,1.05,2,23,June
2021-06-10,2021,6,10,Thursday,3,0,0,6,FuelGo Sinza,-6.76,39.22,Diesel,2715.0,399,1.05,2,23,June
2021-06-11,2021,6,11,Friday,4,0,0,6,FuelGo Sinza,-6.76,39.22,Diesel,2294.0,358,1.05,2,23,June
2021-06-12,2021,6,12,Saturday,5,1,0,6,FuelGo Sinza,-6.76,39.22,Diesel,2609.0,293,1.05,2,23,June
2021-06-13,2021,6,13,Sunday,6,1,0,6,FuelGo Sinza,-6.76,39.22,Diesel,2764.0,251,1.05,2,23,June
2021-06-14,2021,6,14,Monday,0,0,0,6,FuelGo Sinza,-6.76,39.22,Diesel,2165.0,463,1.05,2,24,June
