analytics/fuel_demand_dataset.csv
date,year,month,day,day_of_week,day_of_week_num,is_weekend,is_holiday,station_id,station_name,station_lat,station_lng,fuel_type,price_per_litre,demand_litres,seasonal_factor,quarter,week_of_year,month_name
2021-06-15,2021,6,15,Tuesday,1,0,0,6,FuelGo Sinza,-6.76,39.22,Diesel,2854.0,311,1.05,2,24,June
2021-06-16,2021,6,16,Wednesday,2,0,0,6,FuelGo Sinza,-6.76,39.22,Diesel,2046.0,430,1.05,2,24,June
2021-06-17,2021,6,17,Thursday,3,0,0,6,FuelGo Sinza,-6.76,39.22,Diesel,2566.0,328,1.05,2,24,June
2021-06-18,2021,6,18,Friday,4,0,0,6,FuelGo Sinza,-6.76,39.22,Diesel,2722.0,414,1.05,2,24,June
2021-06-19,2021,6,19,Saturday,5,1,0,6,FuelGo Sinza,-6.76,39.22,Diesel,2459.0,368,1.05,2,24,June
2021-06-20,2021,6,20,Sunday,6,1,0,6,FuelGo Sinza,-6.76,39.22,Diesel,2334.0,332,1.05,2,24,June
2021-06-21,2021,6,21,Monday,0,0,0,6,FuelGo Sinza,-6.76,39.22,Diesel,2574.0,437,1.05,2,25,June
2021-06-22,2021,6,22,Tuesday,1,0,0,6,FuelGo Sinza,-6.76,39.22,Diesel,2629.0,387,1.05,2,25,June
2021-06-23,2021,6,23,Wednesday,2,0,0,6,FuelGo Sinza,-6.76,39.22,Diesel,2389.0,472,1.05,2,25,June
2021-06-24,2021,6,24,Thursday,3,0,0,6,FuelGo Sinza,-6.76,39.22,Diesel,2552.0,415,1.05,2,25,June
2021-06-25,2021,6,25,Friday,4,0,0,6,FuelGo Sinza,-6.76,39.22,Diesel,2446.0,474,1.05,2,25,June
2021-06-26,2021,6,26,Saturday,5,1,0,6,FuelGo Sinza,-6.76,39.22,Diesel,2394.0,306,1.05,2,25,June
2021-06-27,2021,6,27,Sunday,6,1,0,6,FuelGo Sinza,-6.76,39.22,Diesel,2656.0,276,1.05,2,25,June
2021-06-28,2021,6,28,Monday,0,0,0,6,FuelGo Sinza,-6.76,39.22,Diesel,2783.0,361,1.05,2,26,June
2021-06-29,2021,6,29,Tuesday,1,0,0,6,FuelGo Sinza,-6.76,39.22,Diesel,2203.0,517,1.05,2,26,June
2021-06-30,2021,6,30,Wednesday,2,0,0,6,FuelGo Sinza,-6.76,39.22,Diesel,2358.0,484,1.05,2,26,June
2021-07-01,2021,7,1,Thursday,3,0,0,6,FuelGo Sinza,-6.76,39.22,Diesel,2517.0,463,1.12,3,26,July
2021-07-02,2021,7,2,Friday,4,0,0,6,FuelGo Sinza,-6.76,39.22,Diesel,2474.0,451,1.12,3,26,July
2021-07-03,2021,7,3,Saturday,5,1,0,6,FuelGo Sinza,-6.76,39.22,Diesel,2438.0,385,1.12,3,26,July
2021-07-04,2021,7,4,Sunday,6,1,0,6,FuelGo Sinza,-6.76,39.22,Diesel,2554.0,356,1.12,3,26,July
2021-07-05,2021,7,5,Monday,0,0,0,6,FuelGo Sinza,-6.76,39.22,Diesel,2421.0,427,1.12,3,27,July
2021-07-06,2021,7,6,Tuesday,1,0,0,6,FuelGo Sinza,-6.76,39.22,Diesel,2767.0,456,1.12,3,27,July
2021-07-07,2021,7,7,Wednesday,2,0,1,6,FuelGo Sinza,-6.76,39.22,Diesel,2282.0,635,1.12,3,27,July
2021-07-08,2021,7,8,Thursday,3,0,0,6,FuelGo Sinza,-6.76,39.22,Diesel,2551.0,471,1.12,3,27,July
2021-07-09,2021,7,9,Friday,4,0,0,6,FuelGo Sinza,-6.76,39.22,Diesel,2712.0,462,1.12,3,27,July
2021-07-10,2021,7,10,Saturday,5,1,0,6,FuelGo Sinza,-6.76,39.22,Diesel,2497.0,313,1.12,3,27,July
2021-07-11,2021,7,11,Sunday,6,1,0,6,FuelGo Sinza,-6.76,39.22,Diesel,2535.0,276,1.12,3,27,July
2021-07-12,2021,7,12,Monday,0,0,0,6,FuelGo Sinza,-6.76,39.22,Diesel,2839.0,361,1.12,3,28,July
2021-07-13,2021,7,13,Tuesday,1,0,0,6,FuelGo Sinza,-6.76,39.22,Diesel,2495.0,461,1.12,3,28,July
2021-07-14,2021,7,14,Wednesday,2,0,0,6,FuelGo Sinza,-6.76,39.22,Diesel,2438.0,451,1.12,3,28,July
2021-07-15,2021,7,15,Thursday,3,0,0,6,FuelGo Sinza,-6.76,39.22,Diesel,2641.0,385,1.12,3,28,July
2021-07-16,2021,7,16,Friday,4,0,0,6,FuelGo Sinza,-6.76,39.22,Diesel,2909.0,351,1.12,3,28,July
2021-07-17,2021,7,17,Saturday,5,1,0,6,FuelGo Sinza,-6.76,39.22,Diesel,2596.0,341,1.12,3,28,July
2021-07-18,2021,7,18,Sunday,6,1,0,6,FuelGo Sinza,-6.76,39.22,Diesel,2551.0,253,1.12,3,28,July
2021-07-19,2021,7,19,Monday,0,0,0,6,FuelGo Sinza,-6.76,39.22,Diesel,2663.0,484,1.12,3,29,July
2021-07-20,2021,7,20,Tuesday,1,0,1,6,FuelGo Sinza,-6.76,39.22,Diesel,2579.0,462,1.12,3,29,July
2021-07-21,2021,7,21,Wednesday,2,0,0,6,FuelGo Sinza,-6.76,39.22,Diesel,2420.0,454,1.12,3,29,July
2021-07-22,2021,7,22,Thursday,3,0,0,6,FuelGo Sinza,-6.76,39.22,Diesel,2780.0,411,1.12,3,29,July
2021-07-23,2021,7,23,Friday,4,0,0,6,FuelGo Sinza,-6.76,39.22,Diesel,2480.0,416,1.12,3,29,July
2021-07-24,2021,7,24,Saturday,5,1,0,6,FuelGo Sinza,-6.76,39.22,Diesel,2274.0,439,1.12,3,29,July
2021-07-25,2021,7,25,Sunday,6,1,0,6,FuelGo Sinza,-6.76,39.22,Diesel,2711.0,307,1.12,3,29,July
2021-07-26,2021,7,26,Monday,0,0,0,6,FuelGo Sinza,-6.76,39.22,Diesel,2228.0,502,1.12,3,30,July
2021-07-27,2021,7,27,Tuesday,1,0,0,6,FuelGo Sinza,-6.76,39.22,Diesel,2514.0,454,1.12,3,30,July
2021-07-28,2021,7,28,Wednesday,2,0,0,6,FuelGo Sinza,-6.76,39.22,Diesel,2509.0,499,1.12,3,30,July
2021-07-29,2021,7,29,Thursday,3,0,0,6,FuelGo Sinza,-6.76,39.22,Diesel,2386.0,428,1.12,3,30,July
2021-07-30,2021,7,30,Friday,4,0,0,6,FuelGo Sinza,-6.76,39.22,Diesel,2156.0,585,1.12,3,30,July
2021-07-31,2021,7,31,Saturday,5,1,0,6,FuelGo Sinza,-6.76,39.22,Diesel,2506.0,412,1.12,3,30,July
2021-08-01,2021,8,1,Sunday,6,1,0,6,FuelGo Sinza,-6.76,39.22,Diesel,2210.0,363,1.08,3,30,August
2021-08-02,2021,8,2,Monday,0,0,0,6,FuelGo Sinza,-6.76,39.22,Diesel,2280.0,467,1.08,3,31,August
2021-08-03,2021,8,3,Tuesday,1,0,0,6,FuelGo Sinza,-6.76,39.22,Diesel,2649.0,314,1.08,3,31,August
2021-08-04,2021,8,4,Wednesday,2,0,0,6,FuelGo Sinza,-6.76,39.22,Diesel,2557.0,427,1.08,3,31,August
2021-08-05,2021,8,5,Thursday,3,0,0,6,FuelGo Sinza,-6.76,39.22,Diesel,2304.0,422,1.08,3,31,August
2021-08-06,2021,8,6,Friday,4,0,0,6,FuelGo Sinza,-6.76,39.22,Diesel,2436.0,524,1.08,3,31,August
2021-08-07,2021,8,7,Saturday,5,1,0,6,FuelGo Sinza,-6.76,39.22,Diesel,2608.0,356,1.08,3,31,August
2021-08-08,2021,8,8,Sunday,6,1,1,6,FuelGo Sinza,-6.76,39.22,Diesel,2482.0,331,1.08,3,31,August
2021-08-09,2021,8,9,Monday,0,0,0,6,FuelGo Sinza,-6.76,39.22,Diesel,2359.0,417,1.08,3,32,August
2021-08-10,2021,8,10,Tuesday,1,0,0,6,FuelGo Sinza,-6.76,39.22,Diesel,2341.0,461,1.08,3,32,August
2021-08-11,2021,8,11,Wednesday,2,0,0,6,FuelGo Sinza,-6.76,39.22,Diesel,2670.0,380,1.08,3,32,August
2021-08-12,2021,8,12,Thursday,3,0,0,6,FuelGo Sinza,-6.76,39.22,Diesel,2533.0,429,1.08,3,32,August
2021-08-13,2021,8,13,Friday,4,0,0,6,FuelGo Sinza,-6.76,39.22,Diesel,2304.0,479,1.08,3,32,August
2021-01-01,2021,1,1,Friday,4,0,1,6,FuelGo Sinza,-6.76,39.22,Kerosene,2024.0,273,1.15,1,53,January
2021-01-02,2021,1,2,Saturday,5,1,0,6,FuelGo Sinza,-6.76,39.22,Kerosene,1963.0,189,1.15,1,53,January
2021-01-03,2021,1,3,Sunday,6,1,0,6,FuelGo Sinza,-6.76,39.22,Kerosene,2009.0,152,1.15,1,53,January
2021-01-04,2021,1,4,Monday,0,0,0,6,FuelGo Sinza,-6.76,39.22,Kerosene,1733.0,252,1.15,1,1,January
2021-01-05,2021,1,5,Tuesday,1,0,0,6,FuelGo Sinza,-6.76,39.22,Kerosene,2461.0,160,1.15,1,1,January
2021-01-06,2021,1,6,Wednesday,2,0,0,6,FuelGo Sinza,-6.76,39.22,Kerosene,1936.0,215,1.15,1,1,January
2021-01-07,2021,1,7,Thursday,3,0,0,6,FuelGo Sinza,-6.76,39.22,Kerosene,1873.0,189,1.15,1,1,January
2021-01-08,2021,1,8,Friday,4,0,0,6,FuelGo Sinza,-6.76,39.22,Kerosene,2042.0,237,1.15,1,1,January
2021-01-09,2021,1,9,Saturday,5,1,0,6,FuelGo Sinza,-6.76,39.22,Kerosene,2077.0,148,1.15,1,1,January
2021-01-10,2021,1,10,Sunday,6,1,0,6,FuelGo Sinza,-6.76,39.22,Kerosene,2012.0,137,1.15,1,1,January
2021-01-11,2021,1,11,Monday,0,0,0,6,FuelGo Sinza,-6.76,39.22,Kerosene,1995.0,238,1.15,1,2,January
2021-01-12,2021,1,12,Tuesday,1,0,1,6,FuelGo Sinza,-6.76,39.22,Kerosene,1929.0,265,1.15,1,2,January
2021-01-13,2021,1,13,Wednesday,2,0,0,6,FuelGo Sinza,-6.76,39.22,Kerosene,2043.0,192,1.15,1,2,January
2021-01-14,2021,1,14,Thursday,3,0,0,6,FuelGo Sinza,-6.76,39.22,Kerosene,1857.0,187,1.15,1,2,January
2021-01-15,2021,1,15,Friday,4,0,0,6,FuelGo Sinza,-6.76,39.22,Kerosene,2021.0,238,1.15,1,2,January
2021-01-16,2021,1,16,Saturday,5,1,0,6,FuelGo Sinza,-6.76,39.22,Kerosene,1848.0,182,1.15,1,2,January
2021-01-17,2021,1,17,Sunday,6,1,0,6,FuelGo Sinza,-6.76,39.22,Kerosene,2142.0,126,1.15,1,2,January
2021-01-18,2021,1,18,Monday,0,0,0,6,FuelGo Sinza,-6.76,39.22,Kerosene,2096.0,182,1.15,1,3,January
2021-01-19,2021,1,19,Tuesday,1,0,0,6,FuelGo Sinza,-6.76,39.22,Kerosene,2081.0,217,1.15,1,3,January
2021-01-20,2021,1,20,Wednesday,2,0,0,6,FuelGo Sinza,-6.76,39.22,Kerosene,2105.0,203,1.15,1,3,January
2021-01-21,2021,1,21,Thursday,3,0,0,6,FuelGo Sinza,-6.76,39.22,Kerosene,2195.0,186,1.15,1,3,January
2021-01-22,2021,1,22,Friday,4,0,0,6,FuelGo Sinza,-6.76,39.22,Kerosene,2137.0,234,1.15,1,3,January
2021-01-23,2021,1,23,Saturday,5,1,0,6,FuelGo Sinza,-6.76,39.22,Kerosene,2136.0,173,1.15,1,3,January
2021-01-24,2021,1,24,Sunday,6,1,0,6,FuelGo Sinza,-6.76,39.22,Kerosene,2389.0,109,1.15,1,3,January
2021-01-25,2021,1,25,Monday,0,0,0,6,FuelGo Sinza,-6.76,39.22,Kerosene,2130.0,191,1.15,1,4,January
2021-01-26,2021,1,26,Tuesday,1,0,0,6,FuelGo Sinza,-6.76,39.22,Kerosene,2129.0,173,1.15,1,4,January
2021-01-27,2021,1,27,Wednesday,2,0,0,6,FuelGo Sinza,-6.76,39.22,Kerosene,2094.0,181,1.15,1,4,January
2021-01-28,2021,1,28,Thursday,3,0,0,6,FuelGo Sinza,-6.76,39.22,Kerosene,1987.0,176,1.15,1,4,January
2021-01-29,2021,1,29,Friday,4,0,0,6,FuelGo Sinza,-6.76,39.22,Kerosene,2032.0,174,1.15,1,4,January
2021-01-30,2021,1,30,Saturday,5,1,0,6,FuelGo Sinza,-6.76,39.22,Kerosene,1927.0,205,1.15,1,4,January
2021-01-31,2021,1,31,Sunday,6,1,0,6,FuelGo Sinza,-6.76,39.22,Kerosene,1974.0,142,1.15,1,4,January
2021-02-01,2021,2,1,Monday,0,0,0,6,FuelGo Sinza,-6.76,39.22,Kerosene,2120.0,154,0.95,1,5,February
2021-02-02,2021,2,2,Tuesday,1,0,0,6,FuelGo Sinza,-6.76,39.22,Kerosene,1746.0,179,0.95,1,5,February
2021-02-03,2021,2,3,Wednesday,2,0,0,6,FuelGo Sinza,-6.76,39.22,Kerosene,1922.0,198,0.95,1,5,February
2021-02-04,2021,2,4,Thursday,3,0,0,6,FuelGo Sinza,-6.76,39.22,Kerosene,2051.0,141,0.95,1,5,February
2021-02-05,2021,2,5,Friday,4,0,0,6,FuelGo Sinza,-6.76,39.22,Kerosene,2136.0,159,0.95,1,5,February
2021-02-06,2021,2,6,Saturday,5,1,0,6,FuelGo Sinza,-6.76,39.22,Kerosene,2122.0,138,0.95,1,5,February
2021-02-07,2021,2,7,Sunday,6,1,0,6,FuelGo Sinza,-6.76,39.22,Kerosene,1976.0,134,0.95,1,5,February
2021-02-08,2021,2,8,Monday,0,0,0,6,FuelGo Sinza,-6.76,39.22,Kerosene,2005.0,159,0.95,1,6,February
2021-02-09,2021,2,9,Tuesday,1,0,0,6,FuelGo Sinza,-6.76,39.22,Kerosene,1900.0,205,0.95,1,6,February
2021-02-10,2021,2,10,Wednesday,2,0,0,6,FuelGo Sinza,-6.76,39.22,Kerosene,2058.0,167,0.95,1,6,February
2021-02-11,2021,2,11,Thursday,3,0,0,6,FuelGo Sinza,-6.76,39.22,Kerosene,1833.0,210,0.95,1,6,February
2021-02-12,2021,2,12,Friday,4,0,0,6,FuelGo Sinza,-6.76,39.22,Kerosene,1840.0,192,0.95,1,6,February
2021-02-13,2021,2,13,Saturday,5,1,0,6,FuelGo Sinza,-6.76,39.22,Kerosene,1705.0,170,0.95,1,6,February
2021-02-14,2021,2,14,Sunday,6,1,0,6,FuelGo Sinza,-6.76,39.22,Kerosene,1873.0,130,0.95,1,6,February
2021-02-15,2021,2,15,Monday,0,0,0,6,FuelGo Sinza,-6.76,39.22,Kerosene,2020.0,215,0.95,1,7,February
2021-02-16,2021,2,16,Tuesday,1,0,1,6,FuelGo Sinza,-6.76,39.22,Kerosene,2171.0,205,0.95,1,7,February
2021-02-17,2021,2,17,Wednesday,2,0,0,6,FuelGo Sinza,-6.76,39.22,Kerosene,1999.0,172,0.95,1,7,February
2021-02-18,2021,2,18,Thursday,3,0,0,6,FuelGo Sinza,-6.76,39.22,Kerosene,1969.0,183,0.95,1,7,February
2021-02-19,2021,2,19,Friday,4,0,0,6,FuelGo Sinza,-6.76,39.22,Kerosene,1962.0,190,0.95,1,7,February
2021-02-20,2021,2,20,Saturday,5,1,0,6,FuelGo Sinza,-6.76,39.22,Kerosene,2063.0,142,0.95,1,7,February
2021-02-21,2021,2,21,Sunday,6,1,0,6,FuelGo Sinza,-6.76,39.22,Kerosene,2080.0,116,0.95,1,7,February
2021-02-22,2021,2,22,Monday,0,0,0,6,FuelGo Sinza,-6.76,39.22,Kerosene,1981.0,174,0.95,1,8,February
2021-02-23,2021,2,23,Tuesday,1,0,0,6,FuelGo Sinza,-6.76,39.22,Kerosene,2052.0,131,0.95,1,8,February
2021-02-24,2021,2,24,Wednesday,2,0,0,6,FuelGo Sinza,-6.76,39.22,Kerosene,2021.0,166,0.95,1,8,February
2021-02-25,2021,2,25,Thursday,3,0,0,6,FuelGo Sinza,-6.76,39.22,Kerosene,2089.0,159,0.95,1,8,February
2021-02-26,2021,2,26,Friday,4,0,0,6,FuelGo Sinza,-6.76,39.22,Kerosene,2185.0,156,0.95,1,8,February
2021-02-27,2021,2,27,Saturday,5,1,0,6,FuelGo Sinza,-6.76,39.22,Kerosene,1806.0,169,0.95,1,8,February
2021-02-28,2021,2,28,Sunday,6,1,0,6,FuelGo Sinza,-6.76,39.22,Kerosene,1826.0,111,0.95,1,8,February
2021-03-01,2021,3,1,Monday,0,0,0,6,FuelGo Sinza,-6.76,39.22,Kerosene,2059.0,164,0.88,1,9,March
2021-03-02,2021,3,2,Tuesday,1,0,0,6,FuelGo Sinza,-6.76,39.22,Kerosene,2038.0,142,0.88,1,9,March
2021-03-03,2021,3,3,Wednesday,2,0,0,6,FuelGo Sinza,-6.76,39.22,Kerosene,1923.0,175,0.88,1,9,March
2021-03-04,2021,3,4,Thursday,3,0,0,6,FuelGo Sinza,-6.76,39.22,Kerosene,2258.0,142,0.88,1,9,March
2021-03-05,2021,3,5,Friday,4,0,0,6,FuelGo Sinza,-6.76,39.22,Kerosene,2034.0,170,0.88,1,9,March
2021-03-06,2021,3,6,Saturday,5,1,0,6,FuelGo Sinza,-6.76,39.22,Kerosene,1911.0,161,0.88,1,9,March
2021-03-07,2021,3,7,Sunday,6,1,0,6,FuelGo Sinza,-6.76,39.22,Kerosene,1874.0,130,0.88,1,9,March
2021-03-08,2021,3,8,Monday,0,0,0,6,FuelGo Sinza,-6.76,39.22,Kerosene,2063.0,135,0.88,1,10,March
2021-03-09,2021,3,9,Tuesday,1,0,0,6,FuelGo Sinza,-6.76,39.22,Kerosene,1982.0,154,0.88,1,10,March
2021-03-10,2021,3,10,Wednesday,2,0,0,6,FuelGo Sinza,-6.76,39.22,Kerosene,1929.0,165,0.88,1,10,March
2021-03-11,2021,3,11,Thursday,3,0,0,6,FuelGo Sinza,-6.76,39.22,Kerosene,1946.0,142,0.88,1,10,March
2021-03-12,2021,3,12,Friday,4,0,0,6,FuelGo Sinza,-6.76,39.22,Kerosene,2070.0,149,0.88,1,10,March
2021-03-13,2021,3,13,Saturday,5,1,0,6,FuelGo Sinza,-6.76,39.22,Kerosene,2081.0,119,0.88,1,10,March
2021-03-14,2021,3,14,Sunday,6,1,0,6,FuelGo Sinza,-6.76,39.22,Kerosene,2274.0,99,0.88,1,10,March
2021-03-15,2021,3,15,Monday,0,0,0,6,FuelGo Sinza,-6.76,39.22,Kerosene,2121.0,132,0.88,1,11,March
2021-03-16,2021,3,16,Tuesday,1,0,0,6,FuelGo Sinza,-6.76,39.22,Kerosene,1775.0,207,0.88,1,11,March
2021-03-17,2021,3,17,Wednesday,2,0,0,6,FuelGo Sinza,-6.76,39.22,Kerosene,2184.0,138,0.88,1,11,March
2021-03-18,2021,3,18,Thursday,3,0,0,6,FuelGo Sinza,-6.76,39.22,Kerosene,2226.0,120,0.88,1,11,March
2021-03-19,2021,3,19,Friday,4,0,0,6,FuelGo Sinza,-6.76,39.22,Kerosene,1978.0,177,0.88,1,11,March
2021-03-20,2021,3,20,Saturday,5,1,0,6,FuelGo Sinza,-6.76,39.22,Kerosene,2150.0,145,0.88,1,11,March
2021-03-21,2021,3,21,Sunday,6,1,0,6,FuelGo Sinza,-6.76,39.22,Kerosene,2037.0,105,0.88,1,11,March
2021-03-22,2021,3,22,Monday,0,0,0,6,FuelGo Sinza,-6.76,39.22,Kerosene,2061.0,134,0.88,1,12,March
2021-03-23,2021,3,23,Tuesday,1,0,0,6,FuelGo Sinza,-6.76,39.22,Kerosene,2036.0,146,0.88,1,12,March
2021-03-24,2021,3,24,Wednesday,2,0,0,6,FuelGo Sinza,-6.76,39.22,Kerosene,2014.0,151,0.88,1,12,March
2021-03-25,2021,3,25,Thursday,3,0,0,6,FuelGo Sinza,-6.76,39.22,Kerosene,1858.0,183,0.88,1,12,March
2021-03-26,2021,3,26,Friday,4,0,1,6,FuelGo Sinza,-6.76,39.22,Kerosene,1969.0,166,0.88,1,12,March
2021-03-27,2021,3,27,Saturday,5,1,0,6,FuelGo Sinza,-6.76,39.22,Kerosene,1868.0,170,0.88,1,12,March
2021-03-28,2021,3,28,Sunday,6,1,0,6,FuelGo Sinza,-6.76,39.22,Kerosene,1895.0,97,0.88,1,12,March
2021-03-29,2021,3,29,Monday,0,0,0,6,FuelGo Sinza,-6.76,39.22,Kerosene,2053.0,155,0.88,1,13,March
2021-03-30,2021,3,30,Tuesday,1,0,0,6,FuelGo Sinza,-6.76,39.22,Kerosene,2057.0,159,0.88,1,13,March
2021-03-31,2021,3,31,Wednesday,2,0,0,6,FuelGo Sinza,-6.76,39.22,Kerosene,2237.0,121,0.88,1,13,March
2021-04-01,2021,4,1,Thursday,3,0,0,6,FuelGo Sinza,-6.76,39.22,Kerosene,2011.0,153,0.85,2,13,April
2021-04-02,2021,4,2,Friday,4,0,0,6,FuelGo Sinza,-6.76,39.22,Kerosene,2061.0,161,0.85,2,13,April
2021-04-03,2021,4,3,Saturday,5,1,0,6,FuelGo Sinza,-6.76,39.22,Kerosene,1988.0,140,0.85,2,13,April
2021-04-04,2021,4,4,Sunday,6,1,0,6,FuelGo Sinza,-6.76,39.22,Kerosene,2070.0,113,0.85,2,13,April
2021-04-05,2021,4,5,Monday,0,0,0,6,FuelGo Sinza,-6.76,39.22,Kerosene,2044.0,156,0.85,2,14,April
2021-04-06,2021,4,6,Tuesday,1,0,0,6,FuelGo Sinza,-6.76,39.22,Kerosene,2128.0,161,0.85,2,14,April
2021-04-07,2021,4,7,Wednesday,2,0,1,6,FuelGo Sinza,-6.76,39.22,Kerosene,2204.0,198,0.85,2,14,April
2021-04-08,2021,4,8,Thursday,3,0,0,6,FuelGo Sinza,-6.76,39.22,Kerosene,2258.0,140,0.85,2,14,April
2021-04-09,2021,4,9,Friday,4,0,0,6,FuelGo Sinza,-6.76,39.22,Kerosene,2307.0,123,0.85,2,14,April
2021-04-10,2021,4,10,Saturday,5,1,0,6,FuelGo Sinza,-6.76,39.22,Kerosene,2175.0,109,0.85,2,14,April
2021-04-11,2021,4,11,Sunday,6,1,0,6,FuelGo Sinza,-6.76,39.22,Kerosene,2091.0,87,0.85,2,14,April
2021-04-12,2021,4,12,Monday,0,0,0,6,FuelGo Sinza,-6.76,39.22,Kerosene,2144.0,151,0.85,2,15,April
2021-04-13,2021,4,13,Tuesday,1,0,0,6,FuelGo Sinza,-6.76,39.22,Kerosene,1905.0,130,0.85,2,15,April
2021-04-14,2021,4,14,Wednesday,2,0,0,6,FuelGo Sinza,-6.76,39.22,Kerosene,1961.0,146,0.85,2,15,April
2021-04-15,2021,4,15,Thursday,3,0,0,6,FuelGo Sinza,-6.76,39.22,Kerosene,2035.0,160,0.85,2,15,April
2021-04-16,2021,4,16,Friday,4,0,0,6,FuelGo Sinza,-6.76,39.22,Kerosene,1966.0,146,0.85,2,15,April
2021-04-17,2021,4,17,Saturday,5,1,0,6,FuelGo Sinza,-6.76,39.22,Kerosene,1888.0,143,0.85,2,15,April
2021-04-18,2021,4,18,Sunday,6,1,0,6,FuelGo Sinza,-6.76,39.22,Kerosene,2178.0,103,0.85,2,15,April
2021-04-19,2021,4,19,Monday,0,0,0,6,FuelGo Sinza,-6.76,39.22,Kerosene,2174.0,132,0.85,2,16,April
2021-04-20,2021,4,20,Tuesday,1,0,0,6,FuelGo Sinza,-6.76,39.22,Kerosene,1893.0,156,0.85,2,16,April
2021-04-21,2021,4,21,Wednesday,2,0,0,6,FuelGo Sinza,-6.76,39.22,Kerosene,2007.0,163,0.85,2,16,April
2021-04-22,2021,4,22,Thursday,3,0,0,6,FuelGo Sinza,-6.76,39.22,Kerosene,2243.0,132,0.85,2,16,April
2021-04-23,2021,4,23,Friday,4,0,0,6,FuelGo Sinza,-6.76,39.22,Kerosene,2121.0,171,0.85,2,16,April
2021-04-24,2021,4,24,Saturday,5,1,0,6,FuelGo Sinza,-6.76,39.22,Kerosene,2104.0,118,0.85,2,16,April
2021-04-25,2021,4,25,Sunday,6,1,0,6,FuelGo Sinza,-6.76,39.22,Kerosene,1867.0,133,0.85,2,16,April
2021-04-26,2021,4,26,Monday,0,0,1,6,FuelGo Sinza,-6.76,39.22,Kerosene,2044.0,173,0.85,2,17,April
2021-04-27,2021,4,27,Tuesday,1,0,0,6,FuelGo Sinza,-6.76,39.22,Kerosene,1869.0,164,0.85,2,17,April
2021-04-28,2021,4,28,Wednesday,2,0,0,6,FuelGo Sinza,-6.76,39.22,Kerosene,2236.0,126,0.85,2,17,April
2021-04-29,2021,4,29,Thursday,3,0,0,6,FuelGo Sinza,-6.76,39.22,Kerosene,1969.0,161,0.85,2,17,April
2021-04-30,2021,4,30,Friday,4,0,0,6,FuelGo Sinza,-6.76,39.22,Kerosene,2078.0,182,0.85,2,17,April
2021-05-01,2021,5,1,Saturday,5,1,1,6,FuelGo Sinza,-6.76,39.22,Kerosene,2139.0,163,0.9,2,17,May
2021-05-02,2021,5,2,Sunday,6,1,0,6,FuelGo Sinza,-6.76,39.22,Kerosene,2085.0,119,0.9,2,17,May
