analytics/fuel_demand_dataset.csv
date,year,month,day,day_of_week,day_of_week_num,is_weekend,is_holiday,station_id,station_name,station_lat,station_lng,fuel_type,price_per_litre,demand_litres,seasonal_factor,quarter,week_of_year,month_name
2021-05-03,2021,5,3,Monday,0,0,0,6,FuelGo Sinza,-6.76,39.22,Kerosene,2248.0,136,0.9,2,18,May
2021-05-04,2021,5,4,Tuesday,1,0,0,6,FuelGo Sinza,-6.76,39.22,Kerosene,1853.0,171,0.9,2,18,May
2021-05-05,2021,5,5,Wednesday,2,0,0,6,FuelGo Sinza,-6.76,39.22,Kerosene,2048.0,166,0.9,2,18,May
2021-05-06,2021,5,6,Thursday,3,0,0,6,FuelGo Sinza,-6.76,39.22,Kerosene,1976.0,137,0.9,2,18,May
2021-05-07,2021,5,7,Friday,4,0,0,6,FuelGo Sinza,-6.76,39.22,Kerosene,2114.0,152,0.9,2,18,May
2021-05-08,2021,5,8,Saturday,5,1,0,6,FuelGo Sinza,-6.76,39.22,Kerosene,2096.0,110,0.9,2,18,May
2021-05-09,2021,5,9,Sunday,6,1,0,6,FuelGo Sinza,-6.76,39.22,Kerosene,2097.0,105,0.9,2,18,May
2021-05-10,2021,5,10,Monday,0,0,0,6,FuelGo Sinza,-6.76,39.22,Kerosene,2080.0,164,0.9,2,19,May
2021-05-11,2021,5,11,Tuesday,1,0,0,6,FuelGo Sinza,-6.76,39.22,Kerosene,1985.0,168,0.9,2,19,May
2021-05-12,2021,5,12,Wednesday,2,0,0,6,FuelGo Sinza,-6.76,39.22,Kerosene,2030.0,176,0.9,2,19,May
2021-05-13,2021,5,13,Thursday,3,0,1,6,FuelGo Sinza,-6.76,39.22,Kerosene,2076.0,160,0.9,2,19,May
2021-05-14,2021,5,14,Friday,4,0,0,6,FuelGo Sinza,-6.76,39.22,Kerosene,2146.0,170,0.9,2,19,May
2021-05-15,2021,5,15,Saturday,5,1,0,6,FuelGo Sinza,-6.76,39.22,Kerosene,1916.0,151,0.9,2,19,May
2021-05-16,2021,5,16,Sunday,6,1,0,6,FuelGo Sinza,-6.76,39.22,Kerosene,2034.0,124,0.9,2,19,May
2021-05-17,2021,5,17,Monday,0,0,0,6,FuelGo Sinza,-6.76,39.22,Kerosene,2249.0,157,0.9,2,20,May
2021-05-18,2021,5,18,Tuesday,1,0,0,6,FuelGo Sinza,-6.76,39.22,Kerosene,2026.0,175,0.9,2,20,May
2021-05-19,2021,5,19,Wednesday,2,0,0,6,FuelGo Sinza,-6.76,39.22,Kerosene,1937.0,154,0.9,2,20,May
2021-05-20,2021,5,20,Thursday,3,0,0,6,FuelGo Sinza,-6.76,39.22,Kerosene,2005.0,163,0.9,2,20,May
2021-05-21,2021,5,21,Friday,4,0,0,6,FuelGo Sinza,-6.76,39.22,Kerosene,2220.0,160,0.9,2,20,May
2021-05-22,2021,5,22,Saturday,5,1,0,6,FuelGo Sinza,-6.76,39.22,Kerosene,2150.0,145,0.9,2,20,May
2021-05-23,2021,5,23,Sunday,6,1,0,6,FuelGo Sinza,-6.76,39.22,Kerosene,2122.0,109,0.9,2,20,May
2021-05-24,2021,5,24,Monday,0,0,0,6,FuelGo Sinza,-6.76,39.22,Kerosene,2023.0,183,0.9,2,21,May
2021-05-25,2021,5,25,Tuesday,1,0,1,6,FuelGo Sinza,-6.76,39.22,Kerosene,2061.0,214,0.9,2,21,May
2021-05-26,2021,5,26,Wednesday,2,0,0,6,FuelGo Sinza,-6.76,39.22,Kerosene,1902.0,155,0.9,2,21,May
2021-05-27,2021,5,27,Thursday,3,0,0,6,FuelGo Sinza,-6.76,39.22,Kerosene,2098.0,154,0.9,2,21,May
2021-05-28,2021,5,28,Friday,4,0,0,6,FuelGo Sinza,-6.76,39.22,Kerosene,1913.0,179,0.9,2,21,May
2021-05-29,2021,5,29,Saturday,5,1,0,6,FuelGo Sinza,-6.76,39.22,Kerosene,1995.0,127,0.9,2,21,May
2021-05-30,2021,5,30,Sunday,6,1,0,6,FuelGo Sinza,-6.76,39.22,Kerosene,1879.0,125,0.9,2,21,May
2021-05-31,2021,5,31,Monday,0,0,0,6,FuelGo Sinza,-6.76,39.22,Kerosene,2216.0,113,0.9,2,22,May
2021-06-01,2021,6,1,Tuesday,1,0,0,6,FuelGo Sinza,-6.76,39.22,Kerosene,1967.0,163,1.05,2,22,June
2021-06-02,2021,6,2,Wednesday,2,0,0,6,FuelGo Sinza,-6.76,39.22,Kerosene,2253.0,157,1.05,2,22,June
2021-06-03,2021,6,3,Thursday,3,0,0,6,FuelGo Sinza,-6.76,39.22,Kerosene,1848.0,185,1.05,2,22,June
2021-06-04,2021,6,4,Friday,4,0,0,6,FuelGo Sinza,-6.76,39.22,Kerosene,1975.0,189,1.05,2,22,June
2021-06-05,2021,6,5,Saturday,5,1,0,6,FuelGo Sinza,-6.76,39.22,Kerosene,2004.0,178,1.05,2,22,June
2021-06-06,2021,6,6,Sunday,6,1,0,6,FuelGo Sinza,-6.76,39.22,Kerosene,2166.0,138,1.05,2,22,June
2021-06-07,2021,6,7,Monday,0,0,0,6,FuelGo Sinza,-6.76,39.22,Kerosene,2077.0,158,1.05,2,23,June
2021-06-08,2021,6,8,Tuesday,1,0,0,6,FuelGo Sinza,-6.76,39.22,Kerosene,2185.0,194,1.05,2,23,June
2021-06-09,2021,6,9,Wednesday,2,0,0,6,FuelGo Sinza,-6.76,39.22,Kerosene,1974.0,147,1.05,2,23,June
2021-06-10,2021,6,10,Thursday,3,0,0,6,FuelGo Sinza,-6.76,39.22,Kerosene,2062.0,166,1.05,2,23,June
2021-06-11,2021,6,11,Friday,4,0,0,6,FuelGo Sinza,-6.76,39.22,Kerosene,1816.0,202,1.05,2,23,June
2021-06-12,2021,6,12,Saturday,5,1,0,6,FuelGo Sinza,-6.76,39.22,Kerosene,2011.0,164,1.05,2,23,June
2021-06-13,2021,6,13,Sunday,6,1,0,6,FuelGo Sinza,-6.76,39.22,Kerosene,2196.0,128,1.05,2,23,June
2021-06-14,2021,6,14,Monday,0,0,0,6,FuelGo Sinza,-6.76,39.22,Kerosene,2180.0,188,1.05,2,24,June
2021-06-15,2021,6,15,Tuesday,1,0,0,6,FuelGo Sinza,-6.76,39.22,Kerosene,1970.0,190,1.05,2,24,June
2021-06-16,2021,6,16,Wednesday,2,0,0,6,FuelGo Sinza,-6.76,39.22,Kerosene,2285.0,175,1.05,2,24,June
2021-06-17,2021,6,17,Thursday,3,0,0,6,FuelGo Sinza,-6.76,39.22,Kerosene,2021.0,128,1.05,2,24,June
2021-06-18,2021,6,18,Friday,4,0,0,6,FuelGo Sinza,-6.76,39.22,Kerosene,1920.0,191,1.05,2,24,June
2021-06-19,2021,6,19,Saturday,5,1,0,6,FuelGo Sinza,-6.76,39.22,Kerosene,2068.0,147,1.05,2,24,June
2021-06-20,2021,6,20,Sunday,6,1,0,6,FuelGo Sinza,-6.76,39.22,Kerosene,2114.0,142,1.05,2,24,June
2021-06-21,2021,6,21,Monday,0,0,0,6,FuelGo Sinza,-6.76,39.22,Kerosene,1931.0,197,1.05,2,25,June
2021-06-22,2021,6,22,Tuesday,1,0,0,6,FuelGo Sinza,-6.76,39.22,Kerosene,1928.0,200,1.05,2,25,June
2021-06-23,2021,6,23,Wednesday,2,0,0,6,FuelGo Sinza,-6.76,39.22,Kerosene,2074.0,192,1.05,2,25,June
2021-06-24,2021,6,24,Thursday,3,0,0,6,FuelGo Sinza,-6.76,39.22,Kerosene,1998.0,219,1.05,2,25,June
2021-06-25,2021,6,25,Friday,4,0,0,6,FuelGo Sinza,-6.76,39.22,Kerosene,2201.0,185,1.05,2,25,June
2021-06-26,2021,6,26,Saturday,5,1,0,6,FuelGo Sinza,-6.76,39.22,Kerosene,2318.0,135,1.05,2,25,June
2021-06-27,2021,6,27,Sunday,6,1,0,6,FuelGo Sinza,-6.76,39.22,Kerosene,2145.0,129,1.05,2,25,June
2021-06-28,2021,6,28,Monday,0,0,0,6,FuelGo Sinza,-6.76,39.22,Kerosene,2249.0,189,1.05,2,26,June
2021-06-29,2021,6,29,Tuesday,1,0,0,6,FuelGo Sinza,-6.76,39.22,Kerosene,2007.0,186,1.05,2,26,June
2021-06-30,2021,6,30,Wednesday,2,0,0,6,FuelGo Sinza,-6.76,39.22,Kerosene,2047.0,214,1.05,2,26,June
2021-07-01,2021,7,1,Thursday,3,0,0,6,FuelGo Sinza,-6.76,39.22,Kerosene,2122.0,195,1.12,3,26,July
2021-07-02,2021,7,2,Friday,4,0,0,6,FuelGo Sinza,-6.76,39.22,Kerosene,2204.0,198,1.12,3,26,July
2021-07-03,2021,7,3,Saturday,5,1,0,6,FuelGo Sinza,-6.76,39.22,Kerosene,2373.0,119,1.12,3,26,July
2021-07-04,2021,7,4,Sunday,6,1,0,6,FuelGo Sinza,-6.76,39.22,Kerosene,1946.0,170,1.12,3,26,July
2021-07-05,2021,7,5,Monday,0,0,0,6,FuelGo Sinza,-6.76,39.22,Kerosene,2093.0,143,1.12,3,27,July
2021-07-06,2021,7,6,Tuesday,1,0,0,6,FuelGo Sinza,-6.76,39.22,Kerosene,2092.0,244,1.12,3,27,July
2021-07-07,2021,7,7,Wednesday,2,0,1,6,FuelGo Sinza,-6.76,39.22,Kerosene,2062.0,241,1.12,3,27,July
2021-07-08,2021,7,8,Thursday,3,0,0,6,FuelGo Sinza,-6.76,39.22,Kerosene,1966.0,161,1.12,3,27,July
2021-07-09,2021,7,9,Friday,4,0,0,6,FuelGo Sinza,-6.76,39.22,Kerosene,2182.0,186,1.12,3,27,July
2021-07-10,2021,7,10,Saturday,5,1,0,6,FuelGo Sinza,-6.76,39.22,Kerosene,2004.0,137,1.12,3,27,July
2021-07-11,2021,7,11,Sunday,6,1,0,6,FuelGo Sinza,-6.76,39.22,Kerosene,2102.0,153,1.12,3,27,July
2021-07-12,2021,7,12,Monday,0,0,0,6,FuelGo Sinza,-6.76,39.22,Kerosene,2080.0,172,1.12,3,28,July
2021-07-13,2021,7,13,Tuesday,1,0,0,6,FuelGo Sinza,-6.76,39.22,Kerosene,1982.0,199,1.12,3,28,July
2021-07-14,2021,7,14,Wednesday,2,0,0,6,FuelGo Sinza,-6.76,39.22,Kerosene,1804.0,245,1.12,3,28,July
2021-07-15,2021,7,15,Thursday,3,0,0,6,FuelGo Sinza,-6.76,39.22,Kerosene,2207.0,161,1.12,3,28,July
2021-07-16,2021,7,16,Friday,4,0,0,6,FuelGo Sinza,-6.76,39.22,Kerosene,2045.0,163,1.12,3,28,July
2021-07-17,2021,7,17,Saturday,5,1,0,6,FuelGo Sinza,-6.76,39.22,Kerosene,2144.0,154,1.12,3,28,July
2021-07-18,2021,7,18,Sunday,6,1,0,6,FuelGo Sinza,-6.76,39.22,Kerosene,2065.0,145,1.12,3,28,July
2021-07-19,2021,7,19,Monday,0,0,0,6,FuelGo Sinza,-6.76,39.22,Kerosene,1985.0,240,1.12,3,29,July
2021-07-20,2021,7,20,Tuesday,1,0,1,6,FuelGo Sinza,-6.76,39.22,Kerosene,2168.0,229,1.12,3,29,July
2021-07-21,2021,7,21,Wednesday,2,0,0,6,FuelGo Sinza,-6.76,39.22,Kerosene,1931.0,261,1.12,3,29,July
2021-07-22,2021,7,22,Thursday,3,0,0,6,FuelGo Sinza,-6.76,39.22,Kerosene,2157.0,184,1.12,3,29,July
2021-07-23,2021,7,23,Friday,4,0,0,6,FuelGo Sinza,-6.76,39.22,Kerosene,2216.0,190,1.12,3,29,July
2021-07-24,2021,7,24,Saturday,5,1,0,6,FuelGo Sinza,-6.76,39.22,Kerosene,2058.0,193,1.12,3,29,July
2021-07-25,2021,7,25,Sunday,6,1,0,6,FuelGo Sinza,-6.76,39.22,Kerosene,2263.0,132,1.12,3,29,July
2021-07-26,2021,7,26,Monday,0,0,0,6,FuelGo Sinza,-6.76,39.22,Kerosene,2185.0,147,1.12,3,30,July
2021-07-27,2021,7,27,Tuesday,1,0,0,6,FuelGo Sinza,-6.76,39.22,Kerosene,2285.0,169,1.12,3,30,July
2021-07-28,2021,7,28,Wednesday,2,0,0,6,FuelGo Sinza,-6.76,39.22,Kerosene,2047.0,184,1.12,3,30,July
2021-07-29,2021,7,29,Thursday,3,0,0,6,FuelGo Sinza,-6.76,39.22,Kerosene,2387.0,159,1.12,3,30,July
2021-07-30,2021,7,30,Friday,4,0,0,6,FuelGo Sinza,-6.76,39.22,Kerosene,2211.0,138,1.12,3,30,July
2021-07-31,2021,7,31,Saturday,5,1,0,6,FuelGo Sinza,-6.76,39.22,Kerosene,2304.0,152,1.12,3,30,July
2021-08-01,2021,8,1,Sunday,6,1,0,6,FuelGo Sinza,-6.76,39.22,Kerosene,2089.0,131,1.08,3,30,August
2021-08-02,2021,8,2,Monday,0,0,0,6,FuelGo Sinza,-6.76,39.22,Kerosene,2021.0,200,1.08,3,31,August
2021-08-03,2021,8,3,Tuesday,1,0,0,6,FuelGo Sinza,-6.76,39.22,Kerosene,2031.0,203,1.08,3,31,August
2021-08-04,2021,8,4,Wednesday,2,0,0,6,FuelGo Sinza,-6.76,39.22,Kerosene,2124.0,190,1.08,3,31,August
2021-08-05,2021,8,5,Thursday,3,0,0,6,FuelGo Sinza,-6.76,39.22,Kerosene,2037.0,205,1.08,3,31,August
2021-08-06,2021,8,6,Friday,4,0,0,6,FuelGo Sinza,-6.76,39.22,Kerosene,2223.0,165,1.08,3,31,August
2021-08-07,2021,8,7,Saturday,5,1,0,6,FuelGo Sinza,-6.76,39.22,Kerosene,2052.0,186,1.08,3,31,August
2021-08-08,2021,8,8,Sunday,6,1,1,6,FuelGo Sinza,-6.76,39.22,Kerosene,2110.0,162,1.08,3,31,August
2021-08-09,2021,8,9,Monday,0,0,0,6,FuelGo Sinza,-6.76,39.22,Kerosene,2202.0,174,1.08,3,32,August
2021-08-10,2021,8,10,Tuesday,1,0,0,6,FuelGo Sinza,-6.76,39.22,Kerosene,2144.0,190,1.08,3,32,August
2021-08-11,2021,8,11,Wednesday,2,0,0,6,FuelGo Sinza,-6.76,39.22,Kerosene,2139.0,179,1.08,3,32,August
2021-08-12,2021,8,12,Thursday,3,0,0,6,FuelGo Sinza,-6.76,39.22,Kerosene,2087.0,176,1.08,3,32,August
2021-08-13,2021,8,13,Friday,4,0,0,6,FuelGo Sinza,-6.76,39.22,Kerosene,2178.0,139,1.08,3,32,August
